Sun May 04 16:18:24 +0000 2025 - Executing "{openroad -exit -no_init -python /openlane/scripts/odbpy/lefutil.py get_metal_layers -o /openlane/designs/ALU/runs/RUN_2025.05.04_16.18.24/tmp/layers.list /home/merteray/.volare/sky130A/libs.ref/sky130_fd_sc_hd/techlef/sky130_fd_sc_hd__nom.tlef}"

Sun May 04 16:18:24 +0000 2025 - Executing "{/openlane/scripts/mergeLef.py -o /openlane/designs/ALU/runs/RUN_2025.05.04_16.18.24/tmp/merged.nom.lef -i /home/merteray/.volare/sky130A/libs.ref/sky130_fd_sc_hd/techlef/sky130_fd_sc_hd__nom.tlef {/home/merteray/.volare/sky130A/libs.ref/sky130_fd_sc_hd/lef/sky130_ef_sc_hd.lef /home/merteray/.volare/sky130A/libs.ref/sky130_fd_sc_hd/lef/sky130_fd_sc_hd.lef} |& tee /dev/null}"

Sun May 04 16:18:24 +0000 2025 - Executing "{/openlane/scripts/mergeLef.py -o /openlane/designs/ALU/runs/RUN_2025.05.04_16.18.24/tmp/merged.min.lef -i /home/merteray/.volare/sky130A/libs.ref/sky130_fd_sc_hd/techlef/sky130_fd_sc_hd__min.tlef {/home/merteray/.volare/sky130A/libs.ref/sky130_fd_sc_hd/lef/sky130_ef_sc_hd.lef /home/merteray/.volare/sky130A/libs.ref/sky130_fd_sc_hd/lef/sky130_fd_sc_hd.lef} |& tee /dev/null}"

Sun May 04 16:18:24 +0000 2025 - Executing "{/openlane/scripts/mergeLef.py -o /openlane/designs/ALU/runs/RUN_2025.05.04_16.18.24/tmp/merged.max.lef -i /home/merteray/.volare/sky130A/libs.ref/sky130_fd_sc_hd/techlef/sky130_fd_sc_hd__max.tlef {/home/merteray/.volare/sky130A/libs.ref/sky130_fd_sc_hd/lef/sky130_ef_sc_hd.lef /home/merteray/.volare/sky130A/libs.ref/sky130_fd_sc_hd/lef/sky130_fd_sc_hd.lef} |& tee /dev/null}"

Sun May 04 16:18:24 +0000 2025 - Executing "{python3 /openlane/scripts/mergeLib.py --output /openlane/designs/ALU/runs/RUN_2025.05.04_16.18.24/tmp/synthesis/merged.lib --name sky130A_merged /home/merteray/.volare/sky130A/libs.ref/sky130_fd_sc_hd/lib/sky130_fd_sc_hd__tt_025C_1v80.lib}"

Sun May 04 16:18:25 +0000 2025 - Executing "{python3 /openlane/scripts/libtrim.py --cell-file /openlane/designs/ALU/runs/RUN_2025.05.04_16.18.24/tmp/synthesis/trimmed.lib.exclude.list --output /openlane/designs/ALU/runs/RUN_2025.05.04_16.18.24/tmp/synthesis/trimmed.lib /openlane/designs/ALU/runs/RUN_2025.05.04_16.18.24/tmp/synthesis/merged.lib}"

Sun May 04 16:18:25 +0000 2025 - Executing "{python3 /openlane/scripts/libtrim.py --cell-file /openlane/designs/ALU/runs/RUN_2025.05.04_16.18.24/tmp/cts/cts.lib.exclude.list --output /openlane/designs/ALU/runs/RUN_2025.05.04_16.18.24/tmp/cts/cts.lib /home/merteray/.volare/sky130A/libs.ref/sky130_fd_sc_hd/lib/sky130_fd_sc_hd__tt_025C_1v80.lib}"

Sun May 04 16:18:25 +0000 2025 - Executing "{python3 /openlane/scripts/libtrim.py --cell-file /openlane/designs/ALU/runs/RUN_2025.05.04_16.18.24/tmp/cts/cts-fastest.lib.exclude.list --output /openlane/designs/ALU/runs/RUN_2025.05.04_16.18.24/tmp/cts/cts-fastest.lib /home/merteray/.volare/sky130A/libs.ref/sky130_fd_sc_hd/lib/sky130_fd_sc_hd__ff_n40C_1v95.lib}"

Sun May 04 16:18:25 +0000 2025 - Executing "{python3 /openlane/scripts/libtrim.py --cell-file /openlane/designs/ALU/runs/RUN_2025.05.04_16.18.24/tmp/cts/cts-slowest.lib.exclude.list --output /openlane/designs/ALU/runs/RUN_2025.05.04_16.18.24/tmp/cts/cts-slowest.lib /home/merteray/.volare/sky130A/libs.ref/sky130_fd_sc_hd/lib/sky130_fd_sc_hd__ss_100C_1v60.lib}"

Sun May 04 16:18:26 +0000 2025 - Executing "{python3 /openlane/scripts/new_tracks.py -i /home/merteray/.volare/sky130A/libs.tech/openlane/sky130_fd_sc_hd/tracks.info -o /openlane/designs/ALU/runs/RUN_2025.05.04_16.18.24/tmp/routing/config.tracks}"

Sun May 04 16:18:26 +0000 2025 - Executing "{echo {OpenLane e73fb3c57e687a0023fcd4dcfd1566ecd478362a} > /openlane/designs/ALU/runs/RUN_2025.05.04_16.18.24/OPENLANE_COMMIT}"

Sun May 04 16:18:26 +0000 2025 - Executing "{yosys -c /openlane/scripts/yosys/blackbox.tcl}"

Sun May 04 16:18:26 +0000 2025 - Executing "{verilator -Wall --lint-only --Wno-DECLFILENAME --top-module alu /openlane/designs/ALU/runs/RUN_2025.05.04_16.18.24/tmp/synthesis/blackbox/sky130_fd_sc_hd__blackbox.v /openlane/designs/ALU/src/alu.v -Wno-fatal --relative-includes |& tee /openlane/designs/ALU/runs/RUN_2025.05.04_16.18.24/logs/synthesis/linter.log /dev/null}"

Sun May 04 16:18:26 +0000 2025 - Executing "{sed -E {s/^([[:space:]]+)pg_pin(.*)/\1pin\2\n\1    direction : "inout";/g} /home/merteray/.volare/sky130A/libs.ref/sky130_fd_sc_hd/lib/sky130_fd_sc_hd__tt_025C_1v80.lib > /openlane/designs/ALU/runs/RUN_2025.05.04_16.18.24/tmp/synthesis/1-sky130_fd_sc_hd__tt_025C_1v80.no_pg.lib}"

Sun May 04 16:18:26 +0000 2025 - Executing "{sed -E {s/^([[:space:]]+)pg_pin(.*)/\1pin\2\n\1    direction : "inout";/g} /openlane/designs/ALU/runs/RUN_2025.05.04_16.18.24/tmp/synthesis/trimmed.lib > /openlane/designs/ALU/runs/RUN_2025.05.04_16.18.24/tmp/synthesis/1-trimmed.no_pg.lib}"

Sun May 04 16:18:26 +0000 2025 - Executing "yosys -c /openlane/scripts/yosys/synth.tcl |& tee /dev/null /openlane/designs/ALU/runs/RUN_2025.05.04_16.18.24/logs/synthesis/1-synthesis.log"

Sun May 04 16:18:26 +0000 2025 - Executing "{yosys -c /openlane/scripts/yosys/synth.tcl |& tee /dev/null /openlane/designs/ALU/runs/RUN_2025.05.04_16.18.24/logs/synthesis/1-synthesis.log}"

Sun May 04 16:18:27 +0000 2025 - Executing "{sed -i.bak -e {s/\(set ::env(CURRENT_NETLIST)\).*/\1 \/openlane\/designs\/ALU\/runs\/RUN_2025.05.04_16.18.24\/results\/synthesis\/alu.v/} /openlane/designs/ALU/runs/RUN_2025.05.04_16.18.24/config.tcl}"

Sun May 04 16:18:27 +0000 2025 - Executing "{sed -i.bak /defparam/d /openlane/designs/ALU/runs/RUN_2025.05.04_16.18.24/results/synthesis/alu.v}"

Sun May 04 16:18:27 +0000 2025 - Executing "sta -exit -no_init /openlane/scripts/openroad/sta/multi_corner.tcl |& tee /dev/null /openlane/designs/ALU/runs/RUN_2025.05.04_16.18.24/logs/synthesis/2-sta.log"

Sun May 04 16:18:27 +0000 2025 - Executing "{sta -exit -no_init /openlane/scripts/openroad/sta/multi_corner.tcl |& tee /dev/null /openlane/designs/ALU/runs/RUN_2025.05.04_16.18.24/logs/synthesis/2-sta.log}"

Sun May 04 16:18:28 +0000 2025 - Executing "openroad -exit /openlane/scripts/openroad/floorplan.tcl |& tee /dev/null /openlane/designs/ALU/runs/RUN_2025.05.04_16.18.24/logs/floorplan/3-initial_fp.log"

Sun May 04 16:18:28 +0000 2025 - Executing "{openroad -exit /openlane/scripts/openroad/floorplan.tcl |& tee /dev/null /openlane/designs/ALU/runs/RUN_2025.05.04_16.18.24/logs/floorplan/3-initial_fp.log}"

Sun May 04 16:18:29 +0000 2025 - Executing "{openroad -exit -no_init -python /openlane/scripts/odbpy/defutil.py extract_core_dims --output-data /openlane/designs/ALU/runs/RUN_2025.05.04_16.18.24/tmp/dimensions.txt --input-lef /openlane/designs/ALU/runs/RUN_2025.05.04_16.18.24/tmp/merged.nom.lef /openlane/designs/ALU/runs/RUN_2025.05.04_16.18.24/tmp/floorplan/3-initial_fp.def}"

Sun May 04 16:18:29 +0000 2025 - Executing "{openroad -exit -no_init -python /openlane/scripts/odbpy/io_place.py --config /openlane/designs/ALU/pin_order.cfg --hor-layer met3 --ver-layer met2 --ver-width-mult 2 --hor-width-mult 2 --hor-extension 0 --ver-extension 0 --length 4 --unmatched-error --input-lef /openlane/designs/ALU/runs/RUN_2025.05.04_16.18.24/tmp/merged.nom.lef --output-def /openlane/designs/ALU/runs/RUN_2025.05.04_16.18.24/tmp/floorplan/4-io.def --output /openlane/designs/ALU/runs/RUN_2025.05.04_16.18.24/tmp/floorplan/4-io.odb /openlane/designs/ALU/runs/RUN_2025.05.04_16.18.24/tmp/floorplan/3-initial_fp.odb |& tee /dev/null /openlane/designs/ALU/runs/RUN_2025.05.04_16.18.24/logs/floorplan/4-place_io.log}"

Sun May 04 16:18:30 +0000 2025 - Executing "openroad -exit /openlane/scripts/openroad/tapcell.tcl |& tee /dev/null /openlane/designs/ALU/runs/RUN_2025.05.04_16.18.24/logs/floorplan/5-tap.log"

Sun May 04 16:18:30 +0000 2025 - Executing "{openroad -exit /openlane/scripts/openroad/tapcell.tcl |& tee /dev/null /openlane/designs/ALU/runs/RUN_2025.05.04_16.18.24/logs/floorplan/5-tap.log}"

Sun May 04 16:18:30 +0000 2025 - Executing "openroad -exit /openlane/scripts/openroad/pdn.tcl |& tee /dev/null /openlane/designs/ALU/runs/RUN_2025.05.04_16.18.24/logs/floorplan/6-pdn.log"

Sun May 04 16:18:30 +0000 2025 - Executing "{openroad -exit /openlane/scripts/openroad/pdn.tcl |& tee /dev/null /openlane/designs/ALU/runs/RUN_2025.05.04_16.18.24/logs/floorplan/6-pdn.log}"

Sun May 04 16:18:31 +0000 2025 - Executing "{openroad -exit -no_init -python /openlane/scripts/odbpy/random_place.py --input-lef /openlane/designs/ALU/runs/RUN_2025.05.04_16.18.24/tmp/merged.nom.lef --output-def /openlane/designs/ALU/runs/RUN_2025.05.04_16.18.24/tmp/placement/7-global.def --output /openlane/designs/ALU/runs/RUN_2025.05.04_16.18.24/tmp/placement/7-global.odb /openlane/designs/ALU/runs/RUN_2025.05.04_16.18.24/results/floorplan/alu.odb |& tee /dev/null /openlane/designs/ALU/runs/RUN_2025.05.04_16.18.24/logs/placement/7-global.log}"

Sun May 04 16:18:31 +0000 2025 - Executing "openroad -exit /openlane/scripts/openroad/resizer.tcl |& tee /dev/null /openlane/designs/ALU/runs/RUN_2025.05.04_16.18.24/logs/placement/8-resizer.log"

Sun May 04 16:18:31 +0000 2025 - Executing "{openroad -exit /openlane/scripts/openroad/resizer.tcl |& tee /dev/null /openlane/designs/ALU/runs/RUN_2025.05.04_16.18.24/logs/placement/8-resizer.log}"

Sun May 04 16:19:06 +0000 2025 - Executing "{python3 /openlane/scripts/write_runtime.py --conclude --seconds --time-in 1746375546 {flow failed}}"

Sun May 04 16:19:06 +0000 2025 - Executing "{python3 /openlane/scripts/generate_reports.py -d /openlane/designs/ALU --design_name alu --tag RUN_2025.05.04_16.18.24 --output_file /openlane/designs/ALU/runs/RUN_2025.05.04_16.18.24/reports/metrics.csv --man_report /openlane/designs/ALU/runs/RUN_2025.05.04_16.18.24/reports/manufacturability.rpt --run_path /openlane/designs/ALU/runs/RUN_2025.05.04_16.18.24}"

