
===========================================================================
report_checks -unconstrained
===========================================================================
======================= Typical Corner ===================================

Startpoint: in2[0] (input port clocked by __VIRTUAL_CLK__)
Endpoint: out[7] (output port clocked by __VIRTUAL_CLK__)
Path Group: __VIRTUAL_CLK__
Path Type: max

Fanout     Cap    Slew   Delay    Time   Description
-----------------------------------------------------------------------------
                  0.00    0.00    0.00   clock __VIRTUAL_CLK__ (rise edge)
                          0.00    0.00   clock network delay (ideal)
                          2.00    2.00 v input external delay
     1    0.00    0.01    0.00    2.00 v in2[0] (in)
                                         in2[0] (net)
                  0.01    0.00    2.00 v input9/A (sky130_fd_sc_hd__clkbuf_2)
     4    0.02    0.09    0.14    2.15 v input9/X (sky130_fd_sc_hd__clkbuf_2)
                                         net9 (net)
                  0.09    0.00    2.15 v _234_/A (sky130_fd_sc_hd__or2_2)
     4    0.02    0.10    0.39    2.54 v _234_/X (sky130_fd_sc_hd__or2_2)
                                         _162_ (net)
                  0.10    0.00    2.54 v _236_/A3 (sky130_fd_sc_hd__o31a_2)
     3    0.02    0.09    0.38    2.92 v _236_/X (sky130_fd_sc_hd__o31a_2)
                                         _164_ (net)
                  0.09    0.00    2.92 v _268_/A3 (sky130_fd_sc_hd__o31a_2)
     2    0.02    0.09    0.37    3.29 v _268_/X (sky130_fd_sc_hd__o31a_2)
                                         _025_ (net)
                  0.09    0.00    3.29 v _269_/B (sky130_fd_sc_hd__xnor2_2)
     2    0.02    0.09    0.19    3.48 v _269_/Y (sky130_fd_sc_hd__xnor2_2)
                                         _026_ (net)
                  0.09    0.00    3.48 v _270_/B (sky130_fd_sc_hd__and2_1)
     3    0.02    0.09    0.24    3.71 v _270_/X (sky130_fd_sc_hd__and2_1)
                                         _027_ (net)
                  0.09    0.00    3.72 v _272_/A (sky130_fd_sc_hd__or2_2)
     2    0.01    0.09    0.37    4.09 v _272_/X (sky130_fd_sc_hd__or2_2)
                                         _029_ (net)
                  0.09    0.00    4.09 v _276_/B1 (sky130_fd_sc_hd__a311oi_4)
     3    0.02    0.31    0.37    4.46 ^ _276_/Y (sky130_fd_sc_hd__a311oi_4)
                                         _033_ (net)
                  0.31    0.00    4.46 ^ _296_/B (sky130_fd_sc_hd__or3_1)
     1    0.01    0.10    0.22    4.68 ^ _296_/X (sky130_fd_sc_hd__or3_1)
                                         _052_ (net)
                  0.10    0.00    4.68 ^ _302_/A3 (sky130_fd_sc_hd__a31o_1)
     1    0.02    0.16    0.24    4.92 ^ _302_/X (sky130_fd_sc_hd__a31o_1)
                                         net27 (net)
                  0.16    0.00    4.92 ^ output27/A (sky130_fd_sc_hd__buf_2)
     1    0.03    0.17    0.25    5.17 ^ output27/X (sky130_fd_sc_hd__buf_2)
                                         out[7] (net)
                  0.17    0.00    5.17 ^ out[7] (out)
                                  5.17   data arrival time

                  0.00   10.00   10.00   clock __VIRTUAL_CLK__ (rise edge)
                          0.00   10.00   clock network delay (ideal)
                         -0.25    9.75   clock uncertainty
                          0.00    9.75   clock reconvergence pessimism
                         -2.00    7.75   output external delay
                                  7.75   data required time
-----------------------------------------------------------------------------
                                  7.75   data required time
                                 -5.17   data arrival time
-----------------------------------------------------------------------------
                                  2.58   slack (MET)




===========================================================================
report_checks --slack_max -0.01
============================================================================
======================= Typical Corner ===================================

No paths found.


===========================================================================
 report_check_types -max_slew -max_cap -max_fanout -violators
============================================================================
======================= Typical Corner ===================================


max slew violations count Typical: 0
max fanout violations count Typical: 0
max cap violations count Typical: 0

===========================================================================
report_parasitic_annotation -report_unannotated
============================================================================
Found 0 unannotated drivers.
Found 0 partially unannotated drivers.

===========================================================================
max slew violation count 0
max fanout violation count 0
max cap violation count 0
============================================================================

===========================================================================
check_setup -verbose -unconstrained_endpoints -multiple_clock -no_clock -no_input_delay -loops -generated_clocks
===========================================================================
