
===========================================================================
 report_power
============================================================================
======================= Fastest Corner ===================================

Group                  Internal  Switching    Leakage      Total
                          Power      Power      Power      Power (Watts)
----------------------------------------------------------------
Sequential             1.37e-04   0.00e+00   3.06e-08   1.37e-04  41.8%
Combinational          2.35e-06   1.14e-05   7.15e-10   1.38e-05   4.2%
Clock                  1.15e-04   6.24e-05   1.03e-09   1.77e-04  54.0%
Macro                  0.00e+00   0.00e+00   0.00e+00   0.00e+00   0.0%
Pad                    0.00e+00   0.00e+00   0.00e+00   0.00e+00   0.0%
----------------------------------------------------------------
Total                  2.54e-04   7.38e-05   3.23e-08   3.28e-04 100.0%
                          77.5%      22.5%       0.0%

======================= Slowest Corner ===================================

Group                  Internal  Switching    Leakage      Total
                          Power      Power      Power      Power (Watts)
----------------------------------------------------------------
Sequential             9.03e-05   0.00e+00   5.48e-07   9.09e-05  40.7%
Combinational          1.57e-06   7.58e-06   5.86e-07   9.73e-06   4.4%
Clock                  8.18e-05   4.06e-05   1.15e-07   1.22e-04  54.9%
Macro                  0.00e+00   0.00e+00   0.00e+00   0.00e+00   0.0%
Pad                    0.00e+00   0.00e+00   0.00e+00   0.00e+00   0.0%
----------------------------------------------------------------
Total                  1.74e-04   4.82e-05   1.25e-06   2.23e-04 100.0%
                          77.9%      21.6%       0.6%

======================= Typical Corner ===================================

Group                  Internal  Switching    Leakage      Total
                          Power      Power      Power      Power (Watts)
----------------------------------------------------------------
Sequential             1.17e-04   0.00e+00   3.04e-08   1.17e-04  41.7%
Combinational          1.92e-06   9.74e-06   5.25e-10   1.17e-05   4.1%
Clock                  1.00e-04   5.23e-05   7.39e-10   1.53e-04  54.1%
Macro                  0.00e+00   0.00e+00   0.00e+00   0.00e+00   0.0%
Pad                    0.00e+00   0.00e+00   0.00e+00   0.00e+00   0.0%
----------------------------------------------------------------
Total                  2.20e-04   6.20e-05   3.16e-08   2.82e-04 100.0%
                          78.0%      22.0%       0.0%

