Instance,Terminal,Layer,X location,Y location,Voltage
FILLER_0_31_121,VGND,li1,61.4100,97.9200,0.000000
FILLER_0_31_113,VGND,li1,59.3400,97.9200,0.000000
FILLER_0_31_109,VGND,li1,56.3500,97.9200,0.000000
FILLER_0_31_97,VGND,li1,52.9000,97.9200,0.000000
FILLER_0_31_85,VGND,li1,47.3800,97.9200,0.000000
FILLER_0_31_81,VGND,li1,43.4700,97.9200,0.000000
FILLER_0_31_69,VGND,li1,40.0200,97.9200,0.000000
FILLER_0_31_57,VGND,li1,34.5000,97.9200,0.000000
FILLER_0_31_53,VGND,li1,30.5900,97.9200,0.000000
FILLER_0_31_41,VGND,li1,27.1400,97.9200,0.000000
FILLER_0_31_29,VGND,li1,21.6200,97.9200,0.000000
FILLER_0_31_27,VGND,li1,18.1700,97.9200,0.000000
FILLER_0_31_19,VGND,li1,14.4900,97.9200,0.000000
FILLER_0_31_15,VGND,li1,13.3400,97.9200,0.000000
FILLER_0_31_3,VGND,li1,8.2800,97.9200,0.000000
FILLER_0_30_119,VGND,li1,60.4900,92.4800,0.000001
FILLER_0_30_111,VGND,li1,58.4200,92.4800,0.000001
FILLER_0_30_99,VGND,li1,53.8200,92.4800,0.000002
FILLER_0_30_93,VGND,li1,48.9900,92.4800,0.000002
FILLER_0_30_85,VGND,li1,46.4600,92.4800,0.000002
FILLER_0_30_72,VGND,li1,41.4000,92.4800,0.000002
FILLER_0_30_60,VGND,li1,35.8800,92.4800,0.000004
FILLER_0_30_37,VGND,li1,23.0000,92.4800,0.000005
FILLER_0_30_29,VGND,li1,20.7000,92.4800,0.000004
FILLER_0_30_27,VGND,li1,18.1700,92.4800,0.000004
FILLER_0_30_15,VGND,li1,15.1800,92.4800,0.000003
FILLER_0_30_3,VGND,li1,9.6600,92.4800,0.000003
FILLER_0_29_113,VGND,li1,60.2600,92.4800,0.000001
FILLER_0_29_111,VGND,li1,56.8100,92.4800,0.000001
FILLER_0_29_107,VGND,li1,55.6600,92.4800,0.000001
FILLER_0_29_95,VGND,li1,51.9800,92.4800,0.000002
FILLER_0_29_90,VGND,li1,47.3800,92.4800,0.000002
FILLER_0_29_82,VGND,li1,45.0800,92.4800,0.000002
FILLER_0_29_69,VGND,li1,38.6400,92.4800,0.000003
FILLER_0_29_57,VGND,li1,34.5000,92.4800,0.000004
FILLER_0_29_44,VGND,li1,28.5200,92.4800,0.000006
FILLER_0_29_33,VGND,li1,20.9300,92.4800,0.000004
FILLER_0_29_27,VGND,li1,18.6300,92.4800,0.000004
FILLER_0_29_15,VGND,li1,15.1800,92.4800,0.000003
FILLER_0_29_3,VGND,li1,9.6600,92.4800,0.000003
FILLER_0_28_119,VGND,li1,61.6400,87.0400,0.000005
FILLER_0_28_93,VGND,li1,48.9900,87.0400,0.000006
FILLER_0_28_85,VGND,li1,46.4600,87.0400,0.000006
FILLER_0_28_83,VGND,li1,43.9300,87.0400,0.000006
FILLER_0_28_71,VGND,li1,40.9400,87.0400,0.000005
FILLER_0_28_65,VGND,li1,35.6500,87.0400,0.000006
FILLER_0_28_59,VGND,li1,34.0400,87.0400,0.000006
FILLER_0_28_37,VGND,li1,22.7700,87.0400,0.000006
FILLER_0_28_29,VGND,li1,20.7000,87.0400,0.000005
FILLER_0_28_25,VGND,li1,17.7100,87.0400,0.000004
FILLER_0_28_17,VGND,li1,15.1800,87.0400,0.000003
FILLER_0_28_9,VGND,li1,9.8900,87.0400,0.000003
FILLER_0_28_3,VGND,li1,8.2800,87.0400,0.000003
FILLER_0_27_121,VGND,li1,61.4100,87.0400,0.000005
FILLER_0_27_117,VGND,li1,59.5700,87.0400,0.000006
FILLER_0_27_108,VGND,li1,56.1200,87.0400,0.000008
FILLER_0_27_81,VGND,li1,43.7000,87.0400,0.000006
FILLER_0_27_69,VGND,li1,40.0200,87.0400,0.000005
FILLER_0_27_63,VGND,li1,34.7300,87.0400,0.000006
FILLER_0_27_57,VGND,li1,33.1200,87.0400,0.000007
FILLER_0_27_48,VGND,li1,29.4400,87.0400,0.000008
FILLER_0_27_38,VGND,li1,23.6900,87.0400,0.000006
FILLER_0_27_26,VGND,li1,20.2400,87.0400,0.000005
FILLER_0_27_15,VGND,li1,14.2600,87.0400,0.000003
FILLER_0_27_3,VGND,li1,9.6600,87.0400,0.000003
FILLER_0_26_122,VGND,li1,62.3300,81.6000,0.000011
FILLER_0_26_97,VGND,li1,50.6000,81.6000,0.000017
FILLER_0_26_93,VGND,li1,48.5300,81.6000,0.000016
FILLER_0_26_85,VGND,li1,46.4600,81.6000,0.000016
FILLER_0_26_81,VGND,li1,43.4700,81.6000,0.000015
FILLER_0_26_73,VGND,li1,40.9400,81.6000,0.000013
FILLER_0_26_41,VGND,li1,27.1400,81.6000,0.000009
FILLER_0_26_29,VGND,li1,21.6200,81.6000,0.000007
FILLER_0_26_24,VGND,li1,17.4800,81.6000,0.000006
FILLER_0_26_9,VGND,li1,9.8900,81.6000,0.000004
FILLER_0_26_3,VGND,li1,8.2800,81.6000,0.000004
FILLER_0_25_124,VGND,li1,62.7900,81.6000,0.000011
FILLER_0_25_120,VGND,li1,61.6400,81.6000,0.000011
FILLER_0_25_57,VGND,li1,33.5800,81.6000,0.000012
FILLER_0_25_53,VGND,li1,30.5900,81.6000,0.000011
FILLER_0_25_41,VGND,li1,27.1400,81.6000,0.000009
FILLER_0_25_36,VGND,li1,22.5400,81.6000,0.000007
FILLER_0_25_24,VGND,li1,19.3200,81.6000,0.000006
FILLER_0_25_12,VGND,li1,13.8000,81.6000,0.000004
FILLER_0_25_3,VGND,li1,8.2800,81.6000,0.000004
FILLER_0_24_123,VGND,li1,62.5600,76.1600,0.000015
FILLER_0_24_102,VGND,li1,53.8200,76.1600,0.000028
FILLER_0_24_97,VGND,li1,50.6000,76.1600,0.000033
FILLER_0_24_85,VGND,li1,47.3800,76.1600,0.000038
FILLER_0_24_82,VGND,li1,43.7000,76.1600,0.000038
FILLER_0_24_53,VGND,li1,30.8200,76.1600,0.000027
FILLER_0_24_41,VGND,li1,27.1400,76.1600,0.000026
FILLER_0_24_29,VGND,li1,21.6200,76.1600,0.000023
FILLER_0_24_27,VGND,li1,18.1700,76.1600,0.000019
FILLER_0_24_15,VGND,li1,15.1800,76.1600,0.000015
FILLER_0_24_3,VGND,li1,9.6600,76.1600,0.000015
FILLER_0_23_113,VGND,li1,60.2600,76.1600,0.000018
FILLER_0_23_106,VGND,li1,55.6600,76.1600,0.000025
FILLER_0_23_94,VGND,li1,51.5200,76.1600,0.000033
FILLER_0_23_66,VGND,li1,37.7200,76.1600,0.000027
FILLER_0_23_57,VGND,li1,33.1200,76.1600,0.000028
FILLER_0_23_52,VGND,li1,30.3600,76.1600,0.000027
FILLER_0_23_45,VGND,li1,27.1400,76.1600,0.000026
FILLER_0_23_35,VGND,li1,22.5400,76.1600,0.000023
FILLER_0_23_3,VGND,li1,9.6600,76.1600,0.000015
FILLER_0_22_110,VGND,li1,58.8800,70.7200,0.000008
FILLER_0_22_100,VGND,li1,52.2100,70.7200,0.000012
FILLER_0_22_88,VGND,li1,48.7600,70.7200,0.000014
FILLER_0_22_83,VGND,li1,43.9300,70.7200,0.000017
FILLER_0_22_71,VGND,li1,40.9400,70.7200,0.000019
FILLER_0_22_59,VGND,li1,35.4200,70.7200,0.000031
FILLER_0_22_37,VGND,li1,23.0000,70.7200,0.000041
FILLER_0_22_29,VGND,li1,20.7000,70.7200,0.000033
FILLER_0_22_22,VGND,li1,17.0200,70.7200,0.000029
FILLER_0_22_15,VGND,li1,13.3400,70.7200,0.000020
FILLER_0_22_3,VGND,li1,9.6600,70.7200,0.000020
FILLER_0_21_113,VGND,li1,60.2600,70.7200,0.000008
FILLER_0_21_109,VGND,li1,56.3500,70.7200,0.000009
FILLER_0_21_101,VGND,li1,53.8200,70.7200,0.000012
FILLER_0_21_89,VGND,li1,49.2200,70.7200,0.000014
FILLER_0_21_77,VGND,li1,43.7000,70.7200,0.000017
FILLER_0_21_57,VGND,li1,34.5000,70.7200,0.000031
FILLER_0_21_54,VGND,li1,30.8200,70.7200,0.000041
FILLER_0_21_28,VGND,li1,19.0900,70.7200,0.000033
FILLER_0_21_20,VGND,li1,16.5600,70.7200,0.000025
FILLER_0_21_14,VGND,li1,12.6500,70.7200,0.000020
FILLER_0_21_3,VGND,li1,8.2800,70.7200,0.000020
FILLER_0_20_121,VGND,li1,62.1000,65.2800,0.000001
FILLER_0_20_109,VGND,li1,58.4200,65.2800,0.000001
FILLER_0_20_97,VGND,li1,52.9000,65.2800,0.000001
FILLER_0_20_85,VGND,li1,47.3800,65.2800,0.000002
FILLER_0_20_81,VGND,li1,43.4700,65.2800,0.000002
FILLER_0_20_69,VGND,li1,40.0200,65.2800,0.000002
FILLER_0_20_57,VGND,li1,34.5000,65.2800,0.000004
FILLER_0_20_45,VGND,li1,28.9800,65.2800,0.000006
FILLER_0_20_37,VGND,li1,22.7700,65.2800,0.000005
FILLER_0_20_29,VGND,li1,19.0900,65.2800,0.000004
FILLER_0_20_27,VGND,li1,18.1700,65.2800,0.000004
FILLER_0_20_15,VGND,li1,15.1800,65.2800,0.000003
FILLER_0_20_3,VGND,li1,9.6600,65.2800,0.000003
FILLER_0_19_119,VGND,li1,61.6400,65.2800,0.000001
FILLER_0_19_111,VGND,li1,56.8100,65.2800,0.000001
FILLER_0_19_105,VGND,li1,55.2000,65.2800,0.000001
FILLER_0_19_93,VGND,li1,51.0600,65.2800,0.000002
FILLER_0_19_81,VGND,li1,45.5400,65.2800,0.000002
FILLER_0_19_69,VGND,li1,40.0200,65.2800,0.000002
FILLER_0_19_57,VGND,li1,34.5000,65.2800,0.000004
FILLER_0_19_29,VGND,li1,19.3200,65.2800,0.000004
FILLER_0_19_16,VGND,li1,13.3400,65.2800,0.000003
FILLER_0_19_7,VGND,li1,8.9700,65.2800,0.000003
FILLER_0_19_3,VGND,li1,7.8200,65.2800,0.000003
FILLER_0_18_103,VGND,li1,53.3600,59.8400,0.000007
FILLER_0_18_97,VGND,li1,51.0600,59.8400,0.000007
FILLER_0_18_85,VGND,li1,47.3800,59.8400,0.000007
FILLER_0_18_83,VGND,li1,43.9300,59.8400,0.000006
FILLER_0_18_75,VGND,li1,41.8600,59.8400,0.000006
FILLER_0_18_63,VGND,li1,37.2600,59.8400,0.000007
FILLER_0_18_36,VGND,li1,23.0000,59.8400,0.000009
FILLER_0_18_29,VGND,li1,19.7800,59.8400,0.000008
FILLER_0_18_27,VGND,li1,18.1700,59.8400,0.000008
FILLER_0_18_15,VGND,li1,15.1800,59.8400,0.000008
FILLER_0_17_113,VGND,li1,60.2600,59.8400,0.000006
FILLER_0_17_105,VGND,li1,54.7400,59.8400,0.000008
FILLER_0_17_101,VGND,li1,52.2100,59.8400,0.000007
FILLER_0_17_93,VGND,li1,50.1400,59.8400,0.000007
FILLER_0_17_81,VGND,li1,45.5400,59.8400,0.000006
FILLER_0_17_74,VGND,li1,40.4800,59.8400,0.000006
FILLER_0_17_65,VGND,li1,36.8000,59.8400,0.000007
FILLER_0_17_53,VGND,li1,30.5900,59.8400,0.000010
FILLER_0_17_41,VGND,li1,27.1400,59.8400,0.000010
FILLER_0_17_29,VGND,li1,21.6200,59.8400,0.000009
FILLER_0_16_119,VGND,li1,60.9500,54.4000,0.000012
FILLER_0_16_115,VGND,li1,58.6500,54.4000,0.000014
FILLER_0_16_109,VGND,li1,57.0400,54.4000,0.000015
FILLER_0_16_97,VGND,li1,52.9000,54.4000,0.000019
FILLER_0_16_85,VGND,li1,47.3800,54.4000,0.000024
FILLER_0_16_83,VGND,li1,43.9300,54.4000,0.000027
FILLER_0_16_75,VGND,li1,41.8600,54.4000,0.000029
FILLER_0_16_53,VGND,li1,30.3600,54.4000,0.000041
FILLER_0_16_41,VGND,li1,27.1400,54.4000,0.000037
FILLER_0_16_29,VGND,li1,21.6200,54.4000,0.000031
FILLER_0_16_26,VGND,li1,17.9400,54.4000,0.000023
FILLER_0_16_14,VGND,li1,14.7200,54.4000,0.000018
FILLER_0_16_6,VGND,li1,8.7400,54.4000,0.000018
FILLER_0_15_113,VGND,li1,60.2600,54.4000,0.000014
FILLER_0_15_110,VGND,li1,56.5800,54.4000,0.000015
FILLER_0_15_98,VGND,li1,53.3600,54.4000,0.000019
FILLER_0_15_86,VGND,li1,47.8400,54.4000,0.000024
FILLER_0_15_81,VGND,li1,43.0100,54.4000,0.000029
FILLER_0_15_77,VGND,li1,41.8600,54.4000,0.000029
FILLER_0_15_46,VGND,li1,26.9100,54.4000,0.000037
FILLER_0_15_23,VGND,li1,16.7900,54.4000,0.000023
FILLER_0_15_15,VGND,li1,14.2600,54.4000,0.000018
FILLER_0_15_3,VGND,li1,9.6600,54.4000,0.000018
FILLER_0_14_119,VGND,li1,61.6400,48.9600,0.000002
FILLER_0_14_107,VGND,li1,57.5000,48.9600,0.000003
FILLER_0_14_97,VGND,li1,51.0600,48.9600,0.000004
FILLER_0_14_85,VGND,li1,47.3800,48.9600,0.000004
FILLER_0_14_81,VGND,li1,43.4700,48.9600,0.000005
FILLER_0_14_69,VGND,li1,40.0200,48.9600,0.000003
FILLER_0_14_57,VGND,li1,34.5000,48.9600,0.000003
FILLER_0_14_47,VGND,li1,27.8300,48.9600,0.000002
FILLER_0_14_35,VGND,li1,21.8500,48.9600,0.000002
FILLER_0_14_27,VGND,li1,18.1700,48.9600,0.000001
FILLER_0_14_15,VGND,li1,15.1800,48.9600,0.000001
FILLER_0_14_3,VGND,li1,9.6600,48.9600,0.000001
FILLER_0_13_123,VGND,li1,62.5600,48.9600,0.000002
FILLER_0_13_111,VGND,li1,56.8100,48.9600,0.000003
FILLER_0_13_105,VGND,li1,55.2000,48.9600,0.000003
FILLER_0_13_93,VGND,li1,51.0600,48.9600,0.000004
FILLER_0_13_65,VGND,li1,35.8800,48.9600,0.000003
FILLER_0_13_57,VGND,li1,33.5800,48.9600,0.000003
FILLER_0_13_55,VGND,li1,31.0500,48.9600,0.000002
FILLER_0_13_51,VGND,li1,29.9000,48.9600,0.000002
FILLER_0_13_39,VGND,li1,26.2200,48.9600,0.000002
FILLER_0_13_27,VGND,li1,20.7000,48.9600,0.000002
FILLER_0_13_15,VGND,li1,15.1800,48.9600,0.000001
FILLER_0_13_3,VGND,li1,9.6600,48.9600,0.000001
FILLER_0_12_121,VGND,li1,62.1000,43.5200,0.000000
FILLER_0_12_109,VGND,li1,56.5800,43.5200,0.000000
FILLER_0_12_97,VGND,li1,52.9000,43.5200,0.000000
FILLER_0_12_85,VGND,li1,47.3800,43.5200,0.000000
FILLER_0_12_83,VGND,li1,43.9300,43.5200,0.000000
FILLER_0_12_77,VGND,li1,42.3200,43.5200,0.000000
FILLER_0_12_65,VGND,li1,38.1800,43.5200,0.000000
FILLER_0_12_53,VGND,li1,32.6600,43.5200,0.000000
FILLER_0_12_41,VGND,li1,27.1400,43.5200,0.000000
FILLER_0_12_29,VGND,li1,21.6200,43.5200,0.000000
FILLER_0_12_27,VGND,li1,18.1700,43.5200,0.000000
FILLER_0_12_15,VGND,li1,15.1800,43.5200,0.000000
FILLER_0_12_3,VGND,li1,9.6600,43.5200,0.000000
FILLER_0_11_121,VGND,li1,61.4100,43.5200,0.000000
FILLER_0_11_113,VGND,li1,59.3400,43.5200,0.000000
FILLER_0_11_111,VGND,li1,56.8100,43.5200,0.000000
FILLER_0_11_105,VGND,li1,55.2000,43.5200,0.000000
FILLER_0_11_93,VGND,li1,51.0600,43.5200,0.000000
FILLER_0_11_81,VGND,li1,45.5400,43.5200,0.000000
FILLER_0_11_69,VGND,li1,40.0200,43.5200,0.000000
FILLER_0_11_57,VGND,li1,34.5000,43.5200,0.000000
FILLER_0_11_54,VGND,li1,30.8200,43.5200,0.000000
FILLER_0_11_42,VGND,li1,27.6000,43.5200,0.000000
FILLER_0_11_30,VGND,li1,22.0800,43.5200,0.000000
FILLER_0_11_18,VGND,li1,16.5600,43.5200,0.000000
FILLER_0_11_6,VGND,li1,11.0400,43.5200,0.000000
FILLER_0_10_124,VGND,li1,62.7900,38.0800,0.000020
FILLER_0_10_112,VGND,li1,59.8000,38.0800,0.000026
FILLER_0_10_85,VGND,li1,46.0000,38.0800,0.000051
FILLER_0_10_83,VGND,li1,43.9300,38.0800,0.000054
FILLER_0_10_77,VGND,li1,42.3200,38.0800,0.000054
FILLER_0_10_65,VGND,li1,36.8000,38.0800,0.000047
FILLER_0_10_53,VGND,li1,32.6600,38.0800,0.000054
FILLER_0_10_41,VGND,li1,27.1400,38.0800,0.000062
FILLER_0_10_29,VGND,li1,21.6200,38.0800,0.000050
FILLER_0_10_27,VGND,li1,18.1700,38.0800,0.000042
FILLER_0_10_23,VGND,li1,17.0200,38.0800,0.000035
FILLER_0_10_12,VGND,li1,11.7300,38.0800,0.000030
FILLER_0_10_3,VGND,li1,8.2800,38.0800,0.000030
FILLER_0_9_113,VGND,li1,60.2600,38.0800,0.000026
FILLER_0_9_111,VGND,li1,56.8100,38.0800,0.000031
FILLER_0_9_99,VGND,li1,53.8200,38.0800,0.000041
FILLER_0_9_91,VGND,li1,47.8400,38.0800,0.000047
FILLER_0_9_70,VGND,li1,37.9500,38.0800,0.000044
FILLER_0_9_57,VGND,li1,32.4300,38.0800,0.000054
FILLER_0_9_34,VGND,li1,21.6200,38.0800,0.000050
FILLER_0_9_3,VGND,li1,7.8200,38.0800,0.000030
FILLER_0_8_123,VGND,li1,62.5600,32.6400,0.000003
FILLER_0_8_115,VGND,li1,60.2600,32.6400,0.000004
FILLER_0_8_106,VGND,li1,54.5100,32.6400,0.000006
FILLER_0_8_97,VGND,li1,51.5200,32.6400,0.000006
FILLER_0_8_85,VGND,li1,47.3800,32.6400,0.000008
FILLER_0_8_83,VGND,li1,43.9300,32.6400,0.000009
FILLER_0_8_79,VGND,li1,42.7800,32.6400,0.000009
FILLER_0_8_67,VGND,li1,37.2600,32.6400,0.000008
FILLER_0_8_55,VGND,li1,33.5800,32.6400,0.000009
FILLER_0_8_43,VGND,li1,28.0600,32.6400,0.000012
FILLER_0_8_35,VGND,li1,22.0800,32.6400,0.000013
FILLER_0_8_24,VGND,li1,17.4800,32.6400,0.000009
FILLER_0_8_19,VGND,li1,14.7200,32.6400,0.000008
FILLER_0_8_7,VGND,li1,8.9700,32.6400,0.000008
FILLER_0_8_3,VGND,li1,7.8200,32.6400,0.000008
FILLER_0_7_113,VGND,li1,60.2600,32.6400,0.000004
FILLER_0_7_108,VGND,li1,56.1200,32.6400,0.000005
FILLER_0_7_96,VGND,li1,52.4400,32.6400,0.000006
FILLER_0_7_63,VGND,li1,34.7300,32.6400,0.000009
FILLER_0_7_57,VGND,li1,33.1200,32.6400,0.000010
FILLER_0_7_55,VGND,li1,31.0500,32.6400,0.000011
FILLER_0_7_49,VGND,li1,29.4400,32.6400,0.000011
FILLER_0_7_22,VGND,li1,15.8700,32.6400,0.000009
FILLER_0_7_16,VGND,li1,13.1100,32.6400,0.000008
FILLER_0_7_10,VGND,li1,11.5000,32.6400,0.000008
FILLER_0_7_3,VGND,li1,7.1300,32.6400,0.000008
FILLER_0_6_123,VGND,li1,62.5600,27.2000,0.000007
FILLER_0_6_115,VGND,li1,60.2600,27.2000,0.000008
FILLER_0_6_106,VGND,li1,55.6600,27.2000,0.000010
FILLER_0_6_83,VGND,li1,43.9300,27.2000,0.000013
FILLER_0_6_57,VGND,li1,33.1200,27.2000,0.000016
FILLER_0_6_35,VGND,li1,21.8500,27.2000,0.000016
FILLER_0_6_29,VGND,li1,20.2400,27.2000,0.000016
FILLER_0_6_26,VGND,li1,17.9400,27.2000,0.000015
FILLER_0_6_18,VGND,li1,15.6400,27.2000,0.000013
FILLER_0_6_6,VGND,li1,11.0400,27.2000,0.000014
FILLER_0_5_121,VGND,li1,61.4100,27.2000,0.000007
FILLER_0_5_113,VGND,li1,59.3400,27.2000,0.000008
FILLER_0_5_111,VGND,li1,56.8100,27.2000,0.000010
FILLER_0_5_105,VGND,li1,55.2000,27.2000,0.000010
FILLER_0_5_93,VGND,li1,51.0600,27.2000,0.000013
FILLER_0_5_81,VGND,li1,45.5400,27.2000,0.000013
FILLER_0_5_69,VGND,li1,40.0200,27.2000,0.000012
FILLER_0_5_63,VGND,li1,34.7300,27.2000,0.000016
FILLER_0_5_57,VGND,li1,33.1200,27.2000,0.000016
FILLER_0_5_53,VGND,li1,30.5900,27.2000,0.000017
FILLER_0_5_23,VGND,li1,16.7900,27.2000,0.000013
FILLER_0_4_123,VGND,li1,62.5600,21.7600,0.000000
FILLER_0_4_106,VGND,li1,56.1200,21.7600,0.000000
FILLER_0_4_102,VGND,li1,52.6700,21.7600,0.000000
FILLER_0_4_93,VGND,li1,48.9900,21.7600,0.000000
FILLER_0_4_85,VGND,li1,46.4600,21.7600,0.000000
FILLER_0_4_61,VGND,li1,34.2700,21.7600,0.000000
FILLER_0_4_41,VGND,li1,27.1400,21.7600,0.000000
FILLER_0_4_29,VGND,li1,21.6200,21.7600,0.000000
FILLER_0_4_16,VGND,li1,15.6400,21.7600,0.000000
FILLER_0_4_11,VGND,li1,11.0400,21.7600,0.000000
FILLER_0_4_3,VGND,li1,8.7400,21.7600,0.000000
FILLER_0_3_121,VGND,li1,61.4100,21.7600,0.000000
FILLER_0_3_113,VGND,li1,59.3400,21.7600,0.000000
FILLER_0_3_111,VGND,li1,56.8100,21.7600,0.000000
FILLER_0_3_99,VGND,li1,53.8200,21.7600,0.000000
FILLER_0_3_87,VGND,li1,48.3000,21.7600,0.000000
FILLER_0_3_68,VGND,li1,39.5600,21.7600,0.000000
FILLER_0_3_57,VGND,li1,32.6600,21.7600,0.000000
FILLER_0_3_48,VGND,li1,29.4400,21.7600,0.000000
FILLER_0_3_34,VGND,li1,23.0000,21.7600,0.000000
FILLER_0_3_24,VGND,li1,17.2500,21.7600,0.000000
FILLER_0_3_12,VGND,li1,13.8000,21.7600,0.000000
FILLER_0_3_3,VGND,li1,8.2800,21.7600,0.000000
FILLER_0_2_119,VGND,li1,61.6400,16.3200,0.000005
FILLER_0_2_97,VGND,li1,50.3700,16.3200,0.000006
FILLER_0_2_91,VGND,li1,48.7600,16.3200,0.000006
FILLER_0_2_85,VGND,li1,45.3100,16.3200,0.000005
FILLER_0_2_81,VGND,li1,43.4700,16.3200,0.000004
FILLER_0_2_69,VGND,li1,40.0200,16.3200,0.000004
FILLER_0_2_62,VGND,li1,34.9600,16.3200,0.000004
FILLER_0_2_53,VGND,li1,30.3600,16.3200,0.000004
FILLER_0_2_44,VGND,li1,25.9900,16.3200,0.000005
FILLER_0_2_40,VGND,li1,24.8400,16.3200,0.000005
FILLER_0_2_29,VGND,li1,20.2400,16.3200,0.000005
FILLER_0_2_27,VGND,li1,18.1700,16.3200,0.000006
FILLER_0_2_15,VGND,li1,15.1800,16.3200,0.000005
FILLER_0_2_7,VGND,li1,8.9700,16.3200,0.000005
FILLER_0_2_3,VGND,li1,7.8200,16.3200,0.000005
FILLER_0_1_113,VGND,li1,60.2600,16.3200,0.000005
FILLER_0_1_108,VGND,li1,56.1200,16.3200,0.000007
FILLER_0_1_96,VGND,li1,52.4400,16.3200,0.000006
FILLER_0_1_84,VGND,li1,44.6200,16.3200,0.000004
FILLER_0_1_72,VGND,li1,41.4000,16.3200,0.000004
FILLER_0_1_66,VGND,li1,36.5700,16.3200,0.000004
FILLER_0_1_57,VGND,li1,33.1200,16.3200,0.000004
FILLER_0_1_54,VGND,li1,30.8200,16.3200,0.000004
FILLER_0_1_46,VGND,li1,28.5200,16.3200,0.000005
FILLER_0_1_38,VGND,li1,23.2300,16.3200,0.000005
FILLER_0_1_9,VGND,li1,10.3500,16.3200,0.000005
FILLER_0_0_124,VGND,li1,62.7900,10.8800,0.000000
FILLER_0_0_100,VGND,li1,54.2800,10.8800,0.000000
FILLER_0_0_88,VGND,li1,48.7600,10.8800,0.000000
FILLER_0_0_80,VGND,li1,43.2400,10.8800,0.000000
FILLER_0_0_69,VGND,li1,39.1000,10.8800,0.000000
FILLER_0_0_57,VGND,li1,34.5000,10.8800,0.000000
FILLER_0_0_48,VGND,li1,29.4400,10.8800,0.000000
FILLER_0_0_41,VGND,li1,25.3000,10.8800,0.000000
FILLER_0_0_29,VGND,li1,21.6200,10.8800,0.000000
FILLER_0_0_22,VGND,li1,17.0200,10.8800,0.000000
FILLER_0_0_10,VGND,li1,12.8800,10.8800,0.000000
FILLER_0_0_3,VGND,li1,7.8200,10.8800,0.000000
ANTENNA_1,VGND,li1,52.4400,59.8400,0.000007
clkload2,VGND,li1,24.8400,76.1600,0.000026
clkload1,VGND,li1,39.5600,38.0800,0.000044
clkload0,VGND,li1,23.9200,32.6400,0.000014
clkbuf_2_3__f_CLK100MHZ,VGND,li1,44.1600,76.1600,0.000043
clkbuf_2_2__f_CLK100MHZ,VGND,li1,28.0600,70.7200,0.000048
clkbuf_2_1__f_CLK100MHZ,VGND,li1,42.7800,38.0800,0.000054
clkbuf_2_0__f_CLK100MHZ,VGND,li1,26.6800,38.0800,0.000062
clkbuf_0_CLK100MHZ,VGND,li1,35.4200,54.4000,0.000047
ZeroToFiveCounter_8,VGND,li1,61.8700,10.8800,0.000000
output7,VGND,li1,60.4900,10.8800,0.000000
output6,VGND,li1,62.3300,27.2000,0.000007
output5,VGND,li1,62.3300,43.5200,0.000000
output4,VGND,li1,62.3300,54.4000,0.000012
output3,VGND,li1,62.3300,70.7200,0.000006
output2,VGND,li1,62.3300,87.0400,0.000005
output1,VGND,li1,62.3300,97.9200,0.000000
ZeroToFiveCounter_9,VGND,li1,45.3100,10.8800,0.000000
ZeroToFiveCounter_11,VGND,li1,9.4300,10.8800,0.000000
ZeroToFiveCounter_10,VGND,li1,26.9100,10.8800,0.000000
TAP_TAPCELL_ROW_31_131,VGND,li1,57.2700,97.6280,0.000000
TAP_TAPCELL_ROW_31_130,VGND,li1,44.3900,97.6280,0.000000
TAP_TAPCELL_ROW_31_129,VGND,li1,31.5100,97.6280,0.000000
TAP_TAPCELL_ROW_31_128,VGND,li1,18.6300,97.6280,0.000000
TAP_TAPCELL_ROW_30_127,VGND,li1,44.3900,92.7710,0.000002
TAP_TAPCELL_ROW_30_126,VGND,li1,18.6300,92.7710,0.000004
TAP_TAPCELL_ROW_29_125,VGND,li1,57.2700,92.1880,0.000001
TAP_TAPCELL_ROW_29_124,VGND,li1,31.5100,92.1880,0.000005
TAP_TAPCELL_ROW_28_123,VGND,li1,44.3900,87.3310,0.000006
TAP_TAPCELL_ROW_28_122,VGND,li1,18.6300,87.3310,0.000005
TAP_TAPCELL_ROW_27_121,VGND,li1,57.2700,86.7480,0.000007
TAP_TAPCELL_ROW_27_120,VGND,li1,31.5100,86.7480,0.000007
TAP_TAPCELL_ROW_26_119,VGND,li1,44.3900,81.8910,0.000015
TAP_TAPCELL_ROW_26_118,VGND,li1,18.6300,81.8910,0.000006
TAP_TAPCELL_ROW_25_117,VGND,li1,57.2700,81.3080,0.000015
TAP_TAPCELL_ROW_25_116,VGND,li1,31.5100,81.3080,0.000011
TAP_TAPCELL_ROW_24_115,VGND,li1,44.3900,76.4510,0.000043
TAP_TAPCELL_ROW_24_114,VGND,li1,18.6300,76.4510,0.000019
TAP_TAPCELL_ROW_23_113,VGND,li1,57.2700,75.8680,0.000025
TAP_TAPCELL_ROW_23_112,VGND,li1,31.5100,75.8680,0.000027
TAP_TAPCELL_ROW_22_111,VGND,li1,44.3900,71.0110,0.000017
TAP_TAPCELL_ROW_22_110,VGND,li1,18.6300,71.0110,0.000029
TAP_TAPCELL_ROW_21_109,VGND,li1,57.2700,70.4280,0.000009
TAP_TAPCELL_ROW_21_108,VGND,li1,31.5100,70.4280,0.000041
TAP_TAPCELL_ROW_20_107,VGND,li1,44.3900,65.5710,0.000002
TAP_TAPCELL_ROW_20_106,VGND,li1,18.6300,65.5710,0.000004
TAP_TAPCELL_ROW_19_105,VGND,li1,57.2700,64.9880,0.000001
TAP_TAPCELL_ROW_19_104,VGND,li1,31.5100,64.9880,0.000005
TAP_TAPCELL_ROW_18_103,VGND,li1,44.3900,60.1310,0.000006
TAP_TAPCELL_ROW_18_102,VGND,li1,18.6300,60.1310,0.000008
TAP_TAPCELL_ROW_17_101,VGND,li1,57.2700,59.5480,0.000008
TAP_TAPCELL_ROW_17_100,VGND,li1,31.5100,59.5480,0.000009
TAP_TAPCELL_ROW_16_99,VGND,li1,44.3900,54.6910,0.000027
TAP_TAPCELL_ROW_16_98,VGND,li1,18.6300,54.6910,0.000026
TAP_TAPCELL_ROW_15_97,VGND,li1,57.2700,54.1080,0.000015
TAP_TAPCELL_ROW_15_96,VGND,li1,31.5100,54.1080,0.000041
TAP_TAPCELL_ROW_14_95,VGND,li1,44.3900,49.2510,0.000005
TAP_TAPCELL_ROW_14_94,VGND,li1,18.6300,49.2510,0.000001
TAP_TAPCELL_ROW_13_93,VGND,li1,57.2700,48.6680,0.000003
TAP_TAPCELL_ROW_13_92,VGND,li1,31.5100,48.6680,0.000002
TAP_TAPCELL_ROW_12_91,VGND,li1,44.3900,43.8110,0.000000
TAP_TAPCELL_ROW_12_90,VGND,li1,18.6300,43.8110,0.000000
TAP_TAPCELL_ROW_11_89,VGND,li1,57.2700,43.2280,0.000000
TAP_TAPCELL_ROW_11_88,VGND,li1,31.5100,43.2280,0.000000
TAP_TAPCELL_ROW_10_87,VGND,li1,44.3900,38.3710,0.000051
TAP_TAPCELL_ROW_10_86,VGND,li1,18.6300,38.3710,0.000042
TAP_TAPCELL_ROW_9_85,VGND,li1,57.2700,37.7880,0.000031
TAP_TAPCELL_ROW_9_84,VGND,li1,31.5100,37.7880,0.000054
TAP_TAPCELL_ROW_8_83,VGND,li1,44.3900,32.9310,0.000009
TAP_TAPCELL_ROW_8_82,VGND,li1,18.6300,32.9310,0.000011
TAP_TAPCELL_ROW_7_81,VGND,li1,57.2700,32.3480,0.000005
TAP_TAPCELL_ROW_7_80,VGND,li1,31.5100,32.3480,0.000010
TAP_TAPCELL_ROW_6_79,VGND,li1,44.3900,27.4910,0.000013
TAP_TAPCELL_ROW_6_78,VGND,li1,18.6300,27.4910,0.000015
TAP_TAPCELL_ROW_5_77,VGND,li1,57.2700,26.9080,0.000009
TAP_TAPCELL_ROW_5_76,VGND,li1,31.5100,26.9080,0.000017
TAP_TAPCELL_ROW_4_75,VGND,li1,44.3900,22.0510,0.000000
TAP_TAPCELL_ROW_4_74,VGND,li1,18.6300,22.0510,0.000000
TAP_TAPCELL_ROW_3_73,VGND,li1,57.2700,21.4680,0.000000
TAP_TAPCELL_ROW_3_72,VGND,li1,31.5100,21.4680,0.000000
TAP_TAPCELL_ROW_2_71,VGND,li1,44.3900,16.6110,0.000004
TAP_TAPCELL_ROW_2_70,VGND,li1,18.6300,16.6110,0.000006
TAP_TAPCELL_ROW_1_69,VGND,li1,57.2700,16.0280,0.000006
TAP_TAPCELL_ROW_1_68,VGND,li1,31.5100,16.0280,0.000004
TAP_TAPCELL_ROW_0_67,VGND,li1,57.2700,11.1710,0.000000
TAP_TAPCELL_ROW_0_66,VGND,li1,44.3900,11.1710,0.000000
TAP_TAPCELL_ROW_0_65,VGND,li1,31.5100,11.1710,0.000000
TAP_TAPCELL_ROW_0_64,VGND,li1,18.6300,11.1710,0.000000
PHY_EDGE_ROW_31_Left_63,VGND,li1,6.2100,97.9200,0.000000
PHY_EDGE_ROW_30_Left_62,VGND,li1,6.2100,92.4800,0.000003
PHY_EDGE_ROW_29_Left_61,VGND,li1,6.2100,92.4800,0.000003
PHY_EDGE_ROW_28_Left_60,VGND,li1,6.2100,87.0400,0.000003
PHY_EDGE_ROW_27_Left_59,VGND,li1,6.2100,87.0400,0.000003
PHY_EDGE_ROW_26_Left_58,VGND,li1,6.2100,81.6000,0.000004
PHY_EDGE_ROW_25_Left_57,VGND,li1,6.2100,81.6000,0.000004
PHY_EDGE_ROW_24_Left_56,VGND,li1,6.2100,76.1600,0.000015
PHY_EDGE_ROW_23_Left_55,VGND,li1,6.2100,76.1600,0.000015
PHY_EDGE_ROW_22_Left_54,VGND,li1,6.2100,70.7200,0.000020
PHY_EDGE_ROW_21_Left_53,VGND,li1,6.2100,70.7200,0.000020
PHY_EDGE_ROW_20_Left_52,VGND,li1,6.2100,65.2800,0.000003
PHY_EDGE_ROW_19_Left_51,VGND,li1,6.2100,65.2800,0.000003
PHY_EDGE_ROW_18_Left_50,VGND,li1,6.2100,59.8400,0.000009
PHY_EDGE_ROW_17_Left_49,VGND,li1,6.2100,59.8400,0.000009
PHY_EDGE_ROW_16_Left_48,VGND,li1,6.2100,54.4000,0.000018
PHY_EDGE_ROW_15_Left_47,VGND,li1,6.2100,54.4000,0.000018
PHY_EDGE_ROW_14_Left_46,VGND,li1,6.2100,48.9600,0.000001
PHY_EDGE_ROW_13_Left_45,VGND,li1,6.2100,48.9600,0.000001
PHY_EDGE_ROW_12_Left_44,VGND,li1,6.2100,43.5200,0.000000
PHY_EDGE_ROW_11_Left_43,VGND,li1,6.2100,43.5200,0.000000
PHY_EDGE_ROW_10_Left_42,VGND,li1,6.2100,38.0800,0.000030
PHY_EDGE_ROW_9_Left_41,VGND,li1,6.2100,38.0800,0.000030
PHY_EDGE_ROW_8_Left_40,VGND,li1,6.2100,32.6400,0.000008
PHY_EDGE_ROW_7_Left_39,VGND,li1,6.2100,32.6400,0.000008
PHY_EDGE_ROW_6_Left_38,VGND,li1,6.2100,27.2000,0.000014
PHY_EDGE_ROW_5_Left_37,VGND,li1,6.2100,27.2000,0.000014
PHY_EDGE_ROW_4_Left_36,VGND,li1,6.2100,21.7600,0.000000
PHY_EDGE_ROW_3_Left_35,VGND,li1,6.2100,21.7600,0.000000
PHY_EDGE_ROW_2_Left_34,VGND,li1,6.2100,16.3200,0.000005
PHY_EDGE_ROW_1_Left_33,VGND,li1,6.2100,16.3200,0.000005
PHY_EDGE_ROW_0_Left_32,VGND,li1,6.2100,10.8800,0.000000
PHY_EDGE_ROW_31_Right_31,VGND,li1,63.7100,97.9200,0.000000
PHY_EDGE_ROW_30_Right_30,VGND,li1,63.7100,92.4800,0.000001
PHY_EDGE_ROW_29_Right_29,VGND,li1,63.7100,92.4800,0.000001
PHY_EDGE_ROW_28_Right_28,VGND,li1,63.7100,87.0400,0.000004
PHY_EDGE_ROW_27_Right_27,VGND,li1,63.7100,87.0400,0.000004
PHY_EDGE_ROW_26_Right_26,VGND,li1,63.7100,81.6000,0.000009
PHY_EDGE_ROW_25_Right_25,VGND,li1,63.7100,81.6000,0.000009
PHY_EDGE_ROW_24_Right_24,VGND,li1,63.7100,76.1600,0.000015
PHY_EDGE_ROW_23_Right_23,VGND,li1,63.7100,76.1600,0.000015
PHY_EDGE_ROW_22_Right_22,VGND,li1,63.7100,70.7200,0.000006
PHY_EDGE_ROW_21_Right_21,VGND,li1,63.7100,70.7200,0.000006
PHY_EDGE_ROW_20_Right_20,VGND,li1,63.7100,65.2800,0.000001
PHY_EDGE_ROW_19_Right_19,VGND,li1,63.7100,65.2800,0.000001
PHY_EDGE_ROW_18_Right_18,VGND,li1,63.7100,59.8400,0.000005
PHY_EDGE_ROW_17_Right_17,VGND,li1,63.7100,59.8400,0.000005
PHY_EDGE_ROW_16_Right_16,VGND,li1,63.7100,54.4000,0.000009
PHY_EDGE_ROW_15_Right_15,VGND,li1,63.7100,54.4000,0.000009
PHY_EDGE_ROW_14_Right_14,VGND,li1,63.7100,48.9600,0.000002
PHY_EDGE_ROW_13_Right_13,VGND,li1,63.7100,48.9600,0.000002
PHY_EDGE_ROW_12_Right_12,VGND,li1,63.7100,43.5200,0.000000
PHY_EDGE_ROW_11_Right_11,VGND,li1,63.7100,43.5200,0.000000
PHY_EDGE_ROW_10_Right_10,VGND,li1,63.7100,38.0800,0.000020
PHY_EDGE_ROW_9_Right_9,VGND,li1,63.7100,38.0800,0.000020
PHY_EDGE_ROW_8_Right_8,VGND,li1,63.7100,32.6400,0.000003
PHY_EDGE_ROW_7_Right_7,VGND,li1,63.7100,32.6400,0.000003
PHY_EDGE_ROW_6_Right_6,VGND,li1,63.7100,27.2000,0.000005
PHY_EDGE_ROW_5_Right_5,VGND,li1,63.7100,27.2000,0.000005
PHY_EDGE_ROW_4_Right_4,VGND,li1,63.7100,21.7600,0.000000
PHY_EDGE_ROW_3_Right_3,VGND,li1,63.7100,21.7600,0.000000
PHY_EDGE_ROW_2_Right_2,VGND,li1,63.7100,16.3200,0.000004
PHY_EDGE_ROW_1_Right_1,VGND,li1,63.7100,16.3200,0.000004
PHY_EDGE_ROW_0_Right_0,VGND,li1,63.7100,10.8800,0.000000
_279_,VGND,li1,10.3500,81.6000,0.000004
_274_,VGND,li1,52.2100,81.6000,0.000017
_273_,VGND,li1,42.7800,81.6000,0.000015
_272_,VGND,li1,43.7000,32.6400,0.000009
_271_,VGND,li1,11.5000,27.2000,0.000014
_270_,VGND,li1,22.0800,54.4000,0.000031
_269_,VGND,li1,17.0200,76.1600,0.000019
_268_,VGND,li1,49.4500,27.2000,0.000013
_267_,VGND,li1,34.5000,81.6000,0.000012
_266_,VGND,li1,26.9100,27.2000,0.000019
_265_,VGND,li1,39.5600,21.7600,0.000000
_264_,VGND,li1,16.5600,38.0800,0.000035
_263_,VGND,li1,24.3800,70.7200,0.000041
_262_,VGND,li1,28.2900,92.4800,0.000006
_261_,VGND,li1,58.4200,59.8400,0.000008
_260_,VGND,li1,39.1000,27.2000,0.000012
_259_,VGND,li1,52.2100,38.0800,0.000041
_258_,VGND,li1,54.9700,87.0400,0.000008
_257_,VGND,li1,36.3400,76.1600,0.000028
_256_,VGND,li1,16.3300,16.3200,0.000006
_255_,VGND,li1,25.0700,27.2000,0.000019
_254_,VGND,li1,55.4300,16.3200,0.000007
_253_,VGND,li1,36.3400,54.4000,0.000047
_252_,VGND,li1,27.8300,87.0400,0.000008
_251_,VGND,li1,26.4500,65.2800,0.000006
_250_,VGND,li1,11.7300,59.8400,0.000009
_249_,VGND,li1,56.3500,81.6000,0.000015
_248_,VGND,li1,21.3900,32.6400,0.000013
_247_,VGND,li1,29.2100,59.8400,0.000010
_246_,VGND,li1,43.0100,48.9600,0.000005
_245_,VGND,li1,16.7900,87.0400,0.000004
_244_,VGND,li1,53.5900,32.6400,0.000006
_243_,VGND,li1,35.6500,32.6400,0.000008
_242_,VGND,li1,48.9900,16.3200,0.000006
_241_,VGND,li1,53.1300,59.8400,0.000007
_240_,VGND,li1,58.6500,21.7600,0.000000
_239_,VGND,li1,62.3300,21.7600,0.000000
_238_,VGND,li1,36.1100,81.6000,0.000012
_237_,VGND,li1,49.4500,81.6000,0.000016
_236_,VGND,li1,50.3700,92.4800,0.000002
_235_,VGND,li1,48.9900,32.6400,0.000008
_234_,VGND,li1,11.2700,38.0800,0.000030
_233_,VGND,li1,59.5700,54.4000,0.000014
_232_,VGND,li1,60.4900,87.0400,0.000006
_231_,VGND,li1,23.6900,81.6000,0.000008
_230_,VGND,li1,53.5900,21.7600,0.000000
_229_,VGND,li1,14.9500,70.7200,0.000025
_228_,VGND,li1,56.3500,59.8400,0.000008
_227_,VGND,li1,37.9500,16.3200,0.000003
_226_,VGND,li1,53.3600,48.9600,0.000003
_225_,VGND,li1,42.0900,59.8400,0.000006
_224_,VGND,li1,34.7300,59.8400,0.000007
_223_,VGND,li1,21.3900,59.8400,0.000008
_222_,VGND,li1,15.8700,32.6400,0.000009
_221_,VGND,li1,33.8100,38.0800,0.000051
_220_,VGND,li1,35.1900,16.3200,0.000004
_219_,VGND,li1,45.3100,70.7200,0.000017
_218_,VGND,li1,37.4900,81.6000,0.000012
_217_,VGND,li1,7.5900,54.4000,0.000018
_216_,VGND,li1,38.8700,59.8400,0.000006
_215_,VGND,li1,49.6800,38.0800,0.000044
_214_,VGND,li1,58.8800,65.2800,0.000001
_213_,VGND,li1,23.9200,48.9600,0.000002
_212_,VGND,li1,11.7300,87.0400,0.000003
_211_,VGND,li1,43.9300,21.7600,0.000000
_210_,VGND,li1,37.0300,48.9600,0.000003
_209_,VGND,li1,42.0900,76.1600,0.000038
_208_,VGND,li1,44.1600,54.4000,0.000027
_207_,VGND,li1,25.0700,16.3200,0.000005
_206_,VGND,li1,51.7500,76.1600,0.000033
_205_,VGND,li1,58.4200,87.0400,0.000007
_204_,VGND,li1,31.7400,21.7600,0.000000
_203_,VGND,li1,17.2500,65.2800,0.000004
_202_,VGND,li1,59.3400,43.5200,0.000000
_201_,VGND,li1,32.4300,16.3200,0.000004
_200_,VGND,li1,41.6300,92.4800,0.000002
_199_,VGND,li1,24.6100,65.2800,0.000006
_198_,VGND,li1,22.3100,16.3200,0.000005
_197_,VGND,li1,60.7200,21.7600,0.000000
_196_,VGND,li1,28.7500,76.1600,0.000026
_195_,VGND,li1,20.7000,65.2800,0.000004
_194_,VGND,li1,37.7200,32.6400,0.000007
_193_,VGND,li1,10.8100,16.3200,0.000005
_192_,VGND,li1,36.1100,87.0400,0.000005
_191_,VGND,li1,35.1900,21.7600,0.000000
_190_,VGND,li1,41.6300,10.8800,0.000000
_189_,VGND,li1,26.2200,21.7600,0.000000
_188_,VGND,li1,25.0700,92.4800,0.000005
_187_,VGND,li1,29.6700,70.7200,0.000048
_186_,VGND,li1,46.6900,16.3200,0.000005
_185_,VGND,li1,11.0400,97.9200,0.000000
_184_,VGND,li1,20.2400,48.9600,0.000002
_183_,VGND,li1,28.0600,54.4000,0.000037
_182_,VGND,li1,37.0300,87.0400,0.000005
_181_,VGND,li1,61.8700,92.4800,0.000001
_180_,VGND,li1,46.6900,16.3200,0.000005
_179_,VGND,li1,10.3500,21.7600,0.000000
_178_,VGND,li1,15.4100,38.0800,0.000035
_177_,VGND,li1,11.5000,81.6000,0.000004
_176_,VGND,li1,36.5700,16.3200,0.000004
_175_,VGND,li1,19.5500,32.6400,0.000011
_174_,VGND,li1,14.4900,32.6400,0.000008
_173_,VGND,li1,11.7300,59.8400,0.000009
_172_,VGND,li1,51.0600,21.7600,0.000000
_171_,VGND,li1,59.1100,48.9600,0.000002
_170_,VGND,li1,19.5500,21.7600,0.000000
_169_,VGND,li1,27.3700,32.6400,0.000012
_168_,VGND,li1,17.7100,59.8400,0.000008
_167_,VGND,li1,13.5700,38.0800,0.000030
_166_,VGND,li1,35.1900,76.1600,0.000028
_165_,VGND,li1,14.0300,70.7200,0.000020
_164_,VGND,li1,8.2800,16.3200,0.000005
_163_,VGND,li1,7.5900,27.2000,0.000014
_162_,VGND,li1,30.1300,54.4000,0.000041
_161_,VGND,li1,20.9300,32.6400,0.000013
_160_,VGND,li1,10.5800,54.4000,0.000018
_159_,VGND,li1,48.5300,92.4800,0.000002
_158_,VGND,li1,8.9700,59.8400,0.000009
_157_,VGND,li1,29.2100,16.3200,0.000004
_156_,VGND,li1,57.7300,27.2000,0.000009
_155_,VGND,li1,58.6500,10.8800,0.000000
_154_,VGND,li1,22.7700,92.4800,0.000005
_153_,VGND,li1,10.3500,38.0800,0.000030
_152_,VGND,li1,36.1100,27.2000,0.000014
_151_,VGND,li1,48.3000,87.0400,0.000006
_150_,VGND,li1,61.4100,48.9600,0.000002
_149_,VGND,li1,56.5800,32.6400,0.000005
_148_,VGND,li1,10.8100,70.7200,0.000020
_147_,VGND,li1,39.1000,70.7200,0.000020
_146_,VGND,li1,45.7700,87.0400,0.000006
_145_,VGND,li1,12.1900,21.7600,0.000000
_144_,VGND,li1,22.7700,16.3200,0.000005
_143_,VGND,li1,9.6600,38.0800,0.000030
_142_,VGND,li1,14.7200,65.2800,0.000003
_141_,VGND,li1,26.4500,48.9600,0.000002
_140_,VGND,li1,59.1100,81.6000,0.000013
_139_,VGND,li1,56.8100,76.1600,0.000025
_138_,VGND,li1,8.7400,32.6400,0.000008
_137_,VGND,li1,20.9300,65.2800,0.000005
_136_,VGND,li1,7.5900,43.5200,0.000000
_135_,VGND,li1,52.4400,87.0400,0.000007
_134_,VGND,li1,18.8600,27.2000,0.000015
_133_,VGND,li1,20.0100,92.4800,0.000004
_132_,VGND,li1,30.1300,48.9600,0.000002
_131_,VGND,li1,10.1200,32.6400,0.000008
_130_,VGND,li1,36.1100,38.0800,0.000047
_129_,VGND,li1,16.3300,97.9200,0.000000
_128_,VGND,li1,11.0400,65.2800,0.000003
_127_,VGND,li1,12.6500,32.6400,0.000008
_126_,VGND,li1,14.7200,81.6000,0.000004
_125_,VGND,li1,25.9900,87.0400,0.000007
_124_,VGND,li1,54.5100,70.7200,0.000011
_123_,VGND,li1,60.2600,76.1600,0.000018
_122_,VGND,li1,32.8900,59.8400,0.000009
_121_,VGND,li1,40.0200,32.6400,0.000008
_120_,VGND,li1,27.3700,16.3200,0.000005
