Instance,Terminal,Layer,X location,Y location,Voltage
FILLER_0_31_121,VPWR,li1,61.4100,95.2000,1.799999
FILLER_0_31_113,VPWR,li1,59.3400,95.2000,1.799999
FILLER_0_31_109,VPWR,li1,56.3500,95.2000,1.799999
FILLER_0_31_97,VPWR,li1,52.9000,95.2000,1.799999
FILLER_0_31_85,VPWR,li1,47.3800,95.2000,1.799998
FILLER_0_31_81,VPWR,li1,43.4700,95.2000,1.799998
FILLER_0_31_69,VPWR,li1,40.0200,95.2000,1.799997
FILLER_0_31_57,VPWR,li1,34.5000,95.2000,1.799997
FILLER_0_31_53,VPWR,li1,30.5900,95.2000,1.799995
FILLER_0_31_41,VPWR,li1,27.1400,95.2000,1.799994
FILLER_0_31_29,VPWR,li1,21.6200,95.2000,1.799996
FILLER_0_31_27,VPWR,li1,18.1700,95.2000,1.799996
FILLER_0_31_19,VPWR,li1,14.4900,95.2000,1.799997
FILLER_0_31_15,VPWR,li1,13.3400,95.2000,1.799997
FILLER_0_31_3,VPWR,li1,8.2800,95.2000,1.799998
FILLER_0_30_119,VPWR,li1,60.4900,95.2000,1.799999
FILLER_0_30_111,VPWR,li1,58.4200,95.2000,1.799999
FILLER_0_30_99,VPWR,li1,53.8200,95.2000,1.799999
FILLER_0_30_93,VPWR,li1,48.9900,95.2000,1.799998
FILLER_0_30_85,VPWR,li1,46.4600,95.2000,1.799998
FILLER_0_30_72,VPWR,li1,41.4000,95.2000,1.799997
FILLER_0_30_60,VPWR,li1,35.8800,95.2000,1.799997
FILLER_0_30_37,VPWR,li1,23.0000,95.2000,1.799995
FILLER_0_30_29,VPWR,li1,20.7000,95.2000,1.799996
FILLER_0_30_27,VPWR,li1,18.1700,95.2000,1.799996
FILLER_0_30_15,VPWR,li1,15.1800,95.2000,1.799997
FILLER_0_30_3,VPWR,li1,9.6600,95.2000,1.799998
FILLER_0_29_113,VPWR,li1,60.2600,89.7600,1.799995
FILLER_0_29_111,VPWR,li1,56.8100,89.7600,1.799994
FILLER_0_29_107,VPWR,li1,55.6600,89.7600,1.799993
FILLER_0_29_95,VPWR,li1,51.9800,89.7600,1.799993
FILLER_0_29_90,VPWR,li1,47.3800,89.7600,1.799994
FILLER_0_29_82,VPWR,li1,45.0800,89.7600,1.799994
FILLER_0_29_69,VPWR,li1,38.6400,89.7600,1.799995
FILLER_0_29_57,VPWR,li1,34.5000,89.7600,1.799995
FILLER_0_29_44,VPWR,li1,28.5200,89.7600,1.799993
FILLER_0_29_33,VPWR,li1,20.9300,89.7600,1.799995
FILLER_0_29_27,VPWR,li1,18.6300,89.7600,1.799996
FILLER_0_29_15,VPWR,li1,15.1800,89.7600,1.799996
FILLER_0_29_3,VPWR,li1,9.6600,89.7600,1.799997
FILLER_0_28_119,VPWR,li1,61.6400,89.7600,1.799995
FILLER_0_28_93,VPWR,li1,48.9900,89.7600,1.799993
FILLER_0_28_85,VPWR,li1,46.4600,89.7600,1.799994
FILLER_0_28_83,VPWR,li1,43.9300,89.7600,1.799994
FILLER_0_28_71,VPWR,li1,40.9400,89.7600,1.799994
FILLER_0_28_65,VPWR,li1,35.6500,89.7600,1.799995
FILLER_0_28_59,VPWR,li1,34.0400,89.7600,1.799995
FILLER_0_28_37,VPWR,li1,22.7700,89.7600,1.799994
FILLER_0_28_29,VPWR,li1,20.7000,89.7600,1.799995
FILLER_0_28_25,VPWR,li1,17.7100,89.7600,1.799996
FILLER_0_28_17,VPWR,li1,15.1800,89.7600,1.799996
FILLER_0_28_9,VPWR,li1,9.8900,89.7600,1.799997
FILLER_0_28_3,VPWR,li1,8.2800,89.7600,1.799997
FILLER_0_27_121,VPWR,li1,61.4100,84.3200,1.799995
FILLER_0_27_117,VPWR,li1,59.5700,84.3200,1.799994
FILLER_0_27_108,VPWR,li1,56.1200,84.3200,1.799993
FILLER_0_27_81,VPWR,li1,43.7000,84.3200,1.799994
FILLER_0_27_69,VPWR,li1,40.0200,84.3200,1.799994
FILLER_0_27_63,VPWR,li1,34.7300,84.3200,1.799995
FILLER_0_27_57,VPWR,li1,33.1200,84.3200,1.799995
FILLER_0_27_48,VPWR,li1,29.4400,84.3200,1.799995
FILLER_0_27_38,VPWR,li1,23.6900,84.3200,1.799996
FILLER_0_27_26,VPWR,li1,20.2400,84.3200,1.799997
FILLER_0_27_15,VPWR,li1,14.2600,84.3200,1.799998
FILLER_0_27_3,VPWR,li1,9.6600,84.3200,1.799998
FILLER_0_26_122,VPWR,li1,62.3300,84.3200,1.799995
FILLER_0_26_97,VPWR,li1,50.6000,84.3200,1.799993
FILLER_0_26_93,VPWR,li1,48.5300,84.3200,1.799993
FILLER_0_26_85,VPWR,li1,46.4600,84.3200,1.799994
FILLER_0_26_81,VPWR,li1,43.4700,84.3200,1.799994
FILLER_0_26_73,VPWR,li1,40.9400,84.3200,1.799994
FILLER_0_26_41,VPWR,li1,27.1400,84.3200,1.799996
FILLER_0_26_29,VPWR,li1,21.6200,84.3200,1.799997
FILLER_0_26_24,VPWR,li1,17.4800,84.3200,1.799997
FILLER_0_26_9,VPWR,li1,9.8900,84.3200,1.799998
FILLER_0_26_3,VPWR,li1,8.2800,84.3200,1.799998
FILLER_0_25_124,VPWR,li1,62.7900,78.8800,1.799993
FILLER_0_25_120,VPWR,li1,61.6400,78.8800,1.799993
FILLER_0_25_57,VPWR,li1,33.5800,78.8800,1.799992
FILLER_0_25_53,VPWR,li1,30.5900,78.8800,1.799992
FILLER_0_25_41,VPWR,li1,27.1400,78.8800,1.799993
FILLER_0_25_36,VPWR,li1,22.5400,78.8800,1.799995
FILLER_0_25_24,VPWR,li1,19.3200,78.8800,1.799995
FILLER_0_25_12,VPWR,li1,13.8000,78.8800,1.799997
FILLER_0_25_3,VPWR,li1,8.2800,78.8800,1.799997
FILLER_0_24_123,VPWR,li1,62.5600,78.8800,1.799993
FILLER_0_24_102,VPWR,li1,53.8200,78.8800,1.799990
FILLER_0_24_97,VPWR,li1,50.6000,78.8800,1.799988
FILLER_0_24_85,VPWR,li1,47.3800,78.8800,1.799988
FILLER_0_24_82,VPWR,li1,43.7000,78.8800,1.799988
FILLER_0_24_53,VPWR,li1,30.8200,78.8800,1.799992
FILLER_0_24_41,VPWR,li1,27.1400,78.8800,1.799993
FILLER_0_24_29,VPWR,li1,21.6200,78.8800,1.799995
FILLER_0_24_27,VPWR,li1,18.1700,78.8800,1.799995
FILLER_0_24_15,VPWR,li1,15.1800,78.8800,1.799997
FILLER_0_24_3,VPWR,li1,9.6600,78.8800,1.799997
FILLER_0_23_113,VPWR,li1,60.2600,73.4400,1.799978
FILLER_0_23_106,VPWR,li1,55.6600,73.4400,1.799966
FILLER_0_23_94,VPWR,li1,51.5200,73.4400,1.799960
FILLER_0_23_66,VPWR,li1,37.7200,73.4400,1.799954
FILLER_0_23_57,VPWR,li1,33.1200,73.4400,1.799955
FILLER_0_23_52,VPWR,li1,30.3600,73.4400,1.799948
FILLER_0_23_45,VPWR,li1,27.1400,73.4400,1.799940
FILLER_0_23_35,VPWR,li1,22.5400,73.4400,1.799949
FILLER_0_23_3,VPWR,li1,9.6600,73.4400,1.799978
FILLER_0_22_110,VPWR,li1,58.8800,73.4400,1.799972
FILLER_0_22_100,VPWR,li1,52.2100,73.4400,1.799960
FILLER_0_22_88,VPWR,li1,48.7600,73.4400,1.799954
FILLER_0_22_83,VPWR,li1,43.9300,73.4400,1.799943
FILLER_0_22_71,VPWR,li1,40.9400,73.4400,1.799949
FILLER_0_22_59,VPWR,li1,35.4200,73.4400,1.799959
FILLER_0_22_37,VPWR,li1,23.0000,73.4400,1.799949
FILLER_0_22_29,VPWR,li1,20.7000,73.4400,1.799953
FILLER_0_22_22,VPWR,li1,17.0200,73.4400,1.799961
FILLER_0_22_15,VPWR,li1,13.3400,73.4400,1.799970
FILLER_0_22_3,VPWR,li1,9.6600,73.4400,1.799978
FILLER_0_21_113,VPWR,li1,60.2600,68.0000,1.799999
FILLER_0_21_109,VPWR,li1,56.3500,68.0000,1.799999
FILLER_0_21_101,VPWR,li1,53.8200,68.0000,1.799999
FILLER_0_21_89,VPWR,li1,49.2200,68.0000,1.799998
FILLER_0_21_77,VPWR,li1,43.7000,68.0000,1.799998
FILLER_0_21_57,VPWR,li1,34.5000,68.0000,1.799997
FILLER_0_21_54,VPWR,li1,30.8200,68.0000,1.799996
FILLER_0_21_28,VPWR,li1,19.0900,68.0000,1.799995
FILLER_0_21_20,VPWR,li1,16.5600,68.0000,1.799996
FILLER_0_21_14,VPWR,li1,12.6500,68.0000,1.799997
FILLER_0_21_3,VPWR,li1,8.2800,68.0000,1.799997
FILLER_0_20_121,VPWR,li1,62.1000,68.0000,1.799999
FILLER_0_20_109,VPWR,li1,58.4200,68.0000,1.799999
FILLER_0_20_97,VPWR,li1,52.9000,68.0000,1.799999
FILLER_0_20_85,VPWR,li1,47.3800,68.0000,1.799998
FILLER_0_20_81,VPWR,li1,43.4700,68.0000,1.799998
FILLER_0_20_69,VPWR,li1,40.0200,68.0000,1.799998
FILLER_0_20_57,VPWR,li1,34.5000,68.0000,1.799997
FILLER_0_20_45,VPWR,li1,28.9800,68.0000,1.799996
FILLER_0_20_37,VPWR,li1,22.7700,68.0000,1.799994
FILLER_0_20_29,VPWR,li1,19.0900,68.0000,1.799995
FILLER_0_20_27,VPWR,li1,18.1700,68.0000,1.799995
FILLER_0_20_15,VPWR,li1,15.1800,68.0000,1.799996
FILLER_0_20_3,VPWR,li1,9.6600,68.0000,1.799997
FILLER_0_19_119,VPWR,li1,61.6400,62.5600,1.799994
FILLER_0_19_111,VPWR,li1,56.8100,62.5600,1.799992
FILLER_0_19_105,VPWR,li1,55.2000,62.5600,1.799992
FILLER_0_19_93,VPWR,li1,51.0600,62.5600,1.799992
FILLER_0_19_81,VPWR,li1,45.5400,62.5600,1.799992
FILLER_0_19_69,VPWR,li1,40.0200,62.5600,1.799992
FILLER_0_19_57,VPWR,li1,34.5000,62.5600,1.799992
FILLER_0_19_29,VPWR,li1,19.3200,62.5600,1.799991
FILLER_0_19_16,VPWR,li1,13.3400,62.5600,1.799994
FILLER_0_19_7,VPWR,li1,8.9700,62.5600,1.799996
FILLER_0_19_3,VPWR,li1,7.8200,62.5600,1.799996
FILLER_0_18_103,VPWR,li1,53.3600,62.5600,1.799992
FILLER_0_18_97,VPWR,li1,51.0600,62.5600,1.799992
FILLER_0_18_85,VPWR,li1,47.3800,62.5600,1.799992
FILLER_0_18_83,VPWR,li1,43.9300,62.5600,1.799992
FILLER_0_18_75,VPWR,li1,41.8600,62.5600,1.799992
FILLER_0_18_63,VPWR,li1,37.2600,62.5600,1.799992
FILLER_0_18_36,VPWR,li1,23.0000,62.5600,1.799990
FILLER_0_18_29,VPWR,li1,19.7800,62.5600,1.799991
FILLER_0_18_27,VPWR,li1,18.1700,62.5600,1.799992
FILLER_0_18_15,VPWR,li1,15.1800,62.5600,1.799993
FILLER_0_17_113,VPWR,li1,60.2600,57.1200,1.799991
FILLER_0_17_105,VPWR,li1,54.7400,57.1200,1.799987
FILLER_0_17_101,VPWR,li1,52.2100,57.1200,1.799985
FILLER_0_17_93,VPWR,li1,50.1400,57.1200,1.799983
FILLER_0_17_81,VPWR,li1,45.5400,57.1200,1.799978
FILLER_0_17_74,VPWR,li1,40.4800,57.1200,1.799973
FILLER_0_17_65,VPWR,li1,36.8000,57.1200,1.799971
FILLER_0_17_53,VPWR,li1,30.5900,57.1200,1.799973
FILLER_0_17_41,VPWR,li1,27.1400,57.1200,1.799975
FILLER_0_17_29,VPWR,li1,21.6200,57.1200,1.799979
FILLER_0_16_119,VPWR,li1,60.9500,57.1200,1.799991
FILLER_0_16_115,VPWR,li1,58.6500,57.1200,1.799989
FILLER_0_16_109,VPWR,li1,57.0400,57.1200,1.799989
FILLER_0_16_97,VPWR,li1,52.9000,57.1200,1.799985
FILLER_0_16_85,VPWR,li1,47.3800,57.1200,1.799981
FILLER_0_16_83,VPWR,li1,43.9300,57.1200,1.799978
FILLER_0_16_75,VPWR,li1,41.8600,57.1200,1.799976
FILLER_0_16_53,VPWR,li1,30.3600,57.1200,1.799973
FILLER_0_16_41,VPWR,li1,27.1400,57.1200,1.799975
FILLER_0_16_29,VPWR,li1,21.6200,57.1200,1.799979
FILLER_0_16_26,VPWR,li1,17.9400,57.1200,1.799982
FILLER_0_16_14,VPWR,li1,14.7200,57.1200,1.799984
FILLER_0_16_6,VPWR,li1,8.7400,57.1200,1.799987
FILLER_0_15_113,VPWR,li1,60.2600,51.6800,1.799998
FILLER_0_15_110,VPWR,li1,56.5800,51.6800,1.799997
FILLER_0_15_98,VPWR,li1,53.3600,51.6800,1.799997
FILLER_0_15_86,VPWR,li1,47.8400,51.6800,1.799995
FILLER_0_15_81,VPWR,li1,43.0100,51.6800,1.799994
FILLER_0_15_77,VPWR,li1,41.8600,51.6800,1.799994
FILLER_0_15_46,VPWR,li1,26.9100,51.6800,1.799992
FILLER_0_15_23,VPWR,li1,16.7900,51.6800,1.799993
FILLER_0_15_15,VPWR,li1,14.2600,51.6800,1.799994
FILLER_0_15_3,VPWR,li1,9.6600,51.6800,1.799996
FILLER_0_14_119,VPWR,li1,61.6400,51.6800,1.799998
FILLER_0_14_107,VPWR,li1,57.5000,51.6800,1.799997
FILLER_0_14_97,VPWR,li1,51.0600,51.6800,1.799996
FILLER_0_14_85,VPWR,li1,47.3800,51.6800,1.799995
FILLER_0_14_81,VPWR,li1,43.4700,51.6800,1.799994
FILLER_0_14_69,VPWR,li1,40.0200,51.6800,1.799994
FILLER_0_14_57,VPWR,li1,34.5000,51.6800,1.799994
FILLER_0_14_47,VPWR,li1,27.8300,51.6800,1.799992
FILLER_0_14_35,VPWR,li1,21.8500,51.6800,1.799991
FILLER_0_14_27,VPWR,li1,18.1700,51.6800,1.799993
FILLER_0_14_15,VPWR,li1,15.1800,51.6800,1.799994
FILLER_0_14_3,VPWR,li1,9.6600,51.6800,1.799996
FILLER_0_13_123,VPWR,li1,62.5600,46.2400,1.799998
FILLER_0_13_111,VPWR,li1,56.8100,46.2400,1.799997
FILLER_0_13_105,VPWR,li1,55.2000,46.2400,1.799997
FILLER_0_13_93,VPWR,li1,51.0600,46.2400,1.799996
FILLER_0_13_65,VPWR,li1,35.8800,46.2400,1.799997
FILLER_0_13_57,VPWR,li1,33.5800,46.2400,1.799997
FILLER_0_13_55,VPWR,li1,31.0500,46.2400,1.799997
FILLER_0_13_51,VPWR,li1,29.9000,46.2400,1.799997
FILLER_0_13_39,VPWR,li1,26.2200,46.2400,1.799998
FILLER_0_13_27,VPWR,li1,20.7000,46.2400,1.799998
FILLER_0_13_15,VPWR,li1,15.1800,46.2400,1.799999
FILLER_0_13_3,VPWR,li1,9.6600,46.2400,1.799999
FILLER_0_12_121,VPWR,li1,62.1000,46.2400,1.799998
FILLER_0_12_109,VPWR,li1,56.5800,46.2400,1.799997
FILLER_0_12_97,VPWR,li1,52.9000,46.2400,1.799996
FILLER_0_12_85,VPWR,li1,47.3800,46.2400,1.799995
FILLER_0_12_83,VPWR,li1,43.9300,46.2400,1.799994
FILLER_0_12_77,VPWR,li1,42.3200,46.2400,1.799994
FILLER_0_12_65,VPWR,li1,38.1800,46.2400,1.799996
FILLER_0_12_53,VPWR,li1,32.6600,46.2400,1.799997
FILLER_0_12_41,VPWR,li1,27.1400,46.2400,1.799998
FILLER_0_12_29,VPWR,li1,21.6200,46.2400,1.799998
FILLER_0_12_27,VPWR,li1,18.1700,46.2400,1.799998
FILLER_0_12_15,VPWR,li1,15.1800,46.2400,1.799999
FILLER_0_12_3,VPWR,li1,9.6600,46.2400,1.799999
FILLER_0_11_121,VPWR,li1,61.4100,40.8000,1.799995
FILLER_0_11_113,VPWR,li1,59.3400,40.8000,1.799995
FILLER_0_11_111,VPWR,li1,56.8100,40.8000,1.799992
FILLER_0_11_105,VPWR,li1,55.2000,40.8000,1.799992
FILLER_0_11_93,VPWR,li1,51.0600,40.8000,1.799990
FILLER_0_11_81,VPWR,li1,45.5400,40.8000,1.799991
FILLER_0_11_69,VPWR,li1,40.0200,40.8000,1.799991
FILLER_0_11_57,VPWR,li1,34.5000,40.8000,1.799995
FILLER_0_11_54,VPWR,li1,30.8200,40.8000,1.799995
FILLER_0_11_42,VPWR,li1,27.6000,40.8000,1.799996
FILLER_0_11_30,VPWR,li1,22.0800,40.8000,1.799997
FILLER_0_11_18,VPWR,li1,16.5600,40.8000,1.799998
FILLER_0_11_6,VPWR,li1,11.0400,40.8000,1.799998
FILLER_0_10_124,VPWR,li1,62.7900,40.8000,1.799995
FILLER_0_10_112,VPWR,li1,59.8000,40.8000,1.799995
FILLER_0_10_85,VPWR,li1,46.0000,40.8000,1.799991
FILLER_0_10_83,VPWR,li1,43.9300,40.8000,1.799991
FILLER_0_10_77,VPWR,li1,42.3200,40.8000,1.799991
FILLER_0_10_65,VPWR,li1,36.8000,40.8000,1.799993
FILLER_0_10_53,VPWR,li1,32.6600,40.8000,1.799995
FILLER_0_10_41,VPWR,li1,27.1400,40.8000,1.799996
FILLER_0_10_29,VPWR,li1,21.6200,40.8000,1.799997
FILLER_0_10_27,VPWR,li1,18.1700,40.8000,1.799997
FILLER_0_10_23,VPWR,li1,17.0200,40.8000,1.799998
FILLER_0_10_12,VPWR,li1,11.7300,40.8000,1.799998
FILLER_0_10_3,VPWR,li1,8.2800,40.8000,1.799998
FILLER_0_9_113,VPWR,li1,60.2600,35.3600,1.799993
FILLER_0_9_111,VPWR,li1,56.8100,35.3600,1.799991
FILLER_0_9_99,VPWR,li1,53.8200,35.3600,1.799989
FILLER_0_9_91,VPWR,li1,47.8400,35.3600,1.799984
FILLER_0_9_70,VPWR,li1,37.9500,35.3600,1.799978
FILLER_0_9_57,VPWR,li1,32.4300,35.3600,1.799964
FILLER_0_9_34,VPWR,li1,21.6200,35.3600,1.799957
FILLER_0_9_3,VPWR,li1,7.8200,35.3600,1.799979
FILLER_0_8_123,VPWR,li1,62.5600,35.3600,1.799993
FILLER_0_8_115,VPWR,li1,60.2600,35.3600,1.799993
FILLER_0_8_106,VPWR,li1,54.5100,35.3600,1.799989
FILLER_0_8_97,VPWR,li1,51.5200,35.3600,1.799987
FILLER_0_8_85,VPWR,li1,47.3800,35.3600,1.799984
FILLER_0_8_83,VPWR,li1,43.9300,35.3600,1.799981
FILLER_0_8_79,VPWR,li1,42.7800,35.3600,1.799981
FILLER_0_8_67,VPWR,li1,37.2600,35.3600,1.799978
FILLER_0_8_55,VPWR,li1,33.5800,35.3600,1.799971
FILLER_0_8_43,VPWR,li1,28.0600,35.3600,1.799950
FILLER_0_8_35,VPWR,li1,22.0800,35.3600,1.799957
FILLER_0_8_24,VPWR,li1,17.4800,35.3600,1.799963
FILLER_0_8_19,VPWR,li1,14.7200,35.3600,1.799967
FILLER_0_8_7,VPWR,li1,8.9700,35.3600,1.799979
FILLER_0_8_3,VPWR,li1,7.8200,35.3600,1.799979
FILLER_0_7_113,VPWR,li1,60.2600,29.9200,1.799992
FILLER_0_7_108,VPWR,li1,56.1200,29.9200,1.799988
FILLER_0_7_96,VPWR,li1,52.4400,29.9200,1.799985
FILLER_0_7_63,VPWR,li1,34.7300,29.9200,1.799986
FILLER_0_7_57,VPWR,li1,33.1200,29.9200,1.799985
FILLER_0_7_55,VPWR,li1,31.0500,29.9200,1.799984
FILLER_0_7_49,VPWR,li1,29.4400,29.9200,1.799984
FILLER_0_7_22,VPWR,li1,15.8700,29.9200,1.799988
FILLER_0_7_16,VPWR,li1,13.1100,29.9200,1.799990
FILLER_0_7_10,VPWR,li1,11.5000,29.9200,1.799992
FILLER_0_7_3,VPWR,li1,7.1300,29.9200,1.799992
FILLER_0_6_123,VPWR,li1,62.5600,29.9200,1.799992
FILLER_0_6_115,VPWR,li1,60.2600,29.9200,1.799992
FILLER_0_6_106,VPWR,li1,55.6600,29.9200,1.799988
FILLER_0_6_83,VPWR,li1,43.9300,29.9200,1.799981
FILLER_0_6_57,VPWR,li1,33.1200,29.9200,1.799985
FILLER_0_6_35,VPWR,li1,21.8500,29.9200,1.799984
FILLER_0_6_29,VPWR,li1,20.2400,29.9200,1.799984
FILLER_0_6_26,VPWR,li1,17.9400,29.9200,1.799986
FILLER_0_6_18,VPWR,li1,15.6400,29.9200,1.799988
FILLER_0_6_6,VPWR,li1,11.0400,29.9200,1.799992
FILLER_0_5_121,VPWR,li1,61.4100,24.4800,1.799997
FILLER_0_5_113,VPWR,li1,59.3400,24.4800,1.799997
FILLER_0_5_111,VPWR,li1,56.8100,24.4800,1.799996
FILLER_0_5_105,VPWR,li1,55.2000,24.4800,1.799995
FILLER_0_5_93,VPWR,li1,51.0600,24.4800,1.799995
FILLER_0_5_81,VPWR,li1,45.5400,24.4800,1.799993
FILLER_0_5_69,VPWR,li1,40.0200,24.4800,1.799991
FILLER_0_5_63,VPWR,li1,34.7300,24.4800,1.799992
FILLER_0_5_57,VPWR,li1,33.1200,24.4800,1.799992
FILLER_0_5_53,VPWR,li1,30.5900,24.4800,1.799991
FILLER_0_5_23,VPWR,li1,16.7900,24.4800,1.799991
FILLER_0_4_123,VPWR,li1,62.5600,24.4800,1.799997
FILLER_0_4_106,VPWR,li1,56.1200,24.4800,1.799996
FILLER_0_4_102,VPWR,li1,52.6700,24.4800,1.799995
FILLER_0_4_93,VPWR,li1,48.9900,24.4800,1.799994
FILLER_0_4_85,VPWR,li1,46.4600,24.4800,1.799993
FILLER_0_4_61,VPWR,li1,34.2700,24.4800,1.799992
FILLER_0_4_41,VPWR,li1,27.1400,24.4800,1.799990
FILLER_0_4_29,VPWR,li1,21.6200,24.4800,1.799990
FILLER_0_4_16,VPWR,li1,15.6400,24.4800,1.799991
FILLER_0_4_11,VPWR,li1,11.0400,24.4800,1.799992
FILLER_0_4_3,VPWR,li1,8.7400,24.4800,1.799992
FILLER_0_3_121,VPWR,li1,61.4100,19.0400,1.799996
FILLER_0_3_113,VPWR,li1,59.3400,19.0400,1.799996
FILLER_0_3_111,VPWR,li1,56.8100,19.0400,1.799995
FILLER_0_3_99,VPWR,li1,53.8200,19.0400,1.799994
FILLER_0_3_87,VPWR,li1,48.3000,19.0400,1.799995
FILLER_0_3_68,VPWR,li1,39.5600,19.0400,1.799997
FILLER_0_3_57,VPWR,li1,32.6600,19.0400,1.799998
FILLER_0_3_48,VPWR,li1,29.4400,19.0400,1.799999
FILLER_0_3_34,VPWR,li1,23.0000,19.0400,1.799999
FILLER_0_3_24,VPWR,li1,17.2500,19.0400,1.799999
FILLER_0_3_12,VPWR,li1,13.8000,19.0400,1.799999
FILLER_0_3_3,VPWR,li1,8.2800,19.0400,1.799999
FILLER_0_2_119,VPWR,li1,61.6400,19.0400,1.799996
FILLER_0_2_97,VPWR,li1,50.3700,19.0400,1.799995
FILLER_0_2_91,VPWR,li1,48.7600,19.0400,1.799995
FILLER_0_2_85,VPWR,li1,45.3100,19.0400,1.799996
FILLER_0_2_81,VPWR,li1,43.4700,19.0400,1.799996
FILLER_0_2_69,VPWR,li1,40.0200,19.0400,1.799997
FILLER_0_2_62,VPWR,li1,34.9600,19.0400,1.799998
FILLER_0_2_53,VPWR,li1,30.3600,19.0400,1.799999
FILLER_0_2_44,VPWR,li1,25.9900,19.0400,1.799999
FILLER_0_2_40,VPWR,li1,24.8400,19.0400,1.799999
FILLER_0_2_29,VPWR,li1,20.2400,19.0400,1.799999
FILLER_0_2_27,VPWR,li1,18.1700,19.0400,1.799999
FILLER_0_2_15,VPWR,li1,15.1800,19.0400,1.799999
FILLER_0_2_7,VPWR,li1,8.9700,19.0400,1.799999
FILLER_0_2_3,VPWR,li1,7.8200,19.0400,1.799999
FILLER_0_1_113,VPWR,li1,60.2600,13.6000,1.799999
FILLER_0_1_108,VPWR,li1,56.1200,13.6000,1.799999
FILLER_0_1_96,VPWR,li1,52.4400,13.6000,1.799999
FILLER_0_1_84,VPWR,li1,44.6200,13.6000,1.799999
FILLER_0_1_72,VPWR,li1,41.4000,13.6000,1.799999
FILLER_0_1_66,VPWR,li1,36.5700,13.6000,1.799998
FILLER_0_1_57,VPWR,li1,33.1200,13.6000,1.799997
FILLER_0_1_54,VPWR,li1,30.8200,13.6000,1.799997
FILLER_0_1_46,VPWR,li1,28.5200,13.6000,1.799996
FILLER_0_1_38,VPWR,li1,23.2300,13.6000,1.799995
FILLER_0_1_9,VPWR,li1,10.3500,13.6000,1.799996
FILLER_0_0_124,VPWR,li1,62.7900,13.6000,1.799999
FILLER_0_0_100,VPWR,li1,54.2800,13.6000,1.799999
FILLER_0_0_88,VPWR,li1,48.7600,13.6000,1.799999
FILLER_0_0_80,VPWR,li1,43.2400,13.6000,1.799999
FILLER_0_0_69,VPWR,li1,39.1000,13.6000,1.799998
FILLER_0_0_57,VPWR,li1,34.5000,13.6000,1.799998
FILLER_0_0_48,VPWR,li1,29.4400,13.6000,1.799997
FILLER_0_0_41,VPWR,li1,25.3000,13.6000,1.799996
FILLER_0_0_29,VPWR,li1,21.6200,13.6000,1.799995
FILLER_0_0_22,VPWR,li1,17.0200,13.6000,1.799994
FILLER_0_0_10,VPWR,li1,12.8800,13.6000,1.799995
FILLER_0_0_3,VPWR,li1,7.8200,13.6000,1.799996
ANTENNA_1,VPWR,li1,52.4400,62.5600,1.799992
clkload2,VPWR,li1,24.8400,73.4400,1.799944
clkload1,VPWR,li1,39.5600,40.8000,1.799991
clkload0,VPWR,li1,23.9200,35.3600,1.799952
clkbuf_2_3__f_CLK100MHZ,VPWR,li1,44.1600,73.4400,1.799943
clkbuf_2_2__f_CLK100MHZ,VPWR,li1,28.0600,73.4400,1.799940
clkbuf_2_1__f_CLK100MHZ,VPWR,li1,42.7800,35.3600,1.799981
clkbuf_2_0__f_CLK100MHZ,VPWR,li1,26.6800,35.3600,1.799950
clkbuf_0_CLK100MHZ,VPWR,li1,35.4200,57.1200,1.799970
ZeroToFiveCounter_8,VPWR,li1,61.8700,13.6000,1.799999
output7,VPWR,li1,60.4900,13.6000,1.799999
output6,VPWR,li1,62.3300,24.4800,1.799997
output5,VPWR,li1,62.3300,40.8000,1.799995
output4,VPWR,li1,62.3300,57.1200,1.799991
output3,VPWR,li1,62.3300,73.4400,1.799978
output2,VPWR,li1,62.3300,84.3200,1.799995
output1,VPWR,li1,62.3300,95.2000,1.799999
ZeroToFiveCounter_9,VPWR,li1,45.3100,13.6000,1.799999
ZeroToFiveCounter_11,VPWR,li1,9.4300,13.6000,1.799996
ZeroToFiveCounter_10,VPWR,li1,26.9100,13.6000,1.799996
TAP_TAPCELL_ROW_31_131,VPWR,li1,57.2700,95.5060,1.799999
TAP_TAPCELL_ROW_31_130,VPWR,li1,44.3900,95.5060,1.799998
TAP_TAPCELL_ROW_31_129,VPWR,li1,31.5100,95.5060,1.799995
TAP_TAPCELL_ROW_31_128,VPWR,li1,18.6300,95.5060,1.799996
TAP_TAPCELL_ROW_30_127,VPWR,li1,44.3900,94.8930,1.799998
TAP_TAPCELL_ROW_30_126,VPWR,li1,18.6300,94.8930,1.799996
TAP_TAPCELL_ROW_29_125,VPWR,li1,57.2700,90.0660,1.799994
TAP_TAPCELL_ROW_29_124,VPWR,li1,31.5100,90.0660,1.799994
TAP_TAPCELL_ROW_28_123,VPWR,li1,44.3900,89.4530,1.799994
TAP_TAPCELL_ROW_28_122,VPWR,li1,18.6300,89.4530,1.799996
TAP_TAPCELL_ROW_27_121,VPWR,li1,57.2700,84.6260,1.799993
TAP_TAPCELL_ROW_27_120,VPWR,li1,31.5100,84.6260,1.799995
TAP_TAPCELL_ROW_26_119,VPWR,li1,44.3900,84.0130,1.799994
TAP_TAPCELL_ROW_26_118,VPWR,li1,18.6300,84.0130,1.799997
TAP_TAPCELL_ROW_25_117,VPWR,li1,57.2700,79.1860,1.799992
TAP_TAPCELL_ROW_25_116,VPWR,li1,31.5100,79.1860,1.799992
TAP_TAPCELL_ROW_24_115,VPWR,li1,44.3900,78.5730,1.799988
TAP_TAPCELL_ROW_24_114,VPWR,li1,18.6300,78.5730,1.799995
TAP_TAPCELL_ROW_23_113,VPWR,li1,57.2700,73.7460,1.799972
TAP_TAPCELL_ROW_23_112,VPWR,li1,31.5100,73.7460,1.799948
TAP_TAPCELL_ROW_22_111,VPWR,li1,44.3900,73.1330,1.799943
TAP_TAPCELL_ROW_22_110,VPWR,li1,18.6300,73.1330,1.799961
TAP_TAPCELL_ROW_21_109,VPWR,li1,57.2700,68.3060,1.799999
TAP_TAPCELL_ROW_21_108,VPWR,li1,31.5100,68.3060,1.799996
TAP_TAPCELL_ROW_20_107,VPWR,li1,44.3900,67.6930,1.799998
TAP_TAPCELL_ROW_20_106,VPWR,li1,18.6300,67.6930,1.799995
TAP_TAPCELL_ROW_19_105,VPWR,li1,57.2700,62.8660,1.799992
TAP_TAPCELL_ROW_19_104,VPWR,li1,31.5100,62.8660,1.799990
TAP_TAPCELL_ROW_18_103,VPWR,li1,44.3900,62.2530,1.799992
TAP_TAPCELL_ROW_18_102,VPWR,li1,18.6300,62.2530,1.799992
TAP_TAPCELL_ROW_17_101,VPWR,li1,57.2700,57.4260,1.799989
TAP_TAPCELL_ROW_17_100,VPWR,li1,31.5100,57.4260,1.799973
TAP_TAPCELL_ROW_16_99,VPWR,li1,44.3900,56.8130,1.799978
TAP_TAPCELL_ROW_16_98,VPWR,li1,18.6300,56.8130,1.799982
TAP_TAPCELL_ROW_15_97,VPWR,li1,57.2700,51.9860,1.799997
TAP_TAPCELL_ROW_15_96,VPWR,li1,31.5100,51.9860,1.799993
TAP_TAPCELL_ROW_14_95,VPWR,li1,44.3900,51.3730,1.799995
TAP_TAPCELL_ROW_14_94,VPWR,li1,18.6300,51.3730,1.799993
TAP_TAPCELL_ROW_13_93,VPWR,li1,57.2700,46.5460,1.799997
TAP_TAPCELL_ROW_13_92,VPWR,li1,31.5100,46.5460,1.799997
TAP_TAPCELL_ROW_12_91,VPWR,li1,44.3900,45.9330,1.799995
TAP_TAPCELL_ROW_12_90,VPWR,li1,18.6300,45.9330,1.799998
TAP_TAPCELL_ROW_11_89,VPWR,li1,57.2700,41.1060,1.799994
TAP_TAPCELL_ROW_11_88,VPWR,li1,31.5100,41.1060,1.799995
TAP_TAPCELL_ROW_10_87,VPWR,li1,44.3900,40.4930,1.799991
TAP_TAPCELL_ROW_10_86,VPWR,li1,18.6300,40.4930,1.799997
TAP_TAPCELL_ROW_9_85,VPWR,li1,57.2700,35.6660,1.799991
TAP_TAPCELL_ROW_9_84,VPWR,li1,31.5100,35.6660,1.799964
TAP_TAPCELL_ROW_8_83,VPWR,li1,44.3900,35.0530,1.799981
TAP_TAPCELL_ROW_8_82,VPWR,li1,18.6300,35.0530,1.799960
TAP_TAPCELL_ROW_7_81,VPWR,li1,57.2700,30.2260,1.799988
TAP_TAPCELL_ROW_7_80,VPWR,li1,31.5100,30.2260,1.799985
TAP_TAPCELL_ROW_6_79,VPWR,li1,44.3900,29.6130,1.799981
TAP_TAPCELL_ROW_6_78,VPWR,li1,18.6300,29.6130,1.799986
TAP_TAPCELL_ROW_5_77,VPWR,li1,57.2700,24.7860,1.799996
TAP_TAPCELL_ROW_5_76,VPWR,li1,31.5100,24.7860,1.799991
TAP_TAPCELL_ROW_4_75,VPWR,li1,44.3900,24.1730,1.799993
TAP_TAPCELL_ROW_4_74,VPWR,li1,18.6300,24.1730,1.799990
TAP_TAPCELL_ROW_3_73,VPWR,li1,57.2700,19.3460,1.799995
TAP_TAPCELL_ROW_3_72,VPWR,li1,31.5100,19.3460,1.799998
TAP_TAPCELL_ROW_2_71,VPWR,li1,44.3900,18.7330,1.799996
TAP_TAPCELL_ROW_2_70,VPWR,li1,18.6300,18.7330,1.799999
TAP_TAPCELL_ROW_1_69,VPWR,li1,57.2700,13.9060,1.799999
TAP_TAPCELL_ROW_1_68,VPWR,li1,31.5100,13.9060,1.799997
TAP_TAPCELL_ROW_0_67,VPWR,li1,57.2700,13.2930,1.799999
TAP_TAPCELL_ROW_0_66,VPWR,li1,44.3900,13.2930,1.799999
TAP_TAPCELL_ROW_0_65,VPWR,li1,31.5100,13.2930,1.799997
TAP_TAPCELL_ROW_0_64,VPWR,li1,18.6300,13.2930,1.799995
PHY_EDGE_ROW_31_Left_63,VPWR,li1,6.2100,95.2000,1.799998
PHY_EDGE_ROW_30_Left_62,VPWR,li1,6.2100,95.2000,1.799998
PHY_EDGE_ROW_29_Left_61,VPWR,li1,6.2100,89.7600,1.799997
PHY_EDGE_ROW_28_Left_60,VPWR,li1,6.2100,89.7600,1.799997
PHY_EDGE_ROW_27_Left_59,VPWR,li1,6.2100,84.3200,1.799998
PHY_EDGE_ROW_26_Left_58,VPWR,li1,6.2100,84.3200,1.799998
PHY_EDGE_ROW_25_Left_57,VPWR,li1,6.2100,78.8800,1.799997
PHY_EDGE_ROW_24_Left_56,VPWR,li1,6.2100,78.8800,1.799997
PHY_EDGE_ROW_23_Left_55,VPWR,li1,6.2100,73.4400,1.799978
PHY_EDGE_ROW_22_Left_54,VPWR,li1,6.2100,73.4400,1.799978
PHY_EDGE_ROW_21_Left_53,VPWR,li1,6.2100,68.0000,1.799997
PHY_EDGE_ROW_20_Left_52,VPWR,li1,6.2100,68.0000,1.799997
PHY_EDGE_ROW_19_Left_51,VPWR,li1,6.2100,62.5600,1.799996
PHY_EDGE_ROW_18_Left_50,VPWR,li1,6.2100,62.5600,1.799996
PHY_EDGE_ROW_17_Left_49,VPWR,li1,6.2100,57.1200,1.799987
PHY_EDGE_ROW_16_Left_48,VPWR,li1,6.2100,57.1200,1.799987
PHY_EDGE_ROW_15_Left_47,VPWR,li1,6.2100,51.6800,1.799996
PHY_EDGE_ROW_14_Left_46,VPWR,li1,6.2100,51.6800,1.799996
PHY_EDGE_ROW_13_Left_45,VPWR,li1,6.2100,46.2400,1.799999
PHY_EDGE_ROW_12_Left_44,VPWR,li1,6.2100,46.2400,1.799999
PHY_EDGE_ROW_11_Left_43,VPWR,li1,6.2100,40.8000,1.799998
PHY_EDGE_ROW_10_Left_42,VPWR,li1,6.2100,40.8000,1.799998
PHY_EDGE_ROW_9_Left_41,VPWR,li1,6.2100,35.3600,1.799979
PHY_EDGE_ROW_8_Left_40,VPWR,li1,6.2100,35.3600,1.799979
PHY_EDGE_ROW_7_Left_39,VPWR,li1,6.2100,29.9200,1.799992
PHY_EDGE_ROW_6_Left_38,VPWR,li1,6.2100,29.9200,1.799992
PHY_EDGE_ROW_5_Left_37,VPWR,li1,6.2100,24.4800,1.799992
PHY_EDGE_ROW_4_Left_36,VPWR,li1,6.2100,24.4800,1.799992
PHY_EDGE_ROW_3_Left_35,VPWR,li1,6.2100,19.0400,1.799999
PHY_EDGE_ROW_2_Left_34,VPWR,li1,6.2100,19.0400,1.799999
PHY_EDGE_ROW_1_Left_33,VPWR,li1,6.2100,13.6000,1.799996
PHY_EDGE_ROW_0_Left_32,VPWR,li1,6.2100,13.6000,1.799996
PHY_EDGE_ROW_31_Right_31,VPWR,li1,63.7100,95.2000,1.799999
PHY_EDGE_ROW_30_Right_30,VPWR,li1,63.7100,95.2000,1.799999
PHY_EDGE_ROW_29_Right_29,VPWR,li1,63.7100,89.7600,1.799995
PHY_EDGE_ROW_28_Right_28,VPWR,li1,63.7100,89.7600,1.799995
PHY_EDGE_ROW_27_Right_27,VPWR,li1,63.7100,84.3200,1.799995
PHY_EDGE_ROW_26_Right_26,VPWR,li1,63.7100,84.3200,1.799995
PHY_EDGE_ROW_25_Right_25,VPWR,li1,63.7100,78.8800,1.799993
PHY_EDGE_ROW_24_Right_24,VPWR,li1,63.7100,78.8800,1.799993
PHY_EDGE_ROW_23_Right_23,VPWR,li1,63.7100,73.4400,1.799978
PHY_EDGE_ROW_22_Right_22,VPWR,li1,63.7100,73.4400,1.799978
PHY_EDGE_ROW_21_Right_21,VPWR,li1,63.7100,68.0000,1.799999
PHY_EDGE_ROW_20_Right_20,VPWR,li1,63.7100,68.0000,1.799999
PHY_EDGE_ROW_19_Right_19,VPWR,li1,63.7100,62.5600,1.799994
PHY_EDGE_ROW_18_Right_18,VPWR,li1,63.7100,62.5600,1.799994
PHY_EDGE_ROW_17_Right_17,VPWR,li1,63.7100,57.1200,1.799991
PHY_EDGE_ROW_16_Right_16,VPWR,li1,63.7100,57.1200,1.799991
PHY_EDGE_ROW_15_Right_15,VPWR,li1,63.7100,51.6800,1.799998
PHY_EDGE_ROW_14_Right_14,VPWR,li1,63.7100,51.6800,1.799998
PHY_EDGE_ROW_13_Right_13,VPWR,li1,63.7100,46.2400,1.799998
PHY_EDGE_ROW_12_Right_12,VPWR,li1,63.7100,46.2400,1.799998
PHY_EDGE_ROW_11_Right_11,VPWR,li1,63.7100,40.8000,1.799995
PHY_EDGE_ROW_10_Right_10,VPWR,li1,63.7100,40.8000,1.799995
PHY_EDGE_ROW_9_Right_9,VPWR,li1,63.7100,35.3600,1.799993
PHY_EDGE_ROW_8_Right_8,VPWR,li1,63.7100,35.3600,1.799993
PHY_EDGE_ROW_7_Right_7,VPWR,li1,63.7100,29.9200,1.799992
PHY_EDGE_ROW_6_Right_6,VPWR,li1,63.7100,29.9200,1.799992
PHY_EDGE_ROW_5_Right_5,VPWR,li1,63.7100,24.4800,1.799997
PHY_EDGE_ROW_4_Right_4,VPWR,li1,63.7100,24.4800,1.799997
PHY_EDGE_ROW_3_Right_3,VPWR,li1,63.7100,19.0400,1.799996
PHY_EDGE_ROW_2_Right_2,VPWR,li1,63.7100,19.0400,1.799996
PHY_EDGE_ROW_1_Right_1,VPWR,li1,63.7100,13.6000,1.799999
PHY_EDGE_ROW_0_Right_0,VPWR,li1,63.7100,13.6000,1.799999
_279_,VPWR,li1,10.3500,78.8800,1.799997
_274_,VPWR,li1,52.2100,78.8800,1.799988
_273_,VPWR,li1,42.7800,78.8800,1.799988
_272_,VPWR,li1,43.7000,29.9200,1.799981
_271_,VPWR,li1,11.5000,24.4800,1.799992
_270_,VPWR,li1,22.0800,51.6800,1.799991
_269_,VPWR,li1,17.0200,73.4400,1.799961
_268_,VPWR,li1,49.4500,29.9200,1.799982
_267_,VPWR,li1,34.5000,84.3200,1.799995
_266_,VPWR,li1,26.9100,29.9200,1.799983
_265_,VPWR,li1,39.5600,24.4800,1.799991
_264_,VPWR,li1,16.5600,35.3600,1.799963
_263_,VPWR,li1,24.3800,68.0000,1.799994
_262_,VPWR,li1,28.2900,95.2000,1.799994
_261_,VPWR,li1,58.4200,62.5600,1.799992
_260_,VPWR,li1,39.1000,29.9200,1.799983
_259_,VPWR,li1,52.2100,40.8000,1.799990
_258_,VPWR,li1,54.9700,89.7600,1.799993
_257_,VPWR,li1,36.3400,78.8800,1.799991
_256_,VPWR,li1,16.3300,13.6000,1.799994
_255_,VPWR,li1,25.0700,24.4800,1.799989
_254_,VPWR,li1,55.4300,19.0400,1.799994
_253_,VPWR,li1,36.3400,51.6800,1.799993
_252_,VPWR,li1,27.8300,89.7600,1.799993
_251_,VPWR,li1,26.4500,62.5600,1.799988
_250_,VPWR,li1,11.7300,57.1200,1.799987
_249_,VPWR,li1,56.3500,84.3200,1.799993
_248_,VPWR,li1,21.3900,29.9200,1.799984
_247_,VPWR,li1,29.2100,62.5600,1.799988
_246_,VPWR,li1,43.0100,46.2400,1.799994
_245_,VPWR,li1,16.7900,84.3200,1.799997
_244_,VPWR,li1,53.5900,35.3600,1.799989
_243_,VPWR,li1,35.6500,29.9200,1.799986
_242_,VPWR,li1,48.9900,13.6000,1.799999
_241_,VPWR,li1,53.1300,57.1200,1.799985
_240_,VPWR,li1,58.6500,24.4800,1.799997
_239_,VPWR,li1,62.3300,19.0400,1.799996
_238_,VPWR,li1,36.1100,78.8800,1.799991
_237_,VPWR,li1,49.4500,84.3200,1.799993
_236_,VPWR,li1,50.3700,95.2000,1.799998
_235_,VPWR,li1,48.9900,29.9200,1.799982
_234_,VPWR,li1,11.2700,35.3600,1.799974
_233_,VPWR,li1,59.5700,57.1200,1.799991
_232_,VPWR,li1,60.4900,84.3200,1.799995
_231_,VPWR,li1,23.6900,78.8800,1.799994
_230_,VPWR,li1,53.5900,24.4800,1.799995
_229_,VPWR,li1,14.9500,73.4400,1.799970
_228_,VPWR,li1,56.3500,57.1200,1.799987
_227_,VPWR,li1,37.9500,13.6000,1.799998
_226_,VPWR,li1,53.3600,51.6800,1.799997
_225_,VPWR,li1,42.0900,57.1200,1.799976
_224_,VPWR,li1,34.7300,57.1200,1.799970
_223_,VPWR,li1,21.3900,62.5600,1.799990
_222_,VPWR,li1,15.8700,35.3600,1.799967
_221_,VPWR,li1,33.8100,35.3600,1.799971
_220_,VPWR,li1,35.1900,13.6000,1.799998
_219_,VPWR,li1,45.3100,73.4400,1.799943
_218_,VPWR,li1,37.4900,78.8800,1.799990
_217_,VPWR,li1,7.5900,57.1200,1.799987
_216_,VPWR,li1,38.8700,57.1200,1.799973
_215_,VPWR,li1,49.6800,35.3600,1.799986
_214_,VPWR,li1,58.8800,62.5600,1.799992
_213_,VPWR,li1,23.9200,51.6800,1.799992
_212_,VPWR,li1,11.7300,89.7600,1.799997
_211_,VPWR,li1,43.9300,19.0400,1.799996
_210_,VPWR,li1,37.0300,46.2400,1.799996
_209_,VPWR,li1,42.0900,78.8800,1.799988
_208_,VPWR,li1,44.1600,51.6800,1.799995
_207_,VPWR,li1,25.0700,13.6000,1.799996
_206_,VPWR,li1,51.7500,78.8800,1.799988
_205_,VPWR,li1,58.4200,84.3200,1.799994
_204_,VPWR,li1,31.7400,24.4800,1.799991
_203_,VPWR,li1,17.2500,62.5600,1.799992
_202_,VPWR,li1,59.3400,46.2400,1.799998
_201_,VPWR,li1,32.4300,19.0400,1.799998
_200_,VPWR,li1,41.6300,89.7600,1.799994
_199_,VPWR,li1,24.6100,68.0000,1.799994
_198_,VPWR,li1,22.3100,13.6000,1.799995
_197_,VPWR,li1,60.7200,24.4800,1.799997
_196_,VPWR,li1,28.7500,73.4400,1.799940
_195_,VPWR,li1,20.7000,62.5600,1.799991
_194_,VPWR,li1,37.7200,29.9200,1.799983
_193_,VPWR,li1,10.8100,19.0400,1.799999
_192_,VPWR,li1,36.1100,84.3200,1.799995
_191_,VPWR,li1,35.1900,19.0400,1.799998
_190_,VPWR,li1,41.6300,13.6000,1.799999
_189_,VPWR,li1,26.2200,19.0400,1.799999
_188_,VPWR,li1,25.0700,89.7600,1.799994
_187_,VPWR,li1,29.6700,68.0000,1.799996
_186_,VPWR,li1,46.6900,19.0400,1.799996
_185_,VPWR,li1,11.0400,95.2000,1.799998
_184_,VPWR,li1,20.2400,51.6800,1.799993
_183_,VPWR,li1,28.0600,51.6800,1.799992
_182_,VPWR,li1,37.0300,89.7600,1.799995
_181_,VPWR,li1,61.8700,95.2000,1.799999
_180_,VPWR,li1,46.6900,13.6000,1.799999
_179_,VPWR,li1,10.3500,19.0400,1.799999
_178_,VPWR,li1,15.4100,40.8000,1.799998
_177_,VPWR,li1,11.5000,84.3200,1.799998
_176_,VPWR,li1,36.5700,19.0400,1.799998
_175_,VPWR,li1,19.5500,35.3600,1.799960
_174_,VPWR,li1,14.4900,29.9200,1.799990
_173_,VPWR,li1,11.7300,62.5600,1.799995
_172_,VPWR,li1,51.0600,24.4800,1.799995
_171_,VPWR,li1,59.1100,46.2400,1.799998
_170_,VPWR,li1,19.5500,19.0400,1.799999
_169_,VPWR,li1,27.3700,29.9200,1.799983
_168_,VPWR,li1,17.7100,57.1200,1.799982
_167_,VPWR,li1,13.5700,40.8000,1.799998
_166_,VPWR,li1,35.1900,73.4400,1.799959
_165_,VPWR,li1,14.0300,68.0000,1.799997
_164_,VPWR,li1,8.2800,13.6000,1.799996
_163_,VPWR,li1,7.5900,29.9200,1.799992
_162_,VPWR,li1,30.1300,51.6800,1.799993
_161_,VPWR,li1,20.9300,35.3600,1.799957
_160_,VPWR,li1,10.5800,57.1200,1.799987
_159_,VPWR,li1,48.5300,89.7600,1.799993
_158_,VPWR,li1,8.9700,62.5600,1.799996
_157_,VPWR,li1,29.2100,19.0400,1.799999
_156_,VPWR,li1,57.7300,29.9200,1.799990
_155_,VPWR,li1,58.6500,13.6000,1.799999
_154_,VPWR,li1,22.7700,89.7600,1.799994
_153_,VPWR,li1,10.3500,40.8000,1.799998
_152_,VPWR,li1,36.1100,24.4800,1.799993
_151_,VPWR,li1,48.3000,84.3200,1.799993
_150_,VPWR,li1,61.4100,46.2400,1.799998
_149_,VPWR,li1,56.5800,35.3600,1.799991
_148_,VPWR,li1,10.8100,68.0000,1.799997
_147_,VPWR,li1,39.1000,68.0000,1.799998
_146_,VPWR,li1,45.7700,84.3200,1.799994
_145_,VPWR,li1,12.1900,24.4800,1.799992
_144_,VPWR,li1,22.7700,19.0400,1.799999
_143_,VPWR,li1,9.6600,35.3600,1.799979
_142_,VPWR,li1,14.7200,62.5600,1.799994
_141_,VPWR,li1,26.4500,51.6800,1.799992
_140_,VPWR,li1,59.1100,78.8800,1.799993
_139_,VPWR,li1,56.8100,78.8800,1.799992
_138_,VPWR,li1,8.7400,29.9200,1.799992
_137_,VPWR,li1,20.9300,68.0000,1.799994
_136_,VPWR,li1,7.5900,40.8000,1.799998
_135_,VPWR,li1,52.4400,84.3200,1.799993
_134_,VPWR,li1,18.8600,24.4800,1.799990
_133_,VPWR,li1,20.0100,89.7600,1.799995
_132_,VPWR,li1,30.1300,51.6800,1.799993
_131_,VPWR,li1,10.1200,35.3600,1.799979
_130_,VPWR,li1,36.1100,35.3600,1.799976
_129_,VPWR,li1,16.3300,95.2000,1.799997
_128_,VPWR,li1,11.0400,62.5600,1.799995
_127_,VPWR,li1,12.6500,35.3600,1.799974
_126_,VPWR,li1,14.7200,84.3200,1.799998
_125_,VPWR,li1,25.9900,84.3200,1.799996
_124_,VPWR,li1,54.5100,73.4400,1.799966
_123_,VPWR,li1,60.2600,78.8800,1.799993
_122_,VPWR,li1,32.8900,57.1200,1.799971
_121_,VPWR,li1,40.0200,35.3600,1.799979
_120_,VPWR,li1,27.3700,19.0400,1.799999
