
===========================================================================
 report_power
============================================================================
======================= Fastest Corner ===================================

Group                  Internal  Switching    Leakage      Total
                          Power      Power      Power      Power (Watts)
----------------------------------------------------------------
Sequential             1.37e-04   0.00e+00   3.06e-08   1.37e-04  42.3%
Combinational          2.33e-06   1.07e-05   7.15e-10   1.31e-05   4.0%
Clock                  1.15e-04   5.93e-05   1.03e-09   1.74e-04  53.7%
Macro                  0.00e+00   0.00e+00   0.00e+00   0.00e+00   0.0%
Pad                    0.00e+00   0.00e+00   0.00e+00   0.00e+00   0.0%
----------------------------------------------------------------
Total                  2.54e-04   7.01e-05   3.23e-08   3.24e-04 100.0%
                          78.4%      21.6%       0.0%

======================= Slowest Corner ===================================

Group                  Internal  Switching    Leakage      Total
                          Power      Power      Power      Power (Watts)
----------------------------------------------------------------
Sequential             9.04e-05   0.00e+00   5.48e-07   9.10e-05  41.3%
Combinational          1.57e-06   7.11e-06   5.86e-07   9.27e-06   4.2%
Clock                  8.16e-05   3.86e-05   1.15e-07   1.20e-04  54.5%
Macro                  0.00e+00   0.00e+00   0.00e+00   0.00e+00   0.0%
Pad                    0.00e+00   0.00e+00   0.00e+00   0.00e+00   0.0%
----------------------------------------------------------------
Total                  1.74e-04   4.57e-05   1.25e-06   2.21e-04 100.0%
                          78.7%      20.7%       0.6%

======================= Typical Corner ===================================

Group                  Internal  Switching    Leakage      Total
                          Power      Power      Power      Power (Watts)
----------------------------------------------------------------
Sequential             1.18e-04   0.00e+00   3.04e-08   1.18e-04  42.2%
Combinational          1.92e-06   9.16e-06   5.25e-10   1.11e-05   4.0%
Clock                  1.00e-04   4.97e-05   7.39e-10   1.50e-04  53.8%
Macro                  0.00e+00   0.00e+00   0.00e+00   0.00e+00   0.0%
Pad                    0.00e+00   0.00e+00   0.00e+00   0.00e+00   0.0%
----------------------------------------------------------------
Total                  2.20e-04   5.88e-05   3.16e-08   2.78e-04 100.0%
                          78.9%      21.1%       0.0%

