
===========================================================================
report_checks -path_delay min (Hold)
============================================================================
======================= Fastest Corner ===================================

Startpoint: in1[6] (input port clocked by __VIRTUAL_CLK__)
Endpoint: out[6] (output port clocked by __VIRTUAL_CLK__)
Path Group: __VIRTUAL_CLK__
Path Type: min
Corner: Fastest

Fanout     Cap    Slew   Delay    Time   Description
-----------------------------------------------------------------------------
                  0.00    0.00    0.00   clock __VIRTUAL_CLK__ (rise edge)
                          0.00    0.00   clock network delay (ideal)
                          2.00    2.00 ^ input external delay
     1    0.00    0.01    0.01    2.01 ^ in1[6] (in)
                                         in1[6] (net)
                  0.01    0.00    2.01 ^ input7/A (sky130_fd_sc_hd__buf_2)
     5    0.05    0.17    0.15    2.16 ^ input7/X (sky130_fd_sc_hd__buf_2)
                                         net7 (net)
                  0.17    0.00    2.16 ^ _289_/A1 (sky130_fd_sc_hd__o211ai_2)
     1    0.02    0.07    0.09    2.25 v _289_/Y (sky130_fd_sc_hd__o211ai_2)
                                         _046_ (net)
                  0.07    0.00    2.25 v _290_/B1 (sky130_fd_sc_hd__a31o_1)
     1    0.01    0.04    0.10    2.35 v _290_/X (sky130_fd_sc_hd__a31o_1)
                                         _047_ (net)
                  0.04    0.00    2.35 v _291_/B1 (sky130_fd_sc_hd__a21o_1)
     1    0.01    0.03    0.08    2.43 v _291_/X (sky130_fd_sc_hd__a21o_1)
                                         net26 (net)
                  0.03    0.00    2.43 v output26/A (sky130_fd_sc_hd__buf_2)
     1    0.03    0.06    0.11    2.54 v output26/X (sky130_fd_sc_hd__buf_2)
                                         out[6] (net)
                  0.06    0.00    2.54 v out[6] (out)
                                  2.54   data arrival time

                  0.00    0.00    0.00   clock __VIRTUAL_CLK__ (rise edge)
                          0.00    0.00   clock network delay (ideal)
                          0.25    0.25   clock uncertainty
                          0.00    0.25   clock reconvergence pessimism
                         -2.00   -1.75   output external delay
                                 -1.75   data required time
-----------------------------------------------------------------------------
                                 -1.75   data required time
                                 -2.54   data arrival time
-----------------------------------------------------------------------------
                                  4.29   slack (MET)


Startpoint: in1[5] (input port clocked by __VIRTUAL_CLK__)
Endpoint: out[5] (output port clocked by __VIRTUAL_CLK__)
Path Group: __VIRTUAL_CLK__
Path Type: min
Corner: Fastest

Fanout     Cap    Slew   Delay    Time   Description
-----------------------------------------------------------------------------
                  0.00    0.00    0.00   clock __VIRTUAL_CLK__ (rise edge)
                          0.00    0.00   clock network delay (ideal)
                          2.00    2.00 ^ input external delay
     1    0.00    0.01    0.01    2.01 ^ in1[5] (in)
                                         in1[5] (net)
                  0.01    0.00    2.01 ^ input6/A (sky130_fd_sc_hd__buf_2)
     6    0.05    0.17    0.15    2.16 ^ input6/X (sky130_fd_sc_hd__buf_2)
                                         net6 (net)
                  0.17    0.00    2.16 ^ _233_/A2 (sky130_fd_sc_hd__a311o_1)
     1    0.01    0.10    0.15    2.31 ^ _233_/X (sky130_fd_sc_hd__a311o_1)
                                         _161_ (net)
                  0.10    0.00    2.31 ^ _267_/B1 (sky130_fd_sc_hd__a211o_1)
     1    0.01    0.09    0.11    2.42 ^ _267_/X (sky130_fd_sc_hd__a211o_1)
                                         net25 (net)
                  0.09    0.00    2.42 ^ output25/A (sky130_fd_sc_hd__buf_2)
     1    0.03    0.13    0.14    2.56 ^ output25/X (sky130_fd_sc_hd__buf_2)
                                         out[5] (net)
                  0.13    0.00    2.56 ^ out[5] (out)
                                  2.56   data arrival time

                  0.00    0.00    0.00   clock __VIRTUAL_CLK__ (rise edge)
                          0.00    0.00   clock network delay (ideal)
                          0.25    0.25   clock uncertainty
                          0.00    0.25   clock reconvergence pessimism
                         -2.00   -1.75   output external delay
                                 -1.75   data required time
-----------------------------------------------------------------------------
                                 -1.75   data required time
                                 -2.56   data arrival time
-----------------------------------------------------------------------------
                                  4.31   slack (MET)


Startpoint: in2[4] (input port clocked by __VIRTUAL_CLK__)
Endpoint: out[4] (output port clocked by __VIRTUAL_CLK__)
Path Group: __VIRTUAL_CLK__
Path Type: min
Corner: Fastest

Fanout     Cap    Slew   Delay    Time   Description
-----------------------------------------------------------------------------
                  0.00    0.00    0.00   clock __VIRTUAL_CLK__ (rise edge)
                          0.00    0.00   clock network delay (ideal)
                          2.00    2.00 ^ input external delay
     1    0.00    0.01    0.01    2.01 ^ in2[4] (in)
                                         in2[4] (net)
                  0.01    0.00    2.01 ^ input13/A (sky130_fd_sc_hd__clkbuf_4)
     6    0.06    0.14    0.15    2.16 ^ input13/X (sky130_fd_sc_hd__clkbuf_4)
                                         net13 (net)
                  0.14    0.00    2.16 ^ _341_/A1 (sky130_fd_sc_hd__a31o_1)
     1    0.01    0.10    0.14    2.29 ^ _341_/X (sky130_fd_sc_hd__a31o_1)
                                         _092_ (net)
                  0.10    0.00    2.30 ^ _346_/B (sky130_fd_sc_hd__or3_1)
     1    0.01    0.06    0.09    2.39 ^ _346_/X (sky130_fd_sc_hd__or3_1)
                                         _097_ (net)
                  0.06    0.00    2.39 ^ _347_/A (sky130_fd_sc_hd__clkbuf_1)
     1    0.00    0.04    0.06    2.45 ^ _347_/X (sky130_fd_sc_hd__clkbuf_1)
                                         net24 (net)
                  0.04    0.00    2.45 ^ output24/A (sky130_fd_sc_hd__buf_2)
     1    0.03    0.13    0.13    2.58 ^ output24/X (sky130_fd_sc_hd__buf_2)
                                         out[4] (net)
                  0.13    0.00    2.58 ^ out[4] (out)
                                  2.58   data arrival time

                  0.00    0.00    0.00   clock __VIRTUAL_CLK__ (rise edge)
                          0.00    0.00   clock network delay (ideal)
                          0.25    0.25   clock uncertainty
                          0.00    0.25   clock reconvergence pessimism
                         -2.00   -1.75   output external delay
                                 -1.75   data required time
-----------------------------------------------------------------------------
                                 -1.75   data required time
                                 -2.58   data arrival time
-----------------------------------------------------------------------------
                                  4.33   slack (MET)


Startpoint: in2[0] (input port clocked by __VIRTUAL_CLK__)
Endpoint: out[0] (output port clocked by __VIRTUAL_CLK__)
Path Group: __VIRTUAL_CLK__
Path Type: min
Corner: Fastest

Fanout     Cap    Slew   Delay    Time   Description
-----------------------------------------------------------------------------
                  0.00    0.00    0.00   clock __VIRTUAL_CLK__ (rise edge)
                          0.00    0.00   clock network delay (ideal)
                          2.00    2.00 v input external delay
     1    0.00    0.00    0.00    2.00 v in2[0] (in)
                                         in2[0] (net)
                  0.00    0.00    2.00 v input9/A (sky130_fd_sc_hd__clkbuf_2)
     4    0.04    0.10    0.12    2.12 v input9/X (sky130_fd_sc_hd__clkbuf_2)
                                         net9 (net)
                  0.10    0.00    2.12 v _184_/A (sky130_fd_sc_hd__buf_4)
    10    0.08    0.07    0.16    2.28 v _184_/X (sky130_fd_sc_hd__buf_4)
                                         _112_ (net)
                  0.07    0.00    2.28 v _307_/A1 (sky130_fd_sc_hd__a31o_1)
     1    0.03    0.09    0.18    2.46 v _307_/X (sky130_fd_sc_hd__a31o_1)
                                         net20 (net)
                  0.09    0.00    2.46 v output20/A (sky130_fd_sc_hd__buf_2)
     1    0.03    0.06    0.13    2.59 v output20/X (sky130_fd_sc_hd__buf_2)
                                         out[0] (net)
                  0.06    0.00    2.60 v out[0] (out)
                                  2.60   data arrival time

                  0.00    0.00    0.00   clock __VIRTUAL_CLK__ (rise edge)
                          0.00    0.00   clock network delay (ideal)
                          0.25    0.25   clock uncertainty
                          0.00    0.25   clock reconvergence pessimism
                         -2.00   -1.75   output external delay
                                 -1.75   data required time
-----------------------------------------------------------------------------
                                 -1.75   data required time
                                 -2.60   data arrival time
-----------------------------------------------------------------------------
                                  4.35   slack (MET)


Startpoint: op[2] (input port clocked by __VIRTUAL_CLK__)
Endpoint: out[7] (output port clocked by __VIRTUAL_CLK__)
Path Group: __VIRTUAL_CLK__
Path Type: min
Corner: Fastest

Fanout     Cap    Slew   Delay    Time   Description
-----------------------------------------------------------------------------
                  0.00    0.00    0.00   clock __VIRTUAL_CLK__ (rise edge)
                          0.00    0.00   clock network delay (ideal)
                          2.00    2.00 v input external delay
     1    0.00    0.00    0.00    2.00 v op[2] (in)
                                         op[2] (net)
                  0.00    0.00    2.00 v input19/A (sky130_fd_sc_hd__clkbuf_4)
     6    0.06    0.08    0.13    2.13 v input19/X (sky130_fd_sc_hd__clkbuf_4)
                                         net19 (net)
                  0.08    0.00    2.13 v _265_/A (sky130_fd_sc_hd__and3_2)
     7    0.05    0.09    0.19    2.32 v _265_/X (sky130_fd_sc_hd__and3_2)
                                         _023_ (net)
                  0.09    0.00    2.32 v _302_/A1 (sky130_fd_sc_hd__a31o_4)
     1    0.03    0.04    0.18    2.50 v _302_/X (sky130_fd_sc_hd__a31o_4)
                                         net27 (net)
                  0.04    0.00    2.51 v output27/A (sky130_fd_sc_hd__buf_6)
     1    0.03    0.03    0.09    2.60 v output27/X (sky130_fd_sc_hd__buf_6)
                                         out[7] (net)
                  0.03    0.00    2.60 v out[7] (out)
                                  2.60   data arrival time

                  0.00    0.00    0.00   clock __VIRTUAL_CLK__ (rise edge)
                          0.00    0.00   clock network delay (ideal)
                          0.25    0.25   clock uncertainty
                          0.00    0.25   clock reconvergence pessimism
                         -2.00   -1.75   output external delay
                                 -1.75   data required time
-----------------------------------------------------------------------------
                                 -1.75   data required time
                                 -2.60   data arrival time
-----------------------------------------------------------------------------
                                  4.35   slack (MET)


Startpoint: op[2] (input port clocked by __VIRTUAL_CLK__)
Endpoint: out[2] (output port clocked by __VIRTUAL_CLK__)
Path Group: __VIRTUAL_CLK__
Path Type: min
Corner: Fastest

Fanout     Cap    Slew   Delay    Time   Description
-----------------------------------------------------------------------------
                  0.00    0.00    0.00   clock __VIRTUAL_CLK__ (rise edge)
                          0.00    0.00   clock network delay (ideal)
                          2.00    2.00 v input external delay
     1    0.00    0.00    0.00    2.00 v op[2] (in)
                                         op[2] (net)
                  0.00    0.00    2.00 v input19/A (sky130_fd_sc_hd__clkbuf_4)
     6    0.06    0.08    0.13    2.13 v input19/X (sky130_fd_sc_hd__clkbuf_4)
                                         net19 (net)
                  0.08    0.00    2.13 v _265_/A (sky130_fd_sc_hd__and3_2)
     7    0.05    0.09    0.19    2.32 v _265_/X (sky130_fd_sc_hd__and3_2)
                                         _023_ (net)
                  0.09    0.00    2.32 v _326_/A2 (sky130_fd_sc_hd__a31o_1)
     1    0.01    0.05    0.18    2.50 v _326_/X (sky130_fd_sc_hd__a31o_1)
                                         net22 (net)
                  0.05    0.00    2.50 v output22/A (sky130_fd_sc_hd__buf_2)
     1    0.03    0.06    0.12    2.62 v output22/X (sky130_fd_sc_hd__buf_2)
                                         out[2] (net)
                  0.06    0.00    2.62 v out[2] (out)
                                  2.62   data arrival time

                  0.00    0.00    0.00   clock __VIRTUAL_CLK__ (rise edge)
                          0.00    0.00   clock network delay (ideal)
                          0.25    0.25   clock uncertainty
                          0.00    0.25   clock reconvergence pessimism
                         -2.00   -1.75   output external delay
                                 -1.75   data required time
-----------------------------------------------------------------------------
                                 -1.75   data required time
                                 -2.62   data arrival time
-----------------------------------------------------------------------------
                                  4.37   slack (MET)


Startpoint: op[2] (input port clocked by __VIRTUAL_CLK__)
Endpoint: out[3] (output port clocked by __VIRTUAL_CLK__)
Path Group: __VIRTUAL_CLK__
Path Type: min
Corner: Fastest

Fanout     Cap    Slew   Delay    Time   Description
-----------------------------------------------------------------------------
                  0.00    0.00    0.00   clock __VIRTUAL_CLK__ (rise edge)
                          0.00    0.00   clock network delay (ideal)
                          2.00    2.00 v input external delay
     1    0.00    0.00    0.00    2.00 v op[2] (in)
                                         op[2] (net)
                  0.00    0.00    2.00 v input19/A (sky130_fd_sc_hd__clkbuf_4)
     6    0.06    0.08    0.13    2.13 v input19/X (sky130_fd_sc_hd__clkbuf_4)
                                         net19 (net)
                  0.08    0.00    2.13 v _170_/A (sky130_fd_sc_hd__inv_2)
     2    0.03    0.12    0.11    2.25 ^ _170_/Y (sky130_fd_sc_hd__inv_2)
                                         _098_ (net)
                  0.12    0.00    2.25 ^ _172_/A (sky130_fd_sc_hd__nor2_4)
     8    0.05    0.06    0.07    2.32 v _172_/Y (sky130_fd_sc_hd__nor2_4)
                                         _100_ (net)
                  0.06    0.00    2.32 v _335_/B2 (sky130_fd_sc_hd__a221o_1)
     1    0.01    0.06    0.19    2.51 v _335_/X (sky130_fd_sc_hd__a221o_1)
                                         net23 (net)
                  0.06    0.00    2.51 v output23/A (sky130_fd_sc_hd__buf_2)
     1    0.03    0.06    0.12    2.64 v output23/X (sky130_fd_sc_hd__buf_2)
                                         out[3] (net)
                  0.06    0.00    2.64 v out[3] (out)
                                  2.64   data arrival time

                  0.00    0.00    0.00   clock __VIRTUAL_CLK__ (rise edge)
                          0.00    0.00   clock network delay (ideal)
                          0.25    0.25   clock uncertainty
                          0.00    0.25   clock reconvergence pessimism
                         -2.00   -1.75   output external delay
                                 -1.75   data required time
-----------------------------------------------------------------------------
                                 -1.75   data required time
                                 -2.64   data arrival time
-----------------------------------------------------------------------------
                                  4.39   slack (MET)


Startpoint: in1[1] (input port clocked by __VIRTUAL_CLK__)
Endpoint: out[1] (output port clocked by __VIRTUAL_CLK__)
Path Group: __VIRTUAL_CLK__
Path Type: min
Corner: Fastest

Fanout     Cap    Slew   Delay    Time   Description
-----------------------------------------------------------------------------
                  0.00    0.00    0.00   clock __VIRTUAL_CLK__ (rise edge)
                          0.00    0.00   clock network delay (ideal)
                          2.00    2.00 ^ input external delay
     1    0.00    0.01    0.01    2.01 ^ in1[1] (in)
                                         in1[1] (net)
                  0.01    0.00    2.01 ^ input2/A (sky130_fd_sc_hd__clkbuf_2)
     4    0.04    0.16    0.14    2.15 ^ input2/X (sky130_fd_sc_hd__clkbuf_2)
                                         net2 (net)
                  0.16    0.00    2.15 ^ _173_/A (sky130_fd_sc_hd__buf_4)
    10    0.07    0.15    0.17    2.32 ^ _173_/X (sky130_fd_sc_hd__buf_4)
                                         _101_ (net)
                  0.15    0.00    2.32 ^ _312_/A1 (sky130_fd_sc_hd__a31o_1)
     1    0.00    0.03    0.08    2.41 ^ _312_/X (sky130_fd_sc_hd__a31o_1)
                                         _066_ (net)
                  0.03    0.00    2.41 ^ _317_/B (sky130_fd_sc_hd__or4b_1)
     1    0.00    0.04    0.07    2.48 ^ _317_/X (sky130_fd_sc_hd__or4b_1)
                                         _071_ (net)
                  0.04    0.00    2.48 ^ _318_/A (sky130_fd_sc_hd__dlymetal6s2s_1)
     1    0.03    0.24    0.19    2.67 ^ _318_/X (sky130_fd_sc_hd__dlymetal6s2s_1)
                                         net21 (net)
                  0.24    0.00    2.67 ^ output21/A (sky130_fd_sc_hd__buf_2)
     1    0.03    0.13    0.16    2.84 ^ output21/X (sky130_fd_sc_hd__buf_2)
                                         out[1] (net)
                  0.13    0.00    2.84 ^ out[1] (out)
                                  2.84   data arrival time

                  0.00    0.00    0.00   clock __VIRTUAL_CLK__ (rise edge)
                          0.00    0.00   clock network delay (ideal)
                          0.25    0.25   clock uncertainty
                          0.00    0.25   clock reconvergence pessimism
                         -2.00   -1.75   output external delay
                                 -1.75   data required time
-----------------------------------------------------------------------------
                                 -1.75   data required time
                                 -2.84   data arrival time
-----------------------------------------------------------------------------
                                  4.59   slack (MET)



worst slack corner Fastest: 4.2921
======================= Slowest Corner ===================================

Startpoint: in1[5] (input port clocked by __VIRTUAL_CLK__)
Endpoint: out[5] (output port clocked by __VIRTUAL_CLK__)
Path Group: __VIRTUAL_CLK__
Path Type: min
Corner: Slowest

Fanout     Cap    Slew   Delay    Time   Description
-----------------------------------------------------------------------------
                  0.00    0.00    0.00   clock __VIRTUAL_CLK__ (rise edge)
                          0.00    0.00   clock network delay (ideal)
                          2.00    2.00 ^ input external delay
     1    0.00    0.03    0.01    2.01 ^ in1[5] (in)
                                         in1[5] (net)
                  0.03    0.00    2.01 ^ input6/A (sky130_fd_sc_hd__buf_2)
     6    0.05    0.35    0.36    2.38 ^ input6/X (sky130_fd_sc_hd__buf_2)
                                         net6 (net)
                  0.35    0.00    2.38 ^ _233_/A2 (sky130_fd_sc_hd__a311o_1)
     1    0.01    0.22    0.53    2.90 ^ _233_/X (sky130_fd_sc_hd__a311o_1)
                                         _161_ (net)
                  0.22    0.00    2.90 ^ _267_/B1 (sky130_fd_sc_hd__a211o_1)
     1    0.01    0.18    0.31    3.21 ^ _267_/X (sky130_fd_sc_hd__a211o_1)
                                         net25 (net)
                  0.18    0.00    3.21 ^ output25/A (sky130_fd_sc_hd__buf_2)
     1    0.03    0.27    0.38    3.59 ^ output25/X (sky130_fd_sc_hd__buf_2)
                                         out[5] (net)
                  0.27    0.00    3.59 ^ out[5] (out)
                                  3.59   data arrival time

                  0.00    0.00    0.00   clock __VIRTUAL_CLK__ (rise edge)
                          0.00    0.00   clock network delay (ideal)
                          0.25    0.25   clock uncertainty
                          0.00    0.25   clock reconvergence pessimism
                         -2.00   -1.75   output external delay
                                 -1.75   data required time
-----------------------------------------------------------------------------
                                 -1.75   data required time
                                 -3.59   data arrival time
-----------------------------------------------------------------------------
                                  5.34   slack (MET)


Startpoint: in2[4] (input port clocked by __VIRTUAL_CLK__)
Endpoint: out[4] (output port clocked by __VIRTUAL_CLK__)
Path Group: __VIRTUAL_CLK__
Path Type: min
Corner: Slowest

Fanout     Cap    Slew   Delay    Time   Description
-----------------------------------------------------------------------------
                  0.00    0.00    0.00   clock __VIRTUAL_CLK__ (rise edge)
                          0.00    0.00   clock network delay (ideal)
                          2.00    2.00 ^ input external delay
     1    0.00    0.03    0.02    2.02 ^ in2[4] (in)
                                         in2[4] (net)
                  0.03    0.00    2.02 ^ input13/A (sky130_fd_sc_hd__clkbuf_4)
     6    0.06    0.29    0.38    2.39 ^ input13/X (sky130_fd_sc_hd__clkbuf_4)
                                         net13 (net)
                  0.29    0.00    2.39 ^ _341_/A1 (sky130_fd_sc_hd__a31o_1)
     1    0.01    0.22    0.45    2.84 ^ _341_/X (sky130_fd_sc_hd__a31o_1)
                                         _092_ (net)
                  0.22    0.00    2.84 ^ _346_/B (sky130_fd_sc_hd__or3_1)
     1    0.01    0.12    0.27    3.11 ^ _346_/X (sky130_fd_sc_hd__or3_1)
                                         _097_ (net)
                  0.12    0.00    3.11 ^ _347_/A (sky130_fd_sc_hd__clkbuf_1)
     1    0.00    0.09    0.18    3.29 ^ _347_/X (sky130_fd_sc_hd__clkbuf_1)
                                         net24 (net)
                  0.09    0.00    3.29 ^ output24/A (sky130_fd_sc_hd__buf_2)
     1    0.03    0.27    0.33    3.62 ^ output24/X (sky130_fd_sc_hd__buf_2)
                                         out[4] (net)
                  0.27    0.00    3.62 ^ out[4] (out)
                                  3.62   data arrival time

                  0.00    0.00    0.00   clock __VIRTUAL_CLK__ (rise edge)
                          0.00    0.00   clock network delay (ideal)
                          0.25    0.25   clock uncertainty
                          0.00    0.25   clock reconvergence pessimism
                         -2.00   -1.75   output external delay
                                 -1.75   data required time
-----------------------------------------------------------------------------
                                 -1.75   data required time
                                 -3.62   data arrival time
-----------------------------------------------------------------------------
                                  5.37   slack (MET)


Startpoint: in1[6] (input port clocked by __VIRTUAL_CLK__)
Endpoint: out[6] (output port clocked by __VIRTUAL_CLK__)
Path Group: __VIRTUAL_CLK__
Path Type: min
Corner: Slowest

Fanout     Cap    Slew   Delay    Time   Description
-----------------------------------------------------------------------------
                  0.00    0.00    0.00   clock __VIRTUAL_CLK__ (rise edge)
                          0.00    0.00   clock network delay (ideal)
                          2.00    2.00 v input external delay
     1    0.00    0.02    0.01    2.01 v in1[6] (in)
                                         in1[6] (net)
                  0.02    0.00    2.01 v input7/A (sky130_fd_sc_hd__buf_2)
     5    0.04    0.21    0.33    2.34 v input7/X (sky130_fd_sc_hd__buf_2)
                                         net7 (net)
                  0.21    0.00    2.34 v _289_/A1 (sky130_fd_sc_hd__o211ai_2)
     1    0.02    0.19    0.46    2.80 ^ _289_/Y (sky130_fd_sc_hd__o211ai_2)
                                         _046_ (net)
                  0.19    0.00    2.80 ^ _290_/B1 (sky130_fd_sc_hd__a31o_1)
     1    0.01    0.18    0.29    3.09 ^ _290_/X (sky130_fd_sc_hd__a31o_1)
                                         _047_ (net)
                  0.18    0.00    3.09 ^ _291_/B1 (sky130_fd_sc_hd__a21o_1)
     1    0.01    0.10    0.21    3.30 ^ _291_/X (sky130_fd_sc_hd__a21o_1)
                                         net26 (net)
                  0.10    0.00    3.30 ^ output26/A (sky130_fd_sc_hd__buf_2)
     1    0.03    0.27    0.34    3.64 ^ output26/X (sky130_fd_sc_hd__buf_2)
                                         out[6] (net)
                  0.27    0.00    3.64 ^ out[6] (out)
                                  3.64   data arrival time

                  0.00    0.00    0.00   clock __VIRTUAL_CLK__ (rise edge)
                          0.00    0.00   clock network delay (ideal)
                          0.25    0.25   clock uncertainty
                          0.00    0.25   clock reconvergence pessimism
                         -2.00   -1.75   output external delay
                                 -1.75   data required time
-----------------------------------------------------------------------------
                                 -1.75   data required time
                                 -3.64   data arrival time
-----------------------------------------------------------------------------
                                  5.39   slack (MET)


Startpoint: in2[0] (input port clocked by __VIRTUAL_CLK__)
Endpoint: out[0] (output port clocked by __VIRTUAL_CLK__)
Path Group: __VIRTUAL_CLK__
Path Type: min
Corner: Slowest

Fanout     Cap    Slew   Delay    Time   Description
-----------------------------------------------------------------------------
                  0.00    0.00    0.00   clock __VIRTUAL_CLK__ (rise edge)
                          0.00    0.00   clock network delay (ideal)
                          2.00    2.00 v input external delay
     1    0.00    0.02    0.01    2.01 v in2[0] (in)
                                         in2[0] (net)
                  0.02    0.00    2.01 v input9/A (sky130_fd_sc_hd__clkbuf_2)
     4    0.04    0.26    0.31    2.32 v input9/X (sky130_fd_sc_hd__clkbuf_2)
                                         net9 (net)
                  0.26    0.00    2.32 v _184_/A (sky130_fd_sc_hd__buf_4)
    10    0.07    0.18    0.44    2.76 v _184_/X (sky130_fd_sc_hd__buf_4)
                                         _112_ (net)
                  0.18    0.00    2.76 v _307_/A1 (sky130_fd_sc_hd__a31o_1)
     1    0.03    0.24    0.51    3.27 v _307_/X (sky130_fd_sc_hd__a31o_1)
                                         net20 (net)
                  0.24    0.00    3.27 v output20/A (sky130_fd_sc_hd__buf_2)
     1    0.03    0.16    0.41    3.68 v output20/X (sky130_fd_sc_hd__buf_2)
                                         out[0] (net)
                  0.16    0.00    3.68 v out[0] (out)
                                  3.68   data arrival time

                  0.00    0.00    0.00   clock __VIRTUAL_CLK__ (rise edge)
                          0.00    0.00   clock network delay (ideal)
                          0.25    0.25   clock uncertainty
                          0.00    0.25   clock reconvergence pessimism
                         -2.00   -1.75   output external delay
                                 -1.75   data required time
-----------------------------------------------------------------------------
                                 -1.75   data required time
                                 -3.68   data arrival time
-----------------------------------------------------------------------------
                                  5.43   slack (MET)


Startpoint: op[2] (input port clocked by __VIRTUAL_CLK__)
Endpoint: out[7] (output port clocked by __VIRTUAL_CLK__)
Path Group: __VIRTUAL_CLK__
Path Type: min
Corner: Slowest

Fanout     Cap    Slew   Delay    Time   Description
-----------------------------------------------------------------------------
                  0.00    0.00    0.00   clock __VIRTUAL_CLK__ (rise edge)
                          0.00    0.00   clock network delay (ideal)
                          2.00    2.00 v input external delay
     1    0.00    0.02    0.01    2.01 v op[2] (in)
                                         op[2] (net)
                  0.02    0.00    2.01 v input19/A (sky130_fd_sc_hd__clkbuf_4)
     6    0.06    0.21    0.34    2.34 v input19/X (sky130_fd_sc_hd__clkbuf_4)
                                         net19 (net)
                  0.21    0.00    2.35 v _265_/A (sky130_fd_sc_hd__and3_2)
     7    0.05    0.25    0.59    2.94 v _265_/X (sky130_fd_sc_hd__and3_2)
                                         _023_ (net)
                  0.25    0.00    2.94 v _302_/A1 (sky130_fd_sc_hd__a31o_4)
     1    0.03    0.12    0.52    3.46 v _302_/X (sky130_fd_sc_hd__a31o_4)
                                         net27 (net)
                  0.12    0.00    3.46 v output27/A (sky130_fd_sc_hd__buf_6)
     1    0.03    0.08    0.26    3.72 v output27/X (sky130_fd_sc_hd__buf_6)
                                         out[7] (net)
                  0.08    0.00    3.72 v out[7] (out)
                                  3.72   data arrival time

                  0.00    0.00    0.00   clock __VIRTUAL_CLK__ (rise edge)
                          0.00    0.00   clock network delay (ideal)
                          0.25    0.25   clock uncertainty
                          0.00    0.25   clock reconvergence pessimism
                         -2.00   -1.75   output external delay
                                 -1.75   data required time
-----------------------------------------------------------------------------
                                 -1.75   data required time
                                 -3.72   data arrival time
-----------------------------------------------------------------------------
                                  5.47   slack (MET)


Startpoint: op[2] (input port clocked by __VIRTUAL_CLK__)
Endpoint: out[2] (output port clocked by __VIRTUAL_CLK__)
Path Group: __VIRTUAL_CLK__
Path Type: min
Corner: Slowest

Fanout     Cap    Slew   Delay    Time   Description
-----------------------------------------------------------------------------
                  0.00    0.00    0.00   clock __VIRTUAL_CLK__ (rise edge)
                          0.00    0.00   clock network delay (ideal)
                          2.00    2.00 v input external delay
     1    0.00    0.02    0.01    2.01 v op[2] (in)
                                         op[2] (net)
                  0.02    0.00    2.01 v input19/A (sky130_fd_sc_hd__clkbuf_4)
     6    0.06    0.21    0.34    2.34 v input19/X (sky130_fd_sc_hd__clkbuf_4)
                                         net19 (net)
                  0.21    0.00    2.35 v _265_/A (sky130_fd_sc_hd__and3_2)
     7    0.05    0.25    0.59    2.94 v _265_/X (sky130_fd_sc_hd__and3_2)
                                         _023_ (net)
                  0.25    0.00    2.94 v _326_/A2 (sky130_fd_sc_hd__a31o_1)
     1    0.01    0.15    0.51    3.45 v _326_/X (sky130_fd_sc_hd__a31o_1)
                                         net22 (net)
                  0.15    0.00    3.45 v output22/A (sky130_fd_sc_hd__buf_2)
     1    0.03    0.16    0.36    3.81 v output22/X (sky130_fd_sc_hd__buf_2)
                                         out[2] (net)
                  0.16    0.00    3.81 v out[2] (out)
                                  3.81   data arrival time

                  0.00    0.00    0.00   clock __VIRTUAL_CLK__ (rise edge)
                          0.00    0.00   clock network delay (ideal)
                          0.25    0.25   clock uncertainty
                          0.00    0.25   clock reconvergence pessimism
                         -2.00   -1.75   output external delay
                                 -1.75   data required time
-----------------------------------------------------------------------------
                                 -1.75   data required time
                                 -3.81   data arrival time
-----------------------------------------------------------------------------
                                  5.56   slack (MET)


Startpoint: op[2] (input port clocked by __VIRTUAL_CLK__)
Endpoint: out[3] (output port clocked by __VIRTUAL_CLK__)
Path Group: __VIRTUAL_CLK__
Path Type: min
Corner: Slowest

Fanout     Cap    Slew   Delay    Time   Description
-----------------------------------------------------------------------------
                  0.00    0.00    0.00   clock __VIRTUAL_CLK__ (rise edge)
                          0.00    0.00   clock network delay (ideal)
                          2.00    2.00 v input external delay
     1    0.00    0.02    0.01    2.01 v op[2] (in)
                                         op[2] (net)
                  0.02    0.00    2.01 v input19/A (sky130_fd_sc_hd__clkbuf_4)
     6    0.06    0.21    0.34    2.34 v input19/X (sky130_fd_sc_hd__clkbuf_4)
                                         net19 (net)
                  0.21    0.00    2.35 v _170_/A (sky130_fd_sc_hd__inv_2)
     2    0.03    0.25    0.27    2.62 ^ _170_/Y (sky130_fd_sc_hd__inv_2)
                                         _098_ (net)
                  0.25    0.00    2.62 ^ _172_/A (sky130_fd_sc_hd__nor2_4)
     8    0.05    0.13    0.21    2.83 v _172_/Y (sky130_fd_sc_hd__nor2_4)
                                         _100_ (net)
                  0.13    0.00    2.83 v _335_/B2 (sky130_fd_sc_hd__a221o_1)
     1    0.01    0.19    0.70    3.53 v _335_/X (sky130_fd_sc_hd__a221o_1)
                                         net23 (net)
                  0.19    0.00    3.53 v output23/A (sky130_fd_sc_hd__buf_2)
     1    0.03    0.17    0.38    3.91 v output23/X (sky130_fd_sc_hd__buf_2)
                                         out[3] (net)
                  0.17    0.00    3.91 v out[3] (out)
                                  3.91   data arrival time

                  0.00    0.00    0.00   clock __VIRTUAL_CLK__ (rise edge)
                          0.00    0.00   clock network delay (ideal)
                          0.25    0.25   clock uncertainty
                          0.00    0.25   clock reconvergence pessimism
                         -2.00   -1.75   output external delay
                                 -1.75   data required time
-----------------------------------------------------------------------------
                                 -1.75   data required time
                                 -3.91   data arrival time
-----------------------------------------------------------------------------
                                  5.66   slack (MET)


Startpoint: in1[1] (input port clocked by __VIRTUAL_CLK__)
Endpoint: out[1] (output port clocked by __VIRTUAL_CLK__)
Path Group: __VIRTUAL_CLK__
Path Type: min
Corner: Slowest

Fanout     Cap    Slew   Delay    Time   Description
-----------------------------------------------------------------------------
                  0.00    0.00    0.00   clock __VIRTUAL_CLK__ (rise edge)
                          0.00    0.00   clock network delay (ideal)
                          2.00    2.00 ^ input external delay
     1    0.00    0.03    0.02    2.02 ^ in1[1] (in)
                                         in1[1] (net)
                  0.03    0.00    2.02 ^ input2/A (sky130_fd_sc_hd__clkbuf_2)
     4    0.04    0.32    0.33    2.35 ^ input2/X (sky130_fd_sc_hd__clkbuf_2)
                                         net2 (net)
                  0.32    0.00    2.35 ^ _173_/A (sky130_fd_sc_hd__buf_4)
    10    0.07    0.33    0.48    2.83 ^ _173_/X (sky130_fd_sc_hd__buf_4)
                                         _101_ (net)
                  0.33    0.00    2.83 ^ _312_/A1 (sky130_fd_sc_hd__a31o_1)
     1    0.00    0.07    0.34    3.17 ^ _312_/X (sky130_fd_sc_hd__a31o_1)
                                         _066_ (net)
                  0.07    0.00    3.17 ^ _317_/B (sky130_fd_sc_hd__or4b_1)
     1    0.00    0.08    0.18    3.34 ^ _317_/X (sky130_fd_sc_hd__or4b_1)
                                         _071_ (net)
                  0.08    0.00    3.34 ^ _318_/A (sky130_fd_sc_hd__dlymetal6s2s_1)
     1    0.03    0.48    0.43    3.78 ^ _318_/X (sky130_fd_sc_hd__dlymetal6s2s_1)
                                         net21 (net)
                  0.48    0.00    3.78 ^ output21/A (sky130_fd_sc_hd__buf_2)
     1    0.03    0.27    0.49    4.27 ^ output21/X (sky130_fd_sc_hd__buf_2)
                                         out[1] (net)
                  0.27    0.00    4.27 ^ out[1] (out)
                                  4.27   data arrival time

                  0.00    0.00    0.00   clock __VIRTUAL_CLK__ (rise edge)
                          0.00    0.00   clock network delay (ideal)
                          0.25    0.25   clock uncertainty
                          0.00    0.25   clock reconvergence pessimism
                         -2.00   -1.75   output external delay
                                 -1.75   data required time
-----------------------------------------------------------------------------
                                 -1.75   data required time
                                 -4.27   data arrival time
-----------------------------------------------------------------------------
                                  6.02   slack (MET)



worst slack corner Slowest: 5.3380
======================= Typical Corner ===================================

Startpoint: in1[5] (input port clocked by __VIRTUAL_CLK__)
Endpoint: out[5] (output port clocked by __VIRTUAL_CLK__)
Path Group: __VIRTUAL_CLK__
Path Type: min
Corner: Typical

Fanout     Cap    Slew   Delay    Time   Description
-----------------------------------------------------------------------------
                  0.00    0.00    0.00   clock __VIRTUAL_CLK__ (rise edge)
                          0.00    0.00   clock network delay (ideal)
                          2.00    2.00 ^ input external delay
     1    0.00    0.02    0.01    2.01 ^ in1[5] (in)
                                         in1[5] (net)
                  0.02    0.00    2.01 ^ input6/A (sky130_fd_sc_hd__buf_2)
     6    0.05    0.22    0.21    2.22 ^ input6/X (sky130_fd_sc_hd__buf_2)
                                         net6 (net)
                  0.22    0.00    2.22 ^ _233_/A2 (sky130_fd_sc_hd__a311o_1)
     1    0.01    0.13    0.26    2.48 ^ _233_/X (sky130_fd_sc_hd__a311o_1)
                                         _161_ (net)
                  0.13    0.00    2.48 ^ _267_/B1 (sky130_fd_sc_hd__a211o_1)
     1    0.01    0.12    0.17    2.65 ^ _267_/X (sky130_fd_sc_hd__a211o_1)
                                         net25 (net)
                  0.12    0.00    2.65 ^ output25/A (sky130_fd_sc_hd__buf_2)
     1    0.03    0.17    0.21    2.86 ^ output25/X (sky130_fd_sc_hd__buf_2)
                                         out[5] (net)
                  0.17    0.00    2.86 ^ out[5] (out)
                                  2.86   data arrival time

                  0.00    0.00    0.00   clock __VIRTUAL_CLK__ (rise edge)
                          0.00    0.00   clock network delay (ideal)
                          0.25    0.25   clock uncertainty
                          0.00    0.25   clock reconvergence pessimism
                         -2.00   -1.75   output external delay
                                 -1.75   data required time
-----------------------------------------------------------------------------
                                 -1.75   data required time
                                 -2.86   data arrival time
-----------------------------------------------------------------------------
                                  4.61   slack (MET)


Startpoint: in2[4] (input port clocked by __VIRTUAL_CLK__)
Endpoint: out[4] (output port clocked by __VIRTUAL_CLK__)
Path Group: __VIRTUAL_CLK__
Path Type: min
Corner: Typical

Fanout     Cap    Slew   Delay    Time   Description
-----------------------------------------------------------------------------
                  0.00    0.00    0.00   clock __VIRTUAL_CLK__ (rise edge)
                          0.00    0.00   clock network delay (ideal)
                          2.00    2.00 ^ input external delay
     1    0.00    0.02    0.01    2.01 ^ in2[4] (in)
                                         in2[4] (net)
                  0.02    0.00    2.01 ^ input13/A (sky130_fd_sc_hd__clkbuf_4)
     6    0.06    0.19    0.22    2.23 ^ input13/X (sky130_fd_sc_hd__clkbuf_4)
                                         net13 (net)
                  0.19    0.00    2.23 ^ _341_/A1 (sky130_fd_sc_hd__a31o_1)
     1    0.01    0.14    0.22    2.45 ^ _341_/X (sky130_fd_sc_hd__a31o_1)
                                         _092_ (net)
                  0.14    0.00    2.45 ^ _346_/B (sky130_fd_sc_hd__or3_1)
     1    0.01    0.08    0.15    2.60 ^ _346_/X (sky130_fd_sc_hd__or3_1)
                                         _097_ (net)
                  0.08    0.00    2.60 ^ _347_/A (sky130_fd_sc_hd__clkbuf_1)
     1    0.00    0.06    0.09    2.69 ^ _347_/X (sky130_fd_sc_hd__clkbuf_1)
                                         net24 (net)
                  0.06    0.00    2.69 ^ output24/A (sky130_fd_sc_hd__buf_2)
     1    0.03    0.17    0.19    2.88 ^ output24/X (sky130_fd_sc_hd__buf_2)
                                         out[4] (net)
                  0.17    0.00    2.88 ^ out[4] (out)
                                  2.88   data arrival time

                  0.00    0.00    0.00   clock __VIRTUAL_CLK__ (rise edge)
                          0.00    0.00   clock network delay (ideal)
                          0.25    0.25   clock uncertainty
                          0.00    0.25   clock reconvergence pessimism
                         -2.00   -1.75   output external delay
                                 -1.75   data required time
-----------------------------------------------------------------------------
                                 -1.75   data required time
                                 -2.88   data arrival time
-----------------------------------------------------------------------------
                                  4.63   slack (MET)


Startpoint: in2[0] (input port clocked by __VIRTUAL_CLK__)
Endpoint: out[0] (output port clocked by __VIRTUAL_CLK__)
Path Group: __VIRTUAL_CLK__
Path Type: min
Corner: Typical

Fanout     Cap    Slew   Delay    Time   Description
-----------------------------------------------------------------------------
                  0.00    0.00    0.00   clock __VIRTUAL_CLK__ (rise edge)
                          0.00    0.00   clock network delay (ideal)
                          2.00    2.00 v input external delay
     1    0.00    0.01    0.00    2.00 v in2[0] (in)
                                         in2[0] (net)
                  0.01    0.00    2.00 v input9/A (sky130_fd_sc_hd__clkbuf_2)
     4    0.04    0.14    0.17    2.17 v input9/X (sky130_fd_sc_hd__clkbuf_2)
                                         net9 (net)
                  0.14    0.00    2.18 v _184_/A (sky130_fd_sc_hd__buf_4)
    10    0.07    0.10    0.24    2.41 v _184_/X (sky130_fd_sc_hd__buf_4)
                                         _112_ (net)
                  0.10    0.00    2.42 v _307_/A1 (sky130_fd_sc_hd__a31o_1)
     1    0.03    0.13    0.27    2.69 v _307_/X (sky130_fd_sc_hd__a31o_1)
                                         net20 (net)
                  0.13    0.00    2.69 v output20/A (sky130_fd_sc_hd__buf_2)
     1    0.03    0.09    0.21    2.90 v output20/X (sky130_fd_sc_hd__buf_2)
                                         out[0] (net)
                  0.09    0.00    2.90 v out[0] (out)
                                  2.90   data arrival time

                  0.00    0.00    0.00   clock __VIRTUAL_CLK__ (rise edge)
                          0.00    0.00   clock network delay (ideal)
                          0.25    0.25   clock uncertainty
                          0.00    0.25   clock reconvergence pessimism
                         -2.00   -1.75   output external delay
                                 -1.75   data required time
-----------------------------------------------------------------------------
                                 -1.75   data required time
                                 -2.90   data arrival time
-----------------------------------------------------------------------------
                                  4.65   slack (MET)


Startpoint: op[2] (input port clocked by __VIRTUAL_CLK__)
Endpoint: out[7] (output port clocked by __VIRTUAL_CLK__)
Path Group: __VIRTUAL_CLK__
Path Type: min
Corner: Typical

Fanout     Cap    Slew   Delay    Time   Description
-----------------------------------------------------------------------------
                  0.00    0.00    0.00   clock __VIRTUAL_CLK__ (rise edge)
                          0.00    0.00   clock network delay (ideal)
                          2.00    2.00 v input external delay
     1    0.00    0.01    0.00    2.00 v op[2] (in)
                                         op[2] (net)
                  0.01    0.00    2.00 v input19/A (sky130_fd_sc_hd__clkbuf_4)
     6    0.06    0.12    0.19    2.19 v input19/X (sky130_fd_sc_hd__clkbuf_4)
                                         net19 (net)
                  0.12    0.00    2.19 v _265_/A (sky130_fd_sc_hd__and3_2)
     7    0.05    0.13    0.29    2.48 v _265_/X (sky130_fd_sc_hd__and3_2)
                                         _023_ (net)
                  0.13    0.00    2.48 v _302_/A1 (sky130_fd_sc_hd__a31o_4)
     1    0.03    0.07    0.28    2.76 v _302_/X (sky130_fd_sc_hd__a31o_4)
                                         net27 (net)
                  0.07    0.00    2.76 v output27/A (sky130_fd_sc_hd__buf_6)
     1    0.03    0.04    0.14    2.91 v output27/X (sky130_fd_sc_hd__buf_6)
                                         out[7] (net)
                  0.04    0.00    2.91 v out[7] (out)
                                  2.91   data arrival time

                  0.00    0.00    0.00   clock __VIRTUAL_CLK__ (rise edge)
                          0.00    0.00   clock network delay (ideal)
                          0.25    0.25   clock uncertainty
                          0.00    0.25   clock reconvergence pessimism
                         -2.00   -1.75   output external delay
                                 -1.75   data required time
-----------------------------------------------------------------------------
                                 -1.75   data required time
                                 -2.91   data arrival time
-----------------------------------------------------------------------------
                                  4.66   slack (MET)


Startpoint: in1[6] (input port clocked by __VIRTUAL_CLK__)
Endpoint: out[6] (output port clocked by __VIRTUAL_CLK__)
Path Group: __VIRTUAL_CLK__
Path Type: min
Corner: Typical

Fanout     Cap    Slew   Delay    Time   Description
-----------------------------------------------------------------------------
                  0.00    0.00    0.00   clock __VIRTUAL_CLK__ (rise edge)
                          0.00    0.00   clock network delay (ideal)
                          2.00    2.00 v input external delay
     1    0.00    0.01    0.00    2.00 v in1[6] (in)
                                         in1[6] (net)
                  0.01    0.00    2.00 v input7/A (sky130_fd_sc_hd__buf_2)
     5    0.04    0.11    0.17    2.17 v input7/X (sky130_fd_sc_hd__buf_2)
                                         net7 (net)
                  0.11    0.00    2.18 v _289_/A1 (sky130_fd_sc_hd__o211ai_2)
     1    0.02    0.12    0.27    2.45 ^ _289_/Y (sky130_fd_sc_hd__o211ai_2)
                                         _046_ (net)
                  0.12    0.00    2.45 ^ _290_/B1 (sky130_fd_sc_hd__a31o_1)
     1    0.01    0.11    0.16    2.60 ^ _290_/X (sky130_fd_sc_hd__a31o_1)
                                         _047_ (net)
                  0.11    0.00    2.60 ^ _291_/B1 (sky130_fd_sc_hd__a21o_1)
     1    0.01    0.06    0.11    2.71 ^ _291_/X (sky130_fd_sc_hd__a21o_1)
                                         net26 (net)
                  0.06    0.00    2.71 ^ output26/A (sky130_fd_sc_hd__buf_2)
     1    0.03    0.17    0.20    2.91 ^ output26/X (sky130_fd_sc_hd__buf_2)
                                         out[6] (net)
                  0.17    0.00    2.91 ^ out[6] (out)
                                  2.91   data arrival time

                  0.00    0.00    0.00   clock __VIRTUAL_CLK__ (rise edge)
                          0.00    0.00   clock network delay (ideal)
                          0.25    0.25   clock uncertainty
                          0.00    0.25   clock reconvergence pessimism
                         -2.00   -1.75   output external delay
                                 -1.75   data required time
-----------------------------------------------------------------------------
                                 -1.75   data required time
                                 -2.91   data arrival time
-----------------------------------------------------------------------------
                                  4.66   slack (MET)


Startpoint: op[2] (input port clocked by __VIRTUAL_CLK__)
Endpoint: out[2] (output port clocked by __VIRTUAL_CLK__)
Path Group: __VIRTUAL_CLK__
Path Type: min
Corner: Typical

Fanout     Cap    Slew   Delay    Time   Description
-----------------------------------------------------------------------------
                  0.00    0.00    0.00   clock __VIRTUAL_CLK__ (rise edge)
                          0.00    0.00   clock network delay (ideal)
                          2.00    2.00 v input external delay
     1    0.00    0.01    0.00    2.00 v op[2] (in)
                                         op[2] (net)
                  0.01    0.00    2.00 v input19/A (sky130_fd_sc_hd__clkbuf_4)
     6    0.06    0.12    0.19    2.19 v input19/X (sky130_fd_sc_hd__clkbuf_4)
                                         net19 (net)
                  0.12    0.00    2.19 v _265_/A (sky130_fd_sc_hd__and3_2)
     7    0.05    0.13    0.29    2.48 v _265_/X (sky130_fd_sc_hd__and3_2)
                                         _023_ (net)
                  0.13    0.00    2.49 v _326_/A2 (sky130_fd_sc_hd__a31o_1)
     1    0.01    0.08    0.27    2.76 v _326_/X (sky130_fd_sc_hd__a31o_1)
                                         net22 (net)
                  0.08    0.00    2.76 v output22/A (sky130_fd_sc_hd__buf_2)
     1    0.03    0.09    0.19    2.94 v output22/X (sky130_fd_sc_hd__buf_2)
                                         out[2] (net)
                  0.09    0.00    2.94 v out[2] (out)
                                  2.94   data arrival time

                  0.00    0.00    0.00   clock __VIRTUAL_CLK__ (rise edge)
                          0.00    0.00   clock network delay (ideal)
                          0.25    0.25   clock uncertainty
                          0.00    0.25   clock reconvergence pessimism
                         -2.00   -1.75   output external delay
                                 -1.75   data required time
-----------------------------------------------------------------------------
                                 -1.75   data required time
                                 -2.94   data arrival time
-----------------------------------------------------------------------------
                                  4.69   slack (MET)


Startpoint: op[2] (input port clocked by __VIRTUAL_CLK__)
Endpoint: out[3] (output port clocked by __VIRTUAL_CLK__)
Path Group: __VIRTUAL_CLK__
Path Type: min
Corner: Typical

Fanout     Cap    Slew   Delay    Time   Description
-----------------------------------------------------------------------------
                  0.00    0.00    0.00   clock __VIRTUAL_CLK__ (rise edge)
                          0.00    0.00   clock network delay (ideal)
                          2.00    2.00 v input external delay
     1    0.00    0.01    0.00    2.00 v op[2] (in)
                                         op[2] (net)
                  0.01    0.00    2.00 v input19/A (sky130_fd_sc_hd__clkbuf_4)
     6    0.06    0.12    0.19    2.19 v input19/X (sky130_fd_sc_hd__clkbuf_4)
                                         net19 (net)
                  0.12    0.00    2.20 v _170_/A (sky130_fd_sc_hd__inv_2)
     2    0.03    0.16    0.16    2.35 ^ _170_/Y (sky130_fd_sc_hd__inv_2)
                                         _098_ (net)
                  0.16    0.00    2.36 ^ _172_/A (sky130_fd_sc_hd__nor2_4)
     8    0.05    0.08    0.11    2.46 v _172_/Y (sky130_fd_sc_hd__nor2_4)
                                         _100_ (net)
                  0.08    0.00    2.46 v _335_/B2 (sky130_fd_sc_hd__a221o_1)
     1    0.01    0.10    0.37    2.83 v _335_/X (sky130_fd_sc_hd__a221o_1)
                                         net23 (net)
                  0.10    0.00    2.83 v output23/A (sky130_fd_sc_hd__buf_2)
     1    0.03    0.09    0.20    3.03 v output23/X (sky130_fd_sc_hd__buf_2)
                                         out[3] (net)
                  0.09    0.00    3.03 v out[3] (out)
                                  3.03   data arrival time

                  0.00    0.00    0.00   clock __VIRTUAL_CLK__ (rise edge)
                          0.00    0.00   clock network delay (ideal)
                          0.25    0.25   clock uncertainty
                          0.00    0.25   clock reconvergence pessimism
                         -2.00   -1.75   output external delay
                                 -1.75   data required time
-----------------------------------------------------------------------------
                                 -1.75   data required time
                                 -3.03   data arrival time
-----------------------------------------------------------------------------
                                  4.78   slack (MET)


Startpoint: in1[1] (input port clocked by __VIRTUAL_CLK__)
Endpoint: out[1] (output port clocked by __VIRTUAL_CLK__)
Path Group: __VIRTUAL_CLK__
Path Type: min
Corner: Typical

Fanout     Cap    Slew   Delay    Time   Description
-----------------------------------------------------------------------------
                  0.00    0.00    0.00   clock __VIRTUAL_CLK__ (rise edge)
                          0.00    0.00   clock network delay (ideal)
                          2.00    2.00 ^ input external delay
     1    0.00    0.02    0.01    2.01 ^ in1[1] (in)
                                         in1[1] (net)
                  0.02    0.00    2.01 ^ input2/A (sky130_fd_sc_hd__clkbuf_2)
     4    0.04    0.20    0.20    2.21 ^ input2/X (sky130_fd_sc_hd__clkbuf_2)
                                         net2 (net)
                  0.20    0.00    2.21 ^ _173_/A (sky130_fd_sc_hd__buf_4)
    10    0.07    0.20    0.26    2.47 ^ _173_/X (sky130_fd_sc_hd__buf_4)
                                         _101_ (net)
                  0.20    0.00    2.47 ^ _312_/A1 (sky130_fd_sc_hd__a31o_1)
     1    0.00    0.04    0.15    2.63 ^ _312_/X (sky130_fd_sc_hd__a31o_1)
                                         _066_ (net)
                  0.04    0.00    2.63 ^ _317_/B (sky130_fd_sc_hd__or4b_1)
     1    0.00    0.05    0.10    2.73 ^ _317_/X (sky130_fd_sc_hd__or4b_1)
                                         _071_ (net)
                  0.05    0.00    2.73 ^ _318_/A (sky130_fd_sc_hd__dlymetal6s2s_1)
     1    0.03    0.31    0.26    2.99 ^ _318_/X (sky130_fd_sc_hd__dlymetal6s2s_1)
                                         net21 (net)
                  0.31    0.00    2.99 ^ output21/A (sky130_fd_sc_hd__buf_2)
     1    0.03    0.17    0.26    3.25 ^ output21/X (sky130_fd_sc_hd__buf_2)
                                         out[1] (net)
                  0.17    0.00    3.25 ^ out[1] (out)
                                  3.25   data arrival time

                  0.00    0.00    0.00   clock __VIRTUAL_CLK__ (rise edge)
                          0.00    0.00   clock network delay (ideal)
                          0.25    0.25   clock uncertainty
                          0.00    0.25   clock reconvergence pessimism
                         -2.00   -1.75   output external delay
                                 -1.75   data required time
-----------------------------------------------------------------------------
                                 -1.75   data required time
                                 -3.25   data arrival time
-----------------------------------------------------------------------------
                                  5.00   slack (MET)



worst slack corner Typical: 4.6104
