
===========================================================================
 report_power
============================================================================
======================= Fastest Corner ===================================

Group                  Internal  Switching    Leakage      Total
                          Power      Power      Power      Power (Watts)
----------------------------------------------------------------
Sequential             0.00e+00   0.00e+00   0.00e+00   0.00e+00   0.0%
Combinational          6.07e-05   1.56e-04   2.19e-09   2.17e-04 100.0%
Clock                  0.00e+00   0.00e+00   1.11e-09   1.11e-09   0.0%
Macro                  0.00e+00   0.00e+00   0.00e+00   0.00e+00   0.0%
Pad                    0.00e+00   0.00e+00   0.00e+00   0.00e+00   0.0%
----------------------------------------------------------------
Total                  6.07e-05   1.56e-04   3.30e-09   2.17e-04 100.0%
                          28.0%      72.0%       0.0%

======================= Slowest Corner ===================================

Group                  Internal  Switching    Leakage      Total
                          Power      Power      Power      Power (Watts)
----------------------------------------------------------------
Sequential             0.00e+00   0.00e+00   0.00e+00   0.00e+00   0.0%
Combinational          4.36e-05   1.05e-04   1.13e-06   1.49e-04 100.0%
Clock                  0.00e+00   0.00e+00   1.11e-09   1.11e-09   0.0%
Macro                  0.00e+00   0.00e+00   0.00e+00   0.00e+00   0.0%
Pad                    0.00e+00   0.00e+00   0.00e+00   0.00e+00   0.0%
----------------------------------------------------------------
Total                  4.36e-05   1.05e-04   1.13e-06   1.49e-04 100.0%
                          29.2%      70.0%       0.8%

======================= Typical Corner ===================================

Group                  Internal  Switching    Leakage      Total
                          Power      Power      Power      Power (Watts)
----------------------------------------------------------------
Sequential             0.00e+00   0.00e+00   0.00e+00   0.00e+00   0.0%
Combinational          5.52e-05   1.32e-04   8.73e-10   1.88e-04 100.0%
Clock                  0.00e+00   0.00e+00   1.11e-09   1.11e-09   0.0%
Macro                  0.00e+00   0.00e+00   0.00e+00   0.00e+00   0.0%
Pad                    0.00e+00   0.00e+00   0.00e+00   0.00e+00   0.0%
----------------------------------------------------------------
Total                  5.52e-05   1.32e-04   1.98e-09   1.88e-04 100.0%
                          29.4%      70.6%       0.0%

