
===========================================================================
report_checks -path_delay max (Setup)
============================================================================
======================= Fastest Corner ===================================

Startpoint: in2[1] (input port clocked by __VIRTUAL_CLK__)
Endpoint: out[5] (output port clocked by __VIRTUAL_CLK__)
Path Group: __VIRTUAL_CLK__
Path Type: max
Corner: Fastest

Fanout     Cap    Slew   Delay    Time   Description
-----------------------------------------------------------------------------
                  0.00    0.00    0.00   clock __VIRTUAL_CLK__ (rise edge)
                          0.00    0.00   clock network delay (ideal)
                          2.00    2.00 ^ input external delay
     1    0.00    0.01    0.01    2.01 ^ in2[1] (in)
                                         in2[1] (net)
                  0.01    0.00    2.01 ^ input10/A (sky130_fd_sc_hd__buf_2)
     5    0.05    0.17    0.17    2.18 ^ input10/X (sky130_fd_sc_hd__buf_2)
                                         net10 (net)
                  0.17    0.00    2.18 ^ _175_/A (sky130_fd_sc_hd__buf_4)
    10    0.09    0.18    0.21    2.39 ^ _175_/X (sky130_fd_sc_hd__buf_4)
                                         _103_ (net)
                  0.18    0.00    2.39 ^ _185_/A1 (sky130_fd_sc_hd__a22oi_4)
     3    0.04    0.10    0.10    2.50 v _185_/Y (sky130_fd_sc_hd__a22oi_4)
                                         _113_ (net)
                  0.10    0.00    2.50 v _192_/C (sky130_fd_sc_hd__or3_4)
     2    0.03    0.07    0.26    2.76 v _192_/X (sky130_fd_sc_hd__or3_4)
                                         _120_ (net)
                  0.07    0.00    2.76 v _197_/A1 (sky130_fd_sc_hd__a21o_1)
     2    0.03    0.10    0.19    2.95 v _197_/X (sky130_fd_sc_hd__a21o_1)
                                         _125_ (net)
                  0.10    0.00    2.95 v _208_/B (sky130_fd_sc_hd__and2b_2)
     1    0.03    0.07    0.20    3.15 v _208_/X (sky130_fd_sc_hd__and2b_2)
                                         _136_ (net)
                  0.07    0.00    3.16 v _209_/A (sky130_fd_sc_hd__xnor2_4)
     3    0.05    0.29    0.28    3.44 ^ _209_/Y (sky130_fd_sc_hd__xnor2_4)
                                         _137_ (net)
                  0.29    0.00    3.44 ^ _210_/A (sky130_fd_sc_hd__nand3_4)
     3    0.04    0.13    0.12    3.56 v _210_/Y (sky130_fd_sc_hd__nand3_4)
                                         _138_ (net)
                  0.13    0.00    3.57 v _219_/A2 (sky130_fd_sc_hd__a21oi_2)
     1    0.02    0.20    0.23    3.80 ^ _219_/Y (sky130_fd_sc_hd__a21oi_2)
                                         _147_ (net)
                  0.20    0.00    3.80 ^ _221_/A (sky130_fd_sc_hd__nor2_1)
     1    0.02    0.09    0.10    3.90 v _221_/Y (sky130_fd_sc_hd__nor2_1)
                                         _149_ (net)
                  0.09    0.00    3.90 v _267_/A2 (sky130_fd_sc_hd__a211o_1)
     1    0.01    0.06    0.25    4.14 v _267_/X (sky130_fd_sc_hd__a211o_1)
                                         net25 (net)
                  0.06    0.00    4.14 v output25/A (sky130_fd_sc_hd__buf_2)
     1    0.03    0.06    0.14    4.28 v output25/X (sky130_fd_sc_hd__buf_2)
                                         out[5] (net)
                  0.06    0.00    4.28 v out[5] (out)
                                  4.28   data arrival time

                  0.00   10.00   10.00   clock __VIRTUAL_CLK__ (rise edge)
                          0.00   10.00   clock network delay (ideal)
                         -0.25    9.75   clock uncertainty
                          0.00    9.75   clock reconvergence pessimism
                         -2.00    7.75   output external delay
                                  7.75   data required time
-----------------------------------------------------------------------------
                                  7.75   data required time
                                 -4.28   data arrival time
-----------------------------------------------------------------------------
                                  3.47   slack (MET)


Startpoint: op[0] (input port clocked by __VIRTUAL_CLK__)
Endpoint: out[7] (output port clocked by __VIRTUAL_CLK__)
Path Group: __VIRTUAL_CLK__
Path Type: max
Corner: Fastest

Fanout     Cap    Slew   Delay    Time   Description
-----------------------------------------------------------------------------
                  0.00    0.00    0.00   clock __VIRTUAL_CLK__ (rise edge)
                          0.00    0.00   clock network delay (ideal)
                          2.00    2.00 v input external delay
     1    0.00    0.00    0.00    2.00 v op[0] (in)
                                         op[0] (net)
                  0.00    0.00    2.00 v input17/A (sky130_fd_sc_hd__buf_2)
     5    0.04    0.07    0.12    2.12 v input17/X (sky130_fd_sc_hd__buf_2)
                                         net17 (net)
                  0.07    0.00    2.12 v _235_/A_N (sky130_fd_sc_hd__nand3b_4)
     5    0.03    0.09    0.16    2.28 v _235_/Y (sky130_fd_sc_hd__nand3b_4)
                                         _163_ (net)
                  0.09    0.00    2.28 v rebuffer3/A (sky130_fd_sc_hd__dlymetal6s2s_1)
     2    0.01    0.04    0.13    2.41 v rebuffer3/X (sky130_fd_sc_hd__dlymetal6s2s_1)
                                         net30 (net)
                  0.04    0.00    2.41 v rebuffer4/A (sky130_fd_sc_hd__clkbuf_2)
     4    0.02    0.07    0.12    2.52 v rebuffer4/X (sky130_fd_sc_hd__clkbuf_2)
                                         net31 (net)
                  0.07    0.00    2.53 v _236_/B1 (sky130_fd_sc_hd__o31a_2)
     3    0.03    0.09    0.13    2.65 v _236_/X (sky130_fd_sc_hd__o31a_2)
                                         _164_ (net)
                  0.09    0.00    2.66 v _237_/B (sky130_fd_sc_hd__xnor2_2)
     2    0.03    0.31    0.28    2.93 ^ _237_/Y (sky130_fd_sc_hd__xnor2_2)
                                         _165_ (net)
                  0.31    0.00    2.94 ^ _255_/B (sky130_fd_sc_hd__or2_1)
     1    0.02    0.11    0.15    3.08 ^ _255_/X (sky130_fd_sc_hd__or2_1)
                                         _013_ (net)
                  0.11    0.00    3.08 ^ _256_/B (sky130_fd_sc_hd__nand2_1)
     2    0.02    0.09    0.10    3.18 v _256_/Y (sky130_fd_sc_hd__nand2_1)
                                         _014_ (net)
                  0.09    0.00    3.18 v _257_/C1 (sky130_fd_sc_hd__a311o_4)
     5    0.04    0.08    0.20    3.38 v _257_/X (sky130_fd_sc_hd__a311o_4)
                                         _015_ (net)
                  0.09    0.00    3.38 v _276_/A3 (sky130_fd_sc_hd__a311oi_4)
     3    0.02    0.29    0.33    3.72 ^ _276_/Y (sky130_fd_sc_hd__a311oi_4)
                                         _033_ (net)
                  0.29    0.00    3.72 ^ _295_/A2 (sky130_fd_sc_hd__o21ai_2)
     1    0.03    0.11    0.11    3.83 v _295_/Y (sky130_fd_sc_hd__o21ai_2)
                                         _051_ (net)
                  0.11    0.00    3.83 v _302_/A2 (sky130_fd_sc_hd__a31o_4)
     1    0.03    0.05    0.21    4.04 v _302_/X (sky130_fd_sc_hd__a31o_4)
                                         net27 (net)
                  0.05    0.00    4.04 v output27/A (sky130_fd_sc_hd__buf_6)
     1    0.03    0.03    0.11    4.15 v output27/X (sky130_fd_sc_hd__buf_6)
                                         out[7] (net)
                  0.03    0.00    4.15 v out[7] (out)
                                  4.15   data arrival time

                  0.00   10.00   10.00   clock __VIRTUAL_CLK__ (rise edge)
                          0.00   10.00   clock network delay (ideal)
                         -0.25    9.75   clock uncertainty
                          0.00    9.75   clock reconvergence pessimism
                         -2.00    7.75   output external delay
                                  7.75   data required time
-----------------------------------------------------------------------------
                                  7.75   data required time
                                 -4.15   data arrival time
-----------------------------------------------------------------------------
                                  3.60   slack (MET)


Startpoint: op[0] (input port clocked by __VIRTUAL_CLK__)
Endpoint: out[6] (output port clocked by __VIRTUAL_CLK__)
Path Group: __VIRTUAL_CLK__
Path Type: max
Corner: Fastest

Fanout     Cap    Slew   Delay    Time   Description
-----------------------------------------------------------------------------
                  0.00    0.00    0.00   clock __VIRTUAL_CLK__ (rise edge)
                          0.00    0.00   clock network delay (ideal)
                          2.00    2.00 v input external delay
     1    0.00    0.00    0.00    2.00 v op[0] (in)
                                         op[0] (net)
                  0.00    0.00    2.00 v input17/A (sky130_fd_sc_hd__buf_2)
     5    0.04    0.07    0.12    2.12 v input17/X (sky130_fd_sc_hd__buf_2)
                                         net17 (net)
                  0.07    0.00    2.12 v _235_/A_N (sky130_fd_sc_hd__nand3b_4)
     5    0.03    0.09    0.16    2.28 v _235_/Y (sky130_fd_sc_hd__nand3b_4)
                                         _163_ (net)
                  0.09    0.00    2.28 v rebuffer3/A (sky130_fd_sc_hd__dlymetal6s2s_1)
     2    0.01    0.04    0.13    2.41 v rebuffer3/X (sky130_fd_sc_hd__dlymetal6s2s_1)
                                         net30 (net)
                  0.04    0.00    2.41 v rebuffer4/A (sky130_fd_sc_hd__clkbuf_2)
     4    0.02    0.07    0.12    2.52 v rebuffer4/X (sky130_fd_sc_hd__clkbuf_2)
                                         net31 (net)
                  0.07    0.00    2.53 v _236_/B1 (sky130_fd_sc_hd__o31a_2)
     3    0.03    0.09    0.13    2.65 v _236_/X (sky130_fd_sc_hd__o31a_2)
                                         _164_ (net)
                  0.09    0.00    2.66 v _237_/B (sky130_fd_sc_hd__xnor2_2)
     2    0.03    0.31    0.28    2.93 ^ _237_/Y (sky130_fd_sc_hd__xnor2_2)
                                         _165_ (net)
                  0.31    0.00    2.94 ^ _255_/B (sky130_fd_sc_hd__or2_1)
     1    0.02    0.11    0.15    3.08 ^ _255_/X (sky130_fd_sc_hd__or2_1)
                                         _013_ (net)
                  0.11    0.00    3.08 ^ _256_/B (sky130_fd_sc_hd__nand2_1)
     2    0.02    0.09    0.10    3.18 v _256_/Y (sky130_fd_sc_hd__nand2_1)
                                         _014_ (net)
                  0.09    0.00    3.18 v _257_/C1 (sky130_fd_sc_hd__a311o_4)
     5    0.04    0.08    0.20    3.38 v _257_/X (sky130_fd_sc_hd__a311o_4)
                                         _015_ (net)
                  0.09    0.00    3.38 v _276_/A3 (sky130_fd_sc_hd__a311oi_4)
     3    0.02    0.29    0.33    3.72 ^ _276_/Y (sky130_fd_sc_hd__a311oi_4)
                                         _033_ (net)
                  0.29    0.00    3.72 ^ _277_/A_N (sky130_fd_sc_hd__and2b_1)
     1    0.01    0.05    0.16    3.87 v _277_/X (sky130_fd_sc_hd__and2b_1)
                                         _034_ (net)
                  0.05    0.00    3.87 v _291_/A2 (sky130_fd_sc_hd__a21o_1)
     1    0.01    0.03    0.13    4.01 v _291_/X (sky130_fd_sc_hd__a21o_1)
                                         net26 (net)
                  0.03    0.00    4.01 v output26/A (sky130_fd_sc_hd__buf_2)
     1    0.03    0.06    0.13    4.13 v output26/X (sky130_fd_sc_hd__buf_2)
                                         out[6] (net)
                  0.06    0.00    4.13 v out[6] (out)
                                  4.13   data arrival time

                  0.00   10.00   10.00   clock __VIRTUAL_CLK__ (rise edge)
                          0.00   10.00   clock network delay (ideal)
                         -0.25    9.75   clock uncertainty
                          0.00    9.75   clock reconvergence pessimism
                         -2.00    7.75   output external delay
                                  7.75   data required time
-----------------------------------------------------------------------------
                                  7.75   data required time
                                 -4.13   data arrival time
-----------------------------------------------------------------------------
                                  3.62   slack (MET)


Startpoint: in2[1] (input port clocked by __VIRTUAL_CLK__)
Endpoint: out[4] (output port clocked by __VIRTUAL_CLK__)
Path Group: __VIRTUAL_CLK__
Path Type: max
Corner: Fastest

Fanout     Cap    Slew   Delay    Time   Description
-----------------------------------------------------------------------------
                  0.00    0.00    0.00   clock __VIRTUAL_CLK__ (rise edge)
                          0.00    0.00   clock network delay (ideal)
                          2.00    2.00 ^ input external delay
     1    0.00    0.01    0.01    2.01 ^ in2[1] (in)
                                         in2[1] (net)
                  0.01    0.00    2.01 ^ input10/A (sky130_fd_sc_hd__buf_2)
     5    0.05    0.17    0.17    2.18 ^ input10/X (sky130_fd_sc_hd__buf_2)
                                         net10 (net)
                  0.17    0.00    2.18 ^ _175_/A (sky130_fd_sc_hd__buf_4)
    10    0.09    0.18    0.21    2.39 ^ _175_/X (sky130_fd_sc_hd__buf_4)
                                         _103_ (net)
                  0.18    0.00    2.39 ^ _185_/A1 (sky130_fd_sc_hd__a22oi_4)
     3    0.04    0.10    0.10    2.50 v _185_/Y (sky130_fd_sc_hd__a22oi_4)
                                         _113_ (net)
                  0.10    0.00    2.50 v _192_/C (sky130_fd_sc_hd__or3_4)
     2    0.03    0.07    0.26    2.76 v _192_/X (sky130_fd_sc_hd__or3_4)
                                         _120_ (net)
                  0.07    0.00    2.76 v _197_/A1 (sky130_fd_sc_hd__a21o_1)
     2    0.03    0.10    0.19    2.95 v _197_/X (sky130_fd_sc_hd__a21o_1)
                                         _125_ (net)
                  0.10    0.00    2.95 v _208_/B (sky130_fd_sc_hd__and2b_2)
     1    0.03    0.07    0.20    3.15 v _208_/X (sky130_fd_sc_hd__and2b_2)
                                         _136_ (net)
                  0.07    0.00    3.16 v _209_/A (sky130_fd_sc_hd__xnor2_4)
     3    0.05    0.29    0.28    3.44 ^ _209_/Y (sky130_fd_sc_hd__xnor2_4)
                                         _137_ (net)
                  0.29    0.00    3.44 ^ _210_/A (sky130_fd_sc_hd__nand3_4)
     3    0.04    0.13    0.12    3.56 v _210_/Y (sky130_fd_sc_hd__nand3_4)
                                         _138_ (net)
                  0.13    0.00    3.56 v _345_/A1 (sky130_fd_sc_hd__a31o_1)
     1    0.01    0.04    0.16    3.73 v _345_/X (sky130_fd_sc_hd__a31o_1)
                                         _096_ (net)
                  0.04    0.00    3.73 v _346_/C (sky130_fd_sc_hd__or3_1)
     1    0.01    0.06    0.20    3.93 v _346_/X (sky130_fd_sc_hd__or3_1)
                                         _097_ (net)
                  0.06    0.00    3.93 v _347_/A (sky130_fd_sc_hd__clkbuf_1)
     1    0.00    0.02    0.07    4.01 v _347_/X (sky130_fd_sc_hd__clkbuf_1)
                                         net24 (net)
                  0.02    0.00    4.01 v output24/A (sky130_fd_sc_hd__buf_2)
     1    0.03    0.06    0.12    4.13 v output24/X (sky130_fd_sc_hd__buf_2)
                                         out[4] (net)
                  0.06    0.00    4.13 v out[4] (out)
                                  4.13   data arrival time

                  0.00   10.00   10.00   clock __VIRTUAL_CLK__ (rise edge)
                          0.00   10.00   clock network delay (ideal)
                         -0.25    9.75   clock uncertainty
                          0.00    9.75   clock reconvergence pessimism
                         -2.00    7.75   output external delay
                                  7.75   data required time
-----------------------------------------------------------------------------
                                  7.75   data required time
                                 -4.13   data arrival time
-----------------------------------------------------------------------------
                                  3.62   slack (MET)


Startpoint: in2[1] (input port clocked by __VIRTUAL_CLK__)
Endpoint: out[3] (output port clocked by __VIRTUAL_CLK__)
Path Group: __VIRTUAL_CLK__
Path Type: max
Corner: Fastest

Fanout     Cap    Slew   Delay    Time   Description
-----------------------------------------------------------------------------
                  0.00    0.00    0.00   clock __VIRTUAL_CLK__ (rise edge)
                          0.00    0.00   clock network delay (ideal)
                          2.00    2.00 ^ input external delay
     1    0.00    0.01    0.01    2.01 ^ in2[1] (in)
                                         in2[1] (net)
                  0.01    0.00    2.01 ^ input10/A (sky130_fd_sc_hd__buf_2)
     5    0.05    0.17    0.17    2.18 ^ input10/X (sky130_fd_sc_hd__buf_2)
                                         net10 (net)
                  0.17    0.00    2.18 ^ _175_/A (sky130_fd_sc_hd__buf_4)
    10    0.09    0.18    0.21    2.39 ^ _175_/X (sky130_fd_sc_hd__buf_4)
                                         _103_ (net)
                  0.18    0.01    2.39 ^ _242_/B (sky130_fd_sc_hd__and3_1)
     2    0.02    0.18    0.23    2.62 ^ _242_/X (sky130_fd_sc_hd__and3_1)
                                         _000_ (net)
                  0.18    0.00    2.62 ^ _244_/A1 (sky130_fd_sc_hd__o21a_2)
     4    0.04    0.14    0.20    2.82 ^ _244_/X (sky130_fd_sc_hd__o21a_2)
                                         _002_ (net)
                  0.14    0.00    2.82 ^ _247_/A_N (sky130_fd_sc_hd__and3b_2)
     3    0.04    0.08    0.20    3.02 v _247_/X (sky130_fd_sc_hd__and3b_2)
                                         _005_ (net)
                  0.08    0.00    3.02 v _250_/A1 (sky130_fd_sc_hd__o21ai_4)
     3    0.02    0.15    0.17    3.19 ^ _250_/Y (sky130_fd_sc_hd__o21ai_4)
                                         _008_ (net)
                  0.15    0.00    3.19 ^ rebuffer1/A (sky130_fd_sc_hd__dlygate4sd1_1)
     2    0.02    0.15    0.23    3.43 ^ rebuffer1/X (sky130_fd_sc_hd__dlygate4sd1_1)
                                         net28 (net)
                  0.15    0.00    3.43 ^ _328_/B (sky130_fd_sc_hd__nand2_1)
     1    0.01    0.09    0.08    3.51 v _328_/Y (sky130_fd_sc_hd__nand2_1)
                                         _080_ (net)
                  0.09    0.00    3.51 v _329_/B (sky130_fd_sc_hd__xnor2_2)
     1    0.02    0.23    0.22    3.73 ^ _329_/Y (sky130_fd_sc_hd__xnor2_2)
                                         _081_ (net)
                  0.23    0.00    3.73 ^ _335_/A2 (sky130_fd_sc_hd__a221o_1)
     1    0.01    0.11    0.17    3.90 ^ _335_/X (sky130_fd_sc_hd__a221o_1)
                                         net23 (net)
                  0.11    0.00    3.90 ^ output23/A (sky130_fd_sc_hd__buf_2)
     1    0.03    0.13    0.16    4.07 ^ output23/X (sky130_fd_sc_hd__buf_2)
                                         out[3] (net)
                  0.13    0.00    4.07 ^ out[3] (out)
                                  4.07   data arrival time

                  0.00   10.00   10.00   clock __VIRTUAL_CLK__ (rise edge)
                          0.00   10.00   clock network delay (ideal)
                         -0.25    9.75   clock uncertainty
                          0.00    9.75   clock reconvergence pessimism
                         -2.00    7.75   output external delay
                                  7.75   data required time
-----------------------------------------------------------------------------
                                  7.75   data required time
                                 -4.07   data arrival time
-----------------------------------------------------------------------------
                                  3.68   slack (MET)


Startpoint: in2[1] (input port clocked by __VIRTUAL_CLK__)
Endpoint: out[2] (output port clocked by __VIRTUAL_CLK__)
Path Group: __VIRTUAL_CLK__
Path Type: max
Corner: Fastest

Fanout     Cap    Slew   Delay    Time   Description
-----------------------------------------------------------------------------
                  0.00    0.00    0.00   clock __VIRTUAL_CLK__ (rise edge)
                          0.00    0.00   clock network delay (ideal)
                          2.00    2.00 ^ input external delay
     1    0.00    0.01    0.01    2.01 ^ in2[1] (in)
                                         in2[1] (net)
                  0.01    0.00    2.01 ^ input10/A (sky130_fd_sc_hd__buf_2)
     5    0.05    0.17    0.17    2.18 ^ input10/X (sky130_fd_sc_hd__buf_2)
                                         net10 (net)
                  0.17    0.00    2.18 ^ _175_/A (sky130_fd_sc_hd__buf_4)
    10    0.09    0.18    0.21    2.39 ^ _175_/X (sky130_fd_sc_hd__buf_4)
                                         _103_ (net)
                  0.18    0.01    2.39 ^ _242_/B (sky130_fd_sc_hd__and3_1)
     2    0.02    0.18    0.23    2.62 ^ _242_/X (sky130_fd_sc_hd__and3_1)
                                         _000_ (net)
                  0.18    0.00    2.62 ^ _244_/A1 (sky130_fd_sc_hd__o21a_2)
     4    0.04    0.14    0.20    2.82 ^ _244_/X (sky130_fd_sc_hd__o21a_2)
                                         _002_ (net)
                  0.14    0.00    2.82 ^ _247_/A_N (sky130_fd_sc_hd__and3b_2)
     3    0.04    0.08    0.20    3.02 v _247_/X (sky130_fd_sc_hd__and3b_2)
                                         _005_ (net)
                  0.08    0.00    3.02 v _250_/A1 (sky130_fd_sc_hd__o21ai_4)
     3    0.02    0.15    0.17    3.19 ^ _250_/Y (sky130_fd_sc_hd__o21ai_4)
                                         _008_ (net)
                  0.15    0.00    3.19 ^ rebuffer1/A (sky130_fd_sc_hd__dlygate4sd1_1)
     2    0.02    0.15    0.23    3.43 ^ rebuffer1/X (sky130_fd_sc_hd__dlygate4sd1_1)
                                         net28 (net)
                  0.15    0.00    3.43 ^ rebuffer2/A (sky130_fd_sc_hd__dlygate4sd1_1)
     1    0.00    0.03    0.15    3.58 ^ rebuffer2/X (sky130_fd_sc_hd__dlygate4sd1_1)
                                         net29 (net)
                  0.03    0.00    3.58 ^ _326_/A1 (sky130_fd_sc_hd__a31o_1)
     1    0.01    0.10    0.13    3.71 ^ _326_/X (sky130_fd_sc_hd__a31o_1)
                                         net22 (net)
                  0.10    0.00    3.71 ^ output22/A (sky130_fd_sc_hd__buf_2)
     1    0.03    0.13    0.16    3.87 ^ output22/X (sky130_fd_sc_hd__buf_2)
                                         out[2] (net)
                  0.13    0.00    3.87 ^ out[2] (out)
                                  3.87   data arrival time

                  0.00   10.00   10.00   clock __VIRTUAL_CLK__ (rise edge)
                          0.00   10.00   clock network delay (ideal)
                         -0.25    9.75   clock uncertainty
                          0.00    9.75   clock reconvergence pessimism
                         -2.00    7.75   output external delay
                                  7.75   data required time
-----------------------------------------------------------------------------
                                  7.75   data required time
                                 -3.87   data arrival time
-----------------------------------------------------------------------------
                                  3.88   slack (MET)


Startpoint: in2[1] (input port clocked by __VIRTUAL_CLK__)
Endpoint: out[1] (output port clocked by __VIRTUAL_CLK__)
Path Group: __VIRTUAL_CLK__
Path Type: max
Corner: Fastest

Fanout     Cap    Slew   Delay    Time   Description
-----------------------------------------------------------------------------
                  0.00    0.00    0.00   clock __VIRTUAL_CLK__ (rise edge)
                          0.00    0.00   clock network delay (ideal)
                          2.00    2.00 ^ input external delay
     1    0.00    0.01    0.01    2.01 ^ in2[1] (in)
                                         in2[1] (net)
                  0.01    0.00    2.01 ^ input10/A (sky130_fd_sc_hd__buf_2)
     5    0.05    0.17    0.17    2.18 ^ input10/X (sky130_fd_sc_hd__buf_2)
                                         net10 (net)
                  0.17    0.00    2.18 ^ _175_/A (sky130_fd_sc_hd__buf_4)
    10    0.09    0.18    0.21    2.39 ^ _175_/X (sky130_fd_sc_hd__buf_4)
                                         _103_ (net)
                  0.18    0.01    2.39 ^ _242_/B (sky130_fd_sc_hd__and3_1)
     2    0.02    0.18    0.23    2.62 ^ _242_/X (sky130_fd_sc_hd__and3_1)
                                         _000_ (net)
                  0.18    0.00    2.62 ^ _244_/A1 (sky130_fd_sc_hd__o21a_2)
     4    0.04    0.14    0.20    2.82 ^ _244_/X (sky130_fd_sc_hd__o21a_2)
                                         _002_ (net)
                  0.14    0.00    2.82 ^ _314_/A_N (sky130_fd_sc_hd__and2b_1)
     1    0.01    0.05    0.15    2.97 v _314_/X (sky130_fd_sc_hd__and2b_1)
                                         _068_ (net)
                  0.05    0.00    2.97 v _315_/A (sky130_fd_sc_hd__nor2_1)
     1    0.01    0.17    0.16    3.13 ^ _315_/Y (sky130_fd_sc_hd__nor2_1)
                                         _069_ (net)
                  0.17    0.00    3.13 ^ _316_/B (sky130_fd_sc_hd__or3b_1)
     1    0.01    0.08    0.13    3.26 ^ _316_/X (sky130_fd_sc_hd__or3b_1)
                                         _070_ (net)
                  0.08    0.00    3.26 ^ _317_/D_N (sky130_fd_sc_hd__or4b_1)
     1    0.00    0.06    0.26    3.52 v _317_/X (sky130_fd_sc_hd__or4b_1)
                                         _071_ (net)
                  0.06    0.00    3.52 v _318_/A (sky130_fd_sc_hd__dlymetal6s2s_1)
     1    0.03    0.11    0.17    3.70 v _318_/X (sky130_fd_sc_hd__dlymetal6s2s_1)
                                         net21 (net)
                  0.11    0.00    3.70 v output21/A (sky130_fd_sc_hd__buf_2)
     1    0.03    0.06    0.16    3.86 v output21/X (sky130_fd_sc_hd__buf_2)
                                         out[1] (net)
                  0.06    0.00    3.86 v out[1] (out)
                                  3.86   data arrival time

                  0.00   10.00   10.00   clock __VIRTUAL_CLK__ (rise edge)
                          0.00   10.00   clock network delay (ideal)
                         -0.25    9.75   clock uncertainty
                          0.00    9.75   clock reconvergence pessimism
                         -2.00    7.75   output external delay
                                  7.75   data required time
-----------------------------------------------------------------------------
                                  7.75   data required time
                                 -3.86   data arrival time
-----------------------------------------------------------------------------
                                  3.89   slack (MET)


Startpoint: op[1] (input port clocked by __VIRTUAL_CLK__)
Endpoint: out[0] (output port clocked by __VIRTUAL_CLK__)
Path Group: __VIRTUAL_CLK__
Path Type: max
Corner: Fastest

Fanout     Cap    Slew   Delay    Time   Description
-----------------------------------------------------------------------------
                  0.00    0.00    0.00   clock __VIRTUAL_CLK__ (rise edge)
                          0.00    0.00   clock network delay (ideal)
                          2.00    2.00 v input external delay
     1    0.00    0.00    0.00    2.00 v op[1] (in)
                                         op[1] (net)
                  0.00    0.00    2.00 v input18/A (sky130_fd_sc_hd__clkbuf_4)
     6    0.06    0.08    0.14    2.14 v input18/X (sky130_fd_sc_hd__clkbuf_4)
                                         net18 (net)
                  0.08    0.00    2.15 v _171_/B (sky130_fd_sc_hd__or2_2)
     4    0.02    0.07    0.23    2.38 v _171_/X (sky130_fd_sc_hd__or2_2)
                                         _099_ (net)
                  0.07    0.00    2.38 v _224_/B (sky130_fd_sc_hd__or2_1)
     1    0.02    0.08    0.19    2.57 v _224_/X (sky130_fd_sc_hd__or2_1)
                                         _152_ (net)
                  0.08    0.00    2.57 v _225_/A (sky130_fd_sc_hd__clkbuf_4)
     8    0.06    0.09    0.18    2.75 v _225_/X (sky130_fd_sc_hd__clkbuf_4)
                                         _153_ (net)
                  0.09    0.00    2.75 v _306_/A2 (sky130_fd_sc_hd__o21ai_2)
     1    0.02    0.17    0.17    2.93 ^ _306_/Y (sky130_fd_sc_hd__o21ai_2)
                                         _061_ (net)
                  0.17    0.00    2.93 ^ _307_/B1 (sky130_fd_sc_hd__a31o_1)
     1    0.03    0.19    0.18    3.11 ^ _307_/X (sky130_fd_sc_hd__a31o_1)
                                         net20 (net)
                  0.19    0.00    3.11 ^ output20/A (sky130_fd_sc_hd__buf_2)
     1    0.03    0.13    0.17    3.29 ^ output20/X (sky130_fd_sc_hd__buf_2)
                                         out[0] (net)
                  0.13    0.00    3.29 ^ out[0] (out)
                                  3.29   data arrival time

                  0.00   10.00   10.00   clock __VIRTUAL_CLK__ (rise edge)
                          0.00   10.00   clock network delay (ideal)
                         -0.25    9.75   clock uncertainty
                          0.00    9.75   clock reconvergence pessimism
                         -2.00    7.75   output external delay
                                  7.75   data required time
-----------------------------------------------------------------------------
                                  7.75   data required time
                                 -3.29   data arrival time
-----------------------------------------------------------------------------
                                  4.46   slack (MET)



worst slack corner Fastest: 3.4672
======================= Slowest Corner ===================================

Startpoint: in2[1] (input port clocked by __VIRTUAL_CLK__)
Endpoint: out[5] (output port clocked by __VIRTUAL_CLK__)
Path Group: __VIRTUAL_CLK__
Path Type: max
Corner: Slowest

Fanout     Cap    Slew   Delay    Time   Description
-----------------------------------------------------------------------------
                  0.00    0.00    0.00   clock __VIRTUAL_CLK__ (rise edge)
                          0.00    0.00   clock network delay (ideal)
                          2.00    2.00 ^ input external delay
     1    0.00    0.03    0.01    2.01 ^ in2[1] (in)
                                         in2[1] (net)
                  0.03    0.00    2.01 ^ input10/A (sky130_fd_sc_hd__buf_2)
     5    0.05    0.36    0.41    2.42 ^ input10/X (sky130_fd_sc_hd__buf_2)
                                         net10 (net)
                  0.36    0.00    2.42 ^ _175_/A (sky130_fd_sc_hd__buf_4)
    10    0.09    0.38    0.59    3.01 ^ _175_/X (sky130_fd_sc_hd__buf_4)
                                         _103_ (net)
                  0.38    0.00    3.01 ^ _185_/A1 (sky130_fd_sc_hd__a22oi_4)
     3    0.04    0.25    0.38    3.39 v _185_/Y (sky130_fd_sc_hd__a22oi_4)
                                         _113_ (net)
                  0.25    0.00    3.39 v _192_/C (sky130_fd_sc_hd__or3_4)
     2    0.03    0.18    0.85    4.25 v _192_/X (sky130_fd_sc_hd__or3_4)
                                         _120_ (net)
                  0.18    0.00    4.25 v _197_/A1 (sky130_fd_sc_hd__a21o_1)
     2    0.03    0.28    0.55    4.80 v _197_/X (sky130_fd_sc_hd__a21o_1)
                                         _125_ (net)
                  0.28    0.00    4.80 v _208_/B (sky130_fd_sc_hd__and2b_2)
     1    0.03    0.18    0.66    5.46 v _208_/X (sky130_fd_sc_hd__and2b_2)
                                         _136_ (net)
                  0.18    0.00    5.47 v _209_/A (sky130_fd_sc_hd__xnor2_4)
     3    0.05    0.59    0.64    6.11 ^ _209_/Y (sky130_fd_sc_hd__xnor2_4)
                                         _137_ (net)
                  0.59    0.00    6.11 ^ _210_/A (sky130_fd_sc_hd__nand3_4)
     3    0.04    0.32    0.48    6.58 v _210_/Y (sky130_fd_sc_hd__nand3_4)
                                         _138_ (net)
                  0.32    0.00    6.59 v _219_/A2 (sky130_fd_sc_hd__a21oi_2)
     1    0.02    0.45    0.58    7.17 ^ _219_/Y (sky130_fd_sc_hd__a21oi_2)
                                         _147_ (net)
                  0.45    0.00    7.17 ^ _221_/A (sky130_fd_sc_hd__nor2_1)
     1    0.02    0.20    0.36    7.53 v _221_/Y (sky130_fd_sc_hd__nor2_1)
                                         _149_ (net)
                  0.20    0.00    7.53 v _267_/A2 (sky130_fd_sc_hd__a211o_1)
     1    0.01    0.17    0.72    8.25 v _267_/X (sky130_fd_sc_hd__a211o_1)
                                         net25 (net)
                  0.17    0.00    8.25 v output25/A (sky130_fd_sc_hd__buf_2)
     1    0.03    0.17    0.41    8.66 v output25/X (sky130_fd_sc_hd__buf_2)
                                         out[5] (net)
                  0.17    0.00    8.67 v out[5] (out)
                                  8.67   data arrival time

                  0.00   10.00   10.00   clock __VIRTUAL_CLK__ (rise edge)
                          0.00   10.00   clock network delay (ideal)
                         -0.25    9.75   clock uncertainty
                          0.00    9.75   clock reconvergence pessimism
                         -2.00    7.75   output external delay
                                  7.75   data required time
-----------------------------------------------------------------------------
                                  7.75   data required time
                                 -8.67   data arrival time
-----------------------------------------------------------------------------
                                 -0.92   slack (VIOLATED)


Startpoint: in2[1] (input port clocked by __VIRTUAL_CLK__)
Endpoint: out[4] (output port clocked by __VIRTUAL_CLK__)
Path Group: __VIRTUAL_CLK__
Path Type: max
Corner: Slowest

Fanout     Cap    Slew   Delay    Time   Description
-----------------------------------------------------------------------------
                  0.00    0.00    0.00   clock __VIRTUAL_CLK__ (rise edge)
                          0.00    0.00   clock network delay (ideal)
                          2.00    2.00 ^ input external delay
     1    0.00    0.03    0.01    2.01 ^ in2[1] (in)
                                         in2[1] (net)
                  0.03    0.00    2.01 ^ input10/A (sky130_fd_sc_hd__buf_2)
     5    0.05    0.36    0.41    2.42 ^ input10/X (sky130_fd_sc_hd__buf_2)
                                         net10 (net)
                  0.36    0.00    2.42 ^ _175_/A (sky130_fd_sc_hd__buf_4)
    10    0.09    0.38    0.59    3.01 ^ _175_/X (sky130_fd_sc_hd__buf_4)
                                         _103_ (net)
                  0.38    0.00    3.01 ^ _185_/A1 (sky130_fd_sc_hd__a22oi_4)
     3    0.04    0.25    0.38    3.39 v _185_/Y (sky130_fd_sc_hd__a22oi_4)
                                         _113_ (net)
                  0.25    0.00    3.39 v _192_/C (sky130_fd_sc_hd__or3_4)
     2    0.03    0.18    0.85    4.25 v _192_/X (sky130_fd_sc_hd__or3_4)
                                         _120_ (net)
                  0.18    0.00    4.25 v _197_/A1 (sky130_fd_sc_hd__a21o_1)
     2    0.03    0.28    0.55    4.80 v _197_/X (sky130_fd_sc_hd__a21o_1)
                                         _125_ (net)
                  0.28    0.00    4.80 v _208_/B (sky130_fd_sc_hd__and2b_2)
     1    0.03    0.18    0.66    5.46 v _208_/X (sky130_fd_sc_hd__and2b_2)
                                         _136_ (net)
                  0.18    0.00    5.47 v _209_/A (sky130_fd_sc_hd__xnor2_4)
     3    0.05    0.59    0.64    6.11 ^ _209_/Y (sky130_fd_sc_hd__xnor2_4)
                                         _137_ (net)
                  0.59    0.00    6.11 ^ _210_/A (sky130_fd_sc_hd__nand3_4)
     3    0.04    0.32    0.48    6.58 v _210_/Y (sky130_fd_sc_hd__nand3_4)
                                         _138_ (net)
                  0.32    0.00    6.59 v _345_/A1 (sky130_fd_sc_hd__a31o_1)
     1    0.01    0.09    0.48    7.07 v _345_/X (sky130_fd_sc_hd__a31o_1)
                                         _096_ (net)
                  0.09    0.00    7.07 v _346_/C (sky130_fd_sc_hd__or3_1)
     1    0.01    0.18    0.83    7.90 v _346_/X (sky130_fd_sc_hd__or3_1)
                                         _097_ (net)
                  0.18    0.00    7.90 v _347_/A (sky130_fd_sc_hd__clkbuf_1)
     1    0.00    0.06    0.23    8.13 v _347_/X (sky130_fd_sc_hd__clkbuf_1)
                                         net24 (net)
                  0.06    0.00    8.13 v output24/A (sky130_fd_sc_hd__buf_2)
     1    0.03    0.17    0.36    8.48 v output24/X (sky130_fd_sc_hd__buf_2)
                                         out[4] (net)
                  0.17    0.00    8.48 v out[4] (out)
                                  8.48   data arrival time

                  0.00   10.00   10.00   clock __VIRTUAL_CLK__ (rise edge)
                          0.00   10.00   clock network delay (ideal)
                         -0.25    9.75   clock uncertainty
                          0.00    9.75   clock reconvergence pessimism
                         -2.00    7.75   output external delay
                                  7.75   data required time
-----------------------------------------------------------------------------
                                  7.75   data required time
                                 -8.48   data arrival time
-----------------------------------------------------------------------------
                                 -0.73   slack (VIOLATED)


Startpoint: op[0] (input port clocked by __VIRTUAL_CLK__)
Endpoint: out[6] (output port clocked by __VIRTUAL_CLK__)
Path Group: __VIRTUAL_CLK__
Path Type: max
Corner: Slowest

Fanout     Cap    Slew   Delay    Time   Description
-----------------------------------------------------------------------------
                  0.00    0.00    0.00   clock __VIRTUAL_CLK__ (rise edge)
                          0.00    0.00   clock network delay (ideal)
                          2.00    2.00 v input external delay
     1    0.00    0.02    0.01    2.01 v op[0] (in)
                                         op[0] (net)
                  0.02    0.00    2.01 v input17/A (sky130_fd_sc_hd__buf_2)
     5    0.04    0.18    0.35    2.36 v input17/X (sky130_fd_sc_hd__buf_2)
                                         net17 (net)
                  0.18    0.00    2.36 v _235_/A_N (sky130_fd_sc_hd__nand3b_4)
     5    0.03    0.25    0.47    2.83 v _235_/Y (sky130_fd_sc_hd__nand3b_4)
                                         _163_ (net)
                  0.25    0.00    2.83 v rebuffer3/A (sky130_fd_sc_hd__dlymetal6s2s_1)
     2    0.01    0.11    0.43    3.26 v rebuffer3/X (sky130_fd_sc_hd__dlymetal6s2s_1)
                                         net30 (net)
                  0.11    0.00    3.26 v rebuffer4/A (sky130_fd_sc_hd__clkbuf_2)
     4    0.02    0.17    0.32    3.58 v rebuffer4/X (sky130_fd_sc_hd__clkbuf_2)
                                         net31 (net)
                  0.17    0.00    3.58 v _236_/B1 (sky130_fd_sc_hd__o31a_2)
     3    0.03    0.21    0.39    3.97 v _236_/X (sky130_fd_sc_hd__o31a_2)
                                         _164_ (net)
                  0.21    0.00    3.97 v _237_/B (sky130_fd_sc_hd__xnor2_2)
     2    0.03    0.64    0.64    4.61 ^ _237_/Y (sky130_fd_sc_hd__xnor2_2)
                                         _165_ (net)
                  0.64    0.00    4.61 ^ _255_/B (sky130_fd_sc_hd__or2_1)
     1    0.02    0.24    0.52    5.13 ^ _255_/X (sky130_fd_sc_hd__or2_1)
                                         _013_ (net)
                  0.24    0.00    5.13 ^ _256_/B (sky130_fd_sc_hd__nand2_1)
     2    0.02    0.30    0.36    5.49 v _256_/Y (sky130_fd_sc_hd__nand2_1)
                                         _014_ (net)
                  0.30    0.00    5.49 v _257_/C1 (sky130_fd_sc_hd__a311o_4)
     5    0.04    0.18    0.82    6.31 v _257_/X (sky130_fd_sc_hd__a311o_4)
                                         _015_ (net)
                  0.18    0.00    6.32 v _276_/A3 (sky130_fd_sc_hd__a311oi_4)
     3    0.02    0.59    0.77    7.09 ^ _276_/Y (sky130_fd_sc_hd__a311oi_4)
                                         _033_ (net)
                  0.59    0.00    7.09 ^ _277_/A_N (sky130_fd_sc_hd__and2b_1)
     1    0.01    0.13    0.63    7.72 v _277_/X (sky130_fd_sc_hd__and2b_1)
                                         _034_ (net)
                  0.13    0.00    7.72 v _291_/A2 (sky130_fd_sc_hd__a21o_1)
     1    0.01    0.09    0.39    8.11 v _291_/X (sky130_fd_sc_hd__a21o_1)
                                         net26 (net)
                  0.09    0.00    8.11 v output26/A (sky130_fd_sc_hd__buf_2)
     1    0.03    0.17    0.37    8.48 v output26/X (sky130_fd_sc_hd__buf_2)
                                         out[6] (net)
                  0.17    0.00    8.48 v out[6] (out)
                                  8.48   data arrival time

                  0.00   10.00   10.00   clock __VIRTUAL_CLK__ (rise edge)
                          0.00   10.00   clock network delay (ideal)
                         -0.25    9.75   clock uncertainty
                          0.00    9.75   clock reconvergence pessimism
                         -2.00    7.75   output external delay
                                  7.75   data required time
-----------------------------------------------------------------------------
                                  7.75   data required time
                                 -8.48   data arrival time
-----------------------------------------------------------------------------
                                 -0.73   slack (VIOLATED)


Startpoint: op[0] (input port clocked by __VIRTUAL_CLK__)
Endpoint: out[7] (output port clocked by __VIRTUAL_CLK__)
Path Group: __VIRTUAL_CLK__
Path Type: max
Corner: Slowest

Fanout     Cap    Slew   Delay    Time   Description
-----------------------------------------------------------------------------
                  0.00    0.00    0.00   clock __VIRTUAL_CLK__ (rise edge)
                          0.00    0.00   clock network delay (ideal)
                          2.00    2.00 v input external delay
     1    0.00    0.02    0.01    2.01 v op[0] (in)
                                         op[0] (net)
                  0.02    0.00    2.01 v input17/A (sky130_fd_sc_hd__buf_2)
     5    0.04    0.18    0.35    2.36 v input17/X (sky130_fd_sc_hd__buf_2)
                                         net17 (net)
                  0.18    0.00    2.36 v _235_/A_N (sky130_fd_sc_hd__nand3b_4)
     5    0.03    0.25    0.47    2.83 v _235_/Y (sky130_fd_sc_hd__nand3b_4)
                                         _163_ (net)
                  0.25    0.00    2.83 v rebuffer3/A (sky130_fd_sc_hd__dlymetal6s2s_1)
     2    0.01    0.11    0.43    3.26 v rebuffer3/X (sky130_fd_sc_hd__dlymetal6s2s_1)
                                         net30 (net)
                  0.11    0.00    3.26 v rebuffer4/A (sky130_fd_sc_hd__clkbuf_2)
     4    0.02    0.17    0.32    3.58 v rebuffer4/X (sky130_fd_sc_hd__clkbuf_2)
                                         net31 (net)
                  0.17    0.00    3.58 v _236_/B1 (sky130_fd_sc_hd__o31a_2)
     3    0.03    0.21    0.39    3.97 v _236_/X (sky130_fd_sc_hd__o31a_2)
                                         _164_ (net)
                  0.21    0.00    3.97 v _237_/B (sky130_fd_sc_hd__xnor2_2)
     2    0.03    0.64    0.64    4.61 ^ _237_/Y (sky130_fd_sc_hd__xnor2_2)
                                         _165_ (net)
                  0.64    0.00    4.61 ^ _255_/B (sky130_fd_sc_hd__or2_1)
     1    0.02    0.24    0.52    5.13 ^ _255_/X (sky130_fd_sc_hd__or2_1)
                                         _013_ (net)
                  0.24    0.00    5.13 ^ _256_/B (sky130_fd_sc_hd__nand2_1)
     2    0.02    0.30    0.36    5.49 v _256_/Y (sky130_fd_sc_hd__nand2_1)
                                         _014_ (net)
                  0.30    0.00    5.49 v _257_/C1 (sky130_fd_sc_hd__a311o_4)
     5    0.04    0.18    0.82    6.31 v _257_/X (sky130_fd_sc_hd__a311o_4)
                                         _015_ (net)
                  0.18    0.00    6.32 v _276_/A3 (sky130_fd_sc_hd__a311oi_4)
     3    0.02    0.59    0.77    7.09 ^ _276_/Y (sky130_fd_sc_hd__a311oi_4)
                                         _033_ (net)
                  0.59    0.00    7.09 ^ _295_/A2 (sky130_fd_sc_hd__o21ai_2)
     1    0.03    0.27    0.45    7.53 v _295_/Y (sky130_fd_sc_hd__o21ai_2)
                                         _051_ (net)
                  0.27    0.00    7.53 v _302_/A2 (sky130_fd_sc_hd__a31o_4)
     1    0.03    0.12    0.61    8.14 v _302_/X (sky130_fd_sc_hd__a31o_4)
                                         net27 (net)
                  0.12    0.00    8.14 v output27/A (sky130_fd_sc_hd__buf_6)
     1    0.03    0.08    0.29    8.43 v output27/X (sky130_fd_sc_hd__buf_6)
                                         out[7] (net)
                  0.08    0.00    8.43 v out[7] (out)
                                  8.43   data arrival time

                  0.00   10.00   10.00   clock __VIRTUAL_CLK__ (rise edge)
                          0.00   10.00   clock network delay (ideal)
                         -0.25    9.75   clock uncertainty
                          0.00    9.75   clock reconvergence pessimism
                         -2.00    7.75   output external delay
                                  7.75   data required time
-----------------------------------------------------------------------------
                                  7.75   data required time
                                 -8.43   data arrival time
-----------------------------------------------------------------------------
                                 -0.68   slack (VIOLATED)


Startpoint: op[0] (input port clocked by __VIRTUAL_CLK__)
Endpoint: out[3] (output port clocked by __VIRTUAL_CLK__)
Path Group: __VIRTUAL_CLK__
Path Type: max
Corner: Slowest

Fanout     Cap    Slew   Delay    Time   Description
-----------------------------------------------------------------------------
                  0.00    0.00    0.00   clock __VIRTUAL_CLK__ (rise edge)
                          0.00    0.00   clock network delay (ideal)
                          2.00    2.00 v input external delay
     1    0.00    0.02    0.01    2.01 v op[0] (in)
                                         op[0] (net)
                  0.02    0.00    2.01 v input17/A (sky130_fd_sc_hd__buf_2)
     5    0.04    0.18    0.35    2.36 v input17/X (sky130_fd_sc_hd__buf_2)
                                         net17 (net)
                  0.18    0.00    2.36 v _235_/A_N (sky130_fd_sc_hd__nand3b_4)
     5    0.03    0.25    0.47    2.83 v _235_/Y (sky130_fd_sc_hd__nand3b_4)
                                         _163_ (net)
                  0.25    0.00    2.83 v rebuffer3/A (sky130_fd_sc_hd__dlymetal6s2s_1)
     2    0.01    0.11    0.43    3.26 v rebuffer3/X (sky130_fd_sc_hd__dlymetal6s2s_1)
                                         net30 (net)
                  0.11    0.00    3.26 v _243_/A2 (sky130_fd_sc_hd__a21oi_1)
     2    0.01    0.48    0.51    3.77 ^ _243_/Y (sky130_fd_sc_hd__a21oi_1)
                                         _001_ (net)
                  0.48    0.00    3.77 ^ _244_/A2 (sky130_fd_sc_hd__o21a_2)
     4    0.04    0.31    0.59    4.36 ^ _244_/X (sky130_fd_sc_hd__o21a_2)
                                         _002_ (net)
                  0.31    0.00    4.36 ^ _247_/A_N (sky130_fd_sc_hd__and3b_2)
     3    0.04    0.21    0.69    5.05 v _247_/X (sky130_fd_sc_hd__and3b_2)
                                         _005_ (net)
                  0.21    0.00    5.05 v _250_/A1 (sky130_fd_sc_hd__o21ai_4)
     3    0.02    0.30    0.42    5.47 ^ _250_/Y (sky130_fd_sc_hd__o21ai_4)
                                         _008_ (net)
                  0.30    0.00    5.47 ^ rebuffer1/A (sky130_fd_sc_hd__dlygate4sd1_1)
     2    0.02    0.31    0.67    6.14 ^ rebuffer1/X (sky130_fd_sc_hd__dlygate4sd1_1)
                                         net28 (net)
                  0.31    0.00    6.14 ^ _328_/B (sky130_fd_sc_hd__nand2_1)
     1    0.01    0.24    0.31    6.46 v _328_/Y (sky130_fd_sc_hd__nand2_1)
                                         _080_ (net)
                  0.24    0.00    6.46 v _329_/B (sky130_fd_sc_hd__xnor2_2)
     1    0.02    0.23    0.44    6.90 v _329_/Y (sky130_fd_sc_hd__xnor2_2)
                                         _081_ (net)
                  0.23    0.00    6.90 v _335_/A2 (sky130_fd_sc_hd__a221o_1)
     1    0.01    0.19    0.86    7.76 v _335_/X (sky130_fd_sc_hd__a221o_1)
                                         net23 (net)
                  0.19    0.00    7.76 v output23/A (sky130_fd_sc_hd__buf_2)
     1    0.03    0.17    0.42    8.18 v output23/X (sky130_fd_sc_hd__buf_2)
                                         out[3] (net)
                  0.17    0.00    8.18 v out[3] (out)
                                  8.18   data arrival time

                  0.00   10.00   10.00   clock __VIRTUAL_CLK__ (rise edge)
                          0.00   10.00   clock network delay (ideal)
                         -0.25    9.75   clock uncertainty
                          0.00    9.75   clock reconvergence pessimism
                         -2.00    7.75   output external delay
                                  7.75   data required time
-----------------------------------------------------------------------------
                                  7.75   data required time
                                 -8.18   data arrival time
-----------------------------------------------------------------------------
                                 -0.43   slack (VIOLATED)


Startpoint: op[0] (input port clocked by __VIRTUAL_CLK__)
Endpoint: out[1] (output port clocked by __VIRTUAL_CLK__)
Path Group: __VIRTUAL_CLK__
Path Type: max
Corner: Slowest

Fanout     Cap    Slew   Delay    Time   Description
-----------------------------------------------------------------------------
                  0.00    0.00    0.00   clock __VIRTUAL_CLK__ (rise edge)
                          0.00    0.00   clock network delay (ideal)
                          2.00    2.00 v input external delay
     1    0.00    0.02    0.01    2.01 v op[0] (in)
                                         op[0] (net)
                  0.02    0.00    2.01 v input17/A (sky130_fd_sc_hd__buf_2)
     5    0.04    0.18    0.35    2.36 v input17/X (sky130_fd_sc_hd__buf_2)
                                         net17 (net)
                  0.18    0.00    2.36 v _235_/A_N (sky130_fd_sc_hd__nand3b_4)
     5    0.03    0.25    0.47    2.83 v _235_/Y (sky130_fd_sc_hd__nand3b_4)
                                         _163_ (net)
                  0.25    0.00    2.83 v rebuffer3/A (sky130_fd_sc_hd__dlymetal6s2s_1)
     2    0.01    0.11    0.43    3.26 v rebuffer3/X (sky130_fd_sc_hd__dlymetal6s2s_1)
                                         net30 (net)
                  0.11    0.00    3.26 v _243_/A2 (sky130_fd_sc_hd__a21oi_1)
     2    0.01    0.48    0.51    3.77 ^ _243_/Y (sky130_fd_sc_hd__a21oi_1)
                                         _001_ (net)
                  0.48    0.00    3.77 ^ _244_/A2 (sky130_fd_sc_hd__o21a_2)
     4    0.04    0.31    0.59    4.36 ^ _244_/X (sky130_fd_sc_hd__o21a_2)
                                         _002_ (net)
                  0.31    0.00    4.36 ^ _314_/A_N (sky130_fd_sc_hd__and2b_1)
     1    0.01    0.13    0.54    4.90 v _314_/X (sky130_fd_sc_hd__and2b_1)
                                         _068_ (net)
                  0.13    0.00    4.90 v _315_/A (sky130_fd_sc_hd__nor2_1)
     1    0.01    0.39    0.41    5.30 ^ _315_/Y (sky130_fd_sc_hd__nor2_1)
                                         _069_ (net)
                  0.39    0.00    5.30 ^ _316_/B (sky130_fd_sc_hd__or3b_1)
     1    0.01    0.17    0.39    5.70 ^ _316_/X (sky130_fd_sc_hd__or3b_1)
                                         _070_ (net)
                  0.17    0.00    5.70 ^ _317_/D_N (sky130_fd_sc_hd__or4b_1)
     1    0.00    0.19    1.14    6.83 v _317_/X (sky130_fd_sc_hd__or4b_1)
                                         _071_ (net)
                  0.19    0.00    6.83 v _318_/A (sky130_fd_sc_hd__dlymetal6s2s_1)
     1    0.03    0.30    0.55    7.39 v _318_/X (sky130_fd_sc_hd__dlymetal6s2s_1)
                                         net21 (net)
                  0.30    0.00    7.39 v output21/A (sky130_fd_sc_hd__buf_2)
     1    0.03    0.17    0.48    7.87 v output21/X (sky130_fd_sc_hd__buf_2)
                                         out[1] (net)
                  0.17    0.00    7.87 v out[1] (out)
                                  7.87   data arrival time

                  0.00   10.00   10.00   clock __VIRTUAL_CLK__ (rise edge)
                          0.00   10.00   clock network delay (ideal)
                         -0.25    9.75   clock uncertainty
                          0.00    9.75   clock reconvergence pessimism
                         -2.00    7.75   output external delay
                                  7.75   data required time
-----------------------------------------------------------------------------
                                  7.75   data required time
                                 -7.87   data arrival time
-----------------------------------------------------------------------------
                                 -0.12   slack (VIOLATED)


Startpoint: op[0] (input port clocked by __VIRTUAL_CLK__)
Endpoint: out[2] (output port clocked by __VIRTUAL_CLK__)
Path Group: __VIRTUAL_CLK__
Path Type: max
Corner: Slowest

Fanout     Cap    Slew   Delay    Time   Description
-----------------------------------------------------------------------------
                  0.00    0.00    0.00   clock __VIRTUAL_CLK__ (rise edge)
                          0.00    0.00   clock network delay (ideal)
                          2.00    2.00 v input external delay
     1    0.00    0.02    0.01    2.01 v op[0] (in)
                                         op[0] (net)
                  0.02    0.00    2.01 v input17/A (sky130_fd_sc_hd__buf_2)
     5    0.04    0.18    0.35    2.36 v input17/X (sky130_fd_sc_hd__buf_2)
                                         net17 (net)
                  0.18    0.00    2.36 v _235_/A_N (sky130_fd_sc_hd__nand3b_4)
     5    0.03    0.25    0.47    2.83 v _235_/Y (sky130_fd_sc_hd__nand3b_4)
                                         _163_ (net)
                  0.25    0.00    2.83 v rebuffer3/A (sky130_fd_sc_hd__dlymetal6s2s_1)
     2    0.01    0.11    0.43    3.26 v rebuffer3/X (sky130_fd_sc_hd__dlymetal6s2s_1)
                                         net30 (net)
                  0.11    0.00    3.26 v rebuffer4/A (sky130_fd_sc_hd__clkbuf_2)
     4    0.02    0.17    0.32    3.58 v rebuffer4/X (sky130_fd_sc_hd__clkbuf_2)
                                         net31 (net)
                  0.17    0.00    3.58 v _240_/B (sky130_fd_sc_hd__and3_4)
     2    0.03    0.10    0.43    4.01 v _240_/X (sky130_fd_sc_hd__and3_4)
                                         _168_ (net)
                  0.10    0.00    4.02 v _248_/C (sky130_fd_sc_hd__or3_1)
     1    0.01    0.17    0.82    4.84 v _248_/X (sky130_fd_sc_hd__or3_1)
                                         _006_ (net)
                  0.17    0.00    4.84 v _249_/B (sky130_fd_sc_hd__and2_4)
     2    0.02    0.08    0.39    5.23 v _249_/X (sky130_fd_sc_hd__and2_4)
                                         _007_ (net)
                  0.08    0.00    5.23 v _319_/A (sky130_fd_sc_hd__or3_2)
     1    0.02    0.28    1.36    6.59 v _319_/X (sky130_fd_sc_hd__or3_2)
                                         _072_ (net)
                  0.28    0.00    6.59 v _326_/A3 (sky130_fd_sc_hd__a31o_1)
     1    0.01    0.15    0.59    7.18 v _326_/X (sky130_fd_sc_hd__a31o_1)
                                         net22 (net)
                  0.15    0.00    7.18 v output22/A (sky130_fd_sc_hd__buf_2)
     1    0.03    0.16    0.40    7.59 v output22/X (sky130_fd_sc_hd__buf_2)
                                         out[2] (net)
                  0.16    0.00    7.59 v out[2] (out)
                                  7.59   data arrival time

                  0.00   10.00   10.00   clock __VIRTUAL_CLK__ (rise edge)
                          0.00   10.00   clock network delay (ideal)
                         -0.25    9.75   clock uncertainty
                          0.00    9.75   clock reconvergence pessimism
                         -2.00    7.75   output external delay
                                  7.75   data required time
-----------------------------------------------------------------------------
                                  7.75   data required time
                                 -7.59   data arrival time
-----------------------------------------------------------------------------
                                  0.16   slack (MET)


Startpoint: op[0] (input port clocked by __VIRTUAL_CLK__)
Endpoint: out[0] (output port clocked by __VIRTUAL_CLK__)
Path Group: __VIRTUAL_CLK__
Path Type: max
Corner: Slowest

Fanout     Cap    Slew   Delay    Time   Description
-----------------------------------------------------------------------------
                  0.00    0.00    0.00   clock __VIRTUAL_CLK__ (rise edge)
                          0.00    0.00   clock network delay (ideal)
                          2.00    2.00 v input external delay
     1    0.00    0.02    0.01    2.01 v op[0] (in)
                                         op[0] (net)
                  0.02    0.00    2.01 v input17/A (sky130_fd_sc_hd__buf_2)
     5    0.04    0.18    0.35    2.36 v input17/X (sky130_fd_sc_hd__buf_2)
                                         net17 (net)
                  0.18    0.00    2.36 v _171_/A (sky130_fd_sc_hd__or2_2)
     4    0.02    0.20    0.89    3.25 v _171_/X (sky130_fd_sc_hd__or2_2)
                                         _099_ (net)
                  0.20    0.00    3.25 v _224_/B (sky130_fd_sc_hd__or2_1)
     1    0.02    0.22    0.69    3.94 v _224_/X (sky130_fd_sc_hd__or2_1)
                                         _152_ (net)
                  0.22    0.00    3.94 v _225_/A (sky130_fd_sc_hd__clkbuf_4)
     8    0.06    0.22    0.48    4.42 v _225_/X (sky130_fd_sc_hd__clkbuf_4)
                                         _153_ (net)
                  0.22    0.00    4.43 v _306_/A2 (sky130_fd_sc_hd__o21ai_2)
     1    0.02    0.38    0.44    4.87 ^ _306_/Y (sky130_fd_sc_hd__o21ai_2)
                                         _061_ (net)
                  0.38    0.00    4.87 ^ _307_/B1 (sky130_fd_sc_hd__a31o_1)
     1    0.03    0.41    0.56    5.42 ^ _307_/X (sky130_fd_sc_hd__a31o_1)
                                         net20 (net)
                  0.41    0.00    5.42 ^ output20/A (sky130_fd_sc_hd__buf_2)
     1    0.03    0.27    0.51    5.93 ^ output20/X (sky130_fd_sc_hd__buf_2)
                                         out[0] (net)
                  0.27    0.00    5.93 ^ out[0] (out)
                                  5.93   data arrival time

                  0.00   10.00   10.00   clock __VIRTUAL_CLK__ (rise edge)
                          0.00   10.00   clock network delay (ideal)
                         -0.25    9.75   clock uncertainty
                          0.00    9.75   clock reconvergence pessimism
                         -2.00    7.75   output external delay
                                  7.75   data required time
-----------------------------------------------------------------------------
                                  7.75   data required time
                                 -5.93   data arrival time
-----------------------------------------------------------------------------
                                  1.82   slack (MET)



worst slack corner Slowest: -0.9152
======================= Typical Corner ===================================

Startpoint: in2[1] (input port clocked by __VIRTUAL_CLK__)
Endpoint: out[5] (output port clocked by __VIRTUAL_CLK__)
Path Group: __VIRTUAL_CLK__
Path Type: max
Corner: Typical

Fanout     Cap    Slew   Delay    Time   Description
-----------------------------------------------------------------------------
                  0.00    0.00    0.00   clock __VIRTUAL_CLK__ (rise edge)
                          0.00    0.00   clock network delay (ideal)
                          2.00    2.00 ^ input external delay
     1    0.00    0.02    0.01    2.01 ^ in2[1] (in)
                                         in2[1] (net)
                  0.02    0.00    2.01 ^ input10/A (sky130_fd_sc_hd__buf_2)
     5    0.05    0.23    0.24    2.25 ^ input10/X (sky130_fd_sc_hd__buf_2)
                                         net10 (net)
                  0.23    0.00    2.25 ^ _175_/A (sky130_fd_sc_hd__buf_4)
    10    0.09    0.24    0.32    2.57 ^ _175_/X (sky130_fd_sc_hd__buf_4)
                                         _103_ (net)
                  0.24    0.00    2.57 ^ _185_/A1 (sky130_fd_sc_hd__a22oi_4)
     3    0.04    0.14    0.19    2.76 v _185_/Y (sky130_fd_sc_hd__a22oi_4)
                                         _113_ (net)
                  0.14    0.00    2.76 v _192_/C (sky130_fd_sc_hd__or3_4)
     2    0.03    0.10    0.43    3.19 v _192_/X (sky130_fd_sc_hd__or3_4)
                                         _120_ (net)
                  0.10    0.00    3.19 v _197_/A1 (sky130_fd_sc_hd__a21o_1)
     2    0.03    0.15    0.29    3.48 v _197_/X (sky130_fd_sc_hd__a21o_1)
                                         _125_ (net)
                  0.15    0.00    3.48 v _208_/B (sky130_fd_sc_hd__and2b_2)
     1    0.03    0.09    0.32    3.80 v _208_/X (sky130_fd_sc_hd__and2b_2)
                                         _136_ (net)
                  0.09    0.00    3.80 v _209_/A (sky130_fd_sc_hd__xnor2_4)
     3    0.05    0.38    0.39    4.19 ^ _209_/Y (sky130_fd_sc_hd__xnor2_4)
                                         _137_ (net)
                  0.38    0.00    4.19 ^ _210_/A (sky130_fd_sc_hd__nand3_4)
     3    0.04    0.18    0.22    4.42 v _210_/Y (sky130_fd_sc_hd__nand3_4)
                                         _138_ (net)
                  0.18    0.00    4.42 v _219_/A2 (sky130_fd_sc_hd__a21oi_2)
     1    0.02    0.28    0.34    4.76 ^ _219_/Y (sky130_fd_sc_hd__a21oi_2)
                                         _147_ (net)
                  0.28    0.00    4.76 ^ _221_/A (sky130_fd_sc_hd__nor2_1)
     1    0.02    0.12    0.17    4.93 v _221_/Y (sky130_fd_sc_hd__nor2_1)
                                         _149_ (net)
                  0.12    0.00    4.93 v _267_/A2 (sky130_fd_sc_hd__a211o_1)
     1    0.01    0.09    0.38    5.32 v _267_/X (sky130_fd_sc_hd__a211o_1)
                                         net25 (net)
                  0.09    0.00    5.32 v output25/A (sky130_fd_sc_hd__buf_2)
     1    0.03    0.09    0.21    5.53 v output25/X (sky130_fd_sc_hd__buf_2)
                                         out[5] (net)
                  0.09    0.00    5.53 v out[5] (out)
                                  5.53   data arrival time

                  0.00   10.00   10.00   clock __VIRTUAL_CLK__ (rise edge)
                          0.00   10.00   clock network delay (ideal)
                         -0.25    9.75   clock uncertainty
                          0.00    9.75   clock reconvergence pessimism
                         -2.00    7.75   output external delay
                                  7.75   data required time
-----------------------------------------------------------------------------
                                  7.75   data required time
                                 -5.53   data arrival time
-----------------------------------------------------------------------------
                                  2.22   slack (MET)


Startpoint: op[0] (input port clocked by __VIRTUAL_CLK__)
Endpoint: out[7] (output port clocked by __VIRTUAL_CLK__)
Path Group: __VIRTUAL_CLK__
Path Type: max
Corner: Typical

Fanout     Cap    Slew   Delay    Time   Description
-----------------------------------------------------------------------------
                  0.00    0.00    0.00   clock __VIRTUAL_CLK__ (rise edge)
                          0.00    0.00   clock network delay (ideal)
                          2.00    2.00 v input external delay
     1    0.00    0.01    0.00    2.00 v op[0] (in)
                                         op[0] (net)
                  0.01    0.00    2.00 v input17/A (sky130_fd_sc_hd__buf_2)
     5    0.04    0.10    0.18    2.18 v input17/X (sky130_fd_sc_hd__buf_2)
                                         net17 (net)
                  0.10    0.00    2.19 v _235_/A_N (sky130_fd_sc_hd__nand3b_4)
     5    0.03    0.13    0.24    2.43 v _235_/Y (sky130_fd_sc_hd__nand3b_4)
                                         _163_ (net)
                  0.13    0.00    2.43 v rebuffer3/A (sky130_fd_sc_hd__dlymetal6s2s_1)
     2    0.01    0.06    0.20    2.63 v rebuffer3/X (sky130_fd_sc_hd__dlymetal6s2s_1)
                                         net30 (net)
                  0.06    0.00    2.63 v rebuffer4/A (sky130_fd_sc_hd__clkbuf_2)
     4    0.02    0.10    0.17    2.80 v rebuffer4/X (sky130_fd_sc_hd__clkbuf_2)
                                         net31 (net)
                  0.10    0.00    2.80 v _236_/B1 (sky130_fd_sc_hd__o31a_2)
     3    0.03    0.12    0.21    3.01 v _236_/X (sky130_fd_sc_hd__o31a_2)
                                         _164_ (net)
                  0.12    0.00    3.01 v _237_/B (sky130_fd_sc_hd__xnor2_2)
     2    0.03    0.41    0.39    3.40 ^ _237_/Y (sky130_fd_sc_hd__xnor2_2)
                                         _165_ (net)
                  0.41    0.00    3.40 ^ _255_/B (sky130_fd_sc_hd__or2_1)
     1    0.02    0.15    0.25    3.65 ^ _255_/X (sky130_fd_sc_hd__or2_1)
                                         _013_ (net)
                  0.15    0.00    3.65 ^ _256_/B (sky130_fd_sc_hd__nand2_1)
     2    0.02    0.14    0.16    3.81 v _256_/Y (sky130_fd_sc_hd__nand2_1)
                                         _014_ (net)
                  0.14    0.00    3.81 v _257_/C1 (sky130_fd_sc_hd__a311o_4)
     5    0.04    0.11    0.44    4.25 v _257_/X (sky130_fd_sc_hd__a311o_4)
                                         _015_ (net)
                  0.11    0.00    4.26 v _276_/A3 (sky130_fd_sc_hd__a311oi_4)
     3    0.02    0.39    0.47    4.73 ^ _276_/Y (sky130_fd_sc_hd__a311oi_4)
                                         _033_ (net)
                  0.39    0.00    4.73 ^ _295_/A2 (sky130_fd_sc_hd__o21ai_2)
     1    0.03    0.15    0.20    4.93 v _295_/Y (sky130_fd_sc_hd__o21ai_2)
                                         _051_ (net)
                  0.15    0.00    4.93 v _302_/A2 (sky130_fd_sc_hd__a31o_4)
     1    0.03    0.07    0.33    5.26 v _302_/X (sky130_fd_sc_hd__a31o_4)
                                         net27 (net)
                  0.07    0.00    5.26 v output27/A (sky130_fd_sc_hd__buf_6)
     1    0.03    0.04    0.16    5.42 v output27/X (sky130_fd_sc_hd__buf_6)
                                         out[7] (net)
                  0.04    0.00    5.42 v out[7] (out)
                                  5.42   data arrival time

                  0.00   10.00   10.00   clock __VIRTUAL_CLK__ (rise edge)
                          0.00   10.00   clock network delay (ideal)
                         -0.25    9.75   clock uncertainty
                          0.00    9.75   clock reconvergence pessimism
                         -2.00    7.75   output external delay
                                  7.75   data required time
-----------------------------------------------------------------------------
                                  7.75   data required time
                                 -5.42   data arrival time
-----------------------------------------------------------------------------
                                  2.33   slack (MET)


Startpoint: op[0] (input port clocked by __VIRTUAL_CLK__)
Endpoint: out[6] (output port clocked by __VIRTUAL_CLK__)
Path Group: __VIRTUAL_CLK__
Path Type: max
Corner: Typical

Fanout     Cap    Slew   Delay    Time   Description
-----------------------------------------------------------------------------
                  0.00    0.00    0.00   clock __VIRTUAL_CLK__ (rise edge)
                          0.00    0.00   clock network delay (ideal)
                          2.00    2.00 v input external delay
     1    0.00    0.01    0.00    2.00 v op[0] (in)
                                         op[0] (net)
                  0.01    0.00    2.00 v input17/A (sky130_fd_sc_hd__buf_2)
     5    0.04    0.10    0.18    2.18 v input17/X (sky130_fd_sc_hd__buf_2)
                                         net17 (net)
                  0.10    0.00    2.19 v _235_/A_N (sky130_fd_sc_hd__nand3b_4)
     5    0.03    0.13    0.24    2.43 v _235_/Y (sky130_fd_sc_hd__nand3b_4)
                                         _163_ (net)
                  0.13    0.00    2.43 v rebuffer3/A (sky130_fd_sc_hd__dlymetal6s2s_1)
     2    0.01    0.06    0.20    2.63 v rebuffer3/X (sky130_fd_sc_hd__dlymetal6s2s_1)
                                         net30 (net)
                  0.06    0.00    2.63 v rebuffer4/A (sky130_fd_sc_hd__clkbuf_2)
     4    0.02    0.10    0.17    2.80 v rebuffer4/X (sky130_fd_sc_hd__clkbuf_2)
                                         net31 (net)
                  0.10    0.00    2.80 v _236_/B1 (sky130_fd_sc_hd__o31a_2)
     3    0.03    0.12    0.21    3.01 v _236_/X (sky130_fd_sc_hd__o31a_2)
                                         _164_ (net)
                  0.12    0.00    3.01 v _237_/B (sky130_fd_sc_hd__xnor2_2)
     2    0.03    0.41    0.39    3.40 ^ _237_/Y (sky130_fd_sc_hd__xnor2_2)
                                         _165_ (net)
                  0.41    0.00    3.40 ^ _255_/B (sky130_fd_sc_hd__or2_1)
     1    0.02    0.15    0.25    3.65 ^ _255_/X (sky130_fd_sc_hd__or2_1)
                                         _013_ (net)
                  0.15    0.00    3.65 ^ _256_/B (sky130_fd_sc_hd__nand2_1)
     2    0.02    0.14    0.16    3.81 v _256_/Y (sky130_fd_sc_hd__nand2_1)
                                         _014_ (net)
                  0.14    0.00    3.81 v _257_/C1 (sky130_fd_sc_hd__a311o_4)
     5    0.04    0.11    0.44    4.25 v _257_/X (sky130_fd_sc_hd__a311o_4)
                                         _015_ (net)
                  0.11    0.00    4.26 v _276_/A3 (sky130_fd_sc_hd__a311oi_4)
     3    0.02    0.39    0.47    4.73 ^ _276_/Y (sky130_fd_sc_hd__a311oi_4)
                                         _033_ (net)
                  0.39    0.00    4.73 ^ _277_/A_N (sky130_fd_sc_hd__and2b_1)
     1    0.01    0.07    0.28    5.01 v _277_/X (sky130_fd_sc_hd__and2b_1)
                                         _034_ (net)
                  0.07    0.00    5.01 v _291_/A2 (sky130_fd_sc_hd__a21o_1)
     1    0.01    0.05    0.21    5.22 v _291_/X (sky130_fd_sc_hd__a21o_1)
                                         net26 (net)
                  0.05    0.00    5.22 v output26/A (sky130_fd_sc_hd__buf_2)
     1    0.03    0.09    0.19    5.41 v output26/X (sky130_fd_sc_hd__buf_2)
                                         out[6] (net)
                  0.09    0.00    5.41 v out[6] (out)
                                  5.41   data arrival time

                  0.00   10.00   10.00   clock __VIRTUAL_CLK__ (rise edge)
                          0.00   10.00   clock network delay (ideal)
                         -0.25    9.75   clock uncertainty
                          0.00    9.75   clock reconvergence pessimism
                         -2.00    7.75   output external delay
                                  7.75   data required time
-----------------------------------------------------------------------------
                                  7.75   data required time
                                 -5.41   data arrival time
-----------------------------------------------------------------------------
                                  2.34   slack (MET)


Startpoint: in2[1] (input port clocked by __VIRTUAL_CLK__)
Endpoint: out[4] (output port clocked by __VIRTUAL_CLK__)
Path Group: __VIRTUAL_CLK__
Path Type: max
Corner: Typical

Fanout     Cap    Slew   Delay    Time   Description
-----------------------------------------------------------------------------
                  0.00    0.00    0.00   clock __VIRTUAL_CLK__ (rise edge)
                          0.00    0.00   clock network delay (ideal)
                          2.00    2.00 ^ input external delay
     1    0.00    0.02    0.01    2.01 ^ in2[1] (in)
                                         in2[1] (net)
                  0.02    0.00    2.01 ^ input10/A (sky130_fd_sc_hd__buf_2)
     5    0.05    0.23    0.24    2.25 ^ input10/X (sky130_fd_sc_hd__buf_2)
                                         net10 (net)
                  0.23    0.00    2.25 ^ _175_/A (sky130_fd_sc_hd__buf_4)
    10    0.09    0.24    0.32    2.57 ^ _175_/X (sky130_fd_sc_hd__buf_4)
                                         _103_ (net)
                  0.24    0.00    2.57 ^ _185_/A1 (sky130_fd_sc_hd__a22oi_4)
     3    0.04    0.14    0.19    2.76 v _185_/Y (sky130_fd_sc_hd__a22oi_4)
                                         _113_ (net)
                  0.14    0.00    2.76 v _192_/C (sky130_fd_sc_hd__or3_4)
     2    0.03    0.10    0.43    3.19 v _192_/X (sky130_fd_sc_hd__or3_4)
                                         _120_ (net)
                  0.10    0.00    3.19 v _197_/A1 (sky130_fd_sc_hd__a21o_1)
     2    0.03    0.15    0.29    3.48 v _197_/X (sky130_fd_sc_hd__a21o_1)
                                         _125_ (net)
                  0.15    0.00    3.48 v _208_/B (sky130_fd_sc_hd__and2b_2)
     1    0.03    0.09    0.32    3.80 v _208_/X (sky130_fd_sc_hd__and2b_2)
                                         _136_ (net)
                  0.09    0.00    3.80 v _209_/A (sky130_fd_sc_hd__xnor2_4)
     3    0.05    0.38    0.39    4.19 ^ _209_/Y (sky130_fd_sc_hd__xnor2_4)
                                         _137_ (net)
                  0.38    0.00    4.19 ^ _210_/A (sky130_fd_sc_hd__nand3_4)
     3    0.04    0.18    0.22    4.42 v _210_/Y (sky130_fd_sc_hd__nand3_4)
                                         _138_ (net)
                  0.18    0.00    4.42 v _345_/A1 (sky130_fd_sc_hd__a31o_1)
     1    0.01    0.05    0.25    4.67 v _345_/X (sky130_fd_sc_hd__a31o_1)
                                         _096_ (net)
                  0.05    0.00    4.67 v _346_/C (sky130_fd_sc_hd__or3_1)
     1    0.01    0.09    0.35    5.03 v _346_/X (sky130_fd_sc_hd__or3_1)
                                         _097_ (net)
                  0.09    0.00    5.03 v _347_/A (sky130_fd_sc_hd__clkbuf_1)
     1    0.00    0.03    0.12    5.14 v _347_/X (sky130_fd_sc_hd__clkbuf_1)
                                         net24 (net)
                  0.03    0.00    5.14 v output24/A (sky130_fd_sc_hd__buf_2)
     1    0.03    0.09    0.18    5.33 v output24/X (sky130_fd_sc_hd__buf_2)
                                         out[4] (net)
                  0.09    0.00    5.33 v out[4] (out)
                                  5.33   data arrival time

                  0.00   10.00   10.00   clock __VIRTUAL_CLK__ (rise edge)
                          0.00   10.00   clock network delay (ideal)
                         -0.25    9.75   clock uncertainty
                          0.00    9.75   clock reconvergence pessimism
                         -2.00    7.75   output external delay
                                  7.75   data required time
-----------------------------------------------------------------------------
                                  7.75   data required time
                                 -5.33   data arrival time
-----------------------------------------------------------------------------
                                  2.42   slack (MET)


Startpoint: in2[1] (input port clocked by __VIRTUAL_CLK__)
Endpoint: out[3] (output port clocked by __VIRTUAL_CLK__)
Path Group: __VIRTUAL_CLK__
Path Type: max
Corner: Typical

Fanout     Cap    Slew   Delay    Time   Description
-----------------------------------------------------------------------------
                  0.00    0.00    0.00   clock __VIRTUAL_CLK__ (rise edge)
                          0.00    0.00   clock network delay (ideal)
                          2.00    2.00 ^ input external delay
     1    0.00    0.02    0.01    2.01 ^ in2[1] (in)
                                         in2[1] (net)
                  0.02    0.00    2.01 ^ input10/A (sky130_fd_sc_hd__buf_2)
     5    0.05    0.23    0.24    2.25 ^ input10/X (sky130_fd_sc_hd__buf_2)
                                         net10 (net)
                  0.23    0.00    2.25 ^ _175_/A (sky130_fd_sc_hd__buf_4)
    10    0.09    0.24    0.32    2.57 ^ _175_/X (sky130_fd_sc_hd__buf_4)
                                         _103_ (net)
                  0.24    0.01    2.57 ^ _242_/B (sky130_fd_sc_hd__and3_1)
     2    0.02    0.24    0.35    2.93 ^ _242_/X (sky130_fd_sc_hd__and3_1)
                                         _000_ (net)
                  0.24    0.00    2.93 ^ _244_/A1 (sky130_fd_sc_hd__o21a_2)
     4    0.04    0.19    0.31    3.24 ^ _244_/X (sky130_fd_sc_hd__o21a_2)
                                         _002_ (net)
                  0.19    0.00    3.24 ^ _247_/A_N (sky130_fd_sc_hd__and3b_2)
     3    0.04    0.11    0.33    3.57 v _247_/X (sky130_fd_sc_hd__and3b_2)
                                         _005_ (net)
                  0.11    0.00    3.57 v _250_/A1 (sky130_fd_sc_hd__o21ai_4)
     3    0.02    0.19    0.25    3.82 ^ _250_/Y (sky130_fd_sc_hd__o21ai_4)
                                         _008_ (net)
                  0.19    0.00    3.82 ^ rebuffer1/A (sky130_fd_sc_hd__dlygate4sd1_1)
     2    0.02    0.20    0.36    4.17 ^ rebuffer1/X (sky130_fd_sc_hd__dlygate4sd1_1)
                                         net28 (net)
                  0.20    0.00    4.17 ^ _328_/B (sky130_fd_sc_hd__nand2_1)
     1    0.01    0.12    0.14    4.31 v _328_/Y (sky130_fd_sc_hd__nand2_1)
                                         _080_ (net)
                  0.12    0.00    4.31 v _329_/B (sky130_fd_sc_hd__xnor2_2)
     1    0.02    0.11    0.22    4.54 v _329_/Y (sky130_fd_sc_hd__xnor2_2)
                                         _081_ (net)
                  0.11    0.00    4.54 v _335_/A2 (sky130_fd_sc_hd__a221o_1)
     1    0.01    0.10    0.45    4.99 v _335_/X (sky130_fd_sc_hd__a221o_1)
                                         net23 (net)
                  0.10    0.00    4.99 v output23/A (sky130_fd_sc_hd__buf_2)
     1    0.03    0.09    0.22    5.21 v output23/X (sky130_fd_sc_hd__buf_2)
                                         out[3] (net)
                  0.09    0.00    5.21 v out[3] (out)
                                  5.21   data arrival time

                  0.00   10.00   10.00   clock __VIRTUAL_CLK__ (rise edge)
                          0.00   10.00   clock network delay (ideal)
                         -0.25    9.75   clock uncertainty
                          0.00    9.75   clock reconvergence pessimism
                         -2.00    7.75   output external delay
                                  7.75   data required time
-----------------------------------------------------------------------------
                                  7.75   data required time
                                 -5.21   data arrival time
-----------------------------------------------------------------------------
                                  2.54   slack (MET)


Startpoint: in2[1] (input port clocked by __VIRTUAL_CLK__)
Endpoint: out[1] (output port clocked by __VIRTUAL_CLK__)
Path Group: __VIRTUAL_CLK__
Path Type: max
Corner: Typical

Fanout     Cap    Slew   Delay    Time   Description
-----------------------------------------------------------------------------
                  0.00    0.00    0.00   clock __VIRTUAL_CLK__ (rise edge)
                          0.00    0.00   clock network delay (ideal)
                          2.00    2.00 ^ input external delay
     1    0.00    0.02    0.01    2.01 ^ in2[1] (in)
                                         in2[1] (net)
                  0.02    0.00    2.01 ^ input10/A (sky130_fd_sc_hd__buf_2)
     5    0.05    0.23    0.24    2.25 ^ input10/X (sky130_fd_sc_hd__buf_2)
                                         net10 (net)
                  0.23    0.00    2.25 ^ _175_/A (sky130_fd_sc_hd__buf_4)
    10    0.09    0.24    0.32    2.57 ^ _175_/X (sky130_fd_sc_hd__buf_4)
                                         _103_ (net)
                  0.24    0.01    2.57 ^ _242_/B (sky130_fd_sc_hd__and3_1)
     2    0.02    0.24    0.35    2.93 ^ _242_/X (sky130_fd_sc_hd__and3_1)
                                         _000_ (net)
                  0.24    0.00    2.93 ^ _244_/A1 (sky130_fd_sc_hd__o21a_2)
     4    0.04    0.19    0.31    3.24 ^ _244_/X (sky130_fd_sc_hd__o21a_2)
                                         _002_ (net)
                  0.19    0.00    3.24 ^ _314_/A_N (sky130_fd_sc_hd__and2b_1)
     1    0.01    0.07    0.25    3.49 v _314_/X (sky130_fd_sc_hd__and2b_1)
                                         _068_ (net)
                  0.07    0.00    3.49 v _315_/A (sky130_fd_sc_hd__nor2_1)
     1    0.01    0.23    0.23    3.72 ^ _315_/Y (sky130_fd_sc_hd__nor2_1)
                                         _069_ (net)
                  0.23    0.00    3.72 ^ _316_/B (sky130_fd_sc_hd__or3b_1)
     1    0.01    0.11    0.21    3.93 ^ _316_/X (sky130_fd_sc_hd__or3b_1)
                                         _070_ (net)
                  0.11    0.00    3.93 ^ _317_/D_N (sky130_fd_sc_hd__or4b_1)
     1    0.00    0.09    0.47    4.40 v _317_/X (sky130_fd_sc_hd__or4b_1)
                                         _071_ (net)
                  0.09    0.00    4.40 v _318_/A (sky130_fd_sc_hd__dlymetal6s2s_1)
     1    0.03    0.15    0.27    4.67 v _318_/X (sky130_fd_sc_hd__dlymetal6s2s_1)
                                         net21 (net)
                  0.15    0.00    4.68 v output21/A (sky130_fd_sc_hd__buf_2)
     1    0.03    0.09    0.24    4.92 v output21/X (sky130_fd_sc_hd__buf_2)
                                         out[1] (net)
                  0.09    0.00    4.92 v out[1] (out)
                                  4.92   data arrival time

                  0.00   10.00   10.00   clock __VIRTUAL_CLK__ (rise edge)
                          0.00   10.00   clock network delay (ideal)
                         -0.25    9.75   clock uncertainty
                          0.00    9.75   clock reconvergence pessimism
                         -2.00    7.75   output external delay
                                  7.75   data required time
-----------------------------------------------------------------------------
                                  7.75   data required time
                                 -4.92   data arrival time
-----------------------------------------------------------------------------
                                  2.83   slack (MET)


Startpoint: in2[1] (input port clocked by __VIRTUAL_CLK__)
Endpoint: out[2] (output port clocked by __VIRTUAL_CLK__)
Path Group: __VIRTUAL_CLK__
Path Type: max
Corner: Typical

Fanout     Cap    Slew   Delay    Time   Description
-----------------------------------------------------------------------------
                  0.00    0.00    0.00   clock __VIRTUAL_CLK__ (rise edge)
                          0.00    0.00   clock network delay (ideal)
                          2.00    2.00 ^ input external delay
     1    0.00    0.02    0.01    2.01 ^ in2[1] (in)
                                         in2[1] (net)
                  0.02    0.00    2.01 ^ input10/A (sky130_fd_sc_hd__buf_2)
     5    0.05    0.23    0.24    2.25 ^ input10/X (sky130_fd_sc_hd__buf_2)
                                         net10 (net)
                  0.23    0.00    2.25 ^ _175_/A (sky130_fd_sc_hd__buf_4)
    10    0.09    0.24    0.32    2.57 ^ _175_/X (sky130_fd_sc_hd__buf_4)
                                         _103_ (net)
                  0.24    0.01    2.57 ^ _242_/B (sky130_fd_sc_hd__and3_1)
     2    0.02    0.24    0.35    2.93 ^ _242_/X (sky130_fd_sc_hd__and3_1)
                                         _000_ (net)
                  0.24    0.00    2.93 ^ _244_/A1 (sky130_fd_sc_hd__o21a_2)
     4    0.04    0.19    0.31    3.24 ^ _244_/X (sky130_fd_sc_hd__o21a_2)
                                         _002_ (net)
                  0.19    0.00    3.24 ^ _247_/A_N (sky130_fd_sc_hd__and3b_2)
     3    0.04    0.11    0.33    3.57 v _247_/X (sky130_fd_sc_hd__and3b_2)
                                         _005_ (net)
                  0.11    0.00    3.57 v _250_/A1 (sky130_fd_sc_hd__o21ai_4)
     3    0.02    0.19    0.25    3.82 ^ _250_/Y (sky130_fd_sc_hd__o21ai_4)
                                         _008_ (net)
                  0.19    0.00    3.82 ^ rebuffer1/A (sky130_fd_sc_hd__dlygate4sd1_1)
     2    0.02    0.20    0.36    4.17 ^ rebuffer1/X (sky130_fd_sc_hd__dlygate4sd1_1)
                                         net28 (net)
                  0.20    0.00    4.17 ^ rebuffer2/A (sky130_fd_sc_hd__dlygate4sd1_1)
     1    0.00    0.04    0.24    4.41 ^ rebuffer2/X (sky130_fd_sc_hd__dlygate4sd1_1)
                                         net29 (net)
                  0.04    0.00    4.41 ^ _326_/A1 (sky130_fd_sc_hd__a31o_1)
     1    0.01    0.14    0.21    4.62 ^ _326_/X (sky130_fd_sc_hd__a31o_1)
                                         net22 (net)
                  0.14    0.00    4.62 ^ output22/A (sky130_fd_sc_hd__buf_2)
     1    0.03    0.17    0.24    4.86 ^ output22/X (sky130_fd_sc_hd__buf_2)
                                         out[2] (net)
                  0.17    0.00    4.86 ^ out[2] (out)
                                  4.86   data arrival time

                  0.00   10.00   10.00   clock __VIRTUAL_CLK__ (rise edge)
                          0.00   10.00   clock network delay (ideal)
                         -0.25    9.75   clock uncertainty
                          0.00    9.75   clock reconvergence pessimism
                         -2.00    7.75   output external delay
                                  7.75   data required time
-----------------------------------------------------------------------------
                                  7.75   data required time
                                 -4.86   data arrival time
-----------------------------------------------------------------------------
                                  2.89   slack (MET)


Startpoint: op[1] (input port clocked by __VIRTUAL_CLK__)
Endpoint: out[0] (output port clocked by __VIRTUAL_CLK__)
Path Group: __VIRTUAL_CLK__
Path Type: max
Corner: Typical

Fanout     Cap    Slew   Delay    Time   Description
-----------------------------------------------------------------------------
                  0.00    0.00    0.00   clock __VIRTUAL_CLK__ (rise edge)
                          0.00    0.00   clock network delay (ideal)
                          2.00    2.00 v input external delay
     1    0.00    0.01    0.00    2.00 v op[1] (in)
                                         op[1] (net)
                  0.01    0.00    2.00 v input18/A (sky130_fd_sc_hd__clkbuf_4)
     6    0.06    0.12    0.21    2.21 v input18/X (sky130_fd_sc_hd__clkbuf_4)
                                         net18 (net)
                  0.12    0.00    2.22 v _171_/B (sky130_fd_sc_hd__or2_2)
     4    0.02    0.10    0.38    2.60 v _171_/X (sky130_fd_sc_hd__or2_2)
                                         _099_ (net)
                  0.10    0.00    2.60 v _224_/B (sky130_fd_sc_hd__or2_1)
     1    0.02    0.11    0.32    2.92 v _224_/X (sky130_fd_sc_hd__or2_1)
                                         _152_ (net)
                  0.11    0.00    2.92 v _225_/A (sky130_fd_sc_hd__clkbuf_4)
     8    0.06    0.12    0.26    3.18 v _225_/X (sky130_fd_sc_hd__clkbuf_4)
                                         _153_ (net)
                  0.12    0.00    3.18 v _306_/A2 (sky130_fd_sc_hd__o21ai_2)
     1    0.02    0.23    0.25    3.43 ^ _306_/Y (sky130_fd_sc_hd__o21ai_2)
                                         _061_ (net)
                  0.23    0.00    3.43 ^ _307_/B1 (sky130_fd_sc_hd__a31o_1)
     1    0.03    0.25    0.30    3.73 ^ _307_/X (sky130_fd_sc_hd__a31o_1)
                                         net20 (net)
                  0.25    0.00    3.74 ^ output20/A (sky130_fd_sc_hd__buf_2)
     1    0.03    0.17    0.27    4.01 ^ output20/X (sky130_fd_sc_hd__buf_2)
                                         out[0] (net)
                  0.17    0.00    4.01 ^ out[0] (out)
                                  4.01   data arrival time

                  0.00   10.00   10.00   clock __VIRTUAL_CLK__ (rise edge)
                          0.00   10.00   clock network delay (ideal)
                         -0.25    9.75   clock uncertainty
                          0.00    9.75   clock reconvergence pessimism
                         -2.00    7.75   output external delay
                                  7.75   data required time
-----------------------------------------------------------------------------
                                  7.75   data required time
                                 -4.01   data arrival time
-----------------------------------------------------------------------------
                                  3.74   slack (MET)



worst slack corner Typical: 2.2231
