OpenROAD b16bda7e82721d10566ff7e2b68f1ff0be9f9e38 
Features included (+) or not (-): +Charts +GPU +GUI +Python
This program is licensed under the BSD-3 license. See the LICENSE file for details.
Components of this program may be licensed under more restrictive licenses which must be honored.
define_corners Typical
read_liberty -corner Typical /home/merteray/.volare/sky130A/libs.ref/sky130_fd_sc_hd/lib/sky130_fd_sc_hd__tt_025C_1v80.lib
Using 1e-12 for capacitance...
Using 1e+03 for resistance...
Using 1e-09 for time...
Using 1e+00 for voltage...
Using 1e-03 for current...
Using 1e-09 for power...
Using 1e-06 for distance...
[INFO]: Reading ODB at '/openlane/designs/ZeroToFiveCounter/runs/RUN_2025.05.24_22.10.23/tmp/routing/21-fill.odb'…
Reading design constraints file at '/openlane/designs/ZeroToFiveCounter/src/ZeroToFiveCounter.sdc'…
[INFO ORD-0030] Using 2 thread(s).
[INFO DRT-0149] Reading tech and libs.
[WARNING DRT-0349] LEF58_ENCLOSURE with no CUTCLASS is not supported. Skipping for layer mcon
[WARNING DRT-0349] LEF58_ENCLOSURE with no CUTCLASS is not supported. Skipping for layer mcon
[WARNING DRT-0349] LEF58_ENCLOSURE with no CUTCLASS is not supported. Skipping for layer via
[WARNING DRT-0349] LEF58_ENCLOSURE with no CUTCLASS is not supported. Skipping for layer via
[WARNING DRT-0349] LEF58_ENCLOSURE with no CUTCLASS is not supported. Skipping for layer via2
[WARNING DRT-0349] LEF58_ENCLOSURE with no CUTCLASS is not supported. Skipping for layer via2
[WARNING DRT-0349] LEF58_ENCLOSURE with no CUTCLASS is not supported. Skipping for layer via3
[WARNING DRT-0349] LEF58_ENCLOSURE with no CUTCLASS is not supported. Skipping for layer via3
[WARNING DRT-0349] LEF58_ENCLOSURE with no CUTCLASS is not supported. Skipping for layer via4
[WARNING DRT-0349] LEF58_ENCLOSURE with no CUTCLASS is not supported. Skipping for layer via4

Units:                1000
Number of layers:     13
Number of macros:     441
Number of vias:       29
Number of viarulegen: 25

[INFO DRT-0150] Reading design.

Design:                   ZeroToFiveCounter
Die area:                 ( 0 0 ) ( 70000 110000 )
Number of track patterns: 12
Number of DEF vias:       0
Number of components:     681
Number of terminals:      15
Number of snets:          2
Number of nets:           174

[INFO DRT-0167] List of default vias:
  Layer via
    default via: M1M2_PR
  Layer via2
    default via: M2M3_PR
  Layer via3
    default via: M3M4_PR
  Layer via4
    default via: M4M5_PR
[INFO DRT-0162] Library cell analysis.
[INFO DRT-0163] Instance analysis.
[INFO DRT-0164] Number of unique instances = 99.
[INFO DRT-0168] Init region query.
[INFO DRT-0024]   Complete FR_MASTERSLICE.
[INFO DRT-0024]   Complete Fr_VIA.
[INFO DRT-0024]   Complete li1.
[INFO DRT-0024]   Complete mcon.
[INFO DRT-0024]   Complete met1.
[INFO DRT-0024]   Complete via.
[INFO DRT-0024]   Complete met2.
[INFO DRT-0024]   Complete via2.
[INFO DRT-0024]   Complete met3.
[INFO DRT-0024]   Complete via3.
[INFO DRT-0024]   Complete met4.
[INFO DRT-0024]   Complete via4.
[INFO DRT-0024]   Complete met5.
[INFO DRT-0033] FR_MASTERSLICE shape region query size = 0.
[INFO DRT-0033] FR_VIA shape region query size = 0.
[INFO DRT-0033] li1 shape region query size = 8932.
[INFO DRT-0033] mcon shape region query size = 3120.
[INFO DRT-0033] met1 shape region query size = 1900.
[INFO DRT-0033] via shape region query size = 495.
[INFO DRT-0033] met2 shape region query size = 301.
[INFO DRT-0033] via2 shape region query size = 396.
[INFO DRT-0033] met3 shape region query size = 306.
[INFO DRT-0033] via3 shape region query size = 396.
[INFO DRT-0033] met4 shape region query size = 135.
[INFO DRT-0033] via4 shape region query size = 24.
[INFO DRT-0033] met5 shape region query size = 40.
[INFO DRT-0165] Start pin access.
[INFO DRT-0078]   Complete 271 pins.
[INFO DRT-0081]   Complete 81 unique inst patterns.
[INFO DRT-0084]   Complete 140 groups.
#scanned instances     = 681
#unique  instances     = 99
#stdCellGenAp          = 2231
#stdCellValidPlanarAp  = 44
#stdCellValidViaAp     = 1606
#stdCellPinNoAp        = 0
#stdCellPinCnt         = 552
#instTermValidViaApCnt = 0
#macroGenAp            = 0
#macroValidPlanarAp    = 0
#macroValidViaAp       = 0
#macroNoAp             = 0
[INFO DRT-0166] Complete pin access.
[INFO DRT-0267] cpu time = 00:00:15, elapsed time = 00:00:07, memory = 119.31 (MB), peak = 119.31 (MB)

Number of guides:     1847

[INFO DRT-0169] Post process guides.
[INFO DRT-0176] GCELLGRID X 0 DO 10 STEP 6900 ;
[INFO DRT-0177] GCELLGRID Y 0 DO 15 STEP 6900 ;
[INFO DRT-0028]   Complete FR_MASTERSLICE.
[INFO DRT-0028]   Complete Fr_VIA.
[INFO DRT-0028]   Complete li1.
[INFO DRT-0028]   Complete mcon.
[INFO DRT-0028]   Complete met1.
[INFO DRT-0028]   Complete via.
[INFO DRT-0028]   Complete met2.
[INFO DRT-0028]   Complete via2.
[INFO DRT-0028]   Complete met3.
[INFO DRT-0028]   Complete via3.
[INFO DRT-0028]   Complete met4.
[INFO DRT-0028]   Complete via4.
[INFO DRT-0028]   Complete met5.
[INFO DRT-0178] Init guide query.
[INFO DRT-0035]   Complete FR_MASTERSLICE (guide).
[INFO DRT-0035]   Complete Fr_VIA (guide).
[INFO DRT-0035]   Complete li1 (guide).
[INFO DRT-0035]   Complete mcon (guide).
[INFO DRT-0035]   Complete met1 (guide).
[INFO DRT-0035]   Complete via (guide).
[INFO DRT-0035]   Complete met2 (guide).
[INFO DRT-0035]   Complete via2 (guide).
[INFO DRT-0035]   Complete met3 (guide).
[INFO DRT-0035]   Complete via3 (guide).
[INFO DRT-0035]   Complete met4 (guide).
[INFO DRT-0035]   Complete via4 (guide).
[INFO DRT-0035]   Complete met5 (guide).
[INFO DRT-0036] FR_MASTERSLICE guide region query size = 0.
[INFO DRT-0036] FR_VIA guide region query size = 0.
[INFO DRT-0036] li1 guide region query size = 501.
[INFO DRT-0036] mcon guide region query size = 0.
[INFO DRT-0036] met1 guide region query size = 525.
[INFO DRT-0036] via guide region query size = 0.
[INFO DRT-0036] met2 guide region query size = 344.
[INFO DRT-0036] via2 guide region query size = 0.
[INFO DRT-0036] met3 guide region query size = 67.
[INFO DRT-0036] via3 guide region query size = 0.
[INFO DRT-0036] met4 guide region query size = 25.
[INFO DRT-0036] via4 guide region query size = 0.
[INFO DRT-0036] met5 guide region query size = 1.
[INFO DRT-0179] Init gr pin query.
[INFO DRT-0245] skipped writing guide updates to database.
[INFO DRT-0185] Post process initialize RPin region query.
[INFO DRT-0181] Start track assignment.
[INFO DRT-0184] Done with 870 vertical wires in 1 frboxes and 593 horizontal wires in 1 frboxes.
[INFO DRT-0186] Done with 141 vertical wires in 1 frboxes and 207 horizontal wires in 1 frboxes.
[INFO DRT-0182] Complete track assignment.
[INFO DRT-0267] cpu time = 00:00:00, elapsed time = 00:00:00, memory = 123.03 (MB), peak = 123.03 (MB)
[INFO DRT-0187] Start routing data preparation.
[INFO DRT-0267] cpu time = 00:00:00, elapsed time = 00:00:00, memory = 123.03 (MB), peak = 123.03 (MB)
[INFO DRT-0194] Start detail routing.
[INFO DRT-0195] Start 0th optimization iteration.
    Completing 10% with 0 violations.
    elapsed time = 00:00:00, memory = 132.58 (MB).
    Completing 20% with 0 violations.
    elapsed time = 00:00:03, memory = 131.93 (MB).
    Completing 30% with 51 violations.
    elapsed time = 00:00:09, memory = 143.48 (MB).
    Completing 40% with 126 violations.
    elapsed time = 00:00:09, memory = 143.48 (MB).
    Completing 50% with 126 violations.
    elapsed time = 00:00:09, memory = 143.48 (MB).
    Completing 60% with 130 violations.
    elapsed time = 00:00:10, memory = 143.48 (MB).
[INFO DRT-0199]   Number of violations = 186.
Viol/Layer        met1   met2   met3   met4
Metal Spacing        3     24      1      0
Recheck             13     22      2      1
Short               80     40      0      0
[INFO DRT-0267] cpu time = 00:00:11, elapsed time = 00:00:10, memory = 486.39 (MB), peak = 486.39 (MB)
Total wire length = 11986 um.
Total wire length on LAYER li1 = 0 um.
Total wire length on LAYER met1 = 4578 um.
Total wire length on LAYER met2 = 5760 um.
Total wire length on LAYER met3 = 813 um.
Total wire length on LAYER met4 = 835 um.
Total wire length on LAYER met5 = 0 um.
Total number of vias = 1484.
Up-via summary (total 1484):

-----------------------
 FR_MASTERSLICE       0
            li1     524
           met1     801
           met2     106
           met3      53
           met4       0
-----------------------
                   1484


[INFO DRT-0195] Start 1st optimization iteration.
    Completing 10% with 186 violations.
    elapsed time = 00:00:00, memory = 489.80 (MB).
    Completing 20% with 186 violations.
    elapsed time = 00:00:00, memory = 489.80 (MB).
    Completing 30% with 168 violations.
    elapsed time = 00:00:03, memory = 489.80 (MB).
    Completing 40% with 163 violations.
    elapsed time = 00:00:03, memory = 492.89 (MB).
    Completing 50% with 163 violations.
    elapsed time = 00:00:03, memory = 492.89 (MB).
    Completing 60% with 136 violations.
    elapsed time = 00:00:05, memory = 502.11 (MB).
[INFO DRT-0199]   Number of violations = 103.
Viol/Layer        met1   met2
Metal Spacing       13     17
Short               67      6
[INFO DRT-0267] cpu time = 00:00:07, elapsed time = 00:00:05, memory = 502.54 (MB), peak = 502.54 (MB)
Total wire length = 11991 um.
Total wire length on LAYER li1 = 0 um.
Total wire length on LAYER met1 = 4561 um.
Total wire length on LAYER met2 = 5758 um.
Total wire length on LAYER met3 = 845 um.
Total wire length on LAYER met4 = 826 um.
Total wire length on LAYER met5 = 0 um.
Total number of vias = 1498.
Up-via summary (total 1498):

-----------------------
 FR_MASTERSLICE       0
            li1     524
           met1     808
           met2     117
           met3      49
           met4       0
-----------------------
                   1498


[INFO DRT-0195] Start 2nd optimization iteration.
    Completing 10% with 103 violations.
    elapsed time = 00:00:00, memory = 502.54 (MB).
    Completing 20% with 103 violations.
    elapsed time = 00:00:00, memory = 502.54 (MB).
    Completing 30% with 103 violations.
    elapsed time = 00:00:00, memory = 502.54 (MB).
    Completing 40% with 103 violations.
    elapsed time = 00:00:00, memory = 502.54 (MB).
    Completing 50% with 105 violations.
    elapsed time = 00:00:00, memory = 502.54 (MB).
    Completing 60% with 105 violations.
    elapsed time = 00:00:00, memory = 502.54 (MB).
    Completing 70% with 102 violations.
    elapsed time = 00:00:00, memory = 502.54 (MB).
    Completing 80% with 102 violations.
    elapsed time = 00:00:03, memory = 510.60 (MB).
    Completing 90% with 76 violations.
    elapsed time = 00:00:07, memory = 510.60 (MB).
    Completing 100% with 56 violations.
    elapsed time = 00:00:07, memory = 510.60 (MB).
[INFO DRT-0199]   Number of violations = 56.
Viol/Layer        met1   met2
Metal Spacing        7     14
Short               29      6
[INFO DRT-0267] cpu time = 00:00:08, elapsed time = 00:00:07, memory = 513.43 (MB), peak = 513.43 (MB)
Total wire length = 11883 um.
Total wire length on LAYER li1 = 0 um.
Total wire length on LAYER met1 = 4505 um.
Total wire length on LAYER met2 = 5694 um.
Total wire length on LAYER met3 = 865 um.
Total wire length on LAYER met4 = 818 um.
Total wire length on LAYER met5 = 0 um.
Total number of vias = 1447.
Up-via summary (total 1447):

-----------------------
 FR_MASTERSLICE       0
            li1     524
           met1     766
           met2     109
           met3      48
           met4       0
-----------------------
                   1447


[INFO DRT-0195] Start 3rd optimization iteration.
    Completing 10% with 56 violations.
    elapsed time = 00:00:00, memory = 513.43 (MB).
    Completing 20% with 56 violations.
    elapsed time = 00:00:01, memory = 513.43 (MB).
    Completing 30% with 37 violations.
    elapsed time = 00:00:06, memory = 513.43 (MB).
    Completing 40% with 6 violations.
    elapsed time = 00:00:06, memory = 513.43 (MB).
    Completing 50% with 6 violations.
    elapsed time = 00:00:06, memory = 513.43 (MB).
    Completing 60% with 6 violations.
    elapsed time = 00:00:06, memory = 513.43 (MB).
[INFO DRT-0199]   Number of violations = 0.
[INFO DRT-0267] cpu time = 00:00:07, elapsed time = 00:00:06, memory = 513.43 (MB), peak = 513.43 (MB)
Total wire length = 11907 um.
Total wire length on LAYER li1 = 0 um.
Total wire length on LAYER met1 = 4442 um.
Total wire length on LAYER met2 = 5695 um.
Total wire length on LAYER met3 = 943 um.
Total wire length on LAYER met4 = 824 um.
Total wire length on LAYER met5 = 0 um.
Total number of vias = 1494.
Up-via summary (total 1494):

-----------------------
 FR_MASTERSLICE       0
            li1     524
           met1     794
           met2     128
           met3      48
           met4       0
-----------------------
                   1494


[INFO DRT-0198] Complete detail routing.
Total wire length = 11907 um.
Total wire length on LAYER li1 = 0 um.
Total wire length on LAYER met1 = 4442 um.
Total wire length on LAYER met2 = 5695 um.
Total wire length on LAYER met3 = 943 um.
Total wire length on LAYER met4 = 824 um.
Total wire length on LAYER met5 = 0 um.
Total number of vias = 1494.
Up-via summary (total 1494):

-----------------------
 FR_MASTERSLICE       0
            li1     524
           met1     794
           met2     128
           met3      48
           met4       0
-----------------------
                   1494


[INFO DRT-0267] cpu time = 00:00:34, elapsed time = 00:00:30, memory = 513.43 (MB), peak = 513.43 (MB)

[INFO DRT-0180] Post processing.
Setting global connections for newly added cells…
Writing OpenROAD database to '/openlane/designs/ZeroToFiveCounter/runs/RUN_2025.05.24_22.10.23/results/routing/ZeroToFiveCounter.odb'…
Writing netlist to '/openlane/designs/ZeroToFiveCounter/runs/RUN_2025.05.24_22.10.23/results/routing/ZeroToFiveCounter.nl.v'…
Writing powered netlist to '/openlane/designs/ZeroToFiveCounter/runs/RUN_2025.05.24_22.10.23/results/routing/ZeroToFiveCounter.pnl.v'…
Writing layout to '/openlane/designs/ZeroToFiveCounter/runs/RUN_2025.05.24_22.10.23/results/routing/ZeroToFiveCounter.def'…
