
===========================================================================
 report_power
============================================================================
======================= Fastest Corner ===================================

Group                  Internal  Switching    Leakage      Total
                          Power      Power      Power      Power (Watts)
----------------------------------------------------------------
Sequential             0.00e+00   0.00e+00   0.00e+00   0.00e+00   0.0%
Combinational          4.48e-06   1.07e-05   1.39e-10   1.52e-05 100.0%
Clock                  0.00e+00   0.00e+00   1.60e-10   1.60e-10   0.0%
Macro                  0.00e+00   0.00e+00   0.00e+00   0.00e+00   0.0%
Pad                    0.00e+00   0.00e+00   0.00e+00   0.00e+00   0.0%
----------------------------------------------------------------
Total                  4.48e-06   1.07e-05   2.99e-10   1.52e-05 100.0%
                          29.6%      70.4%       0.0%

======================= Slowest Corner ===================================

Group                  Internal  Switching    Leakage      Total
                          Power      Power      Power      Power (Watts)
----------------------------------------------------------------
Sequential             0.00e+00   0.00e+00   0.00e+00   0.00e+00   0.0%
Combinational          3.36e-06   7.13e-06   1.46e-07   1.06e-05 100.0%
Clock                  0.00e+00   0.00e+00   1.60e-10   1.60e-10   0.0%
Macro                  0.00e+00   0.00e+00   0.00e+00   0.00e+00   0.0%
Pad                    0.00e+00   0.00e+00   0.00e+00   0.00e+00   0.0%
----------------------------------------------------------------
Total                  3.36e-06   7.13e-06   1.47e-07   1.06e-05 100.0%
                          31.6%      67.0%       1.4%

======================= Typical Corner ===================================

Group                  Internal  Switching    Leakage      Total
                          Power      Power      Power      Power (Watts)
----------------------------------------------------------------
Sequential             0.00e+00   0.00e+00   0.00e+00   0.00e+00   0.0%
Combinational          4.06e-06   9.06e-06   7.86e-11   1.31e-05 100.0%
Clock                  0.00e+00   0.00e+00   1.60e-10   1.60e-10   0.0%
Macro                  0.00e+00   0.00e+00   0.00e+00   0.00e+00   0.0%
Pad                    0.00e+00   0.00e+00   0.00e+00   0.00e+00   0.0%
----------------------------------------------------------------
Total                  4.06e-06   9.06e-06   2.39e-10   1.31e-05 100.0%
                          30.9%      69.1%       0.0%

