OpenROAD b16bda7e82721d10566ff7e2b68f1ff0be9f9e38 
Features included (+) or not (-): +Charts +GPU +GUI +Python
This program is licensed under the BSD-3 license. See the LICENSE file for details.
Components of this program may be licensed under more restrictive licenses which must be honored.
define_corners Typical
read_liberty -corner Typical /home/merteray/.volare/sky130A/libs.ref/sky130_fd_sc_hd/lib/sky130_fd_sc_hd__tt_025C_1v80.lib
Using 1e-12 for capacitance...
Using 1e+03 for resistance...
Using 1e-09 for time...
Using 1e+00 for voltage...
Using 1e-03 for current...
Using 1e-09 for power...
Using 1e-06 for distance...
[INFO]: Reading ODB at '/openlane/designs/project4/runs/RUN_2025.06.01_15.45.39/tmp/routing/./19-diodes_legalized.odb'…
Reading design constraints file at '/openlane/scripts/base.sdc'…
[INFO]: Setting output delay to: 2.0
[INFO]: Setting input delay to: 2.0
[INFO]: Setting load to: 0.033442
[INFO]: Setting clock uncertainty to: 0.25
[INFO]: Setting clock transition to: 0.15
[INFO]: Setting timing derate to: 5.0 %
[INFO]: Setting signal min routing layer to: met1 and clock min routing layer to met3. 
[INFO]: Setting signal max routing layer to: met5 and clock max routing layer to met5. 
-congestion_iterations 50 -verbose -congestion_report_file /openlane/designs/project4/runs/RUN_2025.06.01_15.45.39/tmp/routing/groute-congestion.rpt
[INFO GRT-0020] Min routing layer: met1
[INFO GRT-0021] Max routing layer: met5
[INFO GRT-0022] Global adjustment: 30%
[INFO GRT-0023] Grid origin: (0, 0)
[INFO GRT-0043] No OR_DEFAULT vias defined.
[INFO GRT-0088] Layer li1     Track-Pitch = 0.4600  line-2-Via Pitch: 0.3400
[INFO GRT-0088] Layer met1    Track-Pitch = 0.3400  line-2-Via Pitch: 0.3400
[INFO GRT-0088] Layer met2    Track-Pitch = 0.4600  line-2-Via Pitch: 0.3500
[INFO GRT-0088] Layer met3    Track-Pitch = 0.6800  line-2-Via Pitch: 0.6150
[INFO GRT-0088] Layer met4    Track-Pitch = 0.9200  line-2-Via Pitch: 1.0400
[INFO GRT-0088] Layer met5    Track-Pitch = 3.4000  line-2-Via Pitch: 3.1100
[INFO GRT-0019] Found 118 clock nets.
[INFO GRT-0001] Minimum degree: 2
[INFO GRT-0002] Maximum degree: 33
[INFO GRT-0003] Macros: 0
[INFO GRT-0043] No OR_DEFAULT vias defined.
[INFO GRT-0004] Blockages: 22247

[INFO GRT-0053] Routing resources analysis:
          Routing      Original      Derated      Resource
Layer     Direction    Resources     Resources    Reduction (%)
---------------------------------------------------------------
li1        Vertical            0             0          0.00%
met1       Horizontal      89410         42941          51.97%
met2       Vertical        66546         43272          34.97%
met3       Horizontal      44672         30002          32.84%
met4       Vertical        26739         13652          48.94%
met5       Horizontal       8908          3510          60.60%
---------------------------------------------------------------

[INFO GRT-0101] Running extra iterations to remove overflow.
[INFO GRT-0197] Via related to pin nodes: 56531
[INFO GRT-0198] Via related Steiner nodes: 2226
[INFO GRT-0199] Via filling finished.
[INFO GRT-0111] Final number of vias: 74760
[INFO GRT-0112] Final usage 3D: 281877

[INFO GRT-0096] Final congestion report:
Layer         Resource        Demand        Usage (%)    Max H / Max V / Total Overflow
---------------------------------------------------------------------------------------
li1                  0             0            0.00%             0 /  0 /  0
met1             42941         21382           49.79%             0 /  0 /  0
met2             43272         20381           47.10%             0 /  0 /  0
met3             30002         10757           35.85%             0 /  0 /  0
met4             13652          4286           31.39%             0 /  0 /  0
met5              3510           791           22.54%             0 /  0 /  0
---------------------------------------------------------------------------------------
Total           133377         57597           43.18%             0 /  0 /  0

[INFO GRT-0018] Total wirelength: 578716 um
[INFO GRT-0014] Routed nets: 7661
[INFO GRT-0006] Repairing antennas, iteration 1.
[INFO GRT-0043] No OR_DEFAULT vias defined.
[INFO GRT-0012] Found 40 antenna violations.
[INFO GRT-0015] Inserted 144 diodes.
[INFO GRT-0054] Using detailed placer to place 26 diodes.
[INFO GRT-0009] rerouting 5805 nets.
[INFO GRT-0001] Minimum degree: 2
[INFO GRT-0002] Maximum degree: 33
[INFO GRT-0006] Repairing antennas, iteration 2.
[INFO GRT-0043] No OR_DEFAULT vias defined.
[INFO GRT-0012] Found 14 antenna violations.
[INFO GRT-0015] Inserted 47 diodes.
[INFO GRT-0054] Using detailed placer to place 5 diodes.
[INFO GRT-0009] rerouting 560 nets.
[INFO GRT-0001] Minimum degree: 2
[INFO GRT-0002] Maximum degree: 33
[INFO GRT-0006] Repairing antennas, iteration 3.
[INFO GRT-0043] No OR_DEFAULT vias defined.
[INFO GRT-0012] Found 2 antenna violations.
[INFO GRT-0015] Inserted 2 diodes.
[INFO GRT-0009] rerouting 121 nets.
[INFO GRT-0001] Minimum degree: 2
[INFO GRT-0002] Maximum degree: 33
[INFO GRT-0006] Repairing antennas, iteration 4.
[INFO GRT-0043] No OR_DEFAULT vias defined.
[INFO GRT-0012] Found 1 antenna violations.
[INFO GRT-0015] Inserted 1 diodes.
[INFO GRT-0009] rerouting 47 nets.
[INFO GRT-0001] Minimum degree: 5
[INFO GRT-0002] Maximum degree: 23
[INFO GRT-0006] Repairing antennas, iteration 5.
[INFO GRT-0043] No OR_DEFAULT vias defined.
[INFO GRT-0012] Found 0 antenna violations.
Placement Analysis
---------------------------------
total displacement          0.0 u
average displacement        0.0 u
max displacement            0.0 u
original HPWL          313593.7 u
legalized HPWL         313593.7 u
delta HPWL                    0 %

[INFO DPL-0020] Mirrored 4876 instances
[INFO DPL-0021] HPWL before          313593.7 u
[INFO DPL-0022] HPWL after           306666.6 u
[INFO DPL-0023] HPWL delta               -2.2 %
[INFO]: Setting signal min routing layer to: met1 and clock min routing layer to met3. 
[INFO]: Setting signal max routing layer to: met5 and clock max routing layer to met5. 
-congestion_iterations 50 -verbose -congestion_report_file /openlane/designs/project4/runs/RUN_2025.06.01_15.45.39/tmp/routing/groute-congestion.rpt
[INFO GRT-0020] Min routing layer: met1
[INFO GRT-0021] Max routing layer: met5
[INFO GRT-0022] Global adjustment: 30%
[INFO GRT-0023] Grid origin: (0, 0)
[INFO GRT-0043] No OR_DEFAULT vias defined.
[INFO GRT-0088] Layer li1     Track-Pitch = 0.4600  line-2-Via Pitch: 0.3400
[INFO GRT-0088] Layer met1    Track-Pitch = 0.3400  line-2-Via Pitch: 0.3400
[INFO GRT-0088] Layer met2    Track-Pitch = 0.4600  line-2-Via Pitch: 0.3500
[INFO GRT-0088] Layer met3    Track-Pitch = 0.6800  line-2-Via Pitch: 0.6150
[INFO GRT-0088] Layer met4    Track-Pitch = 0.9200  line-2-Via Pitch: 1.0400
[INFO GRT-0088] Layer met5    Track-Pitch = 3.4000  line-2-Via Pitch: 3.1100
[INFO GRT-0019] Found 118 clock nets.
[INFO GRT-0001] Minimum degree: 2
[INFO GRT-0002] Maximum degree: 33
[INFO GRT-0003] Macros: 0
[INFO GRT-0043] No OR_DEFAULT vias defined.
[INFO GRT-0004] Blockages: 22247

[INFO GRT-0053] Routing resources analysis:
          Routing      Original      Derated      Resource
Layer     Direction    Resources     Resources    Reduction (%)
---------------------------------------------------------------
li1        Vertical            0             0          0.00%
met1       Horizontal      89410         42936          51.98%
met2       Vertical        66546         43272          34.97%
met3       Horizontal      44672         30002          32.84%
met4       Vertical        26739         13652          48.94%
met5       Horizontal       8908          3510          60.60%
---------------------------------------------------------------

[INFO GRT-0101] Running extra iterations to remove overflow.
[INFO GRT-0197] Via related to pin nodes: 56844
[INFO GRT-0198] Via related Steiner nodes: 2243
[INFO GRT-0199] Via filling finished.
[INFO GRT-0111] Final number of vias: 75325
[INFO GRT-0112] Final usage 3D: 284498

[INFO GRT-0096] Final congestion report:
Layer         Resource        Demand        Usage (%)    Max H / Max V / Total Overflow
---------------------------------------------------------------------------------------
li1                  0             0            0.00%             0 /  0 /  0
met1             42936         21597           50.30%             0 /  0 /  0
met2             43272         20693           47.82%             0 /  0 /  0
met3             30002         10944           36.48%             0 /  0 /  0
met4             13652          4460           32.67%             0 /  0 /  0
met5              3510           829           23.62%             0 /  0 /  0
---------------------------------------------------------------------------------------
Total           133372         58523           43.88%             0 /  0 /  0

[INFO GRT-0018] Total wirelength: 586934 um
[INFO GRT-0014] Routed nets: 7661
Setting global connections for newly added cells…
Writing OpenROAD database to '/openlane/designs/project4/runs/RUN_2025.06.01_15.45.39/tmp/routing/21-global.odb'…
Writing layout to '/openlane/designs/project4/runs/RUN_2025.06.01_15.45.39/tmp/routing/21-global.def'…
Writing routing guides to '/openlane/designs/project4/runs/RUN_2025.06.01_15.45.39/tmp/routing/21-global.guide'…
