
===========================================================================
report_checks -path_delay min (Hold)
============================================================================
======================= Fastest Corner ===================================

Startpoint: in1[6] (input port clocked by __VIRTUAL_CLK__)
Endpoint: out[6] (output port clocked by __VIRTUAL_CLK__)
Path Group: __VIRTUAL_CLK__
Path Type: min
Corner: Fastest

Fanout     Cap    Slew   Delay    Time   Description
-----------------------------------------------------------------------------
                  0.00    0.00    0.00   clock __VIRTUAL_CLK__ (rise edge)
                          0.00    0.00   clock network delay (ideal)
                          2.00    2.00 ^ input external delay
     1    0.00    0.01    0.01    2.01 ^ in1[6] (in)
                                         in1[6] (net)
                  0.01    0.00    2.01 ^ input7/A (sky130_fd_sc_hd__buf_2)
     5    0.05    0.18    0.16    2.16 ^ input7/X (sky130_fd_sc_hd__buf_2)
                                         net7 (net)
                  0.18    0.01    2.17 ^ _289_/A1 (sky130_fd_sc_hd__o211ai_2)
     1    0.02    0.07    0.10    2.27 v _289_/Y (sky130_fd_sc_hd__o211ai_2)
                                         _046_ (net)
                  0.07    0.00    2.27 v _290_/B1 (sky130_fd_sc_hd__a31o_1)
     1    0.01    0.04    0.10    2.37 v _290_/X (sky130_fd_sc_hd__a31o_1)
                                         _047_ (net)
                  0.04    0.00    2.37 v _291_/B1 (sky130_fd_sc_hd__a21o_1)
     1    0.01    0.03    0.08    2.45 v _291_/X (sky130_fd_sc_hd__a21o_1)
                                         net26 (net)
                  0.03    0.00    2.45 v output26/A (sky130_fd_sc_hd__buf_2)
     1    0.03    0.06    0.11    2.56 v output26/X (sky130_fd_sc_hd__buf_2)
                                         out[6] (net)
                  0.06    0.00    2.57 v out[6] (out)
                                  2.57   data arrival time

                  0.00    0.00    0.00   clock __VIRTUAL_CLK__ (rise edge)
                          0.00    0.00   clock network delay (ideal)
                          0.25    0.25   clock uncertainty
                          0.00    0.25   clock reconvergence pessimism
                         -2.00   -1.75   output external delay
                                 -1.75   data required time
-----------------------------------------------------------------------------
                                 -1.75   data required time
                                 -2.57   data arrival time
-----------------------------------------------------------------------------
                                  4.32   slack (MET)


Startpoint: in2[5] (input port clocked by __VIRTUAL_CLK__)
Endpoint: out[5] (output port clocked by __VIRTUAL_CLK__)
Path Group: __VIRTUAL_CLK__
Path Type: min
Corner: Fastest

Fanout     Cap    Slew   Delay    Time   Description
-----------------------------------------------------------------------------
                  0.00    0.00    0.00   clock __VIRTUAL_CLK__ (rise edge)
                          0.00    0.00   clock network delay (ideal)
                          2.00    2.00 ^ input external delay
     1    0.00    0.01    0.01    2.01 ^ in2[5] (in)
                                         in2[5] (net)
                  0.01    0.00    2.01 ^ input14/A (sky130_fd_sc_hd__buf_2)
     5    0.05    0.19    0.16    2.17 ^ input14/X (sky130_fd_sc_hd__buf_2)
                                         net14 (net)
                  0.19    0.00    2.17 ^ _233_/A1 (sky130_fd_sc_hd__a311o_1)
     1    0.01    0.11    0.16    2.33 ^ _233_/X (sky130_fd_sc_hd__a311o_1)
                                         _161_ (net)
                  0.11    0.00    2.33 ^ _267_/B1 (sky130_fd_sc_hd__a211o_1)
     1    0.01    0.10    0.11    2.44 ^ _267_/X (sky130_fd_sc_hd__a211o_1)
                                         net25 (net)
                  0.10    0.00    2.44 ^ output25/A (sky130_fd_sc_hd__buf_2)
     1    0.03    0.13    0.15    2.59 ^ output25/X (sky130_fd_sc_hd__buf_2)
                                         out[5] (net)
                  0.13    0.00    2.59 ^ out[5] (out)
                                  2.59   data arrival time

                  0.00    0.00    0.00   clock __VIRTUAL_CLK__ (rise edge)
                          0.00    0.00   clock network delay (ideal)
                          0.25    0.25   clock uncertainty
                          0.00    0.25   clock reconvergence pessimism
                         -2.00   -1.75   output external delay
                                 -1.75   data required time
-----------------------------------------------------------------------------
                                 -1.75   data required time
                                 -2.59   data arrival time
-----------------------------------------------------------------------------
                                  4.34   slack (MET)


Startpoint: in1[4] (input port clocked by __VIRTUAL_CLK__)
Endpoint: out[4] (output port clocked by __VIRTUAL_CLK__)
Path Group: __VIRTUAL_CLK__
Path Type: min
Corner: Fastest

Fanout     Cap    Slew   Delay    Time   Description
-----------------------------------------------------------------------------
                  0.00    0.00    0.00   clock __VIRTUAL_CLK__ (rise edge)
                          0.00    0.00   clock network delay (ideal)
                          2.00    2.00 v input external delay
     1    0.00    0.00    0.00    2.00 v in1[4] (in)
                                         in1[4] (net)
                  0.00    0.00    2.00 v input5/A (sky130_fd_sc_hd__buf_2)
     6    0.04    0.08    0.11    2.12 v input5/X (sky130_fd_sc_hd__buf_2)
                                         net5 (net)
                  0.08    0.00    2.12 v _344_/A2 (sky130_fd_sc_hd__a21oi_1)
     1    0.01    0.07    0.13    2.25 ^ _344_/Y (sky130_fd_sc_hd__a21oi_1)
                                         _095_ (net)
                  0.07    0.00    2.25 ^ _345_/B1 (sky130_fd_sc_hd__a31o_1)
     1    0.01    0.05    0.07    2.32 ^ _345_/X (sky130_fd_sc_hd__a31o_1)
                                         _096_ (net)
                  0.05    0.00    2.32 ^ _346_/C (sky130_fd_sc_hd__or3_1)
     1    0.01    0.06    0.09    2.41 ^ _346_/X (sky130_fd_sc_hd__or3_1)
                                         _097_ (net)
                  0.06    0.00    2.41 ^ _347_/A (sky130_fd_sc_hd__clkbuf_1)
     1    0.00    0.04    0.06    2.47 ^ _347_/X (sky130_fd_sc_hd__clkbuf_1)
                                         net24 (net)
                  0.04    0.00    2.47 ^ output24/A (sky130_fd_sc_hd__buf_2)
     1    0.03    0.13    0.13    2.60 ^ output24/X (sky130_fd_sc_hd__buf_2)
                                         out[4] (net)
                  0.13    0.00    2.61 ^ out[4] (out)
                                  2.61   data arrival time

                  0.00    0.00    0.00   clock __VIRTUAL_CLK__ (rise edge)
                          0.00    0.00   clock network delay (ideal)
                          0.25    0.25   clock uncertainty
                          0.00    0.25   clock reconvergence pessimism
                         -2.00   -1.75   output external delay
                                 -1.75   data required time
-----------------------------------------------------------------------------
                                 -1.75   data required time
                                 -2.61   data arrival time
-----------------------------------------------------------------------------
                                  4.36   slack (MET)


Startpoint: op[2] (input port clocked by __VIRTUAL_CLK__)
Endpoint: out[7] (output port clocked by __VIRTUAL_CLK__)
Path Group: __VIRTUAL_CLK__
Path Type: min
Corner: Fastest

Fanout     Cap    Slew   Delay    Time   Description
-----------------------------------------------------------------------------
                  0.00    0.00    0.00   clock __VIRTUAL_CLK__ (rise edge)
                          0.00    0.00   clock network delay (ideal)
                          2.00    2.00 v input external delay
     1    0.00    0.00    0.00    2.00 v op[2] (in)
                                         op[2] (net)
                  0.00    0.00    2.00 v input19/A (sky130_fd_sc_hd__clkbuf_4)
     6    0.06    0.09    0.13    2.13 v input19/X (sky130_fd_sc_hd__clkbuf_4)
                                         net19 (net)
                  0.09    0.00    2.13 v _265_/A (sky130_fd_sc_hd__and3_2)
     7    0.05    0.10    0.20    2.33 v _265_/X (sky130_fd_sc_hd__and3_2)
                                         _023_ (net)
                  0.10    0.00    2.33 v _302_/A1 (sky130_fd_sc_hd__a31o_4)
     1    0.04    0.05    0.19    2.52 v _302_/X (sky130_fd_sc_hd__a31o_4)
                                         net27 (net)
                  0.05    0.00    2.52 v output27/A (sky130_fd_sc_hd__buf_6)
     1    0.03    0.03    0.09    2.61 v output27/X (sky130_fd_sc_hd__buf_6)
                                         out[7] (net)
                  0.03    0.00    2.61 v out[7] (out)
                                  2.61   data arrival time

                  0.00    0.00    0.00   clock __VIRTUAL_CLK__ (rise edge)
                          0.00    0.00   clock network delay (ideal)
                          0.25    0.25   clock uncertainty
                          0.00    0.25   clock reconvergence pessimism
                         -2.00   -1.75   output external delay
                                 -1.75   data required time
-----------------------------------------------------------------------------
                                 -1.75   data required time
                                 -2.61   data arrival time
-----------------------------------------------------------------------------
                                  4.36   slack (MET)


Startpoint: in2[0] (input port clocked by __VIRTUAL_CLK__)
Endpoint: out[0] (output port clocked by __VIRTUAL_CLK__)
Path Group: __VIRTUAL_CLK__
Path Type: min
Corner: Fastest

Fanout     Cap    Slew   Delay    Time   Description
-----------------------------------------------------------------------------
                  0.00    0.00    0.00   clock __VIRTUAL_CLK__ (rise edge)
                          0.00    0.00   clock network delay (ideal)
                          2.00    2.00 v input external delay
     1    0.00    0.00    0.00    2.00 v in2[0] (in)
                                         in2[0] (net)
                  0.00    0.00    2.00 v input9/A (sky130_fd_sc_hd__clkbuf_2)
     4    0.04    0.11    0.12    2.12 v input9/X (sky130_fd_sc_hd__clkbuf_2)
                                         net9 (net)
                  0.11    0.00    2.13 v _184_/A (sky130_fd_sc_hd__buf_4)
    10    0.08    0.08    0.17    2.29 v _184_/X (sky130_fd_sc_hd__buf_4)
                                         _112_ (net)
                  0.08    0.00    2.29 v _307_/A1 (sky130_fd_sc_hd__a31o_1)
     1    0.03    0.09    0.19    2.48 v _307_/X (sky130_fd_sc_hd__a31o_1)
                                         net20 (net)
                  0.09    0.00    2.48 v output20/A (sky130_fd_sc_hd__buf_2)
     1    0.03    0.06    0.14    2.62 v output20/X (sky130_fd_sc_hd__buf_2)
                                         out[0] (net)
                  0.06    0.00    2.62 v out[0] (out)
                                  2.62   data arrival time

                  0.00    0.00    0.00   clock __VIRTUAL_CLK__ (rise edge)
                          0.00    0.00   clock network delay (ideal)
                          0.25    0.25   clock uncertainty
                          0.00    0.25   clock reconvergence pessimism
                         -2.00   -1.75   output external delay
                                 -1.75   data required time
-----------------------------------------------------------------------------
                                 -1.75   data required time
                                 -2.62   data arrival time
-----------------------------------------------------------------------------
                                  4.37   slack (MET)


Startpoint: op[2] (input port clocked by __VIRTUAL_CLK__)
Endpoint: out[2] (output port clocked by __VIRTUAL_CLK__)
Path Group: __VIRTUAL_CLK__
Path Type: min
Corner: Fastest

Fanout     Cap    Slew   Delay    Time   Description
-----------------------------------------------------------------------------
                  0.00    0.00    0.00   clock __VIRTUAL_CLK__ (rise edge)
                          0.00    0.00   clock network delay (ideal)
                          2.00    2.00 v input external delay
     1    0.00    0.00    0.00    2.00 v op[2] (in)
                                         op[2] (net)
                  0.00    0.00    2.00 v input19/A (sky130_fd_sc_hd__clkbuf_4)
     6    0.06    0.09    0.13    2.13 v input19/X (sky130_fd_sc_hd__clkbuf_4)
                                         net19 (net)
                  0.09    0.00    2.13 v _265_/A (sky130_fd_sc_hd__and3_2)
     7    0.05    0.10    0.20    2.33 v _265_/X (sky130_fd_sc_hd__and3_2)
                                         _023_ (net)
                  0.10    0.00    2.34 v _326_/A2 (sky130_fd_sc_hd__a31o_1)
     1    0.01    0.05    0.18    2.52 v _326_/X (sky130_fd_sc_hd__a31o_1)
                                         net22 (net)
                  0.05    0.00    2.52 v output22/A (sky130_fd_sc_hd__buf_2)
     1    0.03    0.06    0.12    2.64 v output22/X (sky130_fd_sc_hd__buf_2)
                                         out[2] (net)
                  0.06    0.00    2.64 v out[2] (out)
                                  2.64   data arrival time

                  0.00    0.00    0.00   clock __VIRTUAL_CLK__ (rise edge)
                          0.00    0.00   clock network delay (ideal)
                          0.25    0.25   clock uncertainty
                          0.00    0.25   clock reconvergence pessimism
                         -2.00   -1.75   output external delay
                                 -1.75   data required time
-----------------------------------------------------------------------------
                                 -1.75   data required time
                                 -2.64   data arrival time
-----------------------------------------------------------------------------
                                  4.39   slack (MET)


Startpoint: op[2] (input port clocked by __VIRTUAL_CLK__)
Endpoint: out[3] (output port clocked by __VIRTUAL_CLK__)
Path Group: __VIRTUAL_CLK__
Path Type: min
Corner: Fastest

Fanout     Cap    Slew   Delay    Time   Description
-----------------------------------------------------------------------------
                  0.00    0.00    0.00   clock __VIRTUAL_CLK__ (rise edge)
                          0.00    0.00   clock network delay (ideal)
                          2.00    2.00 v input external delay
     1    0.00    0.00    0.00    2.00 v op[2] (in)
                                         op[2] (net)
                  0.00    0.00    2.00 v input19/A (sky130_fd_sc_hd__clkbuf_4)
     6    0.06    0.09    0.13    2.13 v input19/X (sky130_fd_sc_hd__clkbuf_4)
                                         net19 (net)
                  0.09    0.01    2.14 v _170_/A (sky130_fd_sc_hd__inv_2)
     2    0.04    0.13    0.12    2.26 ^ _170_/Y (sky130_fd_sc_hd__inv_2)
                                         _098_ (net)
                  0.13    0.00    2.26 ^ _172_/A (sky130_fd_sc_hd__nor2_4)
     8    0.06    0.07    0.07    2.33 v _172_/Y (sky130_fd_sc_hd__nor2_4)
                                         _100_ (net)
                  0.07    0.00    2.33 v _335_/B2 (sky130_fd_sc_hd__a221o_1)
     1    0.02    0.07    0.20    2.53 v _335_/X (sky130_fd_sc_hd__a221o_1)
                                         net23 (net)
                  0.07    0.00    2.53 v output23/A (sky130_fd_sc_hd__buf_2)
     1    0.03    0.06    0.13    2.66 v output23/X (sky130_fd_sc_hd__buf_2)
                                         out[3] (net)
                  0.06    0.00    2.66 v out[3] (out)
                                  2.66   data arrival time

                  0.00    0.00    0.00   clock __VIRTUAL_CLK__ (rise edge)
                          0.00    0.00   clock network delay (ideal)
                          0.25    0.25   clock uncertainty
                          0.00    0.25   clock reconvergence pessimism
                         -2.00   -1.75   output external delay
                                 -1.75   data required time
-----------------------------------------------------------------------------
                                 -1.75   data required time
                                 -2.66   data arrival time
-----------------------------------------------------------------------------
                                  4.41   slack (MET)


Startpoint: in1[1] (input port clocked by __VIRTUAL_CLK__)
Endpoint: out[1] (output port clocked by __VIRTUAL_CLK__)
Path Group: __VIRTUAL_CLK__
Path Type: min
Corner: Fastest

Fanout     Cap    Slew   Delay    Time   Description
-----------------------------------------------------------------------------
                  0.00    0.00    0.00   clock __VIRTUAL_CLK__ (rise edge)
                          0.00    0.00   clock network delay (ideal)
                          2.00    2.00 ^ input external delay
     1    0.00    0.01    0.01    2.01 ^ in1[1] (in)
                                         in1[1] (net)
                  0.01    0.00    2.01 ^ input2/A (sky130_fd_sc_hd__clkbuf_2)
     4    0.04    0.17    0.15    2.16 ^ input2/X (sky130_fd_sc_hd__clkbuf_2)
                                         net2 (net)
                  0.17    0.00    2.16 ^ _173_/A (sky130_fd_sc_hd__buf_4)
    10    0.08    0.17    0.18    2.34 ^ _173_/X (sky130_fd_sc_hd__buf_4)
                                         _101_ (net)
                  0.17    0.00    2.34 ^ _312_/A1 (sky130_fd_sc_hd__a31o_1)
     1    0.00    0.03    0.08    2.43 ^ _312_/X (sky130_fd_sc_hd__a31o_1)
                                         _066_ (net)
                  0.03    0.00    2.43 ^ _317_/B (sky130_fd_sc_hd__or4b_1)
     1    0.00    0.04    0.07    2.49 ^ _317_/X (sky130_fd_sc_hd__or4b_1)
                                         _071_ (net)
                  0.04    0.00    2.49 ^ _318_/A (sky130_fd_sc_hd__dlymetal6s2s_1)
     1    0.03    0.26    0.21    2.70 ^ _318_/X (sky130_fd_sc_hd__dlymetal6s2s_1)
                                         net21 (net)
                  0.26    0.00    2.71 ^ output21/A (sky130_fd_sc_hd__buf_2)
     1    0.03    0.13    0.17    2.87 ^ output21/X (sky130_fd_sc_hd__buf_2)
                                         out[1] (net)
                  0.13    0.00    2.87 ^ out[1] (out)
                                  2.87   data arrival time

                  0.00    0.00    0.00   clock __VIRTUAL_CLK__ (rise edge)
                          0.00    0.00   clock network delay (ideal)
                          0.25    0.25   clock uncertainty
                          0.00    0.25   clock reconvergence pessimism
                         -2.00   -1.75   output external delay
                                 -1.75   data required time
-----------------------------------------------------------------------------
                                 -1.75   data required time
                                 -2.87   data arrival time
-----------------------------------------------------------------------------
                                  4.62   slack (MET)



worst slack corner Fastest: 4.3156
======================= Slowest Corner ===================================

Startpoint: in1[5] (input port clocked by __VIRTUAL_CLK__)
Endpoint: out[5] (output port clocked by __VIRTUAL_CLK__)
Path Group: __VIRTUAL_CLK__
Path Type: min
Corner: Slowest

Fanout     Cap    Slew   Delay    Time   Description
-----------------------------------------------------------------------------
                  0.00    0.00    0.00   clock __VIRTUAL_CLK__ (rise edge)
                          0.00    0.00   clock network delay (ideal)
                          2.00    2.00 ^ input external delay
     1    0.00    0.03    0.01    2.01 ^ in1[5] (in)
                                         in1[5] (net)
                  0.03    0.00    2.01 ^ input6/A (sky130_fd_sc_hd__buf_2)
     6    0.05    0.38    0.38    2.39 ^ input6/X (sky130_fd_sc_hd__buf_2)
                                         net6 (net)
                  0.38    0.00    2.39 ^ _233_/A2 (sky130_fd_sc_hd__a311o_1)
     1    0.01    0.23    0.54    2.94 ^ _233_/X (sky130_fd_sc_hd__a311o_1)
                                         _161_ (net)
                  0.23    0.00    2.94 ^ _267_/B1 (sky130_fd_sc_hd__a211o_1)
     1    0.01    0.20    0.32    3.26 ^ _267_/X (sky130_fd_sc_hd__a211o_1)
                                         net25 (net)
                  0.20    0.00    3.26 ^ output25/A (sky130_fd_sc_hd__buf_2)
     1    0.03    0.27    0.38    3.65 ^ output25/X (sky130_fd_sc_hd__buf_2)
                                         out[5] (net)
                  0.27    0.00    3.65 ^ out[5] (out)
                                  3.65   data arrival time

                  0.00    0.00    0.00   clock __VIRTUAL_CLK__ (rise edge)
                          0.00    0.00   clock network delay (ideal)
                          0.25    0.25   clock uncertainty
                          0.00    0.25   clock reconvergence pessimism
                         -2.00   -1.75   output external delay
                                 -1.75   data required time
-----------------------------------------------------------------------------
                                 -1.75   data required time
                                 -3.65   data arrival time
-----------------------------------------------------------------------------
                                  5.40   slack (MET)


Startpoint: in2[4] (input port clocked by __VIRTUAL_CLK__)
Endpoint: out[4] (output port clocked by __VIRTUAL_CLK__)
Path Group: __VIRTUAL_CLK__
Path Type: min
Corner: Slowest

Fanout     Cap    Slew   Delay    Time   Description
-----------------------------------------------------------------------------
                  0.00    0.00    0.00   clock __VIRTUAL_CLK__ (rise edge)
                          0.00    0.00   clock network delay (ideal)
                          2.00    2.00 ^ input external delay
     1    0.00    0.03    0.02    2.02 ^ in2[4] (in)
                                         in2[4] (net)
                  0.03    0.00    2.02 ^ input13/A (sky130_fd_sc_hd__clkbuf_4)
     6    0.06    0.31    0.39    2.40 ^ input13/X (sky130_fd_sc_hd__clkbuf_4)
                                         net13 (net)
                  0.31    0.00    2.40 ^ _341_/A1 (sky130_fd_sc_hd__a31o_1)
     1    0.01    0.24    0.47    2.88 ^ _341_/X (sky130_fd_sc_hd__a31o_1)
                                         _092_ (net)
                  0.24    0.00    2.88 ^ _346_/B (sky130_fd_sc_hd__or3_1)
     1    0.01    0.13    0.28    3.16 ^ _346_/X (sky130_fd_sc_hd__or3_1)
                                         _097_ (net)
                  0.13    0.00    3.16 ^ _347_/A (sky130_fd_sc_hd__clkbuf_1)
     1    0.00    0.09    0.18    3.35 ^ _347_/X (sky130_fd_sc_hd__clkbuf_1)
                                         net24 (net)
                  0.09    0.00    3.35 ^ output24/A (sky130_fd_sc_hd__buf_2)
     1    0.03    0.27    0.34    3.68 ^ output24/X (sky130_fd_sc_hd__buf_2)
                                         out[4] (net)
                  0.27    0.00    3.68 ^ out[4] (out)
                                  3.68   data arrival time

                  0.00    0.00    0.00   clock __VIRTUAL_CLK__ (rise edge)
                          0.00    0.00   clock network delay (ideal)
                          0.25    0.25   clock uncertainty
                          0.00    0.25   clock reconvergence pessimism
                         -2.00   -1.75   output external delay
                                 -1.75   data required time
-----------------------------------------------------------------------------
                                 -1.75   data required time
                                 -3.68   data arrival time
-----------------------------------------------------------------------------
                                  5.43   slack (MET)


Startpoint: in1[6] (input port clocked by __VIRTUAL_CLK__)
Endpoint: out[6] (output port clocked by __VIRTUAL_CLK__)
Path Group: __VIRTUAL_CLK__
Path Type: min
Corner: Slowest

Fanout     Cap    Slew   Delay    Time   Description
-----------------------------------------------------------------------------
                  0.00    0.00    0.00   clock __VIRTUAL_CLK__ (rise edge)
                          0.00    0.00   clock network delay (ideal)
                          2.00    2.00 v input external delay
     1    0.00    0.02    0.01    2.01 v in1[6] (in)
                                         in1[6] (net)
                  0.02    0.00    2.01 v input7/A (sky130_fd_sc_hd__buf_2)
     5    0.05    0.22    0.34    2.35 v input7/X (sky130_fd_sc_hd__buf_2)
                                         net7 (net)
                  0.22    0.01    2.36 v _289_/A1 (sky130_fd_sc_hd__o211ai_2)
     1    0.02    0.20    0.48    2.84 ^ _289_/Y (sky130_fd_sc_hd__o211ai_2)
                                         _046_ (net)
                  0.20    0.00    2.84 ^ _290_/B1 (sky130_fd_sc_hd__a31o_1)
     1    0.01    0.20    0.30    3.14 ^ _290_/X (sky130_fd_sc_hd__a31o_1)
                                         _047_ (net)
                  0.20    0.00    3.14 ^ _291_/B1 (sky130_fd_sc_hd__a21o_1)
     1    0.01    0.11    0.22    3.36 ^ _291_/X (sky130_fd_sc_hd__a21o_1)
                                         net26 (net)
                  0.11    0.00    3.36 ^ output26/A (sky130_fd_sc_hd__buf_2)
     1    0.03    0.27    0.35    3.71 ^ output26/X (sky130_fd_sc_hd__buf_2)
                                         out[6] (net)
                  0.27    0.00    3.71 ^ out[6] (out)
                                  3.71   data arrival time

                  0.00    0.00    0.00   clock __VIRTUAL_CLK__ (rise edge)
                          0.00    0.00   clock network delay (ideal)
                          0.25    0.25   clock uncertainty
                          0.00    0.25   clock reconvergence pessimism
                         -2.00   -1.75   output external delay
                                 -1.75   data required time
-----------------------------------------------------------------------------
                                 -1.75   data required time
                                 -3.71   data arrival time
-----------------------------------------------------------------------------
                                  5.46   slack (MET)


Startpoint: in2[0] (input port clocked by __VIRTUAL_CLK__)
Endpoint: out[0] (output port clocked by __VIRTUAL_CLK__)
Path Group: __VIRTUAL_CLK__
Path Type: min
Corner: Slowest

Fanout     Cap    Slew   Delay    Time   Description
-----------------------------------------------------------------------------
                  0.00    0.00    0.00   clock __VIRTUAL_CLK__ (rise edge)
                          0.00    0.00   clock network delay (ideal)
                          2.00    2.00 v input external delay
     1    0.00    0.02    0.01    2.01 v in2[0] (in)
                                         in2[0] (net)
                  0.02    0.00    2.01 v input9/A (sky130_fd_sc_hd__clkbuf_2)
     4    0.04    0.28    0.32    2.33 v input9/X (sky130_fd_sc_hd__clkbuf_2)
                                         net9 (net)
                  0.28    0.00    2.33 v _184_/A (sky130_fd_sc_hd__buf_4)
    10    0.08    0.20    0.46    2.79 v _184_/X (sky130_fd_sc_hd__buf_4)
                                         _112_ (net)
                  0.20    0.00    2.80 v _307_/A1 (sky130_fd_sc_hd__a31o_1)
     1    0.03    0.26    0.53    3.33 v _307_/X (sky130_fd_sc_hd__a31o_1)
                                         net20 (net)
                  0.26    0.00    3.33 v output20/A (sky130_fd_sc_hd__buf_2)
     1    0.03    0.17    0.41    3.74 v output20/X (sky130_fd_sc_hd__buf_2)
                                         out[0] (net)
                  0.17    0.00    3.74 v out[0] (out)
                                  3.74   data arrival time

                  0.00    0.00    0.00   clock __VIRTUAL_CLK__ (rise edge)
                          0.00    0.00   clock network delay (ideal)
                          0.25    0.25   clock uncertainty
                          0.00    0.25   clock reconvergence pessimism
                         -2.00   -1.75   output external delay
                                 -1.75   data required time
-----------------------------------------------------------------------------
                                 -1.75   data required time
                                 -3.74   data arrival time
-----------------------------------------------------------------------------
                                  5.49   slack (MET)


Startpoint: op[2] (input port clocked by __VIRTUAL_CLK__)
Endpoint: out[7] (output port clocked by __VIRTUAL_CLK__)
Path Group: __VIRTUAL_CLK__
Path Type: min
Corner: Slowest

Fanout     Cap    Slew   Delay    Time   Description
-----------------------------------------------------------------------------
                  0.00    0.00    0.00   clock __VIRTUAL_CLK__ (rise edge)
                          0.00    0.00   clock network delay (ideal)
                          2.00    2.00 v input external delay
     1    0.00    0.02    0.01    2.01 v op[2] (in)
                                         op[2] (net)
                  0.02    0.00    2.01 v input19/A (sky130_fd_sc_hd__clkbuf_4)
     6    0.06    0.22    0.34    2.35 v input19/X (sky130_fd_sc_hd__clkbuf_4)
                                         net19 (net)
                  0.22    0.00    2.35 v _265_/A (sky130_fd_sc_hd__and3_2)
     7    0.05    0.27    0.61    2.97 v _265_/X (sky130_fd_sc_hd__and3_2)
                                         _023_ (net)
                  0.27    0.00    2.97 v _302_/A1 (sky130_fd_sc_hd__a31o_4)
     1    0.04    0.13    0.53    3.50 v _302_/X (sky130_fd_sc_hd__a31o_4)
                                         net27 (net)
                  0.13    0.00    3.50 v output27/A (sky130_fd_sc_hd__buf_6)
     1    0.03    0.08    0.26    3.76 v output27/X (sky130_fd_sc_hd__buf_6)
                                         out[7] (net)
                  0.08    0.00    3.76 v out[7] (out)
                                  3.76   data arrival time

                  0.00    0.00    0.00   clock __VIRTUAL_CLK__ (rise edge)
                          0.00    0.00   clock network delay (ideal)
                          0.25    0.25   clock uncertainty
                          0.00    0.25   clock reconvergence pessimism
                         -2.00   -1.75   output external delay
                                 -1.75   data required time
-----------------------------------------------------------------------------
                                 -1.75   data required time
                                 -3.76   data arrival time
-----------------------------------------------------------------------------
                                  5.51   slack (MET)


Startpoint: op[2] (input port clocked by __VIRTUAL_CLK__)
Endpoint: out[2] (output port clocked by __VIRTUAL_CLK__)
Path Group: __VIRTUAL_CLK__
Path Type: min
Corner: Slowest

Fanout     Cap    Slew   Delay    Time   Description
-----------------------------------------------------------------------------
                  0.00    0.00    0.00   clock __VIRTUAL_CLK__ (rise edge)
                          0.00    0.00   clock network delay (ideal)
                          2.00    2.00 v input external delay
     1    0.00    0.02    0.01    2.01 v op[2] (in)
                                         op[2] (net)
                  0.02    0.00    2.01 v input19/A (sky130_fd_sc_hd__clkbuf_4)
     6    0.06    0.22    0.34    2.35 v input19/X (sky130_fd_sc_hd__clkbuf_4)
                                         net19 (net)
                  0.22    0.00    2.35 v _265_/A (sky130_fd_sc_hd__and3_2)
     7    0.05    0.27    0.61    2.97 v _265_/X (sky130_fd_sc_hd__and3_2)
                                         _023_ (net)
                  0.27    0.00    2.97 v _326_/A2 (sky130_fd_sc_hd__a31o_1)
     1    0.01    0.15    0.53    3.49 v _326_/X (sky130_fd_sc_hd__a31o_1)
                                         net22 (net)
                  0.15    0.00    3.50 v output22/A (sky130_fd_sc_hd__buf_2)
     1    0.03    0.17    0.37    3.86 v output22/X (sky130_fd_sc_hd__buf_2)
                                         out[2] (net)
                  0.17    0.00    3.86 v out[2] (out)
                                  3.86   data arrival time

                  0.00    0.00    0.00   clock __VIRTUAL_CLK__ (rise edge)
                          0.00    0.00   clock network delay (ideal)
                          0.25    0.25   clock uncertainty
                          0.00    0.25   clock reconvergence pessimism
                         -2.00   -1.75   output external delay
                                 -1.75   data required time
-----------------------------------------------------------------------------
                                 -1.75   data required time
                                 -3.86   data arrival time
-----------------------------------------------------------------------------
                                  5.61   slack (MET)


Startpoint: op[2] (input port clocked by __VIRTUAL_CLK__)
Endpoint: out[3] (output port clocked by __VIRTUAL_CLK__)
Path Group: __VIRTUAL_CLK__
Path Type: min
Corner: Slowest

Fanout     Cap    Slew   Delay    Time   Description
-----------------------------------------------------------------------------
                  0.00    0.00    0.00   clock __VIRTUAL_CLK__ (rise edge)
                          0.00    0.00   clock network delay (ideal)
                          2.00    2.00 v input external delay
     1    0.00    0.02    0.01    2.01 v op[2] (in)
                                         op[2] (net)
                  0.02    0.00    2.01 v input19/A (sky130_fd_sc_hd__clkbuf_4)
     6    0.06    0.22    0.34    2.35 v input19/X (sky130_fd_sc_hd__clkbuf_4)
                                         net19 (net)
                  0.22    0.01    2.36 v _170_/A (sky130_fd_sc_hd__inv_2)
     2    0.04    0.26    0.28    2.64 ^ _170_/Y (sky130_fd_sc_hd__inv_2)
                                         _098_ (net)
                  0.26    0.00    2.64 ^ _172_/A (sky130_fd_sc_hd__nor2_4)
     8    0.06    0.14    0.22    2.87 v _172_/Y (sky130_fd_sc_hd__nor2_4)
                                         _100_ (net)
                  0.14    0.00    2.87 v _335_/B2 (sky130_fd_sc_hd__a221o_1)
     1    0.02    0.20    0.71    3.58 v _335_/X (sky130_fd_sc_hd__a221o_1)
                                         net23 (net)
                  0.20    0.00    3.58 v output23/A (sky130_fd_sc_hd__buf_2)
     1    0.03    0.17    0.39    3.97 v output23/X (sky130_fd_sc_hd__buf_2)
                                         out[3] (net)
                  0.17    0.00    3.97 v out[3] (out)
                                  3.97   data arrival time

                  0.00    0.00    0.00   clock __VIRTUAL_CLK__ (rise edge)
                          0.00    0.00   clock network delay (ideal)
                          0.25    0.25   clock uncertainty
                          0.00    0.25   clock reconvergence pessimism
                         -2.00   -1.75   output external delay
                                 -1.75   data required time
-----------------------------------------------------------------------------
                                 -1.75   data required time
                                 -3.97   data arrival time
-----------------------------------------------------------------------------
                                  5.72   slack (MET)


Startpoint: in1[1] (input port clocked by __VIRTUAL_CLK__)
Endpoint: out[1] (output port clocked by __VIRTUAL_CLK__)
Path Group: __VIRTUAL_CLK__
Path Type: min
Corner: Slowest

Fanout     Cap    Slew   Delay    Time   Description
-----------------------------------------------------------------------------
                  0.00    0.00    0.00   clock __VIRTUAL_CLK__ (rise edge)
                          0.00    0.00   clock network delay (ideal)
                          2.00    2.00 ^ input external delay
     1    0.00    0.03    0.02    2.02 ^ in1[1] (in)
                                         in1[1] (net)
                  0.03    0.00    2.02 ^ input2/A (sky130_fd_sc_hd__clkbuf_2)
     4    0.04    0.34    0.35    2.37 ^ input2/X (sky130_fd_sc_hd__clkbuf_2)
                                         net2 (net)
                  0.34    0.00    2.37 ^ _173_/A (sky130_fd_sc_hd__buf_4)
    10    0.08    0.35    0.50    2.87 ^ _173_/X (sky130_fd_sc_hd__buf_4)
                                         _101_ (net)
                  0.35    0.00    2.87 ^ _312_/A1 (sky130_fd_sc_hd__a31o_1)
     1    0.00    0.07    0.34    3.22 ^ _312_/X (sky130_fd_sc_hd__a31o_1)
                                         _066_ (net)
                  0.07    0.00    3.22 ^ _317_/B (sky130_fd_sc_hd__or4b_1)
     1    0.00    0.08    0.18    3.40 ^ _317_/X (sky130_fd_sc_hd__or4b_1)
                                         _071_ (net)
                  0.08    0.00    3.40 ^ _318_/A (sky130_fd_sc_hd__dlymetal6s2s_1)
     1    0.03    0.53    0.47    3.87 ^ _318_/X (sky130_fd_sc_hd__dlymetal6s2s_1)
                                         net21 (net)
                  0.53    0.00    3.87 ^ output21/A (sky130_fd_sc_hd__buf_2)
     1    0.03    0.27    0.51    4.38 ^ output21/X (sky130_fd_sc_hd__buf_2)
                                         out[1] (net)
                  0.27    0.00    4.38 ^ out[1] (out)
                                  4.38   data arrival time

                  0.00    0.00    0.00   clock __VIRTUAL_CLK__ (rise edge)
                          0.00    0.00   clock network delay (ideal)
                          0.25    0.25   clock uncertainty
                          0.00    0.25   clock reconvergence pessimism
                         -2.00   -1.75   output external delay
                                 -1.75   data required time
-----------------------------------------------------------------------------
                                 -1.75   data required time
                                 -4.38   data arrival time
-----------------------------------------------------------------------------
                                  6.13   slack (MET)



worst slack corner Slowest: 5.3996
======================= Typical Corner ===================================

Startpoint: in1[5] (input port clocked by __VIRTUAL_CLK__)
Endpoint: out[5] (output port clocked by __VIRTUAL_CLK__)
Path Group: __VIRTUAL_CLK__
Path Type: min
Corner: Typical

Fanout     Cap    Slew   Delay    Time   Description
-----------------------------------------------------------------------------
                  0.00    0.00    0.00   clock __VIRTUAL_CLK__ (rise edge)
                          0.00    0.00   clock network delay (ideal)
                          2.00    2.00 ^ input external delay
     1    0.00    0.02    0.01    2.01 ^ in1[5] (in)
                                         in1[5] (net)
                  0.02    0.00    2.01 ^ input6/A (sky130_fd_sc_hd__buf_2)
     6    0.05    0.24    0.22    2.23 ^ input6/X (sky130_fd_sc_hd__buf_2)
                                         net6 (net)
                  0.24    0.00    2.23 ^ _233_/A2 (sky130_fd_sc_hd__a311o_1)
     1    0.01    0.14    0.27    2.50 ^ _233_/X (sky130_fd_sc_hd__a311o_1)
                                         _161_ (net)
                  0.14    0.00    2.50 ^ _267_/B1 (sky130_fd_sc_hd__a211o_1)
     1    0.01    0.13    0.18    2.68 ^ _267_/X (sky130_fd_sc_hd__a211o_1)
                                         net25 (net)
                  0.13    0.00    2.68 ^ output25/A (sky130_fd_sc_hd__buf_2)
     1    0.03    0.17    0.22    2.89 ^ output25/X (sky130_fd_sc_hd__buf_2)
                                         out[5] (net)
                  0.17    0.00    2.89 ^ out[5] (out)
                                  2.89   data arrival time

                  0.00    0.00    0.00   clock __VIRTUAL_CLK__ (rise edge)
                          0.00    0.00   clock network delay (ideal)
                          0.25    0.25   clock uncertainty
                          0.00    0.25   clock reconvergence pessimism
                         -2.00   -1.75   output external delay
                                 -1.75   data required time
-----------------------------------------------------------------------------
                                 -1.75   data required time
                                 -2.89   data arrival time
-----------------------------------------------------------------------------
                                  4.64   slack (MET)


Startpoint: in2[4] (input port clocked by __VIRTUAL_CLK__)
Endpoint: out[4] (output port clocked by __VIRTUAL_CLK__)
Path Group: __VIRTUAL_CLK__
Path Type: min
Corner: Typical

Fanout     Cap    Slew   Delay    Time   Description
-----------------------------------------------------------------------------
                  0.00    0.00    0.00   clock __VIRTUAL_CLK__ (rise edge)
                          0.00    0.00   clock network delay (ideal)
                          2.00    2.00 ^ input external delay
     1    0.00    0.02    0.01    2.01 ^ in2[4] (in)
                                         in2[4] (net)
                  0.02    0.00    2.01 ^ input13/A (sky130_fd_sc_hd__clkbuf_4)
     6    0.06    0.20    0.22    2.23 ^ input13/X (sky130_fd_sc_hd__clkbuf_4)
                                         net13 (net)
                  0.20    0.00    2.24 ^ _341_/A1 (sky130_fd_sc_hd__a31o_1)
     1    0.02    0.15    0.23    2.47 ^ _341_/X (sky130_fd_sc_hd__a31o_1)
                                         _092_ (net)
                  0.15    0.00    2.47 ^ _346_/B (sky130_fd_sc_hd__or3_1)
     1    0.01    0.08    0.15    2.62 ^ _346_/X (sky130_fd_sc_hd__or3_1)
                                         _097_ (net)
                  0.08    0.00    2.62 ^ _347_/A (sky130_fd_sc_hd__clkbuf_1)
     1    0.00    0.06    0.10    2.72 ^ _347_/X (sky130_fd_sc_hd__clkbuf_1)
                                         net24 (net)
                  0.06    0.00    2.72 ^ output24/A (sky130_fd_sc_hd__buf_2)
     1    0.03    0.17    0.19    2.91 ^ output24/X (sky130_fd_sc_hd__buf_2)
                                         out[4] (net)
                  0.17    0.00    2.91 ^ out[4] (out)
                                  2.91   data arrival time

                  0.00    0.00    0.00   clock __VIRTUAL_CLK__ (rise edge)
                          0.00    0.00   clock network delay (ideal)
                          0.25    0.25   clock uncertainty
                          0.00    0.25   clock reconvergence pessimism
                         -2.00   -1.75   output external delay
                                 -1.75   data required time
-----------------------------------------------------------------------------
                                 -1.75   data required time
                                 -2.91   data arrival time
-----------------------------------------------------------------------------
                                  4.66   slack (MET)


Startpoint: in2[0] (input port clocked by __VIRTUAL_CLK__)
Endpoint: out[0] (output port clocked by __VIRTUAL_CLK__)
Path Group: __VIRTUAL_CLK__
Path Type: min
Corner: Typical

Fanout     Cap    Slew   Delay    Time   Description
-----------------------------------------------------------------------------
                  0.00    0.00    0.00   clock __VIRTUAL_CLK__ (rise edge)
                          0.00    0.00   clock network delay (ideal)
                          2.00    2.00 v input external delay
     1    0.00    0.01    0.00    2.00 v in2[0] (in)
                                         in2[0] (net)
                  0.01    0.00    2.00 v input9/A (sky130_fd_sc_hd__clkbuf_2)
     4    0.04    0.15    0.18    2.18 v input9/X (sky130_fd_sc_hd__clkbuf_2)
                                         net9 (net)
                  0.15    0.00    2.18 v _184_/A (sky130_fd_sc_hd__buf_4)
    10    0.08    0.11    0.25    2.43 v _184_/X (sky130_fd_sc_hd__buf_4)
                                         _112_ (net)
                  0.11    0.00    2.44 v _307_/A1 (sky130_fd_sc_hd__a31o_1)
     1    0.03    0.14    0.28    2.72 v _307_/X (sky130_fd_sc_hd__a31o_1)
                                         net20 (net)
                  0.14    0.00    2.72 v output20/A (sky130_fd_sc_hd__buf_2)
     1    0.03    0.09    0.21    2.93 v output20/X (sky130_fd_sc_hd__buf_2)
                                         out[0] (net)
                  0.09    0.00    2.93 v out[0] (out)
                                  2.93   data arrival time

                  0.00    0.00    0.00   clock __VIRTUAL_CLK__ (rise edge)
                          0.00    0.00   clock network delay (ideal)
                          0.25    0.25   clock uncertainty
                          0.00    0.25   clock reconvergence pessimism
                         -2.00   -1.75   output external delay
                                 -1.75   data required time
-----------------------------------------------------------------------------
                                 -1.75   data required time
                                 -2.93   data arrival time
-----------------------------------------------------------------------------
                                  4.68   slack (MET)


Startpoint: op[2] (input port clocked by __VIRTUAL_CLK__)
Endpoint: out[7] (output port clocked by __VIRTUAL_CLK__)
Path Group: __VIRTUAL_CLK__
Path Type: min
Corner: Typical

Fanout     Cap    Slew   Delay    Time   Description
-----------------------------------------------------------------------------
                  0.00    0.00    0.00   clock __VIRTUAL_CLK__ (rise edge)
                          0.00    0.00   clock network delay (ideal)
                          2.00    2.00 v input external delay
     1    0.00    0.01    0.00    2.00 v op[2] (in)
                                         op[2] (net)
                  0.01    0.00    2.00 v input19/A (sky130_fd_sc_hd__clkbuf_4)
     6    0.06    0.12    0.19    2.20 v input19/X (sky130_fd_sc_hd__clkbuf_4)
                                         net19 (net)
                  0.12    0.00    2.20 v _265_/A (sky130_fd_sc_hd__and3_2)
     7    0.05    0.14    0.30    2.50 v _265_/X (sky130_fd_sc_hd__and3_2)
                                         _023_ (net)
                  0.14    0.00    2.50 v _302_/A1 (sky130_fd_sc_hd__a31o_4)
     1    0.04    0.07    0.29    2.78 v _302_/X (sky130_fd_sc_hd__a31o_4)
                                         net27 (net)
                  0.08    0.00    2.79 v output27/A (sky130_fd_sc_hd__buf_6)
     1    0.03    0.04    0.14    2.93 v output27/X (sky130_fd_sc_hd__buf_6)
                                         out[7] (net)
                  0.04    0.00    2.93 v out[7] (out)
                                  2.93   data arrival time

                  0.00    0.00    0.00   clock __VIRTUAL_CLK__ (rise edge)
                          0.00    0.00   clock network delay (ideal)
                          0.25    0.25   clock uncertainty
                          0.00    0.25   clock reconvergence pessimism
                         -2.00   -1.75   output external delay
                                 -1.75   data required time
-----------------------------------------------------------------------------
                                 -1.75   data required time
                                 -2.93   data arrival time
-----------------------------------------------------------------------------
                                  4.68   slack (MET)


Startpoint: in1[6] (input port clocked by __VIRTUAL_CLK__)
Endpoint: out[6] (output port clocked by __VIRTUAL_CLK__)
Path Group: __VIRTUAL_CLK__
Path Type: min
Corner: Typical

Fanout     Cap    Slew   Delay    Time   Description
-----------------------------------------------------------------------------
                  0.00    0.00    0.00   clock __VIRTUAL_CLK__ (rise edge)
                          0.00    0.00   clock network delay (ideal)
                          2.00    2.00 v input external delay
     1    0.00    0.01    0.00    2.00 v in1[6] (in)
                                         in1[6] (net)
                  0.01    0.00    2.00 v input7/A (sky130_fd_sc_hd__buf_2)
     5    0.05    0.12    0.17    2.18 v input7/X (sky130_fd_sc_hd__buf_2)
                                         net7 (net)
                  0.12    0.01    2.18 v _289_/A1 (sky130_fd_sc_hd__o211ai_2)
     1    0.02    0.13    0.28    2.47 ^ _289_/Y (sky130_fd_sc_hd__o211ai_2)
                                         _046_ (net)
                  0.13    0.00    2.47 ^ _290_/B1 (sky130_fd_sc_hd__a31o_1)
     1    0.01    0.12    0.16    2.63 ^ _290_/X (sky130_fd_sc_hd__a31o_1)
                                         _047_ (net)
                  0.12    0.00    2.63 ^ _291_/B1 (sky130_fd_sc_hd__a21o_1)
     1    0.01    0.07    0.12    2.75 ^ _291_/X (sky130_fd_sc_hd__a21o_1)
                                         net26 (net)
                  0.07    0.00    2.75 ^ output26/A (sky130_fd_sc_hd__buf_2)
     1    0.03    0.17    0.20    2.95 ^ output26/X (sky130_fd_sc_hd__buf_2)
                                         out[6] (net)
                  0.17    0.00    2.95 ^ out[6] (out)
                                  2.95   data arrival time

                  0.00    0.00    0.00   clock __VIRTUAL_CLK__ (rise edge)
                          0.00    0.00   clock network delay (ideal)
                          0.25    0.25   clock uncertainty
                          0.00    0.25   clock reconvergence pessimism
                         -2.00   -1.75   output external delay
                                 -1.75   data required time
-----------------------------------------------------------------------------
                                 -1.75   data required time
                                 -2.95   data arrival time
-----------------------------------------------------------------------------
                                  4.70   slack (MET)


Startpoint: op[2] (input port clocked by __VIRTUAL_CLK__)
Endpoint: out[2] (output port clocked by __VIRTUAL_CLK__)
Path Group: __VIRTUAL_CLK__
Path Type: min
Corner: Typical

Fanout     Cap    Slew   Delay    Time   Description
-----------------------------------------------------------------------------
                  0.00    0.00    0.00   clock __VIRTUAL_CLK__ (rise edge)
                          0.00    0.00   clock network delay (ideal)
                          2.00    2.00 v input external delay
     1    0.00    0.01    0.00    2.00 v op[2] (in)
                                         op[2] (net)
                  0.01    0.00    2.00 v input19/A (sky130_fd_sc_hd__clkbuf_4)
     6    0.06    0.12    0.19    2.20 v input19/X (sky130_fd_sc_hd__clkbuf_4)
                                         net19 (net)
                  0.12    0.00    2.20 v _265_/A (sky130_fd_sc_hd__and3_2)
     7    0.05    0.14    0.30    2.50 v _265_/X (sky130_fd_sc_hd__and3_2)
                                         _023_ (net)
                  0.14    0.00    2.50 v _326_/A2 (sky130_fd_sc_hd__a31o_1)
     1    0.01    0.08    0.28    2.78 v _326_/X (sky130_fd_sc_hd__a31o_1)
                                         net22 (net)
                  0.08    0.00    2.78 v output22/A (sky130_fd_sc_hd__buf_2)
     1    0.03    0.09    0.19    2.97 v output22/X (sky130_fd_sc_hd__buf_2)
                                         out[2] (net)
                  0.09    0.00    2.97 v out[2] (out)
                                  2.97   data arrival time

                  0.00    0.00    0.00   clock __VIRTUAL_CLK__ (rise edge)
                          0.00    0.00   clock network delay (ideal)
                          0.25    0.25   clock uncertainty
                          0.00    0.25   clock reconvergence pessimism
                         -2.00   -1.75   output external delay
                                 -1.75   data required time
-----------------------------------------------------------------------------
                                 -1.75   data required time
                                 -2.97   data arrival time
-----------------------------------------------------------------------------
                                  4.72   slack (MET)


Startpoint: op[2] (input port clocked by __VIRTUAL_CLK__)
Endpoint: out[3] (output port clocked by __VIRTUAL_CLK__)
Path Group: __VIRTUAL_CLK__
Path Type: min
Corner: Typical

Fanout     Cap    Slew   Delay    Time   Description
-----------------------------------------------------------------------------
                  0.00    0.00    0.00   clock __VIRTUAL_CLK__ (rise edge)
                          0.00    0.00   clock network delay (ideal)
                          2.00    2.00 v input external delay
     1    0.00    0.01    0.00    2.00 v op[2] (in)
                                         op[2] (net)
                  0.01    0.00    2.00 v input19/A (sky130_fd_sc_hd__clkbuf_4)
     6    0.06    0.12    0.19    2.20 v input19/X (sky130_fd_sc_hd__clkbuf_4)
                                         net19 (net)
                  0.12    0.01    2.20 v _170_/A (sky130_fd_sc_hd__inv_2)
     2    0.04    0.16    0.17    2.37 ^ _170_/Y (sky130_fd_sc_hd__inv_2)
                                         _098_ (net)
                  0.16    0.00    2.37 ^ _172_/A (sky130_fd_sc_hd__nor2_4)
     8    0.06    0.09    0.11    2.49 v _172_/Y (sky130_fd_sc_hd__nor2_4)
                                         _100_ (net)
                  0.09    0.00    2.49 v _335_/B2 (sky130_fd_sc_hd__a221o_1)
     1    0.02    0.11    0.38    2.86 v _335_/X (sky130_fd_sc_hd__a221o_1)
                                         net23 (net)
                  0.11    0.00    2.87 v output23/A (sky130_fd_sc_hd__buf_2)
     1    0.03    0.09    0.20    3.06 v output23/X (sky130_fd_sc_hd__buf_2)
                                         out[3] (net)
                  0.09    0.00    3.06 v out[3] (out)
                                  3.06   data arrival time

                  0.00    0.00    0.00   clock __VIRTUAL_CLK__ (rise edge)
                          0.00    0.00   clock network delay (ideal)
                          0.25    0.25   clock uncertainty
                          0.00    0.25   clock reconvergence pessimism
                         -2.00   -1.75   output external delay
                                 -1.75   data required time
-----------------------------------------------------------------------------
                                 -1.75   data required time
                                 -3.06   data arrival time
-----------------------------------------------------------------------------
                                  4.81   slack (MET)


Startpoint: in1[1] (input port clocked by __VIRTUAL_CLK__)
Endpoint: out[1] (output port clocked by __VIRTUAL_CLK__)
Path Group: __VIRTUAL_CLK__
Path Type: min
Corner: Typical

Fanout     Cap    Slew   Delay    Time   Description
-----------------------------------------------------------------------------
                  0.00    0.00    0.00   clock __VIRTUAL_CLK__ (rise edge)
                          0.00    0.00   clock network delay (ideal)
                          2.00    2.00 ^ input external delay
     1    0.00    0.02    0.01    2.01 ^ in1[1] (in)
                                         in1[1] (net)
                  0.02    0.00    2.01 ^ input2/A (sky130_fd_sc_hd__clkbuf_2)
     4    0.04    0.22    0.21    2.22 ^ input2/X (sky130_fd_sc_hd__clkbuf_2)
                                         net2 (net)
                  0.22    0.00    2.22 ^ _173_/A (sky130_fd_sc_hd__buf_4)
    10    0.08    0.22    0.28    2.50 ^ _173_/X (sky130_fd_sc_hd__buf_4)
                                         _101_ (net)
                  0.22    0.00    2.50 ^ _312_/A1 (sky130_fd_sc_hd__a31o_1)
     1    0.00    0.04    0.16    2.65 ^ _312_/X (sky130_fd_sc_hd__a31o_1)
                                         _066_ (net)
                  0.04    0.00    2.65 ^ _317_/B (sky130_fd_sc_hd__or4b_1)
     1    0.00    0.05    0.10    2.76 ^ _317_/X (sky130_fd_sc_hd__or4b_1)
                                         _071_ (net)
                  0.05    0.00    2.76 ^ _318_/A (sky130_fd_sc_hd__dlymetal6s2s_1)
     1    0.03    0.34    0.29    3.04 ^ _318_/X (sky130_fd_sc_hd__dlymetal6s2s_1)
                                         net21 (net)
                  0.34    0.00    3.05 ^ output21/A (sky130_fd_sc_hd__buf_2)
     1    0.03    0.17    0.27    3.31 ^ output21/X (sky130_fd_sc_hd__buf_2)
                                         out[1] (net)
                  0.17    0.00    3.31 ^ out[1] (out)
                                  3.31   data arrival time

                  0.00    0.00    0.00   clock __VIRTUAL_CLK__ (rise edge)
                          0.00    0.00   clock network delay (ideal)
                          0.25    0.25   clock uncertainty
                          0.00    0.25   clock reconvergence pessimism
                         -2.00   -1.75   output external delay
                                 -1.75   data required time
-----------------------------------------------------------------------------
                                 -1.75   data required time
                                 -3.31   data arrival time
-----------------------------------------------------------------------------
                                  5.06   slack (MET)



worst slack corner Typical: 4.6445
