
===========================================================================
 report_power
============================================================================
======================= Fastest Corner ===================================

Group                  Internal  Switching    Leakage      Total
                          Power      Power      Power      Power (Watts)
----------------------------------------------------------------
Sequential             0.00e+00   0.00e+00   0.00e+00   0.00e+00   0.0%
Combinational          6.08e-05   1.67e-04   2.19e-09   2.28e-04 100.0%
Clock                  0.00e+00   0.00e+00   1.11e-09   1.11e-09   0.0%
Macro                  0.00e+00   0.00e+00   0.00e+00   0.00e+00   0.0%
Pad                    0.00e+00   0.00e+00   0.00e+00   0.00e+00   0.0%
----------------------------------------------------------------
Total                  6.08e-05   1.67e-04   3.30e-09   2.28e-04 100.0%
                          26.7%      73.3%       0.0%

======================= Slowest Corner ===================================

Group                  Internal  Switching    Leakage      Total
                          Power      Power      Power      Power (Watts)
----------------------------------------------------------------
Sequential             0.00e+00   0.00e+00   0.00e+00   0.00e+00   0.0%
Combinational          4.36e-05   1.12e-04   1.13e-06   1.57e-04 100.0%
Clock                  0.00e+00   0.00e+00   1.11e-09   1.11e-09   0.0%
Macro                  0.00e+00   0.00e+00   0.00e+00   0.00e+00   0.0%
Pad                    0.00e+00   0.00e+00   0.00e+00   0.00e+00   0.0%
----------------------------------------------------------------
Total                  4.36e-05   1.12e-04   1.13e-06   1.57e-04 100.0%
                          27.8%      71.4%       0.7%

======================= Typical Corner ===================================

Group                  Internal  Switching    Leakage      Total
                          Power      Power      Power      Power (Watts)
----------------------------------------------------------------
Sequential             0.00e+00   0.00e+00   0.00e+00   0.00e+00   0.0%
Combinational          5.52e-05   1.42e-04   8.73e-10   1.97e-04 100.0%
Clock                  0.00e+00   0.00e+00   1.11e-09   1.11e-09   0.0%
Macro                  0.00e+00   0.00e+00   0.00e+00   0.00e+00   0.0%
Pad                    0.00e+00   0.00e+00   0.00e+00   0.00e+00   0.0%
----------------------------------------------------------------
Total                  5.52e-05   1.42e-04   1.98e-09   1.97e-04 100.0%
                          28.0%      72.0%       0.0%

