
===========================================================================
report_checks -path_delay max (Setup)
============================================================================
======================= Fastest Corner ===================================

Startpoint: in1[2] (input port clocked by __VIRTUAL_CLK__)
Endpoint: out[5] (output port clocked by __VIRTUAL_CLK__)
Path Group: __VIRTUAL_CLK__
Path Type: max
Corner: Fastest

Fanout     Cap    Slew   Delay    Time   Description
-----------------------------------------------------------------------------
                  0.00    0.00    0.00   clock __VIRTUAL_CLK__ (rise edge)
                          0.00    0.00   clock network delay (ideal)
                          2.00    2.00 ^ input external delay
     1    0.00    0.01    0.01    2.01 ^ in1[2] (in)
                                         in1[2] (net)
                  0.01    0.00    2.01 ^ input3/A (sky130_fd_sc_hd__buf_2)
     4    0.06    0.21    0.20    2.20 ^ input3/X (sky130_fd_sc_hd__buf_2)
                                         net3 (net)
                  0.21    0.01    2.21 ^ _176_/A (sky130_fd_sc_hd__buf_4)
    10    0.08    0.18    0.21    2.42 ^ _176_/X (sky130_fd_sc_hd__buf_4)
                                         _104_ (net)
                  0.18    0.01    2.43 ^ _194_/B1 (sky130_fd_sc_hd__a22o_1)
     2    0.02    0.16    0.18    2.61 ^ _194_/X (sky130_fd_sc_hd__a22o_1)
                                         _122_ (net)
                  0.16    0.00    2.61 ^ _196_/A3 (sky130_fd_sc_hd__a31o_1)
     2    0.02    0.15    0.19    2.80 ^ _196_/X (sky130_fd_sc_hd__a31o_1)
                                         _124_ (net)
                  0.15    0.00    2.80 ^ _198_/C (sky130_fd_sc_hd__and3_1)
     2    0.03    0.21    0.24    3.04 ^ _198_/X (sky130_fd_sc_hd__and3_1)
                                         _126_ (net)
                  0.21    0.00    3.04 ^ _208_/A_N (sky130_fd_sc_hd__and2b_2)
     1    0.03    0.07    0.20    3.25 v _208_/X (sky130_fd_sc_hd__and2b_2)
                                         _136_ (net)
                  0.07    0.00    3.25 v _209_/A (sky130_fd_sc_hd__xnor2_4)
     3    0.05    0.32    0.30    3.55 ^ _209_/Y (sky130_fd_sc_hd__xnor2_4)
                                         _137_ (net)
                  0.32    0.00    3.56 ^ _210_/A (sky130_fd_sc_hd__nand3_4)
     3    0.04    0.15    0.14    3.70 v _210_/Y (sky130_fd_sc_hd__nand3_4)
                                         _138_ (net)
                  0.15    0.01    3.71 v _219_/A2 (sky130_fd_sc_hd__a21oi_2)
     1    0.03    0.23    0.26    3.97 ^ _219_/Y (sky130_fd_sc_hd__a21oi_2)
                                         _147_ (net)
                  0.23    0.00    3.97 ^ _221_/A (sky130_fd_sc_hd__nor2_1)
     1    0.02    0.11    0.11    4.08 v _221_/Y (sky130_fd_sc_hd__nor2_1)
                                         _149_ (net)
                  0.11    0.00    4.09 v _267_/A2 (sky130_fd_sc_hd__a211o_1)
     1    0.01    0.07    0.26    4.35 v _267_/X (sky130_fd_sc_hd__a211o_1)
                                         net25 (net)
                  0.07    0.00    4.35 v output25/A (sky130_fd_sc_hd__buf_2)
     1    0.03    0.06    0.14    4.49 v output25/X (sky130_fd_sc_hd__buf_2)
                                         out[5] (net)
                  0.06    0.00    4.49 v out[5] (out)
                                  4.49   data arrival time

                  0.00   10.00   10.00   clock __VIRTUAL_CLK__ (rise edge)
                          0.00   10.00   clock network delay (ideal)
                         -0.25    9.75   clock uncertainty
                          0.00    9.75   clock reconvergence pessimism
                         -2.00    7.75   output external delay
                                  7.75   data required time
-----------------------------------------------------------------------------
                                  7.75   data required time
                                 -4.49   data arrival time
-----------------------------------------------------------------------------
                                  3.26   slack (MET)


Startpoint: op[0] (input port clocked by __VIRTUAL_CLK__)
Endpoint: out[7] (output port clocked by __VIRTUAL_CLK__)
Path Group: __VIRTUAL_CLK__
Path Type: max
Corner: Fastest

Fanout     Cap    Slew   Delay    Time   Description
-----------------------------------------------------------------------------
                  0.00    0.00    0.00   clock __VIRTUAL_CLK__ (rise edge)
                          0.00    0.00   clock network delay (ideal)
                          2.00    2.00 v input external delay
     1    0.00    0.00    0.00    2.00 v op[0] (in)
                                         op[0] (net)
                  0.00    0.00    2.00 v input17/A (sky130_fd_sc_hd__buf_2)
     5    0.04    0.08    0.12    2.13 v input17/X (sky130_fd_sc_hd__buf_2)
                                         net17 (net)
                  0.08    0.00    2.13 v _235_/A_N (sky130_fd_sc_hd__nand3b_4)
     5    0.04    0.10    0.17    2.30 v _235_/Y (sky130_fd_sc_hd__nand3b_4)
                                         _163_ (net)
                  0.10    0.00    2.30 v rebuffer3/A (sky130_fd_sc_hd__dlymetal6s2s_1)
     2    0.01    0.04    0.14    2.43 v rebuffer3/X (sky130_fd_sc_hd__dlymetal6s2s_1)
                                         net30 (net)
                  0.04    0.00    2.43 v rebuffer4/A (sky130_fd_sc_hd__clkbuf_2)
     4    0.03    0.07    0.12    2.56 v rebuffer4/X (sky130_fd_sc_hd__clkbuf_2)
                                         net31 (net)
                  0.07    0.00    2.56 v _236_/B1 (sky130_fd_sc_hd__o31a_2)
     3    0.04    0.10    0.14    2.70 v _236_/X (sky130_fd_sc_hd__o31a_2)
                                         _164_ (net)
                  0.10    0.01    2.70 v _237_/B (sky130_fd_sc_hd__xnor2_2)
     2    0.04    0.35    0.31    3.02 ^ _237_/Y (sky130_fd_sc_hd__xnor2_2)
                                         _165_ (net)
                  0.35    0.00    3.02 ^ _255_/B (sky130_fd_sc_hd__or2_1)
     1    0.02    0.13    0.16    3.18 ^ _255_/X (sky130_fd_sc_hd__or2_1)
                                         _013_ (net)
                  0.13    0.00    3.18 ^ _256_/B (sky130_fd_sc_hd__nand2_1)
     2    0.02    0.10    0.11    3.29 v _256_/Y (sky130_fd_sc_hd__nand2_1)
                                         _014_ (net)
                  0.10    0.00    3.29 v _257_/C1 (sky130_fd_sc_hd__a311o_4)
     5    0.05    0.09    0.21    3.50 v _257_/X (sky130_fd_sc_hd__a311o_4)
                                         _015_ (net)
                  0.09    0.01    3.51 v _276_/A3 (sky130_fd_sc_hd__a311oi_4)
     3    0.03    0.32    0.36    3.87 ^ _276_/Y (sky130_fd_sc_hd__a311oi_4)
                                         _033_ (net)
                  0.32    0.00    3.87 ^ _295_/A2 (sky130_fd_sc_hd__o21ai_2)
     1    0.03    0.12    0.12    3.99 v _295_/Y (sky130_fd_sc_hd__o21ai_2)
                                         _051_ (net)
                  0.12    0.00    3.99 v _302_/A2 (sky130_fd_sc_hd__a31o_4)
     1    0.04    0.06    0.22    4.21 v _302_/X (sky130_fd_sc_hd__a31o_4)
                                         net27 (net)
                  0.06    0.00    4.22 v output27/A (sky130_fd_sc_hd__buf_6)
     1    0.03    0.03    0.11    4.32 v output27/X (sky130_fd_sc_hd__buf_6)
                                         out[7] (net)
                  0.03    0.00    4.32 v out[7] (out)
                                  4.32   data arrival time

                  0.00   10.00   10.00   clock __VIRTUAL_CLK__ (rise edge)
                          0.00   10.00   clock network delay (ideal)
                         -0.25    9.75   clock uncertainty
                          0.00    9.75   clock reconvergence pessimism
                         -2.00    7.75   output external delay
                                  7.75   data required time
-----------------------------------------------------------------------------
                                  7.75   data required time
                                 -4.32   data arrival time
-----------------------------------------------------------------------------
                                  3.43   slack (MET)


Startpoint: op[0] (input port clocked by __VIRTUAL_CLK__)
Endpoint: out[6] (output port clocked by __VIRTUAL_CLK__)
Path Group: __VIRTUAL_CLK__
Path Type: max
Corner: Fastest

Fanout     Cap    Slew   Delay    Time   Description
-----------------------------------------------------------------------------
                  0.00    0.00    0.00   clock __VIRTUAL_CLK__ (rise edge)
                          0.00    0.00   clock network delay (ideal)
                          2.00    2.00 v input external delay
     1    0.00    0.00    0.00    2.00 v op[0] (in)
                                         op[0] (net)
                  0.00    0.00    2.00 v input17/A (sky130_fd_sc_hd__buf_2)
     5    0.04    0.08    0.12    2.13 v input17/X (sky130_fd_sc_hd__buf_2)
                                         net17 (net)
                  0.08    0.00    2.13 v _235_/A_N (sky130_fd_sc_hd__nand3b_4)
     5    0.04    0.10    0.17    2.30 v _235_/Y (sky130_fd_sc_hd__nand3b_4)
                                         _163_ (net)
                  0.10    0.00    2.30 v rebuffer3/A (sky130_fd_sc_hd__dlymetal6s2s_1)
     2    0.01    0.04    0.14    2.43 v rebuffer3/X (sky130_fd_sc_hd__dlymetal6s2s_1)
                                         net30 (net)
                  0.04    0.00    2.43 v rebuffer4/A (sky130_fd_sc_hd__clkbuf_2)
     4    0.03    0.07    0.12    2.56 v rebuffer4/X (sky130_fd_sc_hd__clkbuf_2)
                                         net31 (net)
                  0.07    0.00    2.56 v _236_/B1 (sky130_fd_sc_hd__o31a_2)
     3    0.04    0.10    0.14    2.70 v _236_/X (sky130_fd_sc_hd__o31a_2)
                                         _164_ (net)
                  0.10    0.01    2.70 v _237_/B (sky130_fd_sc_hd__xnor2_2)
     2    0.04    0.35    0.31    3.02 ^ _237_/Y (sky130_fd_sc_hd__xnor2_2)
                                         _165_ (net)
                  0.35    0.00    3.02 ^ _255_/B (sky130_fd_sc_hd__or2_1)
     1    0.02    0.13    0.16    3.18 ^ _255_/X (sky130_fd_sc_hd__or2_1)
                                         _013_ (net)
                  0.13    0.00    3.18 ^ _256_/B (sky130_fd_sc_hd__nand2_1)
     2    0.02    0.10    0.11    3.29 v _256_/Y (sky130_fd_sc_hd__nand2_1)
                                         _014_ (net)
                  0.10    0.00    3.29 v _257_/C1 (sky130_fd_sc_hd__a311o_4)
     5    0.05    0.09    0.21    3.50 v _257_/X (sky130_fd_sc_hd__a311o_4)
                                         _015_ (net)
                  0.09    0.01    3.51 v _276_/A3 (sky130_fd_sc_hd__a311oi_4)
     3    0.03    0.32    0.36    3.87 ^ _276_/Y (sky130_fd_sc_hd__a311oi_4)
                                         _033_ (net)
                  0.32    0.00    3.87 ^ _277_/A_N (sky130_fd_sc_hd__and2b_1)
     1    0.01    0.05    0.16    4.03 v _277_/X (sky130_fd_sc_hd__and2b_1)
                                         _034_ (net)
                  0.05    0.00    4.03 v _291_/A2 (sky130_fd_sc_hd__a21o_1)
     1    0.01    0.04    0.14    4.17 v _291_/X (sky130_fd_sc_hd__a21o_1)
                                         net26 (net)
                  0.04    0.00    4.17 v output26/A (sky130_fd_sc_hd__buf_2)
     1    0.03    0.06    0.13    4.30 v output26/X (sky130_fd_sc_hd__buf_2)
                                         out[6] (net)
                  0.06    0.00    4.30 v out[6] (out)
                                  4.30   data arrival time

                  0.00   10.00   10.00   clock __VIRTUAL_CLK__ (rise edge)
                          0.00   10.00   clock network delay (ideal)
                         -0.25    9.75   clock uncertainty
                          0.00    9.75   clock reconvergence pessimism
                         -2.00    7.75   output external delay
                                  7.75   data required time
-----------------------------------------------------------------------------
                                  7.75   data required time
                                 -4.30   data arrival time
-----------------------------------------------------------------------------
                                  3.45   slack (MET)


Startpoint: in1[2] (input port clocked by __VIRTUAL_CLK__)
Endpoint: out[4] (output port clocked by __VIRTUAL_CLK__)
Path Group: __VIRTUAL_CLK__
Path Type: max
Corner: Fastest

Fanout     Cap    Slew   Delay    Time   Description
-----------------------------------------------------------------------------
                  0.00    0.00    0.00   clock __VIRTUAL_CLK__ (rise edge)
                          0.00    0.00   clock network delay (ideal)
                          2.00    2.00 ^ input external delay
     1    0.00    0.01    0.01    2.01 ^ in1[2] (in)
                                         in1[2] (net)
                  0.01    0.00    2.01 ^ input3/A (sky130_fd_sc_hd__buf_2)
     4    0.06    0.21    0.20    2.20 ^ input3/X (sky130_fd_sc_hd__buf_2)
                                         net3 (net)
                  0.21    0.01    2.21 ^ _176_/A (sky130_fd_sc_hd__buf_4)
    10    0.08    0.18    0.21    2.42 ^ _176_/X (sky130_fd_sc_hd__buf_4)
                                         _104_ (net)
                  0.18    0.01    2.43 ^ _194_/B1 (sky130_fd_sc_hd__a22o_1)
     2    0.02    0.16    0.18    2.61 ^ _194_/X (sky130_fd_sc_hd__a22o_1)
                                         _122_ (net)
                  0.16    0.00    2.61 ^ _196_/A3 (sky130_fd_sc_hd__a31o_1)
     2    0.02    0.15    0.19    2.80 ^ _196_/X (sky130_fd_sc_hd__a31o_1)
                                         _124_ (net)
                  0.15    0.00    2.80 ^ _198_/C (sky130_fd_sc_hd__and3_1)
     2    0.03    0.21    0.24    3.04 ^ _198_/X (sky130_fd_sc_hd__and3_1)
                                         _126_ (net)
                  0.21    0.00    3.04 ^ _208_/A_N (sky130_fd_sc_hd__and2b_2)
     1    0.03    0.07    0.20    3.25 v _208_/X (sky130_fd_sc_hd__and2b_2)
                                         _136_ (net)
                  0.07    0.00    3.25 v _209_/A (sky130_fd_sc_hd__xnor2_4)
     3    0.05    0.32    0.30    3.55 ^ _209_/Y (sky130_fd_sc_hd__xnor2_4)
                                         _137_ (net)
                  0.32    0.00    3.56 ^ _210_/A (sky130_fd_sc_hd__nand3_4)
     3    0.04    0.15    0.14    3.70 v _210_/Y (sky130_fd_sc_hd__nand3_4)
                                         _138_ (net)
                  0.15    0.01    3.70 v _345_/A1 (sky130_fd_sc_hd__a31o_1)
     1    0.01    0.04    0.17    3.88 v _345_/X (sky130_fd_sc_hd__a31o_1)
                                         _096_ (net)
                  0.04    0.00    3.88 v _346_/C (sky130_fd_sc_hd__or3_1)
     1    0.01    0.07    0.21    4.09 v _346_/X (sky130_fd_sc_hd__or3_1)
                                         _097_ (net)
                  0.07    0.00    4.09 v _347_/A (sky130_fd_sc_hd__clkbuf_1)
     1    0.00    0.02    0.08    4.17 v _347_/X (sky130_fd_sc_hd__clkbuf_1)
                                         net24 (net)
                  0.02    0.00    4.17 v output24/A (sky130_fd_sc_hd__buf_2)
     1    0.03    0.06    0.12    4.29 v output24/X (sky130_fd_sc_hd__buf_2)
                                         out[4] (net)
                  0.06    0.00    4.29 v out[4] (out)
                                  4.29   data arrival time

                  0.00   10.00   10.00   clock __VIRTUAL_CLK__ (rise edge)
                          0.00   10.00   clock network delay (ideal)
                         -0.25    9.75   clock uncertainty
                          0.00    9.75   clock reconvergence pessimism
                         -2.00    7.75   output external delay
                                  7.75   data required time
-----------------------------------------------------------------------------
                                  7.75   data required time
                                 -4.29   data arrival time
-----------------------------------------------------------------------------
                                  3.46   slack (MET)


Startpoint: in2[1] (input port clocked by __VIRTUAL_CLK__)
Endpoint: out[3] (output port clocked by __VIRTUAL_CLK__)
Path Group: __VIRTUAL_CLK__
Path Type: max
Corner: Fastest

Fanout     Cap    Slew   Delay    Time   Description
-----------------------------------------------------------------------------
                  0.00    0.00    0.00   clock __VIRTUAL_CLK__ (rise edge)
                          0.00    0.00   clock network delay (ideal)
                          2.00    2.00 ^ input external delay
     1    0.00    0.01    0.01    2.01 ^ in2[1] (in)
                                         in2[1] (net)
                  0.01    0.00    2.01 ^ input10/A (sky130_fd_sc_hd__buf_2)
     5    0.05    0.20    0.19    2.19 ^ input10/X (sky130_fd_sc_hd__buf_2)
                                         net10 (net)
                  0.20    0.00    2.20 ^ _175_/A (sky130_fd_sc_hd__buf_4)
    10    0.10    0.20    0.23    2.42 ^ _175_/X (sky130_fd_sc_hd__buf_4)
                                         _103_ (net)
                  0.20    0.01    2.44 ^ _242_/B (sky130_fd_sc_hd__and3_1)
     2    0.03    0.22    0.26    2.69 ^ _242_/X (sky130_fd_sc_hd__and3_1)
                                         _000_ (net)
                  0.22    0.00    2.70 ^ _244_/A1 (sky130_fd_sc_hd__o21a_2)
     4    0.04    0.16    0.21    2.91 ^ _244_/X (sky130_fd_sc_hd__o21a_2)
                                         _002_ (net)
                  0.16    0.00    2.91 ^ _247_/A_N (sky130_fd_sc_hd__and3b_2)
     3    0.04    0.09    0.21    3.12 v _247_/X (sky130_fd_sc_hd__and3b_2)
                                         _005_ (net)
                  0.09    0.01    3.13 v _250_/A1 (sky130_fd_sc_hd__o21ai_4)
     3    0.02    0.16    0.19    3.31 ^ _250_/Y (sky130_fd_sc_hd__o21ai_4)
                                         _008_ (net)
                  0.16    0.00    3.32 ^ rebuffer1/A (sky130_fd_sc_hd__dlygate4sd1_1)
     2    0.02    0.18    0.26    3.57 ^ rebuffer1/X (sky130_fd_sc_hd__dlygate4sd1_1)
                                         net28 (net)
                  0.18    0.00    3.57 ^ _328_/B (sky130_fd_sc_hd__nand2_1)
     1    0.01    0.09    0.09    3.66 v _328_/Y (sky130_fd_sc_hd__nand2_1)
                                         _080_ (net)
                  0.09    0.00    3.66 v _329_/B (sky130_fd_sc_hd__xnor2_2)
     1    0.02    0.24    0.23    3.90 ^ _329_/Y (sky130_fd_sc_hd__xnor2_2)
                                         _081_ (net)
                  0.24    0.00    3.90 ^ _335_/A2 (sky130_fd_sc_hd__a221o_1)
     1    0.02    0.13    0.19    4.08 ^ _335_/X (sky130_fd_sc_hd__a221o_1)
                                         net23 (net)
                  0.13    0.00    4.08 ^ output23/A (sky130_fd_sc_hd__buf_2)
     1    0.03    0.13    0.17    4.25 ^ output23/X (sky130_fd_sc_hd__buf_2)
                                         out[3] (net)
                  0.13    0.00    4.25 ^ out[3] (out)
                                  4.25   data arrival time

                  0.00   10.00   10.00   clock __VIRTUAL_CLK__ (rise edge)
                          0.00   10.00   clock network delay (ideal)
                         -0.25    9.75   clock uncertainty
                          0.00    9.75   clock reconvergence pessimism
                         -2.00    7.75   output external delay
                                  7.75   data required time
-----------------------------------------------------------------------------
                                  7.75   data required time
                                 -4.25   data arrival time
-----------------------------------------------------------------------------
                                  3.50   slack (MET)


Startpoint: in2[1] (input port clocked by __VIRTUAL_CLK__)
Endpoint: out[2] (output port clocked by __VIRTUAL_CLK__)
Path Group: __VIRTUAL_CLK__
Path Type: max
Corner: Fastest

Fanout     Cap    Slew   Delay    Time   Description
-----------------------------------------------------------------------------
                  0.00    0.00    0.00   clock __VIRTUAL_CLK__ (rise edge)
                          0.00    0.00   clock network delay (ideal)
                          2.00    2.00 ^ input external delay
     1    0.00    0.01    0.01    2.01 ^ in2[1] (in)
                                         in2[1] (net)
                  0.01    0.00    2.01 ^ input10/A (sky130_fd_sc_hd__buf_2)
     5    0.05    0.20    0.19    2.19 ^ input10/X (sky130_fd_sc_hd__buf_2)
                                         net10 (net)
                  0.20    0.00    2.20 ^ _175_/A (sky130_fd_sc_hd__buf_4)
    10    0.10    0.20    0.23    2.42 ^ _175_/X (sky130_fd_sc_hd__buf_4)
                                         _103_ (net)
                  0.20    0.01    2.44 ^ _242_/B (sky130_fd_sc_hd__and3_1)
     2    0.03    0.22    0.26    2.69 ^ _242_/X (sky130_fd_sc_hd__and3_1)
                                         _000_ (net)
                  0.22    0.00    2.70 ^ _244_/A1 (sky130_fd_sc_hd__o21a_2)
     4    0.04    0.16    0.21    2.91 ^ _244_/X (sky130_fd_sc_hd__o21a_2)
                                         _002_ (net)
                  0.16    0.00    2.91 ^ _247_/A_N (sky130_fd_sc_hd__and3b_2)
     3    0.04    0.09    0.21    3.12 v _247_/X (sky130_fd_sc_hd__and3b_2)
                                         _005_ (net)
                  0.09    0.01    3.13 v _250_/A1 (sky130_fd_sc_hd__o21ai_4)
     3    0.02    0.16    0.19    3.31 ^ _250_/Y (sky130_fd_sc_hd__o21ai_4)
                                         _008_ (net)
                  0.16    0.00    3.32 ^ rebuffer1/A (sky130_fd_sc_hd__dlygate4sd1_1)
     2    0.02    0.18    0.26    3.57 ^ rebuffer1/X (sky130_fd_sc_hd__dlygate4sd1_1)
                                         net28 (net)
                  0.18    0.00    3.57 ^ rebuffer2/A (sky130_fd_sc_hd__dlygate4sd1_1)
     1    0.00    0.03    0.15    3.72 ^ rebuffer2/X (sky130_fd_sc_hd__dlygate4sd1_1)
                                         net29 (net)
                  0.03    0.00    3.72 ^ _326_/A1 (sky130_fd_sc_hd__a31o_1)
     1    0.02    0.12    0.15    3.87 ^ _326_/X (sky130_fd_sc_hd__a31o_1)
                                         net22 (net)
                  0.12    0.00    3.87 ^ output22/A (sky130_fd_sc_hd__buf_2)
     1    0.03    0.13    0.17    4.04 ^ output22/X (sky130_fd_sc_hd__buf_2)
                                         out[2] (net)
                  0.13    0.00    4.04 ^ out[2] (out)
                                  4.04   data arrival time

                  0.00   10.00   10.00   clock __VIRTUAL_CLK__ (rise edge)
                          0.00   10.00   clock network delay (ideal)
                         -0.25    9.75   clock uncertainty
                          0.00    9.75   clock reconvergence pessimism
                         -2.00    7.75   output external delay
                                  7.75   data required time
-----------------------------------------------------------------------------
                                  7.75   data required time
                                 -4.04   data arrival time
-----------------------------------------------------------------------------
                                  3.71   slack (MET)


Startpoint: in2[1] (input port clocked by __VIRTUAL_CLK__)
Endpoint: out[1] (output port clocked by __VIRTUAL_CLK__)
Path Group: __VIRTUAL_CLK__
Path Type: max
Corner: Fastest

Fanout     Cap    Slew   Delay    Time   Description
-----------------------------------------------------------------------------
                  0.00    0.00    0.00   clock __VIRTUAL_CLK__ (rise edge)
                          0.00    0.00   clock network delay (ideal)
                          2.00    2.00 ^ input external delay
     1    0.00    0.01    0.01    2.01 ^ in2[1] (in)
                                         in2[1] (net)
                  0.01    0.00    2.01 ^ input10/A (sky130_fd_sc_hd__buf_2)
     5    0.05    0.20    0.19    2.19 ^ input10/X (sky130_fd_sc_hd__buf_2)
                                         net10 (net)
                  0.20    0.00    2.20 ^ _175_/A (sky130_fd_sc_hd__buf_4)
    10    0.10    0.20    0.23    2.42 ^ _175_/X (sky130_fd_sc_hd__buf_4)
                                         _103_ (net)
                  0.20    0.01    2.44 ^ _242_/B (sky130_fd_sc_hd__and3_1)
     2    0.03    0.22    0.26    2.69 ^ _242_/X (sky130_fd_sc_hd__and3_1)
                                         _000_ (net)
                  0.22    0.00    2.70 ^ _244_/A1 (sky130_fd_sc_hd__o21a_2)
     4    0.04    0.16    0.21    2.91 ^ _244_/X (sky130_fd_sc_hd__o21a_2)
                                         _002_ (net)
                  0.16    0.00    2.91 ^ _314_/A_N (sky130_fd_sc_hd__and2b_1)
     1    0.01    0.05    0.16    3.07 v _314_/X (sky130_fd_sc_hd__and2b_1)
                                         _068_ (net)
                  0.05    0.00    3.07 v _315_/A (sky130_fd_sc_hd__nor2_1)
     1    0.01    0.20    0.19    3.26 ^ _315_/Y (sky130_fd_sc_hd__nor2_1)
                                         _069_ (net)
                  0.20    0.00    3.26 ^ _316_/B (sky130_fd_sc_hd__or3b_1)
     1    0.01    0.09    0.14    3.40 ^ _316_/X (sky130_fd_sc_hd__or3b_1)
                                         _070_ (net)
                  0.09    0.00    3.40 ^ _317_/D_N (sky130_fd_sc_hd__or4b_1)
     1    0.00    0.06    0.26    3.66 v _317_/X (sky130_fd_sc_hd__or4b_1)
                                         _071_ (net)
                  0.06    0.00    3.66 v _318_/A (sky130_fd_sc_hd__dlymetal6s2s_1)
     1    0.04    0.13    0.19    3.85 v _318_/X (sky130_fd_sc_hd__dlymetal6s2s_1)
                                         net21 (net)
                  0.13    0.01    3.86 v output21/A (sky130_fd_sc_hd__buf_2)
     1    0.03    0.06    0.16    4.02 v output21/X (sky130_fd_sc_hd__buf_2)
                                         out[1] (net)
                  0.06    0.00    4.02 v out[1] (out)
                                  4.02   data arrival time

                  0.00   10.00   10.00   clock __VIRTUAL_CLK__ (rise edge)
                          0.00   10.00   clock network delay (ideal)
                         -0.25    9.75   clock uncertainty
                          0.00    9.75   clock reconvergence pessimism
                         -2.00    7.75   output external delay
                                  7.75   data required time
-----------------------------------------------------------------------------
                                  7.75   data required time
                                 -4.02   data arrival time
-----------------------------------------------------------------------------
                                  3.73   slack (MET)


Startpoint: op[1] (input port clocked by __VIRTUAL_CLK__)
Endpoint: out[0] (output port clocked by __VIRTUAL_CLK__)
Path Group: __VIRTUAL_CLK__
Path Type: max
Corner: Fastest

Fanout     Cap    Slew   Delay    Time   Description
-----------------------------------------------------------------------------
                  0.00    0.00    0.00   clock __VIRTUAL_CLK__ (rise edge)
                          0.00    0.00   clock network delay (ideal)
                          2.00    2.00 v input external delay
     1    0.00    0.00    0.00    2.00 v op[1] (in)
                                         op[1] (net)
                  0.00    0.00    2.00 v input18/A (sky130_fd_sc_hd__clkbuf_4)
     6    0.06    0.09    0.15    2.15 v input18/X (sky130_fd_sc_hd__clkbuf_4)
                                         net18 (net)
                  0.09    0.01    2.16 v _171_/B (sky130_fd_sc_hd__or2_2)
     4    0.03    0.08    0.24    2.40 v _171_/X (sky130_fd_sc_hd__or2_2)
                                         _099_ (net)
                  0.08    0.00    2.40 v _224_/B (sky130_fd_sc_hd__or2_1)
     1    0.02    0.09    0.21    2.60 v _224_/X (sky130_fd_sc_hd__or2_1)
                                         _152_ (net)
                  0.09    0.00    2.60 v _225_/A (sky130_fd_sc_hd__clkbuf_4)
     8    0.07    0.10    0.19    2.79 v _225_/X (sky130_fd_sc_hd__clkbuf_4)
                                         _153_ (net)
                  0.10    0.01    2.80 v _306_/A2 (sky130_fd_sc_hd__o21ai_2)
     1    0.02    0.19    0.20    3.00 ^ _306_/Y (sky130_fd_sc_hd__o21ai_2)
                                         _061_ (net)
                  0.19    0.00    3.00 ^ _307_/B1 (sky130_fd_sc_hd__a31o_1)
     1    0.03    0.21    0.20    3.20 ^ _307_/X (sky130_fd_sc_hd__a31o_1)
                                         net20 (net)
                  0.21    0.00    3.20 ^ output20/A (sky130_fd_sc_hd__buf_2)
     1    0.03    0.13    0.18    3.38 ^ output20/X (sky130_fd_sc_hd__buf_2)
                                         out[0] (net)
                  0.13    0.00    3.38 ^ out[0] (out)
                                  3.38   data arrival time

                  0.00   10.00   10.00   clock __VIRTUAL_CLK__ (rise edge)
                          0.00   10.00   clock network delay (ideal)
                         -0.25    9.75   clock uncertainty
                          0.00    9.75   clock reconvergence pessimism
                         -2.00    7.75   output external delay
                                  7.75   data required time
-----------------------------------------------------------------------------
                                  7.75   data required time
                                 -3.38   data arrival time
-----------------------------------------------------------------------------
                                  4.37   slack (MET)



worst slack corner Fastest: 3.2604
======================= Slowest Corner ===================================

Startpoint: in1[2] (input port clocked by __VIRTUAL_CLK__)
Endpoint: out[5] (output port clocked by __VIRTUAL_CLK__)
Path Group: __VIRTUAL_CLK__
Path Type: max
Corner: Slowest

Fanout     Cap    Slew   Delay    Time   Description
-----------------------------------------------------------------------------
                  0.00    0.00    0.00   clock __VIRTUAL_CLK__ (rise edge)
                          0.00    0.00   clock network delay (ideal)
                          2.00    2.00 ^ input external delay
     1    0.00    0.03    0.01    2.01 ^ in1[2] (in)
                                         in1[2] (net)
                  0.03    0.00    2.01 ^ input3/A (sky130_fd_sc_hd__buf_2)
     4    0.06    0.45    0.47    2.48 ^ input3/X (sky130_fd_sc_hd__buf_2)
                                         net3 (net)
                  0.45    0.01    2.49 ^ _176_/A (sky130_fd_sc_hd__buf_4)
    10    0.08    0.37    0.62    3.11 ^ _176_/X (sky130_fd_sc_hd__buf_4)
                                         _104_ (net)
                  0.37    0.01    3.12 ^ _194_/B1 (sky130_fd_sc_hd__a22o_1)
     2    0.02    0.33    0.58    3.70 ^ _194_/X (sky130_fd_sc_hd__a22o_1)
                                         _122_ (net)
                  0.33    0.00    3.70 ^ _196_/A3 (sky130_fd_sc_hd__a31o_1)
     2    0.02    0.32    0.60    4.30 ^ _196_/X (sky130_fd_sc_hd__a31o_1)
                                         _124_ (net)
                  0.32    0.00    4.30 ^ _198_/C (sky130_fd_sc_hd__and3_1)
     2    0.03    0.43    0.69    4.99 ^ _198_/X (sky130_fd_sc_hd__and3_1)
                                         _126_ (net)
                  0.43    0.00    4.99 ^ _208_/A_N (sky130_fd_sc_hd__and2b_2)
     1    0.03    0.19    0.74    5.73 v _208_/X (sky130_fd_sc_hd__and2b_2)
                                         _136_ (net)
                  0.19    0.00    5.74 v _209_/A (sky130_fd_sc_hd__xnor2_4)
     3    0.05    0.66    0.69    6.43 ^ _209_/Y (sky130_fd_sc_hd__xnor2_4)
                                         _137_ (net)
                  0.66    0.00    6.43 ^ _210_/A (sky130_fd_sc_hd__nand3_4)
     3    0.04    0.37    0.53    6.97 v _210_/Y (sky130_fd_sc_hd__nand3_4)
                                         _138_ (net)
                  0.37    0.01    6.98 v _219_/A2 (sky130_fd_sc_hd__a21oi_2)
     1    0.03    0.52    0.65    7.63 ^ _219_/Y (sky130_fd_sc_hd__a21oi_2)
                                         _147_ (net)
                  0.52    0.00    7.63 ^ _221_/A (sky130_fd_sc_hd__nor2_1)
     1    0.02    0.24    0.42    8.05 v _221_/Y (sky130_fd_sc_hd__nor2_1)
                                         _149_ (net)
                  0.24    0.00    8.05 v _267_/A2 (sky130_fd_sc_hd__a211o_1)
     1    0.01    0.18    0.76    8.81 v _267_/X (sky130_fd_sc_hd__a211o_1)
                                         net25 (net)
                  0.18    0.00    8.82 v output25/A (sky130_fd_sc_hd__buf_2)
     1    0.03    0.17    0.42    9.23 v output25/X (sky130_fd_sc_hd__buf_2)
                                         out[5] (net)
                  0.17    0.00    9.24 v out[5] (out)
                                  9.24   data arrival time

                  0.00   10.00   10.00   clock __VIRTUAL_CLK__ (rise edge)
                          0.00   10.00   clock network delay (ideal)
                         -0.25    9.75   clock uncertainty
                          0.00    9.75   clock reconvergence pessimism
                         -2.00    7.75   output external delay
                                  7.75   data required time
-----------------------------------------------------------------------------
                                  7.75   data required time
                                 -9.24   data arrival time
-----------------------------------------------------------------------------
                                 -1.49   slack (VIOLATED)


Startpoint: op[0] (input port clocked by __VIRTUAL_CLK__)
Endpoint: out[6] (output port clocked by __VIRTUAL_CLK__)
Path Group: __VIRTUAL_CLK__
Path Type: max
Corner: Slowest

Fanout     Cap    Slew   Delay    Time   Description
-----------------------------------------------------------------------------
                  0.00    0.00    0.00   clock __VIRTUAL_CLK__ (rise edge)
                          0.00    0.00   clock network delay (ideal)
                          2.00    2.00 v input external delay
     1    0.00    0.02    0.01    2.01 v op[0] (in)
                                         op[0] (net)
                  0.02    0.00    2.01 v input17/A (sky130_fd_sc_hd__buf_2)
     5    0.04    0.21    0.37    2.38 v input17/X (sky130_fd_sc_hd__buf_2)
                                         net17 (net)
                  0.21    0.00    2.38 v _235_/A_N (sky130_fd_sc_hd__nand3b_4)
     5    0.03    0.28    0.51    2.89 v _235_/Y (sky130_fd_sc_hd__nand3b_4)
                                         _163_ (net)
                  0.28    0.00    2.89 v rebuffer3/A (sky130_fd_sc_hd__dlymetal6s2s_1)
     2    0.01    0.12    0.45    3.34 v rebuffer3/X (sky130_fd_sc_hd__dlymetal6s2s_1)
                                         net30 (net)
                  0.12    0.00    3.34 v rebuffer4/A (sky130_fd_sc_hd__clkbuf_2)
     4    0.03    0.19    0.34    3.68 v rebuffer4/X (sky130_fd_sc_hd__clkbuf_2)
                                         net31 (net)
                  0.19    0.00    3.68 v _236_/B1 (sky130_fd_sc_hd__o31a_2)
     3    0.04    0.24    0.42    4.10 v _236_/X (sky130_fd_sc_hd__o31a_2)
                                         _164_ (net)
                  0.24    0.01    4.10 v _237_/B (sky130_fd_sc_hd__xnor2_2)
     2    0.04    0.74    0.72    4.82 ^ _237_/Y (sky130_fd_sc_hd__xnor2_2)
                                         _165_ (net)
                  0.74    0.00    4.83 ^ _255_/B (sky130_fd_sc_hd__or2_1)
     1    0.02    0.28    0.56    5.39 ^ _255_/X (sky130_fd_sc_hd__or2_1)
                                         _013_ (net)
                  0.28    0.00    5.39 ^ _256_/B (sky130_fd_sc_hd__nand2_1)
     2    0.02    0.35    0.41    5.80 v _256_/Y (sky130_fd_sc_hd__nand2_1)
                                         _014_ (net)
                  0.35    0.00    5.80 v _257_/C1 (sky130_fd_sc_hd__a311o_4)
     5    0.05    0.20    0.86    6.66 v _257_/X (sky130_fd_sc_hd__a311o_4)
                                         _015_ (net)
                  0.20    0.01    6.67 v _276_/A3 (sky130_fd_sc_hd__a311oi_4)
     3    0.03    0.65    0.82    7.49 ^ _276_/Y (sky130_fd_sc_hd__a311oi_4)
                                         _033_ (net)
                  0.65    0.00    7.50 ^ _277_/A_N (sky130_fd_sc_hd__and2b_1)
     1    0.01    0.15    0.66    8.16 v _277_/X (sky130_fd_sc_hd__and2b_1)
                                         _034_ (net)
                  0.15    0.00    8.16 v _291_/A2 (sky130_fd_sc_hd__a21o_1)
     1    0.01    0.10    0.41    8.56 v _291_/X (sky130_fd_sc_hd__a21o_1)
                                         net26 (net)
                  0.10    0.00    8.57 v output26/A (sky130_fd_sc_hd__buf_2)
     1    0.03    0.17    0.37    8.94 v output26/X (sky130_fd_sc_hd__buf_2)
                                         out[6] (net)
                  0.17    0.00    8.94 v out[6] (out)
                                  8.94   data arrival time

                  0.00   10.00   10.00   clock __VIRTUAL_CLK__ (rise edge)
                          0.00   10.00   clock network delay (ideal)
                         -0.25    9.75   clock uncertainty
                          0.00    9.75   clock reconvergence pessimism
                         -2.00    7.75   output external delay
                                  7.75   data required time
-----------------------------------------------------------------------------
                                  7.75   data required time
                                 -8.94   data arrival time
-----------------------------------------------------------------------------
                                 -1.19   slack (VIOLATED)


Startpoint: in1[2] (input port clocked by __VIRTUAL_CLK__)
Endpoint: out[4] (output port clocked by __VIRTUAL_CLK__)
Path Group: __VIRTUAL_CLK__
Path Type: max
Corner: Slowest

Fanout     Cap    Slew   Delay    Time   Description
-----------------------------------------------------------------------------
                  0.00    0.00    0.00   clock __VIRTUAL_CLK__ (rise edge)
                          0.00    0.00   clock network delay (ideal)
                          2.00    2.00 ^ input external delay
     1    0.00    0.03    0.01    2.01 ^ in1[2] (in)
                                         in1[2] (net)
                  0.03    0.00    2.01 ^ input3/A (sky130_fd_sc_hd__buf_2)
     4    0.06    0.45    0.47    2.48 ^ input3/X (sky130_fd_sc_hd__buf_2)
                                         net3 (net)
                  0.45    0.01    2.49 ^ _176_/A (sky130_fd_sc_hd__buf_4)
    10    0.08    0.37    0.62    3.11 ^ _176_/X (sky130_fd_sc_hd__buf_4)
                                         _104_ (net)
                  0.37    0.01    3.12 ^ _194_/B1 (sky130_fd_sc_hd__a22o_1)
     2    0.02    0.33    0.58    3.70 ^ _194_/X (sky130_fd_sc_hd__a22o_1)
                                         _122_ (net)
                  0.33    0.00    3.70 ^ _196_/A3 (sky130_fd_sc_hd__a31o_1)
     2    0.02    0.32    0.60    4.30 ^ _196_/X (sky130_fd_sc_hd__a31o_1)
                                         _124_ (net)
                  0.32    0.00    4.30 ^ _198_/C (sky130_fd_sc_hd__and3_1)
     2    0.03    0.43    0.69    4.99 ^ _198_/X (sky130_fd_sc_hd__and3_1)
                                         _126_ (net)
                  0.43    0.00    4.99 ^ _208_/A_N (sky130_fd_sc_hd__and2b_2)
     1    0.03    0.19    0.74    5.73 v _208_/X (sky130_fd_sc_hd__and2b_2)
                                         _136_ (net)
                  0.19    0.00    5.74 v _209_/A (sky130_fd_sc_hd__xnor2_4)
     3    0.05    0.66    0.69    6.43 ^ _209_/Y (sky130_fd_sc_hd__xnor2_4)
                                         _137_ (net)
                  0.66    0.00    6.43 ^ _210_/A (sky130_fd_sc_hd__nand3_4)
     3    0.04    0.37    0.53    6.97 v _210_/Y (sky130_fd_sc_hd__nand3_4)
                                         _138_ (net)
                  0.37    0.01    6.97 v _345_/A1 (sky130_fd_sc_hd__a31o_1)
     1    0.01    0.10    0.51    7.48 v _345_/X (sky130_fd_sc_hd__a31o_1)
                                         _096_ (net)
                  0.10    0.00    7.48 v _346_/C (sky130_fd_sc_hd__or3_1)
     1    0.01    0.19    0.85    8.33 v _346_/X (sky130_fd_sc_hd__or3_1)
                                         _097_ (net)
                  0.19    0.00    8.34 v _347_/A (sky130_fd_sc_hd__clkbuf_1)
     1    0.00    0.06    0.24    8.58 v _347_/X (sky130_fd_sc_hd__clkbuf_1)
                                         net24 (net)
                  0.06    0.00    8.58 v output24/A (sky130_fd_sc_hd__buf_2)
     1    0.03    0.17    0.36    8.94 v output24/X (sky130_fd_sc_hd__buf_2)
                                         out[4] (net)
                  0.17    0.00    8.94 v out[4] (out)
                                  8.94   data arrival time

                  0.00   10.00   10.00   clock __VIRTUAL_CLK__ (rise edge)
                          0.00   10.00   clock network delay (ideal)
                         -0.25    9.75   clock uncertainty
                          0.00    9.75   clock reconvergence pessimism
                         -2.00    7.75   output external delay
                                  7.75   data required time
-----------------------------------------------------------------------------
                                  7.75   data required time
                                 -8.94   data arrival time
-----------------------------------------------------------------------------
                                 -1.19   slack (VIOLATED)


Startpoint: op[0] (input port clocked by __VIRTUAL_CLK__)
Endpoint: out[7] (output port clocked by __VIRTUAL_CLK__)
Path Group: __VIRTUAL_CLK__
Path Type: max
Corner: Slowest

Fanout     Cap    Slew   Delay    Time   Description
-----------------------------------------------------------------------------
                  0.00    0.00    0.00   clock __VIRTUAL_CLK__ (rise edge)
                          0.00    0.00   clock network delay (ideal)
                          2.00    2.00 v input external delay
     1    0.00    0.02    0.01    2.01 v op[0] (in)
                                         op[0] (net)
                  0.02    0.00    2.01 v input17/A (sky130_fd_sc_hd__buf_2)
     5    0.04    0.21    0.37    2.38 v input17/X (sky130_fd_sc_hd__buf_2)
                                         net17 (net)
                  0.21    0.00    2.38 v _235_/A_N (sky130_fd_sc_hd__nand3b_4)
     5    0.03    0.28    0.51    2.89 v _235_/Y (sky130_fd_sc_hd__nand3b_4)
                                         _163_ (net)
                  0.28    0.00    2.89 v rebuffer3/A (sky130_fd_sc_hd__dlymetal6s2s_1)
     2    0.01    0.12    0.45    3.34 v rebuffer3/X (sky130_fd_sc_hd__dlymetal6s2s_1)
                                         net30 (net)
                  0.12    0.00    3.34 v rebuffer4/A (sky130_fd_sc_hd__clkbuf_2)
     4    0.03    0.19    0.34    3.68 v rebuffer4/X (sky130_fd_sc_hd__clkbuf_2)
                                         net31 (net)
                  0.19    0.00    3.68 v _236_/B1 (sky130_fd_sc_hd__o31a_2)
     3    0.04    0.24    0.42    4.10 v _236_/X (sky130_fd_sc_hd__o31a_2)
                                         _164_ (net)
                  0.24    0.01    4.10 v _237_/B (sky130_fd_sc_hd__xnor2_2)
     2    0.04    0.74    0.72    4.82 ^ _237_/Y (sky130_fd_sc_hd__xnor2_2)
                                         _165_ (net)
                  0.74    0.00    4.83 ^ _255_/B (sky130_fd_sc_hd__or2_1)
     1    0.02    0.28    0.56    5.39 ^ _255_/X (sky130_fd_sc_hd__or2_1)
                                         _013_ (net)
                  0.28    0.00    5.39 ^ _256_/B (sky130_fd_sc_hd__nand2_1)
     2    0.02    0.35    0.41    5.80 v _256_/Y (sky130_fd_sc_hd__nand2_1)
                                         _014_ (net)
                  0.35    0.00    5.80 v _257_/C1 (sky130_fd_sc_hd__a311o_4)
     5    0.05    0.20    0.86    6.66 v _257_/X (sky130_fd_sc_hd__a311o_4)
                                         _015_ (net)
                  0.20    0.01    6.67 v _276_/A3 (sky130_fd_sc_hd__a311oi_4)
     3    0.03    0.65    0.82    7.49 ^ _276_/Y (sky130_fd_sc_hd__a311oi_4)
                                         _033_ (net)
                  0.65    0.00    7.50 ^ _295_/A2 (sky130_fd_sc_hd__o21ai_2)
     1    0.03    0.31    0.49    7.99 v _295_/Y (sky130_fd_sc_hd__o21ai_2)
                                         _051_ (net)
                  0.31    0.00    7.99 v _302_/A2 (sky130_fd_sc_hd__a31o_4)
     1    0.04    0.13    0.63    8.62 v _302_/X (sky130_fd_sc_hd__a31o_4)
                                         net27 (net)
                  0.13    0.00    8.63 v output27/A (sky130_fd_sc_hd__buf_6)
     1    0.03    0.08    0.29    8.92 v output27/X (sky130_fd_sc_hd__buf_6)
                                         out[7] (net)
                  0.08    0.00    8.92 v out[7] (out)
                                  8.92   data arrival time

                  0.00   10.00   10.00   clock __VIRTUAL_CLK__ (rise edge)
                          0.00   10.00   clock network delay (ideal)
                         -0.25    9.75   clock uncertainty
                          0.00    9.75   clock reconvergence pessimism
                         -2.00    7.75   output external delay
                                  7.75   data required time
-----------------------------------------------------------------------------
                                  7.75   data required time
                                 -8.92   data arrival time
-----------------------------------------------------------------------------
                                 -1.17   slack (VIOLATED)


Startpoint: op[0] (input port clocked by __VIRTUAL_CLK__)
Endpoint: out[3] (output port clocked by __VIRTUAL_CLK__)
Path Group: __VIRTUAL_CLK__
Path Type: max
Corner: Slowest

Fanout     Cap    Slew   Delay    Time   Description
-----------------------------------------------------------------------------
                  0.00    0.00    0.00   clock __VIRTUAL_CLK__ (rise edge)
                          0.00    0.00   clock network delay (ideal)
                          2.00    2.00 v input external delay
     1    0.00    0.02    0.01    2.01 v op[0] (in)
                                         op[0] (net)
                  0.02    0.00    2.01 v input17/A (sky130_fd_sc_hd__buf_2)
     5    0.04    0.21    0.37    2.38 v input17/X (sky130_fd_sc_hd__buf_2)
                                         net17 (net)
                  0.21    0.00    2.38 v _235_/A_N (sky130_fd_sc_hd__nand3b_4)
     5    0.03    0.28    0.51    2.89 v _235_/Y (sky130_fd_sc_hd__nand3b_4)
                                         _163_ (net)
                  0.28    0.00    2.89 v rebuffer3/A (sky130_fd_sc_hd__dlymetal6s2s_1)
     2    0.01    0.12    0.45    3.34 v rebuffer3/X (sky130_fd_sc_hd__dlymetal6s2s_1)
                                         net30 (net)
                  0.12    0.00    3.34 v _243_/A2 (sky130_fd_sc_hd__a21oi_1)
     2    0.02    0.55    0.57    3.90 ^ _243_/Y (sky130_fd_sc_hd__a21oi_1)
                                         _001_ (net)
                  0.55    0.00    3.90 ^ _244_/A2 (sky130_fd_sc_hd__o21a_2)
     4    0.04    0.35    0.65    4.55 ^ _244_/X (sky130_fd_sc_hd__o21a_2)
                                         _002_ (net)
                  0.35    0.00    4.55 ^ _247_/A_N (sky130_fd_sc_hd__and3b_2)
     3    0.04    0.23    0.72    5.28 v _247_/X (sky130_fd_sc_hd__and3b_2)
                                         _005_ (net)
                  0.23    0.01    5.29 v _250_/A1 (sky130_fd_sc_hd__o21ai_4)
     3    0.02    0.33    0.46    5.74 ^ _250_/Y (sky130_fd_sc_hd__o21ai_4)
                                         _008_ (net)
                  0.33    0.00    5.74 ^ rebuffer1/A (sky130_fd_sc_hd__dlygate4sd1_1)
     2    0.02    0.37    0.72    6.47 ^ rebuffer1/X (sky130_fd_sc_hd__dlygate4sd1_1)
                                         net28 (net)
                  0.37    0.00    6.47 ^ _328_/B (sky130_fd_sc_hd__nand2_1)
     1    0.01    0.26    0.35    6.82 v _328_/Y (sky130_fd_sc_hd__nand2_1)
                                         _080_ (net)
                  0.26    0.00    6.82 v _329_/B (sky130_fd_sc_hd__xnor2_2)
     1    0.02    0.24    0.45    7.27 v _329_/Y (sky130_fd_sc_hd__xnor2_2)
                                         _081_ (net)
                  0.24    0.00    7.28 v _335_/A2 (sky130_fd_sc_hd__a221o_1)
     1    0.02    0.21    0.89    8.17 v _335_/X (sky130_fd_sc_hd__a221o_1)
                                         net23 (net)
                  0.21    0.00    8.17 v output23/A (sky130_fd_sc_hd__buf_2)
     1    0.03    0.17    0.43    8.60 v output23/X (sky130_fd_sc_hd__buf_2)
                                         out[3] (net)
                  0.17    0.00    8.60 v out[3] (out)
                                  8.60   data arrival time

                  0.00   10.00   10.00   clock __VIRTUAL_CLK__ (rise edge)
                          0.00   10.00   clock network delay (ideal)
                         -0.25    9.75   clock uncertainty
                          0.00    9.75   clock reconvergence pessimism
                         -2.00    7.75   output external delay
                                  7.75   data required time
-----------------------------------------------------------------------------
                                  7.75   data required time
                                 -8.60   data arrival time
-----------------------------------------------------------------------------
                                 -0.85   slack (VIOLATED)


Startpoint: op[0] (input port clocked by __VIRTUAL_CLK__)
Endpoint: out[1] (output port clocked by __VIRTUAL_CLK__)
Path Group: __VIRTUAL_CLK__
Path Type: max
Corner: Slowest

Fanout     Cap    Slew   Delay    Time   Description
-----------------------------------------------------------------------------
                  0.00    0.00    0.00   clock __VIRTUAL_CLK__ (rise edge)
                          0.00    0.00   clock network delay (ideal)
                          2.00    2.00 v input external delay
     1    0.00    0.02    0.01    2.01 v op[0] (in)
                                         op[0] (net)
                  0.02    0.00    2.01 v input17/A (sky130_fd_sc_hd__buf_2)
     5    0.04    0.21    0.37    2.38 v input17/X (sky130_fd_sc_hd__buf_2)
                                         net17 (net)
                  0.21    0.00    2.38 v _235_/A_N (sky130_fd_sc_hd__nand3b_4)
     5    0.03    0.28    0.51    2.89 v _235_/Y (sky130_fd_sc_hd__nand3b_4)
                                         _163_ (net)
                  0.28    0.00    2.89 v rebuffer3/A (sky130_fd_sc_hd__dlymetal6s2s_1)
     2    0.01    0.12    0.45    3.34 v rebuffer3/X (sky130_fd_sc_hd__dlymetal6s2s_1)
                                         net30 (net)
                  0.12    0.00    3.34 v _243_/A2 (sky130_fd_sc_hd__a21oi_1)
     2    0.02    0.55    0.57    3.90 ^ _243_/Y (sky130_fd_sc_hd__a21oi_1)
                                         _001_ (net)
                  0.55    0.00    3.90 ^ _244_/A2 (sky130_fd_sc_hd__o21a_2)
     4    0.04    0.35    0.65    4.55 ^ _244_/X (sky130_fd_sc_hd__o21a_2)
                                         _002_ (net)
                  0.35    0.00    4.55 ^ _314_/A_N (sky130_fd_sc_hd__and2b_1)
     1    0.01    0.15    0.57    5.12 v _314_/X (sky130_fd_sc_hd__and2b_1)
                                         _068_ (net)
                  0.15    0.00    5.12 v _315_/A (sky130_fd_sc_hd__nor2_1)
     1    0.01    0.46    0.47    5.59 ^ _315_/Y (sky130_fd_sc_hd__nor2_1)
                                         _069_ (net)
                  0.46    0.00    5.59 ^ _316_/B (sky130_fd_sc_hd__or3b_1)
     1    0.01    0.20    0.44    6.03 ^ _316_/X (sky130_fd_sc_hd__or3b_1)
                                         _070_ (net)
                  0.20    0.00    6.03 ^ _317_/D_N (sky130_fd_sc_hd__or4b_1)
     1    0.00    0.20    1.16    7.19 v _317_/X (sky130_fd_sc_hd__or4b_1)
                                         _071_ (net)
                  0.20    0.00    7.19 v _318_/A (sky130_fd_sc_hd__dlymetal6s2s_1)
     1    0.04    0.35    0.60    7.79 v _318_/X (sky130_fd_sc_hd__dlymetal6s2s_1)
                                         net21 (net)
                  0.35    0.01    7.80 v output21/A (sky130_fd_sc_hd__buf_2)
     1    0.03    0.17    0.50    8.30 v output21/X (sky130_fd_sc_hd__buf_2)
                                         out[1] (net)
                  0.17    0.00    8.30 v out[1] (out)
                                  8.30   data arrival time

                  0.00   10.00   10.00   clock __VIRTUAL_CLK__ (rise edge)
                          0.00   10.00   clock network delay (ideal)
                         -0.25    9.75   clock uncertainty
                          0.00    9.75   clock reconvergence pessimism
                         -2.00    7.75   output external delay
                                  7.75   data required time
-----------------------------------------------------------------------------
                                  7.75   data required time
                                 -8.30   data arrival time
-----------------------------------------------------------------------------
                                 -0.55   slack (VIOLATED)


Startpoint: op[0] (input port clocked by __VIRTUAL_CLK__)
Endpoint: out[2] (output port clocked by __VIRTUAL_CLK__)
Path Group: __VIRTUAL_CLK__
Path Type: max
Corner: Slowest

Fanout     Cap    Slew   Delay    Time   Description
-----------------------------------------------------------------------------
                  0.00    0.00    0.00   clock __VIRTUAL_CLK__ (rise edge)
                          0.00    0.00   clock network delay (ideal)
                          2.00    2.00 v input external delay
     1    0.00    0.02    0.01    2.01 v op[0] (in)
                                         op[0] (net)
                  0.02    0.00    2.01 v input17/A (sky130_fd_sc_hd__buf_2)
     5    0.04    0.21    0.37    2.38 v input17/X (sky130_fd_sc_hd__buf_2)
                                         net17 (net)
                  0.21    0.00    2.38 v _235_/A_N (sky130_fd_sc_hd__nand3b_4)
     5    0.03    0.28    0.51    2.89 v _235_/Y (sky130_fd_sc_hd__nand3b_4)
                                         _163_ (net)
                  0.28    0.00    2.89 v rebuffer3/A (sky130_fd_sc_hd__dlymetal6s2s_1)
     2    0.01    0.12    0.45    3.34 v rebuffer3/X (sky130_fd_sc_hd__dlymetal6s2s_1)
                                         net30 (net)
                  0.12    0.00    3.34 v _243_/A2 (sky130_fd_sc_hd__a21oi_1)
     2    0.02    0.55    0.57    3.90 ^ _243_/Y (sky130_fd_sc_hd__a21oi_1)
                                         _001_ (net)
                  0.55    0.00    3.90 ^ _244_/A2 (sky130_fd_sc_hd__o21a_2)
     4    0.04    0.35    0.65    4.55 ^ _244_/X (sky130_fd_sc_hd__o21a_2)
                                         _002_ (net)
                  0.35    0.00    4.55 ^ _247_/A_N (sky130_fd_sc_hd__and3b_2)
     3    0.04    0.23    0.72    5.28 v _247_/X (sky130_fd_sc_hd__and3b_2)
                                         _005_ (net)
                  0.23    0.01    5.29 v _250_/A1 (sky130_fd_sc_hd__o21ai_4)
     3    0.02    0.33    0.46    5.74 ^ _250_/Y (sky130_fd_sc_hd__o21ai_4)
                                         _008_ (net)
                  0.33    0.00    5.74 ^ rebuffer1/A (sky130_fd_sc_hd__dlygate4sd1_1)
     2    0.02    0.37    0.72    6.47 ^ rebuffer1/X (sky130_fd_sc_hd__dlygate4sd1_1)
                                         net28 (net)
                  0.37    0.00    6.47 ^ rebuffer2/A (sky130_fd_sc_hd__dlygate4sd1_1)
     1    0.00    0.07    0.51    6.98 ^ rebuffer2/X (sky130_fd_sc_hd__dlygate4sd1_1)
                                         net29 (net)
                  0.07    0.00    6.98 ^ _326_/A1 (sky130_fd_sc_hd__a31o_1)
     1    0.02    0.27    0.44    7.42 ^ _326_/X (sky130_fd_sc_hd__a31o_1)
                                         net22 (net)
                  0.27    0.00    7.43 ^ output22/A (sky130_fd_sc_hd__buf_2)
     1    0.03    0.27    0.45    7.88 ^ output22/X (sky130_fd_sc_hd__buf_2)
                                         out[2] (net)
                  0.27    0.00    7.88 ^ out[2] (out)
                                  7.88   data arrival time

                  0.00   10.00   10.00   clock __VIRTUAL_CLK__ (rise edge)
                          0.00   10.00   clock network delay (ideal)
                         -0.25    9.75   clock uncertainty
                          0.00    9.75   clock reconvergence pessimism
                         -2.00    7.75   output external delay
                                  7.75   data required time
-----------------------------------------------------------------------------
                                  7.75   data required time
                                 -7.88   data arrival time
-----------------------------------------------------------------------------
                                 -0.13   slack (VIOLATED)


Startpoint: op[0] (input port clocked by __VIRTUAL_CLK__)
Endpoint: out[0] (output port clocked by __VIRTUAL_CLK__)
Path Group: __VIRTUAL_CLK__
Path Type: max
Corner: Slowest

Fanout     Cap    Slew   Delay    Time   Description
-----------------------------------------------------------------------------
                  0.00    0.00    0.00   clock __VIRTUAL_CLK__ (rise edge)
                          0.00    0.00   clock network delay (ideal)
                          2.00    2.00 v input external delay
     1    0.00    0.02    0.01    2.01 v op[0] (in)
                                         op[0] (net)
                  0.02    0.00    2.01 v input17/A (sky130_fd_sc_hd__buf_2)
     5    0.04    0.21    0.37    2.38 v input17/X (sky130_fd_sc_hd__buf_2)
                                         net17 (net)
                  0.21    0.00    2.38 v _171_/A (sky130_fd_sc_hd__or2_2)
     4    0.03    0.21    0.91    3.29 v _171_/X (sky130_fd_sc_hd__or2_2)
                                         _099_ (net)
                  0.21    0.00    3.29 v _224_/B (sky130_fd_sc_hd__or2_1)
     1    0.02    0.25    0.72    4.01 v _224_/X (sky130_fd_sc_hd__or2_1)
                                         _152_ (net)
                  0.25    0.00    4.02 v _225_/A (sky130_fd_sc_hd__clkbuf_4)
     8    0.07    0.25    0.52    4.53 v _225_/X (sky130_fd_sc_hd__clkbuf_4)
                                         _153_ (net)
                  0.25    0.01    4.54 v _306_/A2 (sky130_fd_sc_hd__o21ai_2)
     1    0.02    0.44    0.50    5.04 ^ _306_/Y (sky130_fd_sc_hd__o21ai_2)
                                         _061_ (net)
                  0.44    0.00    5.04 ^ _307_/B1 (sky130_fd_sc_hd__a31o_1)
     1    0.03    0.46    0.61    5.65 ^ _307_/X (sky130_fd_sc_hd__a31o_1)
                                         net20 (net)
                  0.46    0.00    5.65 ^ output20/A (sky130_fd_sc_hd__buf_2)
     1    0.03    0.27    0.53    6.18 ^ output20/X (sky130_fd_sc_hd__buf_2)
                                         out[0] (net)
                  0.27    0.00    6.18 ^ out[0] (out)
                                  6.18   data arrival time

                  0.00   10.00   10.00   clock __VIRTUAL_CLK__ (rise edge)
                          0.00   10.00   clock network delay (ideal)
                         -0.25    9.75   clock uncertainty
                          0.00    9.75   clock reconvergence pessimism
                         -2.00    7.75   output external delay
                                  7.75   data required time
-----------------------------------------------------------------------------
                                  7.75   data required time
                                 -6.18   data arrival time
-----------------------------------------------------------------------------
                                  1.57   slack (MET)



worst slack corner Slowest: -1.4865
======================= Typical Corner ===================================

Startpoint: in1[2] (input port clocked by __VIRTUAL_CLK__)
Endpoint: out[5] (output port clocked by __VIRTUAL_CLK__)
Path Group: __VIRTUAL_CLK__
Path Type: max
Corner: Typical

Fanout     Cap    Slew   Delay    Time   Description
-----------------------------------------------------------------------------
                  0.00    0.00    0.00   clock __VIRTUAL_CLK__ (rise edge)
                          0.00    0.00   clock network delay (ideal)
                          2.00    2.00 ^ input external delay
     1    0.00    0.02    0.01    2.01 ^ in1[2] (in)
                                         in1[2] (net)
                  0.02    0.00    2.01 ^ input3/A (sky130_fd_sc_hd__buf_2)
     4    0.06    0.28    0.27    2.28 ^ input3/X (sky130_fd_sc_hd__buf_2)
                                         net3 (net)
                  0.28    0.01    2.29 ^ _176_/A (sky130_fd_sc_hd__buf_4)
    10    0.08    0.23    0.33    2.63 ^ _176_/X (sky130_fd_sc_hd__buf_4)
                                         _104_ (net)
                  0.24    0.01    2.63 ^ _194_/B1 (sky130_fd_sc_hd__a22o_1)
     2    0.02    0.21    0.30    2.93 ^ _194_/X (sky130_fd_sc_hd__a22o_1)
                                         _122_ (net)
                  0.21    0.00    2.94 ^ _196_/A3 (sky130_fd_sc_hd__a31o_1)
     2    0.02    0.20    0.30    3.23 ^ _196_/X (sky130_fd_sc_hd__a31o_1)
                                         _124_ (net)
                  0.20    0.00    3.23 ^ _198_/C (sky130_fd_sc_hd__and3_1)
     2    0.03    0.27    0.37    3.60 ^ _198_/X (sky130_fd_sc_hd__and3_1)
                                         _126_ (net)
                  0.27    0.00    3.60 ^ _208_/A_N (sky130_fd_sc_hd__and2b_2)
     1    0.03    0.10    0.34    3.95 v _208_/X (sky130_fd_sc_hd__and2b_2)
                                         _136_ (net)
                  0.10    0.00    3.95 v _209_/A (sky130_fd_sc_hd__xnor2_4)
     3    0.05    0.42    0.42    4.38 ^ _209_/Y (sky130_fd_sc_hd__xnor2_4)
                                         _137_ (net)
                  0.42    0.00    4.38 ^ _210_/A (sky130_fd_sc_hd__nand3_4)
     3    0.04    0.21    0.25    4.63 v _210_/Y (sky130_fd_sc_hd__nand3_4)
                                         _138_ (net)
                  0.21    0.01    4.64 v _219_/A2 (sky130_fd_sc_hd__a21oi_2)
     1    0.03    0.32    0.38    5.02 ^ _219_/Y (sky130_fd_sc_hd__a21oi_2)
                                         _147_ (net)
                  0.32    0.00    5.02 ^ _221_/A (sky130_fd_sc_hd__nor2_1)
     1    0.02    0.14    0.20    5.22 v _221_/Y (sky130_fd_sc_hd__nor2_1)
                                         _149_ (net)
                  0.14    0.00    5.22 v _267_/A2 (sky130_fd_sc_hd__a211o_1)
     1    0.01    0.10    0.40    5.63 v _267_/X (sky130_fd_sc_hd__a211o_1)
                                         net25 (net)
                  0.10    0.00    5.63 v output25/A (sky130_fd_sc_hd__buf_2)
     1    0.03    0.09    0.21    5.84 v output25/X (sky130_fd_sc_hd__buf_2)
                                         out[5] (net)
                  0.09    0.00    5.84 v out[5] (out)
                                  5.84   data arrival time

                  0.00   10.00   10.00   clock __VIRTUAL_CLK__ (rise edge)
                          0.00   10.00   clock network delay (ideal)
                         -0.25    9.75   clock uncertainty
                          0.00    9.75   clock reconvergence pessimism
                         -2.00    7.75   output external delay
                                  7.75   data required time
-----------------------------------------------------------------------------
                                  7.75   data required time
                                 -5.84   data arrival time
-----------------------------------------------------------------------------
                                  1.91   slack (MET)


Startpoint: op[0] (input port clocked by __VIRTUAL_CLK__)
Endpoint: out[7] (output port clocked by __VIRTUAL_CLK__)
Path Group: __VIRTUAL_CLK__
Path Type: max
Corner: Typical

Fanout     Cap    Slew   Delay    Time   Description
-----------------------------------------------------------------------------
                  0.00    0.00    0.00   clock __VIRTUAL_CLK__ (rise edge)
                          0.00    0.00   clock network delay (ideal)
                          2.00    2.00 v input external delay
     1    0.00    0.01    0.00    2.00 v op[0] (in)
                                         op[0] (net)
                  0.01    0.00    2.00 v input17/A (sky130_fd_sc_hd__buf_2)
     5    0.04    0.11    0.19    2.19 v input17/X (sky130_fd_sc_hd__buf_2)
                                         net17 (net)
                  0.11    0.00    2.20 v _235_/A_N (sky130_fd_sc_hd__nand3b_4)
     5    0.03    0.14    0.26    2.45 v _235_/Y (sky130_fd_sc_hd__nand3b_4)
                                         _163_ (net)
                  0.14    0.00    2.45 v rebuffer3/A (sky130_fd_sc_hd__dlymetal6s2s_1)
     2    0.01    0.06    0.21    2.67 v rebuffer3/X (sky130_fd_sc_hd__dlymetal6s2s_1)
                                         net30 (net)
                  0.06    0.00    2.67 v rebuffer4/A (sky130_fd_sc_hd__clkbuf_2)
     4    0.03    0.11    0.18    2.85 v rebuffer4/X (sky130_fd_sc_hd__clkbuf_2)
                                         net31 (net)
                  0.11    0.00    2.85 v _236_/B1 (sky130_fd_sc_hd__o31a_2)
     3    0.04    0.13    0.22    3.07 v _236_/X (sky130_fd_sc_hd__o31a_2)
                                         _164_ (net)
                  0.13    0.01    3.08 v _237_/B (sky130_fd_sc_hd__xnor2_2)
     2    0.04    0.47    0.43    3.51 ^ _237_/Y (sky130_fd_sc_hd__xnor2_2)
                                         _165_ (net)
                  0.47    0.00    3.52 ^ _255_/B (sky130_fd_sc_hd__or2_1)
     1    0.02    0.17    0.27    3.79 ^ _255_/X (sky130_fd_sc_hd__or2_1)
                                         _013_ (net)
                  0.17    0.00    3.79 ^ _256_/B (sky130_fd_sc_hd__nand2_1)
     2    0.02    0.16    0.19    3.98 v _256_/Y (sky130_fd_sc_hd__nand2_1)
                                         _014_ (net)
                  0.16    0.00    3.98 v _257_/C1 (sky130_fd_sc_hd__a311o_4)
     5    0.05    0.12    0.46    4.44 v _257_/X (sky130_fd_sc_hd__a311o_4)
                                         _015_ (net)
                  0.12    0.01    4.45 v _276_/A3 (sky130_fd_sc_hd__a311oi_4)
     3    0.03    0.42    0.50    4.95 ^ _276_/Y (sky130_fd_sc_hd__a311oi_4)
                                         _033_ (net)
                  0.42    0.00    4.95 ^ _295_/A2 (sky130_fd_sc_hd__o21ai_2)
     1    0.03    0.17    0.22    5.17 v _295_/Y (sky130_fd_sc_hd__o21ai_2)
                                         _051_ (net)
                  0.17    0.00    5.17 v _302_/A2 (sky130_fd_sc_hd__a31o_4)
     1    0.04    0.08    0.34    5.51 v _302_/X (sky130_fd_sc_hd__a31o_4)
                                         net27 (net)
                  0.08    0.00    5.52 v output27/A (sky130_fd_sc_hd__buf_6)
     1    0.03    0.04    0.16    5.68 v output27/X (sky130_fd_sc_hd__buf_6)
                                         out[7] (net)
                  0.04    0.00    5.68 v out[7] (out)
                                  5.68   data arrival time

                  0.00   10.00   10.00   clock __VIRTUAL_CLK__ (rise edge)
                          0.00   10.00   clock network delay (ideal)
                         -0.25    9.75   clock uncertainty
                          0.00    9.75   clock reconvergence pessimism
                         -2.00    7.75   output external delay
                                  7.75   data required time
-----------------------------------------------------------------------------
                                  7.75   data required time
                                 -5.68   data arrival time
-----------------------------------------------------------------------------
                                  2.07   slack (MET)


Startpoint: op[0] (input port clocked by __VIRTUAL_CLK__)
Endpoint: out[6] (output port clocked by __VIRTUAL_CLK__)
Path Group: __VIRTUAL_CLK__
Path Type: max
Corner: Typical

Fanout     Cap    Slew   Delay    Time   Description
-----------------------------------------------------------------------------
                  0.00    0.00    0.00   clock __VIRTUAL_CLK__ (rise edge)
                          0.00    0.00   clock network delay (ideal)
                          2.00    2.00 v input external delay
     1    0.00    0.01    0.00    2.00 v op[0] (in)
                                         op[0] (net)
                  0.01    0.00    2.00 v input17/A (sky130_fd_sc_hd__buf_2)
     5    0.04    0.11    0.19    2.19 v input17/X (sky130_fd_sc_hd__buf_2)
                                         net17 (net)
                  0.11    0.00    2.20 v _235_/A_N (sky130_fd_sc_hd__nand3b_4)
     5    0.03    0.14    0.26    2.45 v _235_/Y (sky130_fd_sc_hd__nand3b_4)
                                         _163_ (net)
                  0.14    0.00    2.45 v rebuffer3/A (sky130_fd_sc_hd__dlymetal6s2s_1)
     2    0.01    0.06    0.21    2.67 v rebuffer3/X (sky130_fd_sc_hd__dlymetal6s2s_1)
                                         net30 (net)
                  0.06    0.00    2.67 v rebuffer4/A (sky130_fd_sc_hd__clkbuf_2)
     4    0.03    0.11    0.18    2.85 v rebuffer4/X (sky130_fd_sc_hd__clkbuf_2)
                                         net31 (net)
                  0.11    0.00    2.85 v _236_/B1 (sky130_fd_sc_hd__o31a_2)
     3    0.04    0.13    0.22    3.07 v _236_/X (sky130_fd_sc_hd__o31a_2)
                                         _164_ (net)
                  0.13    0.01    3.08 v _237_/B (sky130_fd_sc_hd__xnor2_2)
     2    0.04    0.47    0.43    3.51 ^ _237_/Y (sky130_fd_sc_hd__xnor2_2)
                                         _165_ (net)
                  0.47    0.00    3.52 ^ _255_/B (sky130_fd_sc_hd__or2_1)
     1    0.02    0.17    0.27    3.79 ^ _255_/X (sky130_fd_sc_hd__or2_1)
                                         _013_ (net)
                  0.17    0.00    3.79 ^ _256_/B (sky130_fd_sc_hd__nand2_1)
     2    0.02    0.16    0.19    3.98 v _256_/Y (sky130_fd_sc_hd__nand2_1)
                                         _014_ (net)
                  0.16    0.00    3.98 v _257_/C1 (sky130_fd_sc_hd__a311o_4)
     5    0.05    0.12    0.46    4.44 v _257_/X (sky130_fd_sc_hd__a311o_4)
                                         _015_ (net)
                  0.12    0.01    4.45 v _276_/A3 (sky130_fd_sc_hd__a311oi_4)
     3    0.03    0.42    0.50    4.95 ^ _276_/Y (sky130_fd_sc_hd__a311oi_4)
                                         _033_ (net)
                  0.42    0.00    4.95 ^ _277_/A_N (sky130_fd_sc_hd__and2b_1)
     1    0.01    0.08    0.29    5.24 v _277_/X (sky130_fd_sc_hd__and2b_1)
                                         _034_ (net)
                  0.08    0.00    5.24 v _291_/A2 (sky130_fd_sc_hd__a21o_1)
     1    0.01    0.05    0.22    5.46 v _291_/X (sky130_fd_sc_hd__a21o_1)
                                         net26 (net)
                  0.05    0.00    5.46 v output26/A (sky130_fd_sc_hd__buf_2)
     1    0.03    0.09    0.19    5.65 v output26/X (sky130_fd_sc_hd__buf_2)
                                         out[6] (net)
                  0.09    0.00    5.65 v out[6] (out)
                                  5.65   data arrival time

                  0.00   10.00   10.00   clock __VIRTUAL_CLK__ (rise edge)
                          0.00   10.00   clock network delay (ideal)
                         -0.25    9.75   clock uncertainty
                          0.00    9.75   clock reconvergence pessimism
                         -2.00    7.75   output external delay
                                  7.75   data required time
-----------------------------------------------------------------------------
                                  7.75   data required time
                                 -5.65   data arrival time
-----------------------------------------------------------------------------
                                  2.10   slack (MET)


Startpoint: in1[2] (input port clocked by __VIRTUAL_CLK__)
Endpoint: out[4] (output port clocked by __VIRTUAL_CLK__)
Path Group: __VIRTUAL_CLK__
Path Type: max
Corner: Typical

Fanout     Cap    Slew   Delay    Time   Description
-----------------------------------------------------------------------------
                  0.00    0.00    0.00   clock __VIRTUAL_CLK__ (rise edge)
                          0.00    0.00   clock network delay (ideal)
                          2.00    2.00 ^ input external delay
     1    0.00    0.02    0.01    2.01 ^ in1[2] (in)
                                         in1[2] (net)
                  0.02    0.00    2.01 ^ input3/A (sky130_fd_sc_hd__buf_2)
     4    0.06    0.28    0.27    2.28 ^ input3/X (sky130_fd_sc_hd__buf_2)
                                         net3 (net)
                  0.28    0.01    2.29 ^ _176_/A (sky130_fd_sc_hd__buf_4)
    10    0.08    0.23    0.33    2.63 ^ _176_/X (sky130_fd_sc_hd__buf_4)
                                         _104_ (net)
                  0.24    0.01    2.63 ^ _194_/B1 (sky130_fd_sc_hd__a22o_1)
     2    0.02    0.21    0.30    2.93 ^ _194_/X (sky130_fd_sc_hd__a22o_1)
                                         _122_ (net)
                  0.21    0.00    2.94 ^ _196_/A3 (sky130_fd_sc_hd__a31o_1)
     2    0.02    0.20    0.30    3.23 ^ _196_/X (sky130_fd_sc_hd__a31o_1)
                                         _124_ (net)
                  0.20    0.00    3.23 ^ _198_/C (sky130_fd_sc_hd__and3_1)
     2    0.03    0.27    0.37    3.60 ^ _198_/X (sky130_fd_sc_hd__and3_1)
                                         _126_ (net)
                  0.27    0.00    3.60 ^ _208_/A_N (sky130_fd_sc_hd__and2b_2)
     1    0.03    0.10    0.34    3.95 v _208_/X (sky130_fd_sc_hd__and2b_2)
                                         _136_ (net)
                  0.10    0.00    3.95 v _209_/A (sky130_fd_sc_hd__xnor2_4)
     3    0.05    0.42    0.42    4.38 ^ _209_/Y (sky130_fd_sc_hd__xnor2_4)
                                         _137_ (net)
                  0.42    0.00    4.38 ^ _210_/A (sky130_fd_sc_hd__nand3_4)
     3    0.04    0.21    0.25    4.63 v _210_/Y (sky130_fd_sc_hd__nand3_4)
                                         _138_ (net)
                  0.21    0.01    4.64 v _345_/A1 (sky130_fd_sc_hd__a31o_1)
     1    0.01    0.06    0.27    4.91 v _345_/X (sky130_fd_sc_hd__a31o_1)
                                         _096_ (net)
                  0.06    0.00    4.91 v _346_/C (sky130_fd_sc_hd__or3_1)
     1    0.01    0.10    0.37    5.28 v _346_/X (sky130_fd_sc_hd__or3_1)
                                         _097_ (net)
                  0.10    0.00    5.28 v _347_/A (sky130_fd_sc_hd__clkbuf_1)
     1    0.00    0.03    0.12    5.40 v _347_/X (sky130_fd_sc_hd__clkbuf_1)
                                         net24 (net)
                  0.03    0.00    5.40 v output24/A (sky130_fd_sc_hd__buf_2)
     1    0.03    0.09    0.18    5.58 v output24/X (sky130_fd_sc_hd__buf_2)
                                         out[4] (net)
                  0.09    0.00    5.58 v out[4] (out)
                                  5.58   data arrival time

                  0.00   10.00   10.00   clock __VIRTUAL_CLK__ (rise edge)
                          0.00   10.00   clock network delay (ideal)
                         -0.25    9.75   clock uncertainty
                          0.00    9.75   clock reconvergence pessimism
                         -2.00    7.75   output external delay
                                  7.75   data required time
-----------------------------------------------------------------------------
                                  7.75   data required time
                                 -5.58   data arrival time
-----------------------------------------------------------------------------
                                  2.17   slack (MET)


Startpoint: in2[1] (input port clocked by __VIRTUAL_CLK__)
Endpoint: out[3] (output port clocked by __VIRTUAL_CLK__)
Path Group: __VIRTUAL_CLK__
Path Type: max
Corner: Typical

Fanout     Cap    Slew   Delay    Time   Description
-----------------------------------------------------------------------------
                  0.00    0.00    0.00   clock __VIRTUAL_CLK__ (rise edge)
                          0.00    0.00   clock network delay (ideal)
                          2.00    2.00 ^ input external delay
     1    0.00    0.02    0.01    2.01 ^ in2[1] (in)
                                         in2[1] (net)
                  0.02    0.00    2.01 ^ input10/A (sky130_fd_sc_hd__buf_2)
     5    0.05    0.26    0.26    2.27 ^ input10/X (sky130_fd_sc_hd__buf_2)
                                         net10 (net)
                  0.26    0.00    2.28 ^ _175_/A (sky130_fd_sc_hd__buf_4)
    10    0.10    0.27    0.35    2.63 ^ _175_/X (sky130_fd_sc_hd__buf_4)
                                         _103_ (net)
                  0.27    0.01    2.64 ^ _242_/B (sky130_fd_sc_hd__and3_1)
     2    0.03    0.28    0.40    3.04 ^ _242_/X (sky130_fd_sc_hd__and3_1)
                                         _000_ (net)
                  0.28    0.00    3.04 ^ _244_/A1 (sky130_fd_sc_hd__o21a_2)
     4    0.04    0.22    0.34    3.38 ^ _244_/X (sky130_fd_sc_hd__o21a_2)
                                         _002_ (net)
                  0.22    0.00    3.38 ^ _247_/A_N (sky130_fd_sc_hd__and3b_2)
     3    0.04    0.12    0.34    3.72 v _247_/X (sky130_fd_sc_hd__and3b_2)
                                         _005_ (net)
                  0.12    0.01    3.73 v _250_/A1 (sky130_fd_sc_hd__o21ai_4)
     3    0.02    0.21    0.26    4.00 ^ _250_/Y (sky130_fd_sc_hd__o21ai_4)
                                         _008_ (net)
                  0.21    0.00    4.00 ^ rebuffer1/A (sky130_fd_sc_hd__dlygate4sd1_1)
     2    0.02    0.24    0.39    4.38 ^ rebuffer1/X (sky130_fd_sc_hd__dlygate4sd1_1)
                                         net28 (net)
                  0.24    0.00    4.39 ^ _328_/B (sky130_fd_sc_hd__nand2_1)
     1    0.01    0.13    0.16    4.54 v _328_/Y (sky130_fd_sc_hd__nand2_1)
                                         _080_ (net)
                  0.13    0.00    4.54 v _329_/B (sky130_fd_sc_hd__xnor2_2)
     1    0.02    0.12    0.23    4.78 v _329_/Y (sky130_fd_sc_hd__xnor2_2)
                                         _081_ (net)
                  0.12    0.00    4.78 v _335_/A2 (sky130_fd_sc_hd__a221o_1)
     1    0.02    0.12    0.47    5.24 v _335_/X (sky130_fd_sc_hd__a221o_1)
                                         net23 (net)
                  0.12    0.00    5.25 v output23/A (sky130_fd_sc_hd__buf_2)
     1    0.03    0.09    0.22    5.47 v output23/X (sky130_fd_sc_hd__buf_2)
                                         out[3] (net)
                  0.09    0.00    5.47 v out[3] (out)
                                  5.47   data arrival time

                  0.00   10.00   10.00   clock __VIRTUAL_CLK__ (rise edge)
                          0.00   10.00   clock network delay (ideal)
                         -0.25    9.75   clock uncertainty
                          0.00    9.75   clock reconvergence pessimism
                         -2.00    7.75   output external delay
                                  7.75   data required time
-----------------------------------------------------------------------------
                                  7.75   data required time
                                 -5.47   data arrival time
-----------------------------------------------------------------------------
                                  2.28   slack (MET)


Startpoint: in2[1] (input port clocked by __VIRTUAL_CLK__)
Endpoint: out[1] (output port clocked by __VIRTUAL_CLK__)
Path Group: __VIRTUAL_CLK__
Path Type: max
Corner: Typical

Fanout     Cap    Slew   Delay    Time   Description
-----------------------------------------------------------------------------
                  0.00    0.00    0.00   clock __VIRTUAL_CLK__ (rise edge)
                          0.00    0.00   clock network delay (ideal)
                          2.00    2.00 ^ input external delay
     1    0.00    0.02    0.01    2.01 ^ in2[1] (in)
                                         in2[1] (net)
                  0.02    0.00    2.01 ^ input10/A (sky130_fd_sc_hd__buf_2)
     5    0.05    0.26    0.26    2.27 ^ input10/X (sky130_fd_sc_hd__buf_2)
                                         net10 (net)
                  0.26    0.00    2.28 ^ _175_/A (sky130_fd_sc_hd__buf_4)
    10    0.10    0.27    0.35    2.63 ^ _175_/X (sky130_fd_sc_hd__buf_4)
                                         _103_ (net)
                  0.27    0.01    2.64 ^ _242_/B (sky130_fd_sc_hd__and3_1)
     2    0.03    0.28    0.40    3.04 ^ _242_/X (sky130_fd_sc_hd__and3_1)
                                         _000_ (net)
                  0.28    0.00    3.04 ^ _244_/A1 (sky130_fd_sc_hd__o21a_2)
     4    0.04    0.22    0.34    3.38 ^ _244_/X (sky130_fd_sc_hd__o21a_2)
                                         _002_ (net)
                  0.22    0.00    3.38 ^ _314_/A_N (sky130_fd_sc_hd__and2b_1)
     1    0.01    0.07    0.26    3.64 v _314_/X (sky130_fd_sc_hd__and2b_1)
                                         _068_ (net)
                  0.07    0.00    3.65 v _315_/A (sky130_fd_sc_hd__nor2_1)
     1    0.01    0.28    0.27    3.91 ^ _315_/Y (sky130_fd_sc_hd__nor2_1)
                                         _069_ (net)
                  0.28    0.00    3.92 ^ _316_/B (sky130_fd_sc_hd__or3b_1)
     1    0.01    0.12    0.23    4.14 ^ _316_/X (sky130_fd_sc_hd__or3b_1)
                                         _070_ (net)
                  0.12    0.00    4.15 ^ _317_/D_N (sky130_fd_sc_hd__or4b_1)
     1    0.00    0.09    0.48    4.63 v _317_/X (sky130_fd_sc_hd__or4b_1)
                                         _071_ (net)
                  0.09    0.00    4.63 v _318_/A (sky130_fd_sc_hd__dlymetal6s2s_1)
     1    0.04    0.18    0.29    4.92 v _318_/X (sky130_fd_sc_hd__dlymetal6s2s_1)
                                         net21 (net)
                  0.18    0.01    4.92 v output21/A (sky130_fd_sc_hd__buf_2)
     1    0.03    0.09    0.25    5.18 v output21/X (sky130_fd_sc_hd__buf_2)
                                         out[1] (net)
                  0.09    0.00    5.18 v out[1] (out)
                                  5.18   data arrival time

                  0.00   10.00   10.00   clock __VIRTUAL_CLK__ (rise edge)
                          0.00   10.00   clock network delay (ideal)
                         -0.25    9.75   clock uncertainty
                          0.00    9.75   clock reconvergence pessimism
                         -2.00    7.75   output external delay
                                  7.75   data required time
-----------------------------------------------------------------------------
                                  7.75   data required time
                                 -5.18   data arrival time
-----------------------------------------------------------------------------
                                  2.57   slack (MET)


Startpoint: in2[1] (input port clocked by __VIRTUAL_CLK__)
Endpoint: out[2] (output port clocked by __VIRTUAL_CLK__)
Path Group: __VIRTUAL_CLK__
Path Type: max
Corner: Typical

Fanout     Cap    Slew   Delay    Time   Description
-----------------------------------------------------------------------------
                  0.00    0.00    0.00   clock __VIRTUAL_CLK__ (rise edge)
                          0.00    0.00   clock network delay (ideal)
                          2.00    2.00 ^ input external delay
     1    0.00    0.02    0.01    2.01 ^ in2[1] (in)
                                         in2[1] (net)
                  0.02    0.00    2.01 ^ input10/A (sky130_fd_sc_hd__buf_2)
     5    0.05    0.26    0.26    2.27 ^ input10/X (sky130_fd_sc_hd__buf_2)
                                         net10 (net)
                  0.26    0.00    2.28 ^ _175_/A (sky130_fd_sc_hd__buf_4)
    10    0.10    0.27    0.35    2.63 ^ _175_/X (sky130_fd_sc_hd__buf_4)
                                         _103_ (net)
                  0.27    0.01    2.64 ^ _242_/B (sky130_fd_sc_hd__and3_1)
     2    0.03    0.28    0.40    3.04 ^ _242_/X (sky130_fd_sc_hd__and3_1)
                                         _000_ (net)
                  0.28    0.00    3.04 ^ _244_/A1 (sky130_fd_sc_hd__o21a_2)
     4    0.04    0.22    0.34    3.38 ^ _244_/X (sky130_fd_sc_hd__o21a_2)
                                         _002_ (net)
                  0.22    0.00    3.38 ^ _247_/A_N (sky130_fd_sc_hd__and3b_2)
     3    0.04    0.12    0.34    3.72 v _247_/X (sky130_fd_sc_hd__and3b_2)
                                         _005_ (net)
                  0.12    0.01    3.73 v _250_/A1 (sky130_fd_sc_hd__o21ai_4)
     3    0.02    0.21    0.26    4.00 ^ _250_/Y (sky130_fd_sc_hd__o21ai_4)
                                         _008_ (net)
                  0.21    0.00    4.00 ^ rebuffer1/A (sky130_fd_sc_hd__dlygate4sd1_1)
     2    0.02    0.24    0.39    4.38 ^ rebuffer1/X (sky130_fd_sc_hd__dlygate4sd1_1)
                                         net28 (net)
                  0.24    0.00    4.39 ^ rebuffer2/A (sky130_fd_sc_hd__dlygate4sd1_1)
     1    0.00    0.05    0.25    4.63 ^ rebuffer2/X (sky130_fd_sc_hd__dlygate4sd1_1)
                                         net29 (net)
                  0.05    0.00    4.63 ^ _326_/A1 (sky130_fd_sc_hd__a31o_1)
     1    0.02    0.17    0.22    4.86 ^ _326_/X (sky130_fd_sc_hd__a31o_1)
                                         net22 (net)
                  0.17    0.00    4.86 ^ output22/A (sky130_fd_sc_hd__buf_2)
     1    0.03    0.17    0.25    5.11 ^ output22/X (sky130_fd_sc_hd__buf_2)
                                         out[2] (net)
                  0.17    0.00    5.11 ^ out[2] (out)
                                  5.11   data arrival time

                  0.00   10.00   10.00   clock __VIRTUAL_CLK__ (rise edge)
                          0.00   10.00   clock network delay (ideal)
                         -0.25    9.75   clock uncertainty
                          0.00    9.75   clock reconvergence pessimism
                         -2.00    7.75   output external delay
                                  7.75   data required time
-----------------------------------------------------------------------------
                                  7.75   data required time
                                 -5.11   data arrival time
-----------------------------------------------------------------------------
                                  2.64   slack (MET)


Startpoint: op[1] (input port clocked by __VIRTUAL_CLK__)
Endpoint: out[0] (output port clocked by __VIRTUAL_CLK__)
Path Group: __VIRTUAL_CLK__
Path Type: max
Corner: Typical

Fanout     Cap    Slew   Delay    Time   Description
-----------------------------------------------------------------------------
                  0.00    0.00    0.00   clock __VIRTUAL_CLK__ (rise edge)
                          0.00    0.00   clock network delay (ideal)
                          2.00    2.00 v input external delay
     1    0.00    0.01    0.00    2.00 v op[1] (in)
                                         op[1] (net)
                  0.01    0.00    2.00 v input18/A (sky130_fd_sc_hd__clkbuf_4)
     6    0.06    0.13    0.22    2.22 v input18/X (sky130_fd_sc_hd__clkbuf_4)
                                         net18 (net)
                  0.13    0.01    2.23 v _171_/B (sky130_fd_sc_hd__or2_2)
     4    0.02    0.11    0.40    2.62 v _171_/X (sky130_fd_sc_hd__or2_2)
                                         _099_ (net)
                  0.11    0.00    2.63 v _224_/B (sky130_fd_sc_hd__or2_1)
     1    0.02    0.13    0.33    2.96 v _224_/X (sky130_fd_sc_hd__or2_1)
                                         _152_ (net)
                  0.13    0.00    2.96 v _225_/A (sky130_fd_sc_hd__clkbuf_4)
     8    0.07    0.14    0.28    3.24 v _225_/X (sky130_fd_sc_hd__clkbuf_4)
                                         _153_ (net)
                  0.14    0.01    3.25 v _306_/A2 (sky130_fd_sc_hd__o21ai_2)
     1    0.02    0.27    0.29    3.53 ^ _306_/Y (sky130_fd_sc_hd__o21ai_2)
                                         _061_ (net)
                  0.27    0.00    3.54 ^ _307_/B1 (sky130_fd_sc_hd__a31o_1)
     1    0.03    0.28    0.33    3.87 ^ _307_/X (sky130_fd_sc_hd__a31o_1)
                                         net20 (net)
                  0.28    0.00    3.87 ^ output20/A (sky130_fd_sc_hd__buf_2)
     1    0.03    0.17    0.28    4.15 ^ output20/X (sky130_fd_sc_hd__buf_2)
                                         out[0] (net)
                  0.17    0.00    4.15 ^ out[0] (out)
                                  4.15   data arrival time

                  0.00   10.00   10.00   clock __VIRTUAL_CLK__ (rise edge)
                          0.00   10.00   clock network delay (ideal)
                         -0.25    9.75   clock uncertainty
                          0.00    9.75   clock reconvergence pessimism
                         -2.00    7.75   output external delay
                                  7.75   data required time
-----------------------------------------------------------------------------
                                  7.75   data required time
                                 -4.15   data arrival time
-----------------------------------------------------------------------------
                                  3.60   slack (MET)



worst slack corner Typical: 1.9059
