
===========================================================================
report_checks -unconstrained
===========================================================================
======================= Fastest Corner ===================================

Startpoint: in1[2] (input port clocked by __VIRTUAL_CLK__)
Endpoint: out[5] (output port clocked by __VIRTUAL_CLK__)
Path Group: __VIRTUAL_CLK__
Path Type: max
Corner: Fastest

Fanout     Cap    Slew   Delay    Time   Description
-----------------------------------------------------------------------------
                  0.00    0.00    0.00   clock __VIRTUAL_CLK__ (rise edge)
                          0.00    0.00   clock network delay (ideal)
                          2.00    2.00 ^ input external delay
     1    0.00    0.01    0.01    2.01 ^ in1[2] (in)
                                         in1[2] (net)
                  0.01    0.00    2.01 ^ input3/A (sky130_fd_sc_hd__buf_2)
     4    0.06    0.21    0.20    2.20 ^ input3/X (sky130_fd_sc_hd__buf_2)
                                         net3 (net)
                  0.21    0.01    2.21 ^ _176_/A (sky130_fd_sc_hd__buf_4)
    10    0.08    0.18    0.21    2.42 ^ _176_/X (sky130_fd_sc_hd__buf_4)
                                         _104_ (net)
                  0.18    0.01    2.43 ^ _194_/B1 (sky130_fd_sc_hd__a22o_1)
     2    0.02    0.16    0.18    2.61 ^ _194_/X (sky130_fd_sc_hd__a22o_1)
                                         _122_ (net)
                  0.16    0.00    2.61 ^ _196_/A3 (sky130_fd_sc_hd__a31o_1)
     2    0.02    0.15    0.19    2.80 ^ _196_/X (sky130_fd_sc_hd__a31o_1)
                                         _124_ (net)
                  0.15    0.00    2.80 ^ _198_/C (sky130_fd_sc_hd__and3_1)
     2    0.03    0.21    0.24    3.04 ^ _198_/X (sky130_fd_sc_hd__and3_1)
                                         _126_ (net)
                  0.21    0.00    3.04 ^ _208_/A_N (sky130_fd_sc_hd__and2b_2)
     1    0.03    0.07    0.20    3.25 v _208_/X (sky130_fd_sc_hd__and2b_2)
                                         _136_ (net)
                  0.07    0.00    3.25 v _209_/A (sky130_fd_sc_hd__xnor2_4)
     3    0.05    0.32    0.30    3.55 ^ _209_/Y (sky130_fd_sc_hd__xnor2_4)
                                         _137_ (net)
                  0.32    0.00    3.56 ^ _210_/A (sky130_fd_sc_hd__nand3_4)
     3    0.04    0.15    0.14    3.70 v _210_/Y (sky130_fd_sc_hd__nand3_4)
                                         _138_ (net)
                  0.15    0.01    3.71 v _219_/A2 (sky130_fd_sc_hd__a21oi_2)
     1    0.03    0.23    0.26    3.97 ^ _219_/Y (sky130_fd_sc_hd__a21oi_2)
                                         _147_ (net)
                  0.23    0.00    3.97 ^ _221_/A (sky130_fd_sc_hd__nor2_1)
     1    0.02    0.11    0.11    4.08 v _221_/Y (sky130_fd_sc_hd__nor2_1)
                                         _149_ (net)
                  0.11    0.00    4.09 v _267_/A2 (sky130_fd_sc_hd__a211o_1)
     1    0.01    0.07    0.26    4.35 v _267_/X (sky130_fd_sc_hd__a211o_1)
                                         net25 (net)
                  0.07    0.00    4.35 v output25/A (sky130_fd_sc_hd__buf_2)
     1    0.03    0.06    0.14    4.49 v output25/X (sky130_fd_sc_hd__buf_2)
                                         out[5] (net)
                  0.06    0.00    4.49 v out[5] (out)
                                  4.49   data arrival time

                  0.00   10.00   10.00   clock __VIRTUAL_CLK__ (rise edge)
                          0.00   10.00   clock network delay (ideal)
                         -0.25    9.75   clock uncertainty
                          0.00    9.75   clock reconvergence pessimism
                         -2.00    7.75   output external delay
                                  7.75   data required time
-----------------------------------------------------------------------------
                                  7.75   data required time
                                 -4.49   data arrival time
-----------------------------------------------------------------------------
                                  3.26   slack (MET)



======================= Slowest Corner ===================================

Startpoint: in1[2] (input port clocked by __VIRTUAL_CLK__)
Endpoint: out[5] (output port clocked by __VIRTUAL_CLK__)
Path Group: __VIRTUAL_CLK__
Path Type: max
Corner: Slowest

Fanout     Cap    Slew   Delay    Time   Description
-----------------------------------------------------------------------------
                  0.00    0.00    0.00   clock __VIRTUAL_CLK__ (rise edge)
                          0.00    0.00   clock network delay (ideal)
                          2.00    2.00 ^ input external delay
     1    0.00    0.03    0.01    2.01 ^ in1[2] (in)
                                         in1[2] (net)
                  0.03    0.00    2.01 ^ input3/A (sky130_fd_sc_hd__buf_2)
     4    0.06    0.45    0.47    2.48 ^ input3/X (sky130_fd_sc_hd__buf_2)
                                         net3 (net)
                  0.45    0.01    2.49 ^ _176_/A (sky130_fd_sc_hd__buf_4)
    10    0.08    0.37    0.62    3.11 ^ _176_/X (sky130_fd_sc_hd__buf_4)
                                         _104_ (net)
                  0.37    0.01    3.12 ^ _194_/B1 (sky130_fd_sc_hd__a22o_1)
     2    0.02    0.33    0.58    3.70 ^ _194_/X (sky130_fd_sc_hd__a22o_1)
                                         _122_ (net)
                  0.33    0.00    3.70 ^ _196_/A3 (sky130_fd_sc_hd__a31o_1)
     2    0.02    0.32    0.60    4.30 ^ _196_/X (sky130_fd_sc_hd__a31o_1)
                                         _124_ (net)
                  0.32    0.00    4.30 ^ _198_/C (sky130_fd_sc_hd__and3_1)
     2    0.03    0.43    0.69    4.99 ^ _198_/X (sky130_fd_sc_hd__and3_1)
                                         _126_ (net)
                  0.43    0.00    4.99 ^ _208_/A_N (sky130_fd_sc_hd__and2b_2)
     1    0.03    0.19    0.74    5.73 v _208_/X (sky130_fd_sc_hd__and2b_2)
                                         _136_ (net)
                  0.19    0.00    5.74 v _209_/A (sky130_fd_sc_hd__xnor2_4)
     3    0.05    0.66    0.69    6.43 ^ _209_/Y (sky130_fd_sc_hd__xnor2_4)
                                         _137_ (net)
                  0.66    0.00    6.43 ^ _210_/A (sky130_fd_sc_hd__nand3_4)
     3    0.04    0.37    0.53    6.97 v _210_/Y (sky130_fd_sc_hd__nand3_4)
                                         _138_ (net)
                  0.37    0.01    6.98 v _219_/A2 (sky130_fd_sc_hd__a21oi_2)
     1    0.03    0.52    0.65    7.63 ^ _219_/Y (sky130_fd_sc_hd__a21oi_2)
                                         _147_ (net)
                  0.52    0.00    7.63 ^ _221_/A (sky130_fd_sc_hd__nor2_1)
     1    0.02    0.24    0.42    8.05 v _221_/Y (sky130_fd_sc_hd__nor2_1)
                                         _149_ (net)
                  0.24    0.00    8.05 v _267_/A2 (sky130_fd_sc_hd__a211o_1)
     1    0.01    0.18    0.76    8.81 v _267_/X (sky130_fd_sc_hd__a211o_1)
                                         net25 (net)
                  0.18    0.00    8.82 v output25/A (sky130_fd_sc_hd__buf_2)
     1    0.03    0.17    0.42    9.23 v output25/X (sky130_fd_sc_hd__buf_2)
                                         out[5] (net)
                  0.17    0.00    9.24 v out[5] (out)
                                  9.24   data arrival time

                  0.00   10.00   10.00   clock __VIRTUAL_CLK__ (rise edge)
                          0.00   10.00   clock network delay (ideal)
                         -0.25    9.75   clock uncertainty
                          0.00    9.75   clock reconvergence pessimism
                         -2.00    7.75   output external delay
                                  7.75   data required time
-----------------------------------------------------------------------------
                                  7.75   data required time
                                 -9.24   data arrival time
-----------------------------------------------------------------------------
                                 -1.49   slack (VIOLATED)



======================= Typical Corner ===================================

Startpoint: in1[2] (input port clocked by __VIRTUAL_CLK__)
Endpoint: out[5] (output port clocked by __VIRTUAL_CLK__)
Path Group: __VIRTUAL_CLK__
Path Type: max
Corner: Typical

Fanout     Cap    Slew   Delay    Time   Description
-----------------------------------------------------------------------------
                  0.00    0.00    0.00   clock __VIRTUAL_CLK__ (rise edge)
                          0.00    0.00   clock network delay (ideal)
                          2.00    2.00 ^ input external delay
     1    0.00    0.02    0.01    2.01 ^ in1[2] (in)
                                         in1[2] (net)
                  0.02    0.00    2.01 ^ input3/A (sky130_fd_sc_hd__buf_2)
     4    0.06    0.28    0.27    2.28 ^ input3/X (sky130_fd_sc_hd__buf_2)
                                         net3 (net)
                  0.28    0.01    2.29 ^ _176_/A (sky130_fd_sc_hd__buf_4)
    10    0.08    0.23    0.33    2.63 ^ _176_/X (sky130_fd_sc_hd__buf_4)
                                         _104_ (net)
                  0.24    0.01    2.63 ^ _194_/B1 (sky130_fd_sc_hd__a22o_1)
     2    0.02    0.21    0.30    2.93 ^ _194_/X (sky130_fd_sc_hd__a22o_1)
                                         _122_ (net)
                  0.21    0.00    2.94 ^ _196_/A3 (sky130_fd_sc_hd__a31o_1)
     2    0.02    0.20    0.30    3.23 ^ _196_/X (sky130_fd_sc_hd__a31o_1)
                                         _124_ (net)
                  0.20    0.00    3.23 ^ _198_/C (sky130_fd_sc_hd__and3_1)
     2    0.03    0.27    0.37    3.60 ^ _198_/X (sky130_fd_sc_hd__and3_1)
                                         _126_ (net)
                  0.27    0.00    3.60 ^ _208_/A_N (sky130_fd_sc_hd__and2b_2)
     1    0.03    0.10    0.34    3.95 v _208_/X (sky130_fd_sc_hd__and2b_2)
                                         _136_ (net)
                  0.10    0.00    3.95 v _209_/A (sky130_fd_sc_hd__xnor2_4)
     3    0.05    0.42    0.42    4.38 ^ _209_/Y (sky130_fd_sc_hd__xnor2_4)
                                         _137_ (net)
                  0.42    0.00    4.38 ^ _210_/A (sky130_fd_sc_hd__nand3_4)
     3    0.04    0.21    0.25    4.63 v _210_/Y (sky130_fd_sc_hd__nand3_4)
                                         _138_ (net)
                  0.21    0.01    4.64 v _219_/A2 (sky130_fd_sc_hd__a21oi_2)
     1    0.03    0.32    0.38    5.02 ^ _219_/Y (sky130_fd_sc_hd__a21oi_2)
                                         _147_ (net)
                  0.32    0.00    5.02 ^ _221_/A (sky130_fd_sc_hd__nor2_1)
     1    0.02    0.14    0.20    5.22 v _221_/Y (sky130_fd_sc_hd__nor2_1)
                                         _149_ (net)
                  0.14    0.00    5.22 v _267_/A2 (sky130_fd_sc_hd__a211o_1)
     1    0.01    0.10    0.40    5.63 v _267_/X (sky130_fd_sc_hd__a211o_1)
                                         net25 (net)
                  0.10    0.00    5.63 v output25/A (sky130_fd_sc_hd__buf_2)
     1    0.03    0.09    0.21    5.84 v output25/X (sky130_fd_sc_hd__buf_2)
                                         out[5] (net)
                  0.09    0.00    5.84 v out[5] (out)
                                  5.84   data arrival time

                  0.00   10.00   10.00   clock __VIRTUAL_CLK__ (rise edge)
                          0.00   10.00   clock network delay (ideal)
                         -0.25    9.75   clock uncertainty
                          0.00    9.75   clock reconvergence pessimism
                         -2.00    7.75   output external delay
                                  7.75   data required time
-----------------------------------------------------------------------------
                                  7.75   data required time
                                 -5.84   data arrival time
-----------------------------------------------------------------------------
                                  1.91   slack (MET)




===========================================================================
report_checks --slack_max -0.01
============================================================================
======================= Fastest Corner ===================================

No paths found.

======================= Slowest Corner ===================================

Startpoint: in1[2] (input port clocked by __VIRTUAL_CLK__)
Endpoint: out[5] (output port clocked by __VIRTUAL_CLK__)
Path Group: __VIRTUAL_CLK__
Path Type: max
Corner: Slowest

Fanout     Cap    Slew   Delay    Time   Description
-----------------------------------------------------------------------------
                  0.00    0.00    0.00   clock __VIRTUAL_CLK__ (rise edge)
                          0.00    0.00   clock network delay (ideal)
                          2.00    2.00 ^ input external delay
     1    0.00    0.03    0.01    2.01 ^ in1[2] (in)
                                         in1[2] (net)
                  0.03    0.00    2.01 ^ input3/A (sky130_fd_sc_hd__buf_2)
     4    0.06    0.45    0.47    2.48 ^ input3/X (sky130_fd_sc_hd__buf_2)
                                         net3 (net)
                  0.45    0.01    2.49 ^ _176_/A (sky130_fd_sc_hd__buf_4)
    10    0.08    0.37    0.62    3.11 ^ _176_/X (sky130_fd_sc_hd__buf_4)
                                         _104_ (net)
                  0.37    0.01    3.12 ^ _194_/B1 (sky130_fd_sc_hd__a22o_1)
     2    0.02    0.33    0.58    3.70 ^ _194_/X (sky130_fd_sc_hd__a22o_1)
                                         _122_ (net)
                  0.33    0.00    3.70 ^ _196_/A3 (sky130_fd_sc_hd__a31o_1)
     2    0.02    0.32    0.60    4.30 ^ _196_/X (sky130_fd_sc_hd__a31o_1)
                                         _124_ (net)
                  0.32    0.00    4.30 ^ _198_/C (sky130_fd_sc_hd__and3_1)
     2    0.03    0.43    0.69    4.99 ^ _198_/X (sky130_fd_sc_hd__and3_1)
                                         _126_ (net)
                  0.43    0.00    4.99 ^ _208_/A_N (sky130_fd_sc_hd__and2b_2)
     1    0.03    0.19    0.74    5.73 v _208_/X (sky130_fd_sc_hd__and2b_2)
                                         _136_ (net)
                  0.19    0.00    5.74 v _209_/A (sky130_fd_sc_hd__xnor2_4)
     3    0.05    0.66    0.69    6.43 ^ _209_/Y (sky130_fd_sc_hd__xnor2_4)
                                         _137_ (net)
                  0.66    0.00    6.43 ^ _210_/A (sky130_fd_sc_hd__nand3_4)
     3    0.04    0.37    0.53    6.97 v _210_/Y (sky130_fd_sc_hd__nand3_4)
                                         _138_ (net)
                  0.37    0.01    6.98 v _219_/A2 (sky130_fd_sc_hd__a21oi_2)
     1    0.03    0.52    0.65    7.63 ^ _219_/Y (sky130_fd_sc_hd__a21oi_2)
                                         _147_ (net)
                  0.52    0.00    7.63 ^ _221_/A (sky130_fd_sc_hd__nor2_1)
     1    0.02    0.24    0.42    8.05 v _221_/Y (sky130_fd_sc_hd__nor2_1)
                                         _149_ (net)
                  0.24    0.00    8.05 v _267_/A2 (sky130_fd_sc_hd__a211o_1)
     1    0.01    0.18    0.76    8.81 v _267_/X (sky130_fd_sc_hd__a211o_1)
                                         net25 (net)
                  0.18    0.00    8.82 v output25/A (sky130_fd_sc_hd__buf_2)
     1    0.03    0.17    0.42    9.23 v output25/X (sky130_fd_sc_hd__buf_2)
                                         out[5] (net)
                  0.17    0.00    9.24 v out[5] (out)
                                  9.24   data arrival time

                  0.00   10.00   10.00   clock __VIRTUAL_CLK__ (rise edge)
                          0.00   10.00   clock network delay (ideal)
                         -0.25    9.75   clock uncertainty
                          0.00    9.75   clock reconvergence pessimism
                         -2.00    7.75   output external delay
                                  7.75   data required time
-----------------------------------------------------------------------------
                                  7.75   data required time
                                 -9.24   data arrival time
-----------------------------------------------------------------------------
                                 -1.49   slack (VIOLATED)



======================= Typical Corner ===================================

No paths found.


===========================================================================
 report_check_types -max_slew -max_cap -max_fanout -violators
============================================================================
======================= Fastest Corner ===================================


max slew violations count Fastest: 0
max fanout violations count Fastest: 0
max cap violations count Fastest: 0
======================= Slowest Corner ===================================

max slew

Pin                                    Limit    Slew   Slack
------------------------------------------------------------
_309_/B2                                0.75    0.81   -0.06 (VIOLATED)
_308_/Y                                 0.75    0.81   -0.06 (VIOLATED)
_218_/A                                 0.75    0.81   -0.06 (VIOLATED)
_282_/B1                                0.75    0.81   -0.06 (VIOLATED)
_216_/Y                                 0.75    0.81   -0.06 (VIOLATED)


max slew violations count Slowest: 5
max fanout violations count Slowest: 0
max cap violations count Slowest: 0
======================= Typical Corner ===================================


max slew violations count Typical: 0
max fanout violations count Typical: 0
max cap violations count Typical: 0

===========================================================================
report_parasitic_annotation -report_unannotated
============================================================================
Found 0 unannotated drivers.
Found 0 partially unannotated drivers.

===========================================================================
max slew violation count 5
max fanout violation count 0
max cap violation count 0
============================================================================

===========================================================================
check_setup -verbose -unconstrained_endpoints -multiple_clock -no_clock -no_input_delay -loops -generated_clocks
===========================================================================
