
===========================================================================
report_checks -path_delay min (Hold)
============================================================================
======================= Fastest Corner ===================================

Startpoint: in1[6] (input port clocked by __VIRTUAL_CLK__)
Endpoint: out[6] (output port clocked by __VIRTUAL_CLK__)
Path Group: __VIRTUAL_CLK__
Path Type: min
Corner: Fastest

Fanout     Cap    Slew   Delay    Time   Description
-----------------------------------------------------------------------------
                  0.00    0.00    0.00   clock __VIRTUAL_CLK__ (rise edge)
                          0.00    0.00   clock network delay (ideal)
                          2.00    2.00 ^ input external delay
     1    0.00    0.01    0.01    2.01 ^ in1[6] (in)
                                         in1[6] (net)
                  0.01    0.00    2.01 ^ input7/A (sky130_fd_sc_hd__buf_2)
     5    0.05    0.20    0.16    2.17 ^ input7/X (sky130_fd_sc_hd__buf_2)
                                         net7 (net)
                  0.20    0.01    2.18 ^ _289_/A1 (sky130_fd_sc_hd__o211ai_2)
     1    0.02    0.08    0.10    2.28 v _289_/Y (sky130_fd_sc_hd__o211ai_2)
                                         _046_ (net)
                  0.08    0.00    2.28 v _290_/B1 (sky130_fd_sc_hd__a31o_1)
     1    0.01    0.05    0.11    2.39 v _290_/X (sky130_fd_sc_hd__a31o_1)
                                         _047_ (net)
                  0.05    0.00    2.39 v _291_/B1 (sky130_fd_sc_hd__a21o_1)
     1    0.01    0.03    0.08    2.48 v _291_/X (sky130_fd_sc_hd__a21o_1)
                                         net26 (net)
                  0.03    0.00    2.48 v output26/A (sky130_fd_sc_hd__buf_2)
     1    0.03    0.06    0.11    2.59 v output26/X (sky130_fd_sc_hd__buf_2)
                                         out[6] (net)
                  0.06    0.00    2.59 v out[6] (out)
                                  2.59   data arrival time

                  0.00    0.00    0.00   clock __VIRTUAL_CLK__ (rise edge)
                          0.00    0.00   clock network delay (ideal)
                          0.25    0.25   clock uncertainty
                          0.00    0.25   clock reconvergence pessimism
                         -2.00   -1.75   output external delay
                                 -1.75   data required time
-----------------------------------------------------------------------------
                                 -1.75   data required time
                                 -2.59   data arrival time
-----------------------------------------------------------------------------
                                  4.34   slack (MET)


Startpoint: in2[5] (input port clocked by __VIRTUAL_CLK__)
Endpoint: out[5] (output port clocked by __VIRTUAL_CLK__)
Path Group: __VIRTUAL_CLK__
Path Type: min
Corner: Fastest

Fanout     Cap    Slew   Delay    Time   Description
-----------------------------------------------------------------------------
                  0.00    0.00    0.00   clock __VIRTUAL_CLK__ (rise edge)
                          0.00    0.00   clock network delay (ideal)
                          2.00    2.00 ^ input external delay
     1    0.00    0.01    0.01    2.01 ^ in2[5] (in)
                                         in2[5] (net)
                  0.01    0.00    2.01 ^ input14/A (sky130_fd_sc_hd__buf_2)
     5    0.05    0.20    0.17    2.18 ^ input14/X (sky130_fd_sc_hd__buf_2)
                                         net14 (net)
                  0.20    0.00    2.18 ^ _233_/A1 (sky130_fd_sc_hd__a311o_1)
     1    0.01    0.11    0.16    2.34 ^ _233_/X (sky130_fd_sc_hd__a311o_1)
                                         _161_ (net)
                  0.11    0.00    2.34 ^ _267_/B1 (sky130_fd_sc_hd__a211o_1)
     1    0.02    0.10    0.12    2.46 ^ _267_/X (sky130_fd_sc_hd__a211o_1)
                                         net25 (net)
                  0.10    0.00    2.46 ^ output25/A (sky130_fd_sc_hd__buf_2)
     1    0.03    0.13    0.15    2.61 ^ output25/X (sky130_fd_sc_hd__buf_2)
                                         out[5] (net)
                  0.13    0.00    2.61 ^ out[5] (out)
                                  2.61   data arrival time

                  0.00    0.00    0.00   clock __VIRTUAL_CLK__ (rise edge)
                          0.00    0.00   clock network delay (ideal)
                          0.25    0.25   clock uncertainty
                          0.00    0.25   clock reconvergence pessimism
                         -2.00   -1.75   output external delay
                                 -1.75   data required time
-----------------------------------------------------------------------------
                                 -1.75   data required time
                                 -2.61   data arrival time
-----------------------------------------------------------------------------
                                  4.36   slack (MET)


Startpoint: in1[4] (input port clocked by __VIRTUAL_CLK__)
Endpoint: out[4] (output port clocked by __VIRTUAL_CLK__)
Path Group: __VIRTUAL_CLK__
Path Type: min
Corner: Fastest

Fanout     Cap    Slew   Delay    Time   Description
-----------------------------------------------------------------------------
                  0.00    0.00    0.00   clock __VIRTUAL_CLK__ (rise edge)
                          0.00    0.00   clock network delay (ideal)
                          2.00    2.00 v input external delay
     1    0.00    0.00    0.00    2.00 v in1[4] (in)
                                         in1[4] (net)
                  0.00    0.00    2.00 v input5/A (sky130_fd_sc_hd__buf_2)
     6    0.05    0.08    0.12    2.12 v input5/X (sky130_fd_sc_hd__buf_2)
                                         net5 (net)
                  0.08    0.00    2.12 v _344_/A2 (sky130_fd_sc_hd__a21oi_1)
     1    0.01    0.08    0.14    2.26 ^ _344_/Y (sky130_fd_sc_hd__a21oi_1)
                                         _095_ (net)
                  0.08    0.00    2.26 ^ _345_/B1 (sky130_fd_sc_hd__a31o_1)
     1    0.01    0.06    0.08    2.33 ^ _345_/X (sky130_fd_sc_hd__a31o_1)
                                         _096_ (net)
                  0.06    0.00    2.33 ^ _346_/C (sky130_fd_sc_hd__or3_1)
     1    0.01    0.07    0.09    2.42 ^ _346_/X (sky130_fd_sc_hd__or3_1)
                                         _097_ (net)
                  0.07    0.00    2.43 ^ _347_/A (sky130_fd_sc_hd__clkbuf_1)
     1    0.00    0.05    0.06    2.49 ^ _347_/X (sky130_fd_sc_hd__clkbuf_1)
                                         net24 (net)
                  0.05    0.00    2.49 ^ output24/A (sky130_fd_sc_hd__buf_2)
     1    0.03    0.13    0.13    2.62 ^ output24/X (sky130_fd_sc_hd__buf_2)
                                         out[4] (net)
                  0.13    0.00    2.62 ^ out[4] (out)
                                  2.62   data arrival time

                  0.00    0.00    0.00   clock __VIRTUAL_CLK__ (rise edge)
                          0.00    0.00   clock network delay (ideal)
                          0.25    0.25   clock uncertainty
                          0.00    0.25   clock reconvergence pessimism
                         -2.00   -1.75   output external delay
                                 -1.75   data required time
-----------------------------------------------------------------------------
                                 -1.75   data required time
                                 -2.62   data arrival time
-----------------------------------------------------------------------------
                                  4.37   slack (MET)


Startpoint: op[2] (input port clocked by __VIRTUAL_CLK__)
Endpoint: out[7] (output port clocked by __VIRTUAL_CLK__)
Path Group: __VIRTUAL_CLK__
Path Type: min
Corner: Fastest

Fanout     Cap    Slew   Delay    Time   Description
-----------------------------------------------------------------------------
                  0.00    0.00    0.00   clock __VIRTUAL_CLK__ (rise edge)
                          0.00    0.00   clock network delay (ideal)
                          2.00    2.00 v input external delay
     1    0.00    0.00    0.00    2.00 v op[2] (in)
                                         op[2] (net)
                  0.00    0.00    2.00 v input19/A (sky130_fd_sc_hd__clkbuf_4)
     6    0.06    0.09    0.13    2.13 v input19/X (sky130_fd_sc_hd__clkbuf_4)
                                         net19 (net)
                  0.09    0.00    2.14 v _265_/A (sky130_fd_sc_hd__and3_2)
     7    0.06    0.11    0.20    2.34 v _265_/X (sky130_fd_sc_hd__and3_2)
                                         _023_ (net)
                  0.11    0.00    2.34 v _302_/A1 (sky130_fd_sc_hd__a31o_4)
     1    0.04    0.05    0.19    2.53 v _302_/X (sky130_fd_sc_hd__a31o_4)
                                         net27 (net)
                  0.05    0.00    2.53 v output27/A (sky130_fd_sc_hd__buf_6)
     1    0.03    0.03    0.09    2.63 v output27/X (sky130_fd_sc_hd__buf_6)
                                         out[7] (net)
                  0.03    0.00    2.63 v out[7] (out)
                                  2.63   data arrival time

                  0.00    0.00    0.00   clock __VIRTUAL_CLK__ (rise edge)
                          0.00    0.00   clock network delay (ideal)
                          0.25    0.25   clock uncertainty
                          0.00    0.25   clock reconvergence pessimism
                         -2.00   -1.75   output external delay
                                 -1.75   data required time
-----------------------------------------------------------------------------
                                 -1.75   data required time
                                 -2.63   data arrival time
-----------------------------------------------------------------------------
                                  4.38   slack (MET)


Startpoint: in2[0] (input port clocked by __VIRTUAL_CLK__)
Endpoint: out[0] (output port clocked by __VIRTUAL_CLK__)
Path Group: __VIRTUAL_CLK__
Path Type: min
Corner: Fastest

Fanout     Cap    Slew   Delay    Time   Description
-----------------------------------------------------------------------------
                  0.00    0.00    0.00   clock __VIRTUAL_CLK__ (rise edge)
                          0.00    0.00   clock network delay (ideal)
                          2.00    2.00 v input external delay
     1    0.00    0.00    0.00    2.00 v in2[0] (in)
                                         in2[0] (net)
                  0.00    0.00    2.00 v input9/A (sky130_fd_sc_hd__clkbuf_2)
     4    0.04    0.12    0.13    2.13 v input9/X (sky130_fd_sc_hd__clkbuf_2)
                                         net9 (net)
                  0.12    0.00    2.13 v _184_/A (sky130_fd_sc_hd__buf_4)
    10    0.09    0.08    0.17    2.31 v _184_/X (sky130_fd_sc_hd__buf_4)
                                         _112_ (net)
                  0.08    0.01    2.31 v _307_/A1 (sky130_fd_sc_hd__a31o_1)
     1    0.03    0.10    0.19    2.50 v _307_/X (sky130_fd_sc_hd__a31o_1)
                                         net20 (net)
                  0.10    0.00    2.50 v output20/A (sky130_fd_sc_hd__buf_2)
     1    0.03    0.06    0.14    2.64 v output20/X (sky130_fd_sc_hd__buf_2)
                                         out[0] (net)
                  0.06    0.00    2.64 v out[0] (out)
                                  2.64   data arrival time

                  0.00    0.00    0.00   clock __VIRTUAL_CLK__ (rise edge)
                          0.00    0.00   clock network delay (ideal)
                          0.25    0.25   clock uncertainty
                          0.00    0.25   clock reconvergence pessimism
                         -2.00   -1.75   output external delay
                                 -1.75   data required time
-----------------------------------------------------------------------------
                                 -1.75   data required time
                                 -2.64   data arrival time
-----------------------------------------------------------------------------
                                  4.39   slack (MET)


Startpoint: op[2] (input port clocked by __VIRTUAL_CLK__)
Endpoint: out[2] (output port clocked by __VIRTUAL_CLK__)
Path Group: __VIRTUAL_CLK__
Path Type: min
Corner: Fastest

Fanout     Cap    Slew   Delay    Time   Description
-----------------------------------------------------------------------------
                  0.00    0.00    0.00   clock __VIRTUAL_CLK__ (rise edge)
                          0.00    0.00   clock network delay (ideal)
                          2.00    2.00 v input external delay
     1    0.00    0.00    0.00    2.00 v op[2] (in)
                                         op[2] (net)
                  0.00    0.00    2.00 v input19/A (sky130_fd_sc_hd__clkbuf_4)
     6    0.06    0.09    0.13    2.13 v input19/X (sky130_fd_sc_hd__clkbuf_4)
                                         net19 (net)
                  0.09    0.00    2.14 v _265_/A (sky130_fd_sc_hd__and3_2)
     7    0.06    0.11    0.20    2.34 v _265_/X (sky130_fd_sc_hd__and3_2)
                                         _023_ (net)
                  0.11    0.01    2.35 v _326_/A2 (sky130_fd_sc_hd__a31o_1)
     1    0.02    0.06    0.19    2.53 v _326_/X (sky130_fd_sc_hd__a31o_1)
                                         net22 (net)
                  0.06    0.00    2.54 v output22/A (sky130_fd_sc_hd__buf_2)
     1    0.03    0.06    0.12    2.66 v output22/X (sky130_fd_sc_hd__buf_2)
                                         out[2] (net)
                  0.06    0.00    2.66 v out[2] (out)
                                  2.66   data arrival time

                  0.00    0.00    0.00   clock __VIRTUAL_CLK__ (rise edge)
                          0.00    0.00   clock network delay (ideal)
                          0.25    0.25   clock uncertainty
                          0.00    0.25   clock reconvergence pessimism
                         -2.00   -1.75   output external delay
                                 -1.75   data required time
-----------------------------------------------------------------------------
                                 -1.75   data required time
                                 -2.66   data arrival time
-----------------------------------------------------------------------------
                                  4.41   slack (MET)


Startpoint: op[2] (input port clocked by __VIRTUAL_CLK__)
Endpoint: out[3] (output port clocked by __VIRTUAL_CLK__)
Path Group: __VIRTUAL_CLK__
Path Type: min
Corner: Fastest

Fanout     Cap    Slew   Delay    Time   Description
-----------------------------------------------------------------------------
                  0.00    0.00    0.00   clock __VIRTUAL_CLK__ (rise edge)
                          0.00    0.00   clock network delay (ideal)
                          2.00    2.00 v input external delay
     1    0.00    0.00    0.00    2.00 v op[2] (in)
                                         op[2] (net)
                  0.00    0.00    2.00 v input19/A (sky130_fd_sc_hd__clkbuf_4)
     6    0.06    0.09    0.13    2.13 v input19/X (sky130_fd_sc_hd__clkbuf_4)
                                         net19 (net)
                  0.09    0.01    2.14 v _170_/A (sky130_fd_sc_hd__inv_2)
     2    0.04    0.13    0.13    2.27 ^ _170_/Y (sky130_fd_sc_hd__inv_2)
                                         _098_ (net)
                  0.14    0.00    2.28 ^ _172_/A (sky130_fd_sc_hd__nor2_4)
     8    0.06    0.07    0.07    2.35 v _172_/Y (sky130_fd_sc_hd__nor2_4)
                                         _100_ (net)
                  0.07    0.00    2.35 v _335_/B2 (sky130_fd_sc_hd__a221o_1)
     1    0.02    0.07    0.21    2.56 v _335_/X (sky130_fd_sc_hd__a221o_1)
                                         net23 (net)
                  0.07    0.00    2.56 v output23/A (sky130_fd_sc_hd__buf_2)
     1    0.03    0.06    0.13    2.68 v output23/X (sky130_fd_sc_hd__buf_2)
                                         out[3] (net)
                  0.06    0.00    2.69 v out[3] (out)
                                  2.69   data arrival time

                  0.00    0.00    0.00   clock __VIRTUAL_CLK__ (rise edge)
                          0.00    0.00   clock network delay (ideal)
                          0.25    0.25   clock uncertainty
                          0.00    0.25   clock reconvergence pessimism
                         -2.00   -1.75   output external delay
                                 -1.75   data required time
-----------------------------------------------------------------------------
                                 -1.75   data required time
                                 -2.69   data arrival time
-----------------------------------------------------------------------------
                                  4.44   slack (MET)


Startpoint: in1[1] (input port clocked by __VIRTUAL_CLK__)
Endpoint: out[1] (output port clocked by __VIRTUAL_CLK__)
Path Group: __VIRTUAL_CLK__
Path Type: min
Corner: Fastest

Fanout     Cap    Slew   Delay    Time   Description
-----------------------------------------------------------------------------
                  0.00    0.00    0.00   clock __VIRTUAL_CLK__ (rise edge)
                          0.00    0.00   clock network delay (ideal)
                          2.00    2.00 ^ input external delay
     1    0.00    0.01    0.01    2.01 ^ in1[1] (in)
                                         in1[1] (net)
                  0.01    0.00    2.01 ^ input2/A (sky130_fd_sc_hd__clkbuf_2)
     4    0.04    0.18    0.16    2.16 ^ input2/X (sky130_fd_sc_hd__clkbuf_2)
                                         net2 (net)
                  0.18    0.00    2.17 ^ _173_/A (sky130_fd_sc_hd__buf_4)
    10    0.08    0.18    0.19    2.35 ^ _173_/X (sky130_fd_sc_hd__buf_4)
                                         _101_ (net)
                  0.18    0.00    2.36 ^ _312_/A1 (sky130_fd_sc_hd__a31o_1)
     1    0.00    0.03    0.09    2.44 ^ _312_/X (sky130_fd_sc_hd__a31o_1)
                                         _066_ (net)
                  0.03    0.00    2.44 ^ _317_/B (sky130_fd_sc_hd__or4b_1)
     1    0.00    0.04    0.07    2.51 ^ _317_/X (sky130_fd_sc_hd__or4b_1)
                                         _071_ (net)
                  0.04    0.00    2.51 ^ _318_/A (sky130_fd_sc_hd__dlymetal6s2s_1)
     1    0.04    0.28    0.22    2.74 ^ _318_/X (sky130_fd_sc_hd__dlymetal6s2s_1)
                                         net21 (net)
                  0.28    0.01    2.74 ^ output21/A (sky130_fd_sc_hd__buf_2)
     1    0.03    0.13    0.17    2.91 ^ output21/X (sky130_fd_sc_hd__buf_2)
                                         out[1] (net)
                  0.13    0.00    2.91 ^ out[1] (out)
                                  2.91   data arrival time

                  0.00    0.00    0.00   clock __VIRTUAL_CLK__ (rise edge)
                          0.00    0.00   clock network delay (ideal)
                          0.25    0.25   clock uncertainty
                          0.00    0.25   clock reconvergence pessimism
                         -2.00   -1.75   output external delay
                                 -1.75   data required time
-----------------------------------------------------------------------------
                                 -1.75   data required time
                                 -2.91   data arrival time
-----------------------------------------------------------------------------
                                  4.66   slack (MET)



worst slack corner Fastest: 4.3405
======================= Slowest Corner ===================================

Startpoint: in1[5] (input port clocked by __VIRTUAL_CLK__)
Endpoint: out[5] (output port clocked by __VIRTUAL_CLK__)
Path Group: __VIRTUAL_CLK__
Path Type: min
Corner: Slowest

Fanout     Cap    Slew   Delay    Time   Description
-----------------------------------------------------------------------------
                  0.00    0.00    0.00   clock __VIRTUAL_CLK__ (rise edge)
                          0.00    0.00   clock network delay (ideal)
                          2.00    2.00 ^ input external delay
     1    0.00    0.03    0.01    2.01 ^ in1[5] (in)
                                         in1[5] (net)
                  0.03    0.00    2.01 ^ input6/A (sky130_fd_sc_hd__buf_2)
     6    0.05    0.41    0.40    2.41 ^ input6/X (sky130_fd_sc_hd__buf_2)
                                         net6 (net)
                  0.41    0.01    2.41 ^ _233_/A2 (sky130_fd_sc_hd__a311o_1)
     1    0.01    0.24    0.56    2.98 ^ _233_/X (sky130_fd_sc_hd__a311o_1)
                                         _161_ (net)
                  0.24    0.00    2.98 ^ _267_/B1 (sky130_fd_sc_hd__a211o_1)
     1    0.01    0.21    0.34    3.32 ^ _267_/X (sky130_fd_sc_hd__a211o_1)
                                         net25 (net)
                  0.21    0.00    3.32 ^ output25/A (sky130_fd_sc_hd__buf_2)
     1    0.03    0.27    0.39    3.71 ^ output25/X (sky130_fd_sc_hd__buf_2)
                                         out[5] (net)
                  0.27    0.00    3.71 ^ out[5] (out)
                                  3.71   data arrival time

                  0.00    0.00    0.00   clock __VIRTUAL_CLK__ (rise edge)
                          0.00    0.00   clock network delay (ideal)
                          0.25    0.25   clock uncertainty
                          0.00    0.25   clock reconvergence pessimism
                         -2.00   -1.75   output external delay
                                 -1.75   data required time
-----------------------------------------------------------------------------
                                 -1.75   data required time
                                 -3.71   data arrival time
-----------------------------------------------------------------------------
                                  5.46   slack (MET)


Startpoint: in1[4] (input port clocked by __VIRTUAL_CLK__)
Endpoint: out[4] (output port clocked by __VIRTUAL_CLK__)
Path Group: __VIRTUAL_CLK__
Path Type: min
Corner: Slowest

Fanout     Cap    Slew   Delay    Time   Description
-----------------------------------------------------------------------------
                  0.00    0.00    0.00   clock __VIRTUAL_CLK__ (rise edge)
                          0.00    0.00   clock network delay (ideal)
                          2.00    2.00 v input external delay
     1    0.00    0.02    0.01    2.01 v in1[4] (in)
                                         in1[4] (net)
                  0.02    0.00    2.01 v input5/A (sky130_fd_sc_hd__buf_2)
     6    0.05    0.22    0.34    2.35 v input5/X (sky130_fd_sc_hd__buf_2)
                                         net5 (net)
                  0.22    0.00    2.35 v _344_/A2 (sky130_fd_sc_hd__a21oi_1)
     1    0.01    0.24    0.34    2.70 ^ _344_/Y (sky130_fd_sc_hd__a21oi_1)
                                         _095_ (net)
                  0.24    0.00    2.70 ^ _345_/B1 (sky130_fd_sc_hd__a31o_1)
     1    0.01    0.13    0.27    2.96 ^ _345_/X (sky130_fd_sc_hd__a31o_1)
                                         _096_ (net)
                  0.13    0.00    2.97 ^ _346_/C (sky130_fd_sc_hd__or3_1)
     1    0.01    0.14    0.24    3.20 ^ _346_/X (sky130_fd_sc_hd__or3_1)
                                         _097_ (net)
                  0.14    0.00    3.21 ^ _347_/A (sky130_fd_sc_hd__clkbuf_1)
     1    0.00    0.10    0.19    3.39 ^ _347_/X (sky130_fd_sc_hd__clkbuf_1)
                                         net24 (net)
                  0.10    0.00    3.39 ^ output24/A (sky130_fd_sc_hd__buf_2)
     1    0.03    0.27    0.34    3.73 ^ output24/X (sky130_fd_sc_hd__buf_2)
                                         out[4] (net)
                  0.27    0.00    3.73 ^ out[4] (out)
                                  3.73   data arrival time

                  0.00    0.00    0.00   clock __VIRTUAL_CLK__ (rise edge)
                          0.00    0.00   clock network delay (ideal)
                          0.25    0.25   clock uncertainty
                          0.00    0.25   clock reconvergence pessimism
                         -2.00   -1.75   output external delay
                                 -1.75   data required time
-----------------------------------------------------------------------------
                                 -1.75   data required time
                                 -3.73   data arrival time
-----------------------------------------------------------------------------
                                  5.48   slack (MET)


Startpoint: in1[6] (input port clocked by __VIRTUAL_CLK__)
Endpoint: out[6] (output port clocked by __VIRTUAL_CLK__)
Path Group: __VIRTUAL_CLK__
Path Type: min
Corner: Slowest

Fanout     Cap    Slew   Delay    Time   Description
-----------------------------------------------------------------------------
                  0.00    0.00    0.00   clock __VIRTUAL_CLK__ (rise edge)
                          0.00    0.00   clock network delay (ideal)
                          2.00    2.00 v input external delay
     1    0.00    0.02    0.01    2.01 v in1[6] (in)
                                         in1[6] (net)
                  0.02    0.00    2.01 v input7/A (sky130_fd_sc_hd__buf_2)
     5    0.05    0.24    0.35    2.36 v input7/X (sky130_fd_sc_hd__buf_2)
                                         net7 (net)
                  0.24    0.01    2.37 v _289_/A1 (sky130_fd_sc_hd__o211ai_2)
     1    0.02    0.22    0.51    2.88 ^ _289_/Y (sky130_fd_sc_hd__o211ai_2)
                                         _046_ (net)
                  0.22    0.00    2.88 ^ _290_/B1 (sky130_fd_sc_hd__a31o_1)
     1    0.01    0.21    0.32    3.20 ^ _290_/X (sky130_fd_sc_hd__a31o_1)
                                         _047_ (net)
                  0.21    0.00    3.20 ^ _291_/B1 (sky130_fd_sc_hd__a21o_1)
     1    0.01    0.12    0.23    3.42 ^ _291_/X (sky130_fd_sc_hd__a21o_1)
                                         net26 (net)
                  0.12    0.00    3.43 ^ output26/A (sky130_fd_sc_hd__buf_2)
     1    0.03    0.27    0.35    3.77 ^ output26/X (sky130_fd_sc_hd__buf_2)
                                         out[6] (net)
                  0.27    0.00    3.77 ^ out[6] (out)
                                  3.77   data arrival time

                  0.00    0.00    0.00   clock __VIRTUAL_CLK__ (rise edge)
                          0.00    0.00   clock network delay (ideal)
                          0.25    0.25   clock uncertainty
                          0.00    0.25   clock reconvergence pessimism
                         -2.00   -1.75   output external delay
                                 -1.75   data required time
-----------------------------------------------------------------------------
                                 -1.75   data required time
                                 -3.77   data arrival time
-----------------------------------------------------------------------------
                                  5.52   slack (MET)


Startpoint: in2[0] (input port clocked by __VIRTUAL_CLK__)
Endpoint: out[0] (output port clocked by __VIRTUAL_CLK__)
Path Group: __VIRTUAL_CLK__
Path Type: min
Corner: Slowest

Fanout     Cap    Slew   Delay    Time   Description
-----------------------------------------------------------------------------
                  0.00    0.00    0.00   clock __VIRTUAL_CLK__ (rise edge)
                          0.00    0.00   clock network delay (ideal)
                          2.00    2.00 v input external delay
     1    0.00    0.02    0.01    2.01 v in2[0] (in)
                                         in2[0] (net)
                  0.02    0.00    2.01 v input9/A (sky130_fd_sc_hd__clkbuf_2)
     4    0.04    0.31    0.34    2.35 v input9/X (sky130_fd_sc_hd__clkbuf_2)
                                         net9 (net)
                  0.31    0.00    2.35 v _184_/A (sky130_fd_sc_hd__buf_4)
    10    0.09    0.21    0.48    2.83 v _184_/X (sky130_fd_sc_hd__buf_4)
                                         _112_ (net)
                  0.21    0.01    2.84 v _307_/A1 (sky130_fd_sc_hd__a31o_1)
     1    0.03    0.27    0.54    3.38 v _307_/X (sky130_fd_sc_hd__a31o_1)
                                         net20 (net)
                  0.27    0.00    3.38 v output20/A (sky130_fd_sc_hd__buf_2)
     1    0.03    0.17    0.42    3.79 v output20/X (sky130_fd_sc_hd__buf_2)
                                         out[0] (net)
                  0.17    0.00    3.79 v out[0] (out)
                                  3.79   data arrival time

                  0.00    0.00    0.00   clock __VIRTUAL_CLK__ (rise edge)
                          0.00    0.00   clock network delay (ideal)
                          0.25    0.25   clock uncertainty
                          0.00    0.25   clock reconvergence pessimism
                         -2.00   -1.75   output external delay
                                 -1.75   data required time
-----------------------------------------------------------------------------
                                 -1.75   data required time
                                 -3.79   data arrival time
-----------------------------------------------------------------------------
                                  5.54   slack (MET)


Startpoint: op[2] (input port clocked by __VIRTUAL_CLK__)
Endpoint: out[7] (output port clocked by __VIRTUAL_CLK__)
Path Group: __VIRTUAL_CLK__
Path Type: min
Corner: Slowest

Fanout     Cap    Slew   Delay    Time   Description
-----------------------------------------------------------------------------
                  0.00    0.00    0.00   clock __VIRTUAL_CLK__ (rise edge)
                          0.00    0.00   clock network delay (ideal)
                          2.00    2.00 v input external delay
     1    0.00    0.02    0.01    2.01 v op[2] (in)
                                         op[2] (net)
                  0.02    0.00    2.01 v input19/A (sky130_fd_sc_hd__clkbuf_4)
     6    0.06    0.23    0.35    2.36 v input19/X (sky130_fd_sc_hd__clkbuf_4)
                                         net19 (net)
                  0.23    0.00    2.36 v _265_/A (sky130_fd_sc_hd__and3_2)
     7    0.06    0.29    0.63    2.99 v _265_/X (sky130_fd_sc_hd__and3_2)
                                         _023_ (net)
                  0.29    0.00    3.00 v _302_/A1 (sky130_fd_sc_hd__a31o_4)
     1    0.04    0.13    0.54    3.54 v _302_/X (sky130_fd_sc_hd__a31o_4)
                                         net27 (net)
                  0.13    0.00    3.54 v output27/A (sky130_fd_sc_hd__buf_6)
     1    0.03    0.08    0.26    3.80 v output27/X (sky130_fd_sc_hd__buf_6)
                                         out[7] (net)
                  0.08    0.00    3.81 v out[7] (out)
                                  3.81   data arrival time

                  0.00    0.00    0.00   clock __VIRTUAL_CLK__ (rise edge)
                          0.00    0.00   clock network delay (ideal)
                          0.25    0.25   clock uncertainty
                          0.00    0.25   clock reconvergence pessimism
                         -2.00   -1.75   output external delay
                                 -1.75   data required time
-----------------------------------------------------------------------------
                                 -1.75   data required time
                                 -3.81   data arrival time
-----------------------------------------------------------------------------
                                  5.56   slack (MET)


Startpoint: op[2] (input port clocked by __VIRTUAL_CLK__)
Endpoint: out[2] (output port clocked by __VIRTUAL_CLK__)
Path Group: __VIRTUAL_CLK__
Path Type: min
Corner: Slowest

Fanout     Cap    Slew   Delay    Time   Description
-----------------------------------------------------------------------------
                  0.00    0.00    0.00   clock __VIRTUAL_CLK__ (rise edge)
                          0.00    0.00   clock network delay (ideal)
                          2.00    2.00 v input external delay
     1    0.00    0.02    0.01    2.01 v op[2] (in)
                                         op[2] (net)
                  0.02    0.00    2.01 v input19/A (sky130_fd_sc_hd__clkbuf_4)
     6    0.06    0.23    0.35    2.36 v input19/X (sky130_fd_sc_hd__clkbuf_4)
                                         net19 (net)
                  0.23    0.00    2.36 v _265_/A (sky130_fd_sc_hd__and3_2)
     7    0.06    0.29    0.63    2.99 v _265_/X (sky130_fd_sc_hd__and3_2)
                                         _023_ (net)
                  0.29    0.01    3.00 v _326_/A2 (sky130_fd_sc_hd__a31o_1)
     1    0.02    0.17    0.54    3.54 v _326_/X (sky130_fd_sc_hd__a31o_1)
                                         net22 (net)
                  0.17    0.00    3.54 v output22/A (sky130_fd_sc_hd__buf_2)
     1    0.03    0.17    0.37    3.91 v output22/X (sky130_fd_sc_hd__buf_2)
                                         out[2] (net)
                  0.17    0.00    3.91 v out[2] (out)
                                  3.91   data arrival time

                  0.00    0.00    0.00   clock __VIRTUAL_CLK__ (rise edge)
                          0.00    0.00   clock network delay (ideal)
                          0.25    0.25   clock uncertainty
                          0.00    0.25   clock reconvergence pessimism
                         -2.00   -1.75   output external delay
                                 -1.75   data required time
-----------------------------------------------------------------------------
                                 -1.75   data required time
                                 -3.91   data arrival time
-----------------------------------------------------------------------------
                                  5.66   slack (MET)


Startpoint: op[2] (input port clocked by __VIRTUAL_CLK__)
Endpoint: out[3] (output port clocked by __VIRTUAL_CLK__)
Path Group: __VIRTUAL_CLK__
Path Type: min
Corner: Slowest

Fanout     Cap    Slew   Delay    Time   Description
-----------------------------------------------------------------------------
                  0.00    0.00    0.00   clock __VIRTUAL_CLK__ (rise edge)
                          0.00    0.00   clock network delay (ideal)
                          2.00    2.00 v input external delay
     1    0.00    0.02    0.01    2.01 v op[2] (in)
                                         op[2] (net)
                  0.02    0.00    2.01 v input19/A (sky130_fd_sc_hd__clkbuf_4)
     6    0.06    0.23    0.35    2.36 v input19/X (sky130_fd_sc_hd__clkbuf_4)
                                         net19 (net)
                  0.23    0.01    2.37 v _170_/A (sky130_fd_sc_hd__inv_2)
     2    0.04    0.28    0.30    2.67 ^ _170_/Y (sky130_fd_sc_hd__inv_2)
                                         _098_ (net)
                  0.29    0.00    2.68 ^ _172_/A (sky130_fd_sc_hd__nor2_4)
     8    0.06    0.15    0.24    2.91 v _172_/Y (sky130_fd_sc_hd__nor2_4)
                                         _100_ (net)
                  0.15    0.00    2.91 v _335_/B2 (sky130_fd_sc_hd__a221o_1)
     1    0.02    0.21    0.73    3.64 v _335_/X (sky130_fd_sc_hd__a221o_1)
                                         net23 (net)
                  0.21    0.00    3.64 v output23/A (sky130_fd_sc_hd__buf_2)
     1    0.03    0.17    0.39    4.03 v output23/X (sky130_fd_sc_hd__buf_2)
                                         out[3] (net)
                  0.17    0.00    4.03 v out[3] (out)
                                  4.03   data arrival time

                  0.00    0.00    0.00   clock __VIRTUAL_CLK__ (rise edge)
                          0.00    0.00   clock network delay (ideal)
                          0.25    0.25   clock uncertainty
                          0.00    0.25   clock reconvergence pessimism
                         -2.00   -1.75   output external delay
                                 -1.75   data required time
-----------------------------------------------------------------------------
                                 -1.75   data required time
                                 -4.03   data arrival time
-----------------------------------------------------------------------------
                                  5.78   slack (MET)


Startpoint: in1[1] (input port clocked by __VIRTUAL_CLK__)
Endpoint: out[1] (output port clocked by __VIRTUAL_CLK__)
Path Group: __VIRTUAL_CLK__
Path Type: min
Corner: Slowest

Fanout     Cap    Slew   Delay    Time   Description
-----------------------------------------------------------------------------
                  0.00    0.00    0.00   clock __VIRTUAL_CLK__ (rise edge)
                          0.00    0.00   clock network delay (ideal)
                          2.00    2.00 ^ input external delay
     1    0.00    0.03    0.02    2.02 ^ in1[1] (in)
                                         in1[1] (net)
                  0.03    0.00    2.02 ^ input2/A (sky130_fd_sc_hd__clkbuf_2)
     4    0.04    0.37    0.37    2.38 ^ input2/X (sky130_fd_sc_hd__clkbuf_2)
                                         net2 (net)
                  0.37    0.00    2.39 ^ _173_/A (sky130_fd_sc_hd__buf_4)
    10    0.08    0.37    0.53    2.91 ^ _173_/X (sky130_fd_sc_hd__buf_4)
                                         _101_ (net)
                  0.37    0.00    2.92 ^ _312_/A1 (sky130_fd_sc_hd__a31o_1)
     1    0.00    0.07    0.35    3.27 ^ _312_/X (sky130_fd_sc_hd__a31o_1)
                                         _066_ (net)
                  0.07    0.00    3.27 ^ _317_/B (sky130_fd_sc_hd__or4b_1)
     1    0.00    0.09    0.18    3.45 ^ _317_/X (sky130_fd_sc_hd__or4b_1)
                                         _071_ (net)
                  0.09    0.00    3.45 ^ _318_/A (sky130_fd_sc_hd__dlymetal6s2s_1)
     1    0.04    0.57    0.50    3.95 ^ _318_/X (sky130_fd_sc_hd__dlymetal6s2s_1)
                                         net21 (net)
                  0.57    0.01    3.96 ^ output21/A (sky130_fd_sc_hd__buf_2)
     1    0.03    0.27    0.52    4.48 ^ output21/X (sky130_fd_sc_hd__buf_2)
                                         out[1] (net)
                  0.27    0.00    4.48 ^ out[1] (out)
                                  4.48   data arrival time

                  0.00    0.00    0.00   clock __VIRTUAL_CLK__ (rise edge)
                          0.00    0.00   clock network delay (ideal)
                          0.25    0.25   clock uncertainty
                          0.00    0.25   clock reconvergence pessimism
                         -2.00   -1.75   output external delay
                                 -1.75   data required time
-----------------------------------------------------------------------------
                                 -1.75   data required time
                                 -4.48   data arrival time
-----------------------------------------------------------------------------
                                  6.23   slack (MET)



worst slack corner Slowest: 5.4589
======================= Typical Corner ===================================

Startpoint: in1[5] (input port clocked by __VIRTUAL_CLK__)
Endpoint: out[5] (output port clocked by __VIRTUAL_CLK__)
Path Group: __VIRTUAL_CLK__
Path Type: min
Corner: Typical

Fanout     Cap    Slew   Delay    Time   Description
-----------------------------------------------------------------------------
                  0.00    0.00    0.00   clock __VIRTUAL_CLK__ (rise edge)
                          0.00    0.00   clock network delay (ideal)
                          2.00    2.00 ^ input external delay
     1    0.00    0.02    0.01    2.01 ^ in1[5] (in)
                                         in1[5] (net)
                  0.02    0.00    2.01 ^ input6/A (sky130_fd_sc_hd__buf_2)
     6    0.05    0.26    0.23    2.24 ^ input6/X (sky130_fd_sc_hd__buf_2)
                                         net6 (net)
                  0.26    0.01    2.25 ^ _233_/A2 (sky130_fd_sc_hd__a311o_1)
     1    0.01    0.15    0.28    2.52 ^ _233_/X (sky130_fd_sc_hd__a311o_1)
                                         _161_ (net)
                  0.15    0.00    2.52 ^ _267_/B1 (sky130_fd_sc_hd__a211o_1)
     1    0.02    0.14    0.18    2.71 ^ _267_/X (sky130_fd_sc_hd__a211o_1)
                                         net25 (net)
                  0.14    0.00    2.71 ^ output25/A (sky130_fd_sc_hd__buf_2)
     1    0.03    0.17    0.22    2.93 ^ output25/X (sky130_fd_sc_hd__buf_2)
                                         out[5] (net)
                  0.17    0.00    2.93 ^ out[5] (out)
                                  2.93   data arrival time

                  0.00    0.00    0.00   clock __VIRTUAL_CLK__ (rise edge)
                          0.00    0.00   clock network delay (ideal)
                          0.25    0.25   clock uncertainty
                          0.00    0.25   clock reconvergence pessimism
                         -2.00   -1.75   output external delay
                                 -1.75   data required time
-----------------------------------------------------------------------------
                                 -1.75   data required time
                                 -2.93   data arrival time
-----------------------------------------------------------------------------
                                  4.68   slack (MET)


Startpoint: in2[4] (input port clocked by __VIRTUAL_CLK__)
Endpoint: out[4] (output port clocked by __VIRTUAL_CLK__)
Path Group: __VIRTUAL_CLK__
Path Type: min
Corner: Typical

Fanout     Cap    Slew   Delay    Time   Description
-----------------------------------------------------------------------------
                  0.00    0.00    0.00   clock __VIRTUAL_CLK__ (rise edge)
                          0.00    0.00   clock network delay (ideal)
                          2.00    2.00 ^ input external delay
     1    0.00    0.02    0.01    2.01 ^ in2[4] (in)
                                         in2[4] (net)
                  0.02    0.00    2.01 ^ input13/A (sky130_fd_sc_hd__clkbuf_4)
     6    0.07    0.21    0.23    2.24 ^ input13/X (sky130_fd_sc_hd__clkbuf_4)
                                         net13 (net)
                  0.21    0.00    2.24 ^ _341_/A1 (sky130_fd_sc_hd__a31o_1)
     1    0.02    0.16    0.25    2.49 ^ _341_/X (sky130_fd_sc_hd__a31o_1)
                                         _092_ (net)
                  0.16    0.00    2.49 ^ _346_/B (sky130_fd_sc_hd__or3_1)
     1    0.01    0.09    0.16    2.65 ^ _346_/X (sky130_fd_sc_hd__or3_1)
                                         _097_ (net)
                  0.09    0.00    2.65 ^ _347_/A (sky130_fd_sc_hd__clkbuf_1)
     1    0.00    0.06    0.10    2.75 ^ _347_/X (sky130_fd_sc_hd__clkbuf_1)
                                         net24 (net)
                  0.06    0.00    2.75 ^ output24/A (sky130_fd_sc_hd__buf_2)
     1    0.03    0.17    0.19    2.94 ^ output24/X (sky130_fd_sc_hd__buf_2)
                                         out[4] (net)
                  0.17    0.00    2.95 ^ out[4] (out)
                                  2.95   data arrival time

                  0.00    0.00    0.00   clock __VIRTUAL_CLK__ (rise edge)
                          0.00    0.00   clock network delay (ideal)
                          0.25    0.25   clock uncertainty
                          0.00    0.25   clock reconvergence pessimism
                         -2.00   -1.75   output external delay
                                 -1.75   data required time
-----------------------------------------------------------------------------
                                 -1.75   data required time
                                 -2.95   data arrival time
-----------------------------------------------------------------------------
                                  4.70   slack (MET)


Startpoint: op[2] (input port clocked by __VIRTUAL_CLK__)
Endpoint: out[7] (output port clocked by __VIRTUAL_CLK__)
Path Group: __VIRTUAL_CLK__
Path Type: min
Corner: Typical

Fanout     Cap    Slew   Delay    Time   Description
-----------------------------------------------------------------------------
                  0.00    0.00    0.00   clock __VIRTUAL_CLK__ (rise edge)
                          0.00    0.00   clock network delay (ideal)
                          2.00    2.00 v input external delay
     1    0.00    0.01    0.00    2.00 v op[2] (in)
                                         op[2] (net)
                  0.01    0.00    2.00 v input19/A (sky130_fd_sc_hd__clkbuf_4)
     6    0.06    0.13    0.19    2.20 v input19/X (sky130_fd_sc_hd__clkbuf_4)
                                         net19 (net)
                  0.13    0.00    2.20 v _265_/A (sky130_fd_sc_hd__and3_2)
     7    0.06    0.15    0.31    2.51 v _265_/X (sky130_fd_sc_hd__and3_2)
                                         _023_ (net)
                  0.15    0.00    2.51 v _302_/A1 (sky130_fd_sc_hd__a31o_4)
     1    0.04    0.08    0.29    2.80 v _302_/X (sky130_fd_sc_hd__a31o_4)
                                         net27 (net)
                  0.08    0.00    2.81 v output27/A (sky130_fd_sc_hd__buf_6)
     1    0.03    0.04    0.14    2.95 v output27/X (sky130_fd_sc_hd__buf_6)
                                         out[7] (net)
                  0.04    0.00    2.95 v out[7] (out)
                                  2.95   data arrival time

                  0.00    0.00    0.00   clock __VIRTUAL_CLK__ (rise edge)
                          0.00    0.00   clock network delay (ideal)
                          0.25    0.25   clock uncertainty
                          0.00    0.25   clock reconvergence pessimism
                         -2.00   -1.75   output external delay
                                 -1.75   data required time
-----------------------------------------------------------------------------
                                 -1.75   data required time
                                 -2.95   data arrival time
-----------------------------------------------------------------------------
                                  4.70   slack (MET)


Startpoint: in2[0] (input port clocked by __VIRTUAL_CLK__)
Endpoint: out[0] (output port clocked by __VIRTUAL_CLK__)
Path Group: __VIRTUAL_CLK__
Path Type: min
Corner: Typical

Fanout     Cap    Slew   Delay    Time   Description
-----------------------------------------------------------------------------
                  0.00    0.00    0.00   clock __VIRTUAL_CLK__ (rise edge)
                          0.00    0.00   clock network delay (ideal)
                          2.00    2.00 v input external delay
     1    0.00    0.01    0.00    2.00 v in2[0] (in)
                                         in2[0] (net)
                  0.01    0.00    2.00 v input9/A (sky130_fd_sc_hd__clkbuf_2)
     4    0.04    0.17    0.19    2.19 v input9/X (sky130_fd_sc_hd__clkbuf_2)
                                         net9 (net)
                  0.17    0.00    2.20 v _184_/A (sky130_fd_sc_hd__buf_4)
    10    0.09    0.11    0.26    2.45 v _184_/X (sky130_fd_sc_hd__buf_4)
                                         _112_ (net)
                  0.11    0.01    2.46 v _307_/A1 (sky130_fd_sc_hd__a31o_1)
     1    0.03    0.14    0.29    2.74 v _307_/X (sky130_fd_sc_hd__a31o_1)
                                         net20 (net)
                  0.14    0.00    2.75 v output20/A (sky130_fd_sc_hd__buf_2)
     1    0.03    0.09    0.21    2.96 v output20/X (sky130_fd_sc_hd__buf_2)
                                         out[0] (net)
                  0.09    0.00    2.96 v out[0] (out)
                                  2.96   data arrival time

                  0.00    0.00    0.00   clock __VIRTUAL_CLK__ (rise edge)
                          0.00    0.00   clock network delay (ideal)
                          0.25    0.25   clock uncertainty
                          0.00    0.25   clock reconvergence pessimism
                         -2.00   -1.75   output external delay
                                 -1.75   data required time
-----------------------------------------------------------------------------
                                 -1.75   data required time
                                 -2.96   data arrival time
-----------------------------------------------------------------------------
                                  4.71   slack (MET)


Startpoint: in1[6] (input port clocked by __VIRTUAL_CLK__)
Endpoint: out[6] (output port clocked by __VIRTUAL_CLK__)
Path Group: __VIRTUAL_CLK__
Path Type: min
Corner: Typical

Fanout     Cap    Slew   Delay    Time   Description
-----------------------------------------------------------------------------
                  0.00    0.00    0.00   clock __VIRTUAL_CLK__ (rise edge)
                          0.00    0.00   clock network delay (ideal)
                          2.00    2.00 v input external delay
     1    0.00    0.01    0.00    2.00 v in1[6] (in)
                                         in1[6] (net)
                  0.01    0.00    2.00 v input7/A (sky130_fd_sc_hd__buf_2)
     5    0.05    0.13    0.18    2.18 v input7/X (sky130_fd_sc_hd__buf_2)
                                         net7 (net)
                  0.13    0.01    2.19 v _289_/A1 (sky130_fd_sc_hd__o211ai_2)
     1    0.02    0.14    0.30    2.49 ^ _289_/Y (sky130_fd_sc_hd__o211ai_2)
                                         _046_ (net)
                  0.14    0.00    2.49 ^ _290_/B1 (sky130_fd_sc_hd__a31o_1)
     1    0.01    0.13    0.17    2.66 ^ _290_/X (sky130_fd_sc_hd__a31o_1)
                                         _047_ (net)
                  0.13    0.00    2.66 ^ _291_/B1 (sky130_fd_sc_hd__a21o_1)
     1    0.01    0.07    0.12    2.78 ^ _291_/X (sky130_fd_sc_hd__a21o_1)
                                         net26 (net)
                  0.07    0.00    2.78 ^ output26/A (sky130_fd_sc_hd__buf_2)
     1    0.03    0.17    0.20    2.98 ^ output26/X (sky130_fd_sc_hd__buf_2)
                                         out[6] (net)
                  0.17    0.00    2.98 ^ out[6] (out)
                                  2.98   data arrival time

                  0.00    0.00    0.00   clock __VIRTUAL_CLK__ (rise edge)
                          0.00    0.00   clock network delay (ideal)
                          0.25    0.25   clock uncertainty
                          0.00    0.25   clock reconvergence pessimism
                         -2.00   -1.75   output external delay
                                 -1.75   data required time
-----------------------------------------------------------------------------
                                 -1.75   data required time
                                 -2.98   data arrival time
-----------------------------------------------------------------------------
                                  4.73   slack (MET)


Startpoint: op[2] (input port clocked by __VIRTUAL_CLK__)
Endpoint: out[2] (output port clocked by __VIRTUAL_CLK__)
Path Group: __VIRTUAL_CLK__
Path Type: min
Corner: Typical

Fanout     Cap    Slew   Delay    Time   Description
-----------------------------------------------------------------------------
                  0.00    0.00    0.00   clock __VIRTUAL_CLK__ (rise edge)
                          0.00    0.00   clock network delay (ideal)
                          2.00    2.00 v input external delay
     1    0.00    0.01    0.00    2.00 v op[2] (in)
                                         op[2] (net)
                  0.01    0.00    2.00 v input19/A (sky130_fd_sc_hd__clkbuf_4)
     6    0.06    0.13    0.19    2.20 v input19/X (sky130_fd_sc_hd__clkbuf_4)
                                         net19 (net)
                  0.13    0.00    2.20 v _265_/A (sky130_fd_sc_hd__and3_2)
     7    0.06    0.15    0.31    2.51 v _265_/X (sky130_fd_sc_hd__and3_2)
                                         _023_ (net)
                  0.15    0.01    2.52 v _326_/A2 (sky130_fd_sc_hd__a31o_1)
     1    0.02    0.09    0.29    2.80 v _326_/X (sky130_fd_sc_hd__a31o_1)
                                         net22 (net)
                  0.09    0.00    2.80 v output22/A (sky130_fd_sc_hd__buf_2)
     1    0.03    0.09    0.19    2.99 v output22/X (sky130_fd_sc_hd__buf_2)
                                         out[2] (net)
                  0.09    0.00    3.00 v out[2] (out)
                                  3.00   data arrival time

                  0.00    0.00    0.00   clock __VIRTUAL_CLK__ (rise edge)
                          0.00    0.00   clock network delay (ideal)
                          0.25    0.25   clock uncertainty
                          0.00    0.25   clock reconvergence pessimism
                         -2.00   -1.75   output external delay
                                 -1.75   data required time
-----------------------------------------------------------------------------
                                 -1.75   data required time
                                 -3.00   data arrival time
-----------------------------------------------------------------------------
                                  4.75   slack (MET)


Startpoint: op[2] (input port clocked by __VIRTUAL_CLK__)
Endpoint: out[3] (output port clocked by __VIRTUAL_CLK__)
Path Group: __VIRTUAL_CLK__
Path Type: min
Corner: Typical

Fanout     Cap    Slew   Delay    Time   Description
-----------------------------------------------------------------------------
                  0.00    0.00    0.00   clock __VIRTUAL_CLK__ (rise edge)
                          0.00    0.00   clock network delay (ideal)
                          2.00    2.00 v input external delay
     1    0.00    0.01    0.00    2.00 v op[2] (in)
                                         op[2] (net)
                  0.01    0.00    2.00 v input19/A (sky130_fd_sc_hd__clkbuf_4)
     6    0.06    0.13    0.19    2.20 v input19/X (sky130_fd_sc_hd__clkbuf_4)
                                         net19 (net)
                  0.13    0.01    2.21 v _170_/A (sky130_fd_sc_hd__inv_2)
     2    0.04    0.18    0.18    2.39 ^ _170_/Y (sky130_fd_sc_hd__inv_2)
                                         _098_ (net)
                  0.18    0.00    2.39 ^ _172_/A (sky130_fd_sc_hd__nor2_4)
     8    0.06    0.09    0.12    2.51 v _172_/Y (sky130_fd_sc_hd__nor2_4)
                                         _100_ (net)
                  0.09    0.00    2.51 v _335_/B2 (sky130_fd_sc_hd__a221o_1)
     1    0.02    0.12    0.39    2.90 v _335_/X (sky130_fd_sc_hd__a221o_1)
                                         net23 (net)
                  0.12    0.00    2.90 v output23/A (sky130_fd_sc_hd__buf_2)
     1    0.03    0.09    0.20    3.10 v output23/X (sky130_fd_sc_hd__buf_2)
                                         out[3] (net)
                  0.09    0.00    3.10 v out[3] (out)
                                  3.10   data arrival time

                  0.00    0.00    0.00   clock __VIRTUAL_CLK__ (rise edge)
                          0.00    0.00   clock network delay (ideal)
                          0.25    0.25   clock uncertainty
                          0.00    0.25   clock reconvergence pessimism
                         -2.00   -1.75   output external delay
                                 -1.75   data required time
-----------------------------------------------------------------------------
                                 -1.75   data required time
                                 -3.10   data arrival time
-----------------------------------------------------------------------------
                                  4.85   slack (MET)


Startpoint: in1[1] (input port clocked by __VIRTUAL_CLK__)
Endpoint: out[1] (output port clocked by __VIRTUAL_CLK__)
Path Group: __VIRTUAL_CLK__
Path Type: min
Corner: Typical

Fanout     Cap    Slew   Delay    Time   Description
-----------------------------------------------------------------------------
                  0.00    0.00    0.00   clock __VIRTUAL_CLK__ (rise edge)
                          0.00    0.00   clock network delay (ideal)
                          2.00    2.00 ^ input external delay
     1    0.00    0.02    0.01    2.01 ^ in1[1] (in)
                                         in1[1] (net)
                  0.02    0.00    2.01 ^ input2/A (sky130_fd_sc_hd__clkbuf_2)
     4    0.04    0.24    0.22    2.23 ^ input2/X (sky130_fd_sc_hd__clkbuf_2)
                                         net2 (net)
                  0.24    0.00    2.23 ^ _173_/A (sky130_fd_sc_hd__buf_4)
    10    0.08    0.23    0.29    2.52 ^ _173_/X (sky130_fd_sc_hd__buf_4)
                                         _101_ (net)
                  0.23    0.00    2.52 ^ _312_/A1 (sky130_fd_sc_hd__a31o_1)
     1    0.00    0.04    0.16    2.68 ^ _312_/X (sky130_fd_sc_hd__a31o_1)
                                         _066_ (net)
                  0.04    0.00    2.68 ^ _317_/B (sky130_fd_sc_hd__or4b_1)
     1    0.00    0.05    0.10    2.79 ^ _317_/X (sky130_fd_sc_hd__or4b_1)
                                         _071_ (net)
                  0.05    0.00    2.79 ^ _318_/A (sky130_fd_sc_hd__dlymetal6s2s_1)
     1    0.04    0.37    0.30    3.09 ^ _318_/X (sky130_fd_sc_hd__dlymetal6s2s_1)
                                         net21 (net)
                  0.37    0.01    3.10 ^ output21/A (sky130_fd_sc_hd__buf_2)
     1    0.03    0.17    0.27    3.37 ^ output21/X (sky130_fd_sc_hd__buf_2)
                                         out[1] (net)
                  0.17    0.00    3.37 ^ out[1] (out)
                                  3.37   data arrival time

                  0.00    0.00    0.00   clock __VIRTUAL_CLK__ (rise edge)
                          0.00    0.00   clock network delay (ideal)
                          0.25    0.25   clock uncertainty
                          0.00    0.25   clock reconvergence pessimism
                         -2.00   -1.75   output external delay
                                 -1.75   data required time
-----------------------------------------------------------------------------
                                 -1.75   data required time
                                 -3.37   data arrival time
-----------------------------------------------------------------------------
                                  5.12   slack (MET)



worst slack corner Typical: 4.6782
