
===========================================================================
report_checks -path_delay max (Setup)
============================================================================
======================= Typical Corner ===================================

Startpoint: op[0] (input port clocked by __VIRTUAL_CLK__)
Endpoint: out[6] (output port clocked by __VIRTUAL_CLK__)
Path Group: __VIRTUAL_CLK__
Path Type: max

Fanout     Cap    Slew   Delay    Time   Description
-----------------------------------------------------------------------------
                  0.00    0.00    0.00   clock __VIRTUAL_CLK__ (rise edge)
                          0.00    0.00   clock network delay (ideal)
                          2.00    2.00 v input external delay
     1    0.00    0.01    0.01    2.01 v op[0] (in)
                                         op[0] (net)
                  0.01    0.00    2.01 v input17/A (sky130_fd_sc_hd__buf_2)
     5    0.01    0.05    0.13    2.14 v input17/X (sky130_fd_sc_hd__buf_2)
                                         net17 (net)
                  0.05    0.00    2.14 v _235_/A_N (sky130_fd_sc_hd__nand3b_4)
     5    0.02    0.10    0.20    2.34 v _235_/Y (sky130_fd_sc_hd__nand3b_4)
                                         _163_ (net)
                  0.10    0.00    2.34 v rebuffer3/A (sky130_fd_sc_hd__dlymetal6s2s_1)
     2    0.01    0.05    0.18    2.52 v rebuffer3/X (sky130_fd_sc_hd__dlymetal6s2s_1)
                                         net30 (net)
                  0.05    0.00    2.52 v rebuffer4/A (sky130_fd_sc_hd__clkbuf_2)
     4    0.02    0.08    0.16    2.68 v rebuffer4/X (sky130_fd_sc_hd__clkbuf_2)
                                         net31 (net)
                  0.08    0.00    2.68 v _240_/B (sky130_fd_sc_hd__and3_2)
     2    0.02    0.07    0.26    2.94 v _240_/X (sky130_fd_sc_hd__and3_2)
                                         _168_ (net)
                  0.07    0.00    2.94 v _241_/A2 (sky130_fd_sc_hd__o21ai_4)
     4    0.03    0.23    0.23    3.18 ^ _241_/Y (sky130_fd_sc_hd__o21ai_4)
                                         _169_ (net)
                  0.23    0.00    3.18 ^ _249_/A (sky130_fd_sc_hd__and2_4)
     2    0.01    0.05    0.21    3.39 ^ _249_/X (sky130_fd_sc_hd__and2_4)
                                         _007_ (net)
                  0.05    0.00    3.39 ^ _250_/B1 (sky130_fd_sc_hd__o21ai_4)
     3    0.01    0.06    0.07    3.46 v _250_/Y (sky130_fd_sc_hd__o21ai_4)
                                         _008_ (net)
                  0.06    0.00    3.46 v _257_/A1 (sky130_fd_sc_hd__a311o_4)
     5    0.02    0.08    0.36    3.82 v _257_/X (sky130_fd_sc_hd__a311o_4)
                                         _015_ (net)
                  0.08    0.00    3.82 v _276_/A3 (sky130_fd_sc_hd__a311oi_4)
     3    0.01    0.25    0.34    4.16 ^ _276_/Y (sky130_fd_sc_hd__a311oi_4)
                                         _033_ (net)
                  0.25    0.00    4.16 ^ _277_/A_N (sky130_fd_sc_hd__and2b_1)
     1    0.01    0.05    0.25    4.41 v _277_/X (sky130_fd_sc_hd__and2b_1)
                                         _034_ (net)
                  0.05    0.00    4.41 v _291_/A2 (sky130_fd_sc_hd__a21o_1)
     1    0.00    0.03    0.17    4.58 v _291_/X (sky130_fd_sc_hd__a21o_1)
                                         net26 (net)
                  0.03    0.00    4.58 v output26/A (sky130_fd_sc_hd__buf_2)
     1    0.03    0.09    0.18    4.76 v output26/X (sky130_fd_sc_hd__buf_2)
                                         out[6] (net)
                  0.09    0.00    4.76 v out[6] (out)
                                  4.76   data arrival time

                  0.00   10.00   10.00   clock __VIRTUAL_CLK__ (rise edge)
                          0.00   10.00   clock network delay (ideal)
                         -0.25    9.75   clock uncertainty
                          0.00    9.75   clock reconvergence pessimism
                         -2.00    7.75   output external delay
                                  7.75   data required time
-----------------------------------------------------------------------------
                                  7.75   data required time
                                 -4.76   data arrival time
-----------------------------------------------------------------------------
                                  2.99   slack (MET)


Startpoint: op[0] (input port clocked by __VIRTUAL_CLK__)
Endpoint: out[5] (output port clocked by __VIRTUAL_CLK__)
Path Group: __VIRTUAL_CLK__
Path Type: max

Fanout     Cap    Slew   Delay    Time   Description
-----------------------------------------------------------------------------
                  0.00    0.00    0.00   clock __VIRTUAL_CLK__ (rise edge)
                          0.00    0.00   clock network delay (ideal)
                          2.00    2.00 v input external delay
     1    0.00    0.01    0.01    2.01 v op[0] (in)
                                         op[0] (net)
                  0.01    0.00    2.01 v input17/A (sky130_fd_sc_hd__buf_2)
     5    0.01    0.05    0.13    2.14 v input17/X (sky130_fd_sc_hd__buf_2)
                                         net17 (net)
                  0.05    0.00    2.14 v _235_/A_N (sky130_fd_sc_hd__nand3b_4)
     5    0.02    0.10    0.20    2.34 v _235_/Y (sky130_fd_sc_hd__nand3b_4)
                                         _163_ (net)
                  0.10    0.00    2.34 v rebuffer3/A (sky130_fd_sc_hd__dlymetal6s2s_1)
     2    0.01    0.05    0.18    2.52 v rebuffer3/X (sky130_fd_sc_hd__dlymetal6s2s_1)
                                         net30 (net)
                  0.05    0.00    2.52 v rebuffer4/A (sky130_fd_sc_hd__clkbuf_2)
     4    0.02    0.08    0.16    2.68 v rebuffer4/X (sky130_fd_sc_hd__clkbuf_2)
                                         net31 (net)
                  0.08    0.00    2.68 v _240_/B (sky130_fd_sc_hd__and3_2)
     2    0.02    0.07    0.26    2.94 v _240_/X (sky130_fd_sc_hd__and3_2)
                                         _168_ (net)
                  0.07    0.00    2.94 v _241_/A2 (sky130_fd_sc_hd__o21ai_4)
     4    0.03    0.23    0.23    3.18 ^ _241_/Y (sky130_fd_sc_hd__o21ai_4)
                                         _169_ (net)
                  0.23    0.00    3.18 ^ _249_/A (sky130_fd_sc_hd__and2_4)
     2    0.01    0.05    0.21    3.39 ^ _249_/X (sky130_fd_sc_hd__and2_4)
                                         _007_ (net)
                  0.05    0.00    3.39 ^ _250_/B1 (sky130_fd_sc_hd__o21ai_4)
     3    0.01    0.06    0.07    3.46 v _250_/Y (sky130_fd_sc_hd__o21ai_4)
                                         _008_ (net)
                  0.06    0.00    3.46 v _257_/A1 (sky130_fd_sc_hd__a311o_4)
     5    0.02    0.08    0.36    3.82 v _257_/X (sky130_fd_sc_hd__a311o_4)
                                         _015_ (net)
                  0.08    0.00    3.82 v _263_/A2 (sky130_fd_sc_hd__a21o_1)
     1    0.01    0.05    0.22    4.04 v _263_/X (sky130_fd_sc_hd__a21o_1)
                                         _021_ (net)
                  0.05    0.00    4.04 v _266_/A (sky130_fd_sc_hd__and3_1)
     1    0.00    0.04    0.15    4.19 v _266_/X (sky130_fd_sc_hd__and3_1)
                                         _024_ (net)
                  0.04    0.00    4.19 v _267_/C1 (sky130_fd_sc_hd__a211o_1)
     1    0.01    0.08    0.27    4.46 v _267_/X (sky130_fd_sc_hd__a211o_1)
                                         net25 (net)
                  0.08    0.00    4.46 v output25/A (sky130_fd_sc_hd__buf_2)
     1    0.04    0.09    0.21    4.67 v output25/X (sky130_fd_sc_hd__buf_2)
                                         out[5] (net)
                  0.09    0.00    4.67 v out[5] (out)
                                  4.67   data arrival time

                  0.00   10.00   10.00   clock __VIRTUAL_CLK__ (rise edge)
                          0.00   10.00   clock network delay (ideal)
                         -0.25    9.75   clock uncertainty
                          0.00    9.75   clock reconvergence pessimism
                         -2.00    7.75   output external delay
                                  7.75   data required time
-----------------------------------------------------------------------------
                                  7.75   data required time
                                 -4.67   data arrival time
-----------------------------------------------------------------------------
                                  3.08   slack (MET)


Startpoint: op[0] (input port clocked by __VIRTUAL_CLK__)
Endpoint: out[4] (output port clocked by __VIRTUAL_CLK__)
Path Group: __VIRTUAL_CLK__
Path Type: max

Fanout     Cap    Slew   Delay    Time   Description
-----------------------------------------------------------------------------
                  0.00    0.00    0.00   clock __VIRTUAL_CLK__ (rise edge)
                          0.00    0.00   clock network delay (ideal)
                          2.00    2.00 v input external delay
     1    0.00    0.01    0.01    2.01 v op[0] (in)
                                         op[0] (net)
                  0.01    0.00    2.01 v input17/A (sky130_fd_sc_hd__buf_2)
     5    0.01    0.05    0.13    2.14 v input17/X (sky130_fd_sc_hd__buf_2)
                                         net17 (net)
                  0.05    0.00    2.14 v _235_/A_N (sky130_fd_sc_hd__nand3b_4)
     5    0.02    0.10    0.20    2.34 v _235_/Y (sky130_fd_sc_hd__nand3b_4)
                                         _163_ (net)
                  0.10    0.00    2.34 v rebuffer3/A (sky130_fd_sc_hd__dlymetal6s2s_1)
     2    0.01    0.05    0.18    2.52 v rebuffer3/X (sky130_fd_sc_hd__dlymetal6s2s_1)
                                         net30 (net)
                  0.05    0.00    2.52 v rebuffer4/A (sky130_fd_sc_hd__clkbuf_2)
     4    0.02    0.08    0.16    2.68 v rebuffer4/X (sky130_fd_sc_hd__clkbuf_2)
                                         net31 (net)
                  0.08    0.00    2.68 v _240_/B (sky130_fd_sc_hd__and3_2)
     2    0.02    0.07    0.26    2.94 v _240_/X (sky130_fd_sc_hd__and3_2)
                                         _168_ (net)
                  0.07    0.00    2.94 v _241_/A2 (sky130_fd_sc_hd__o21ai_4)
     4    0.03    0.23    0.23    3.18 ^ _241_/Y (sky130_fd_sc_hd__o21ai_4)
                                         _169_ (net)
                  0.23    0.00    3.18 ^ _249_/A (sky130_fd_sc_hd__and2_4)
     2    0.01    0.05    0.21    3.39 ^ _249_/X (sky130_fd_sc_hd__and2_4)
                                         _007_ (net)
                  0.05    0.00    3.39 ^ _250_/B1 (sky130_fd_sc_hd__o21ai_4)
     3    0.01    0.06    0.07    3.46 v _250_/Y (sky130_fd_sc_hd__o21ai_4)
                                         _008_ (net)
                  0.06    0.00    3.46 v _257_/A1 (sky130_fd_sc_hd__a311o_4)
     5    0.02    0.08    0.36    3.82 v _257_/X (sky130_fd_sc_hd__a311o_4)
                                         _015_ (net)
                  0.08    0.00    3.82 v _338_/A (sky130_fd_sc_hd__and3_1)
     1    0.00    0.03    0.15    3.97 v _338_/X (sky130_fd_sc_hd__and3_1)
                                         _089_ (net)
                  0.03    0.00    3.97 v _346_/A (sky130_fd_sc_hd__or3_1)
     1    0.01    0.08    0.40    4.37 v _346_/X (sky130_fd_sc_hd__or3_1)
                                         _097_ (net)
                  0.08    0.00    4.37 v _347_/A (sky130_fd_sc_hd__clkbuf_1)
     1    0.00    0.03    0.11    4.48 v _347_/X (sky130_fd_sc_hd__clkbuf_1)
                                         net24 (net)
                  0.03    0.00    4.48 v output24/A (sky130_fd_sc_hd__buf_2)
     1    0.03    0.09    0.18    4.66 v output24/X (sky130_fd_sc_hd__buf_2)
                                         out[4] (net)
                  0.09    0.00    4.66 v out[4] (out)
                                  4.66   data arrival time

                  0.00   10.00   10.00   clock __VIRTUAL_CLK__ (rise edge)
                          0.00   10.00   clock network delay (ideal)
                         -0.25    9.75   clock uncertainty
                          0.00    9.75   clock reconvergence pessimism
                         -2.00    7.75   output external delay
                                  7.75   data required time
-----------------------------------------------------------------------------
                                  7.75   data required time
                                 -4.66   data arrival time
-----------------------------------------------------------------------------
                                  3.09   slack (MET)


Startpoint: op[0] (input port clocked by __VIRTUAL_CLK__)
Endpoint: out[7] (output port clocked by __VIRTUAL_CLK__)
Path Group: __VIRTUAL_CLK__
Path Type: max

Fanout     Cap    Slew   Delay    Time   Description
-----------------------------------------------------------------------------
                  0.00    0.00    0.00   clock __VIRTUAL_CLK__ (rise edge)
                          0.00    0.00   clock network delay (ideal)
                          2.00    2.00 v input external delay
     1    0.00    0.01    0.01    2.01 v op[0] (in)
                                         op[0] (net)
                  0.01    0.00    2.01 v input17/A (sky130_fd_sc_hd__buf_2)
     5    0.01    0.05    0.13    2.14 v input17/X (sky130_fd_sc_hd__buf_2)
                                         net17 (net)
                  0.05    0.00    2.14 v _235_/A_N (sky130_fd_sc_hd__nand3b_4)
     5    0.02    0.10    0.20    2.34 v _235_/Y (sky130_fd_sc_hd__nand3b_4)
                                         _163_ (net)
                  0.10    0.00    2.34 v rebuffer3/A (sky130_fd_sc_hd__dlymetal6s2s_1)
     2    0.01    0.05    0.18    2.52 v rebuffer3/X (sky130_fd_sc_hd__dlymetal6s2s_1)
                                         net30 (net)
                  0.05    0.00    2.52 v rebuffer4/A (sky130_fd_sc_hd__clkbuf_2)
     4    0.02    0.08    0.16    2.68 v rebuffer4/X (sky130_fd_sc_hd__clkbuf_2)
                                         net31 (net)
                  0.08    0.00    2.68 v _240_/B (sky130_fd_sc_hd__and3_2)
     2    0.02    0.07    0.26    2.94 v _240_/X (sky130_fd_sc_hd__and3_2)
                                         _168_ (net)
                  0.07    0.00    2.94 v _248_/C (sky130_fd_sc_hd__or3_1)
     1    0.00    0.08    0.34    3.29 v _248_/X (sky130_fd_sc_hd__or3_1)
                                         _006_ (net)
                  0.08    0.00    3.29 v _249_/B (sky130_fd_sc_hd__and2_4)
     2    0.01    0.04    0.18    3.47 v _249_/X (sky130_fd_sc_hd__and2_4)
                                         _007_ (net)
                  0.04    0.00    3.47 v _250_/B1 (sky130_fd_sc_hd__o21ai_4)
     3    0.02    0.16    0.08    3.55 ^ _250_/Y (sky130_fd_sc_hd__o21ai_4)
                                         _008_ (net)
                  0.16    0.00    3.55 ^ _257_/A1 (sky130_fd_sc_hd__a311o_4)
     5    0.02    0.09    0.26    3.80 ^ _257_/X (sky130_fd_sc_hd__a311o_4)
                                         _015_ (net)
                  0.09    0.00    3.80 ^ _276_/A3 (sky130_fd_sc_hd__a311oi_4)
     3    0.01    0.09    0.11    3.91 v _276_/Y (sky130_fd_sc_hd__a311oi_4)
                                         _033_ (net)
                  0.09    0.00    3.91 v _296_/C (sky130_fd_sc_hd__or3_4)
     1    0.00    0.07    0.35    4.26 v _296_/X (sky130_fd_sc_hd__or3_4)
                                         _052_ (net)
                  0.07    0.00    4.26 v _302_/A3 (sky130_fd_sc_hd__a31o_4)
     1    0.00    0.04    0.25    4.52 v _302_/X (sky130_fd_sc_hd__a31o_4)
                                         net27 (net)
                  0.04    0.00    4.52 v output27/A (sky130_fd_sc_hd__buf_6)
     1    0.04    0.05    0.14    4.66 v output27/X (sky130_fd_sc_hd__buf_6)
                                         out[7] (net)
                  0.05    0.00    4.66 v out[7] (out)
                                  4.66   data arrival time

                  0.00   10.00   10.00   clock __VIRTUAL_CLK__ (rise edge)
                          0.00   10.00   clock network delay (ideal)
                         -0.25    9.75   clock uncertainty
                          0.00    9.75   clock reconvergence pessimism
                         -2.00    7.75   output external delay
                                  7.75   data required time
-----------------------------------------------------------------------------
                                  7.75   data required time
                                 -4.66   data arrival time
-----------------------------------------------------------------------------
                                  3.09   slack (MET)


Startpoint: op[0] (input port clocked by __VIRTUAL_CLK__)
Endpoint: out[3] (output port clocked by __VIRTUAL_CLK__)
Path Group: __VIRTUAL_CLK__
Path Type: max

Fanout     Cap    Slew   Delay    Time   Description
-----------------------------------------------------------------------------
                  0.00    0.00    0.00   clock __VIRTUAL_CLK__ (rise edge)
                          0.00    0.00   clock network delay (ideal)
                          2.00    2.00 v input external delay
     1    0.00    0.01    0.01    2.01 v op[0] (in)
                                         op[0] (net)
                  0.01    0.00    2.01 v input17/A (sky130_fd_sc_hd__buf_2)
     5    0.01    0.05    0.13    2.14 v input17/X (sky130_fd_sc_hd__buf_2)
                                         net17 (net)
                  0.05    0.00    2.14 v _235_/A_N (sky130_fd_sc_hd__nand3b_4)
     5    0.02    0.10    0.20    2.34 v _235_/Y (sky130_fd_sc_hd__nand3b_4)
                                         _163_ (net)
                  0.10    0.00    2.34 v rebuffer3/A (sky130_fd_sc_hd__dlymetal6s2s_1)
     2    0.01    0.05    0.18    2.52 v rebuffer3/X (sky130_fd_sc_hd__dlymetal6s2s_1)
                                         net30 (net)
                  0.05    0.00    2.52 v rebuffer4/A (sky130_fd_sc_hd__clkbuf_2)
     4    0.02    0.08    0.16    2.68 v rebuffer4/X (sky130_fd_sc_hd__clkbuf_2)
                                         net31 (net)
                  0.08    0.00    2.68 v _240_/B (sky130_fd_sc_hd__and3_2)
     2    0.02    0.07    0.26    2.94 v _240_/X (sky130_fd_sc_hd__and3_2)
                                         _168_ (net)
                  0.07    0.00    2.94 v _248_/C (sky130_fd_sc_hd__or3_1)
     1    0.00    0.08    0.34    3.29 v _248_/X (sky130_fd_sc_hd__or3_1)
                                         _006_ (net)
                  0.08    0.00    3.29 v _249_/B (sky130_fd_sc_hd__and2_4)
     2    0.01    0.04    0.18    3.47 v _249_/X (sky130_fd_sc_hd__and2_4)
                                         _007_ (net)
                  0.04    0.00    3.47 v _250_/B1 (sky130_fd_sc_hd__o21ai_4)
     3    0.02    0.16    0.08    3.55 ^ _250_/Y (sky130_fd_sc_hd__o21ai_4)
                                         _008_ (net)
                  0.16    0.00    3.55 ^ rebuffer1/A (sky130_fd_sc_hd__dlygate4sd1_1)
     2    0.00    0.05    0.24    3.78 ^ rebuffer1/X (sky130_fd_sc_hd__dlygate4sd1_1)
                                         net28 (net)
                  0.05    0.00    3.78 ^ _328_/B (sky130_fd_sc_hd__nand2_1)
     1    0.01    0.11    0.09    3.88 v _328_/Y (sky130_fd_sc_hd__nand2_1)
                                         _080_ (net)
                  0.11    0.00    3.88 v _329_/B (sky130_fd_sc_hd__xnor2_2)
     1    0.01    0.07    0.18    4.06 v _329_/Y (sky130_fd_sc_hd__xnor2_2)
                                         _081_ (net)
                  0.07    0.00    4.06 v _335_/A2 (sky130_fd_sc_hd__a221o_1)
     1    0.01    0.06    0.38    4.44 v _335_/X (sky130_fd_sc_hd__a221o_1)
                                         net23 (net)
                  0.06    0.00    4.44 v output23/A (sky130_fd_sc_hd__buf_2)
     1    0.03    0.09    0.20    4.63 v output23/X (sky130_fd_sc_hd__buf_2)
                                         out[3] (net)
                  0.09    0.00    4.63 v out[3] (out)
                                  4.63   data arrival time

                  0.00   10.00   10.00   clock __VIRTUAL_CLK__ (rise edge)
                          0.00   10.00   clock network delay (ideal)
                         -0.25    9.75   clock uncertainty
                          0.00    9.75   clock reconvergence pessimism
                         -2.00    7.75   output external delay
                                  7.75   data required time
-----------------------------------------------------------------------------
                                  7.75   data required time
                                 -4.63   data arrival time
-----------------------------------------------------------------------------
                                  3.12   slack (MET)


Startpoint: op[0] (input port clocked by __VIRTUAL_CLK__)
Endpoint: out[2] (output port clocked by __VIRTUAL_CLK__)
Path Group: __VIRTUAL_CLK__
Path Type: max

Fanout     Cap    Slew   Delay    Time   Description
-----------------------------------------------------------------------------
                  0.00    0.00    0.00   clock __VIRTUAL_CLK__ (rise edge)
                          0.00    0.00   clock network delay (ideal)
                          2.00    2.00 v input external delay
     1    0.00    0.01    0.01    2.01 v op[0] (in)
                                         op[0] (net)
                  0.01    0.00    2.01 v input17/A (sky130_fd_sc_hd__buf_2)
     5    0.01    0.05    0.13    2.14 v input17/X (sky130_fd_sc_hd__buf_2)
                                         net17 (net)
                  0.05    0.00    2.14 v _235_/A_N (sky130_fd_sc_hd__nand3b_4)
     5    0.02    0.10    0.20    2.34 v _235_/Y (sky130_fd_sc_hd__nand3b_4)
                                         _163_ (net)
                  0.10    0.00    2.34 v rebuffer3/A (sky130_fd_sc_hd__dlymetal6s2s_1)
     2    0.01    0.05    0.18    2.52 v rebuffer3/X (sky130_fd_sc_hd__dlymetal6s2s_1)
                                         net30 (net)
                  0.05    0.00    2.52 v rebuffer4/A (sky130_fd_sc_hd__clkbuf_2)
     4    0.02    0.08    0.16    2.68 v rebuffer4/X (sky130_fd_sc_hd__clkbuf_2)
                                         net31 (net)
                  0.08    0.00    2.68 v _240_/B (sky130_fd_sc_hd__and3_2)
     2    0.02    0.07    0.26    2.94 v _240_/X (sky130_fd_sc_hd__and3_2)
                                         _168_ (net)
                  0.07    0.00    2.94 v _248_/C (sky130_fd_sc_hd__or3_1)
     1    0.00    0.08    0.34    3.29 v _248_/X (sky130_fd_sc_hd__or3_1)
                                         _006_ (net)
                  0.08    0.00    3.29 v _249_/B (sky130_fd_sc_hd__and2_4)
     2    0.01    0.04    0.18    3.47 v _249_/X (sky130_fd_sc_hd__and2_4)
                                         _007_ (net)
                  0.04    0.00    3.47 v _319_/A (sky130_fd_sc_hd__or3_2)
     1    0.00    0.07    0.48    3.95 v _319_/X (sky130_fd_sc_hd__or3_2)
                                         _072_ (net)
                  0.07    0.00    3.95 v _326_/A3 (sky130_fd_sc_hd__a31o_1)
     1    0.01    0.06    0.26    4.21 v _326_/X (sky130_fd_sc_hd__a31o_1)
                                         net22 (net)
                  0.06    0.00    4.21 v output22/A (sky130_fd_sc_hd__buf_2)
     1    0.03    0.09    0.20    4.41 v output22/X (sky130_fd_sc_hd__buf_2)
                                         out[2] (net)
                  0.09    0.00    4.41 v out[2] (out)
                                  4.41   data arrival time

                  0.00   10.00   10.00   clock __VIRTUAL_CLK__ (rise edge)
                          0.00   10.00   clock network delay (ideal)
                         -0.25    9.75   clock uncertainty
                          0.00    9.75   clock reconvergence pessimism
                         -2.00    7.75   output external delay
                                  7.75   data required time
-----------------------------------------------------------------------------
                                  7.75   data required time
                                 -4.41   data arrival time
-----------------------------------------------------------------------------
                                  3.34   slack (MET)


Startpoint: op[0] (input port clocked by __VIRTUAL_CLK__)
Endpoint: out[1] (output port clocked by __VIRTUAL_CLK__)
Path Group: __VIRTUAL_CLK__
Path Type: max

Fanout     Cap    Slew   Delay    Time   Description
-----------------------------------------------------------------------------
                  0.00    0.00    0.00   clock __VIRTUAL_CLK__ (rise edge)
                          0.00    0.00   clock network delay (ideal)
                          2.00    2.00 v input external delay
     1    0.00    0.01    0.01    2.01 v op[0] (in)
                                         op[0] (net)
                  0.01    0.00    2.01 v input17/A (sky130_fd_sc_hd__buf_2)
     5    0.01    0.05    0.13    2.14 v input17/X (sky130_fd_sc_hd__buf_2)
                                         net17 (net)
                  0.05    0.00    2.14 v _235_/A_N (sky130_fd_sc_hd__nand3b_4)
     5    0.02    0.10    0.20    2.34 v _235_/Y (sky130_fd_sc_hd__nand3b_4)
                                         _163_ (net)
                  0.10    0.00    2.34 v rebuffer3/A (sky130_fd_sc_hd__dlymetal6s2s_1)
     2    0.01    0.05    0.18    2.52 v rebuffer3/X (sky130_fd_sc_hd__dlymetal6s2s_1)
                                         net30 (net)
                  0.05    0.00    2.52 v _243_/A2 (sky130_fd_sc_hd__a21oi_1)
     2    0.01    0.25    0.26    2.78 ^ _243_/Y (sky130_fd_sc_hd__a21oi_1)
                                         _001_ (net)
                  0.25    0.00    2.78 ^ _244_/A2 (sky130_fd_sc_hd__o21a_2)
     4    0.01    0.09    0.21    2.99 ^ _244_/X (sky130_fd_sc_hd__o21a_2)
                                         _002_ (net)
                  0.09    0.00    2.99 ^ _247_/A_N (sky130_fd_sc_hd__and3b_2)
     3    0.02    0.08    0.27    3.26 v _247_/X (sky130_fd_sc_hd__and3b_2)
                                         _005_ (net)
                  0.08    0.00    3.26 v _316_/A (sky130_fd_sc_hd__or3b_1)
     1    0.01    0.08    0.42    3.68 v _316_/X (sky130_fd_sc_hd__or3b_1)
                                         _070_ (net)
                  0.08    0.00    3.68 v _317_/D_N (sky130_fd_sc_hd__or4b_1)
     1    0.00    0.05    0.19    3.87 ^ _317_/X (sky130_fd_sc_hd__or4b_1)
                                         _071_ (net)
                  0.05    0.00    3.87 ^ _318_/A (sky130_fd_sc_hd__dlymetal6s2s_1)
     1    0.02    0.18    0.20    4.07 ^ _318_/X (sky130_fd_sc_hd__dlymetal6s2s_1)
                                         net21 (net)
                  0.18    0.00    4.07 ^ output21/A (sky130_fd_sc_hd__buf_2)
     1    0.03    0.17    0.25    4.32 ^ output21/X (sky130_fd_sc_hd__buf_2)
                                         out[1] (net)
                  0.17    0.00    4.32 ^ out[1] (out)
                                  4.32   data arrival time

                  0.00   10.00   10.00   clock __VIRTUAL_CLK__ (rise edge)
                          0.00   10.00   clock network delay (ideal)
                         -0.25    9.75   clock uncertainty
                          0.00    9.75   clock reconvergence pessimism
                         -2.00    7.75   output external delay
                                  7.75   data required time
-----------------------------------------------------------------------------
                                  7.75   data required time
                                 -4.32   data arrival time
-----------------------------------------------------------------------------
                                  3.43   slack (MET)


Startpoint: op[1] (input port clocked by __VIRTUAL_CLK__)
Endpoint: out[0] (output port clocked by __VIRTUAL_CLK__)
Path Group: __VIRTUAL_CLK__
Path Type: max

Fanout     Cap    Slew   Delay    Time   Description
-----------------------------------------------------------------------------
                  0.00    0.00    0.00   clock __VIRTUAL_CLK__ (rise edge)
                          0.00    0.00   clock network delay (ideal)
                          2.00    2.00 v input external delay
     1    0.00    0.01    0.01    2.01 v op[1] (in)
                                         op[1] (net)
                  0.01    0.00    2.01 v input18/A (sky130_fd_sc_hd__clkbuf_4)
     6    0.03    0.07    0.16    2.17 v input18/X (sky130_fd_sc_hd__clkbuf_4)
                                         net18 (net)
                  0.07    0.00    2.17 v _171_/B (sky130_fd_sc_hd__or2_2)
     4    0.02    0.10    0.36    2.53 v _171_/X (sky130_fd_sc_hd__or2_2)
                                         _099_ (net)
                  0.10    0.00    2.53 v _224_/B (sky130_fd_sc_hd__or2_1)
     1    0.00    0.05    0.24    2.77 v _224_/X (sky130_fd_sc_hd__or2_1)
                                         _152_ (net)
                  0.05    0.00    2.77 v _225_/A (sky130_fd_sc_hd__clkbuf_4)
     8    0.02    0.06    0.18    2.94 v _225_/X (sky130_fd_sc_hd__clkbuf_4)
                                         _153_ (net)
                  0.06    0.00    2.94 v _306_/A2 (sky130_fd_sc_hd__o21ai_2)
     1    0.00    0.08    0.11    3.05 ^ _306_/Y (sky130_fd_sc_hd__o21ai_2)
                                         _061_ (net)
                  0.08    0.00    3.05 ^ _307_/B1 (sky130_fd_sc_hd__a31o_1)
     1    0.01    0.11    0.16    3.21 ^ _307_/X (sky130_fd_sc_hd__a31o_1)
                                         net20 (net)
                  0.11    0.00    3.21 ^ output20/A (sky130_fd_sc_hd__buf_2)
     1    0.03    0.17    0.23    3.44 ^ output20/X (sky130_fd_sc_hd__buf_2)
                                         out[0] (net)
                  0.17    0.00    3.44 ^ out[0] (out)
                                  3.44   data arrival time

                  0.00   10.00   10.00   clock __VIRTUAL_CLK__ (rise edge)
                          0.00   10.00   clock network delay (ideal)
                         -0.25    9.75   clock uncertainty
                          0.00    9.75   clock reconvergence pessimism
                         -2.00    7.75   output external delay
                                  7.75   data required time
-----------------------------------------------------------------------------
                                  7.75   data required time
                                 -3.44   data arrival time
-----------------------------------------------------------------------------
                                  4.31   slack (MET)



worst slack corner Typical: 2.9862
