
===========================================================================
report_checks -path_delay max (Setup)
============================================================================
======================= Typical Corner ===================================

Startpoint: op[0] (input port clocked by __VIRTUAL_CLK__)
Endpoint: out[6] (output port clocked by __VIRTUAL_CLK__)
Path Group: __VIRTUAL_CLK__
Path Type: max

Fanout     Cap    Slew   Delay    Time   Description
-----------------------------------------------------------------------------
                  0.00    0.00    0.00   clock __VIRTUAL_CLK__ (rise edge)
                          0.00    0.00   clock network delay (ideal)
                          2.00    2.00 v input external delay
     1    0.00    0.01    0.00    2.00 v op[0] (in)
                                         op[0] (net)
                  0.01    0.00    2.00 v input17/A (sky130_fd_sc_hd__buf_2)
     5    0.01    0.05    0.13    2.13 v input17/X (sky130_fd_sc_hd__buf_2)
                                         net17 (net)
                  0.05    0.00    2.13 v _235_/A_N (sky130_fd_sc_hd__nand3b_4)
     5    0.01    0.07    0.17    2.31 v _235_/Y (sky130_fd_sc_hd__nand3b_4)
                                         _163_ (net)
                  0.07    0.00    2.31 v rebuffer3/A (sky130_fd_sc_hd__dlymetal6s2s_1)
     2    0.00    0.05    0.16    2.47 v rebuffer3/X (sky130_fd_sc_hd__dlymetal6s2s_1)
                                         net30 (net)
                  0.05    0.00    2.47 v rebuffer4/A (sky130_fd_sc_hd__clkbuf_2)
     4    0.01    0.05    0.13    2.60 v rebuffer4/X (sky130_fd_sc_hd__clkbuf_2)
                                         net31 (net)
                  0.05    0.00    2.60 v _236_/B1 (sky130_fd_sc_hd__o31a_2)
     3    0.01    0.08    0.15    2.75 v _236_/X (sky130_fd_sc_hd__o31a_2)
                                         _164_ (net)
                  0.08    0.00    2.75 v _268_/A3 (sky130_fd_sc_hd__o31a_4)
     2    0.01    0.06    0.31    3.06 v _268_/X (sky130_fd_sc_hd__o31a_4)
                                         _025_ (net)
                  0.06    0.00    3.06 v _269_/B (sky130_fd_sc_hd__xnor2_2)
     2    0.00    0.05    0.14    3.20 v _269_/Y (sky130_fd_sc_hd__xnor2_2)
                                         _026_ (net)
                  0.05    0.00    3.20 v _270_/B (sky130_fd_sc_hd__and2_4)
     3    0.01    0.04    0.17    3.37 v _270_/X (sky130_fd_sc_hd__and2_4)
                                         _027_ (net)
                  0.04    0.00    3.37 v _272_/A (sky130_fd_sc_hd__or2_4)
     2    0.01    0.06    0.27    3.63 v _272_/X (sky130_fd_sc_hd__or2_4)
                                         _029_ (net)
                  0.06    0.00    3.63 v _276_/B1 (sky130_fd_sc_hd__a311oi_4)
     3    0.01    0.25    0.30    3.94 ^ _276_/Y (sky130_fd_sc_hd__a311oi_4)
                                         _033_ (net)
                  0.25    0.00    3.94 ^ _277_/A_N (sky130_fd_sc_hd__and2b_1)
     1    0.00    0.03    0.22    4.16 v _277_/X (sky130_fd_sc_hd__and2b_1)
                                         _034_ (net)
                  0.03    0.00    4.16 v _291_/A2 (sky130_fd_sc_hd__a21o_1)
     1    0.00    0.03    0.17    4.32 v _291_/X (sky130_fd_sc_hd__a21o_1)
                                         net26 (net)
                  0.03    0.00    4.32 v output26/A (sky130_fd_sc_hd__buf_2)
     1    0.03    0.09    0.18    4.50 v output26/X (sky130_fd_sc_hd__buf_2)
                                         out[6] (net)
                  0.09    0.00    4.50 v out[6] (out)
                                  4.50   data arrival time

                  0.00   10.00   10.00   clock __VIRTUAL_CLK__ (rise edge)
                          0.00   10.00   clock network delay (ideal)
                         -0.25    9.75   clock uncertainty
                          0.00    9.75   clock reconvergence pessimism
                         -2.00    7.75   output external delay
                                  7.75   data required time
-----------------------------------------------------------------------------
                                  7.75   data required time
                                 -4.50   data arrival time
-----------------------------------------------------------------------------
                                  3.25   slack (MET)


Startpoint: op[0] (input port clocked by __VIRTUAL_CLK__)
Endpoint: out[7] (output port clocked by __VIRTUAL_CLK__)
Path Group: __VIRTUAL_CLK__
Path Type: max

Fanout     Cap    Slew   Delay    Time   Description
-----------------------------------------------------------------------------
                  0.00    0.00    0.00   clock __VIRTUAL_CLK__ (rise edge)
                          0.00    0.00   clock network delay (ideal)
                          2.00    2.00 v input external delay
     1    0.00    0.01    0.00    2.00 v op[0] (in)
                                         op[0] (net)
                  0.01    0.00    2.00 v input17/A (sky130_fd_sc_hd__buf_2)
     5    0.01    0.05    0.13    2.13 v input17/X (sky130_fd_sc_hd__buf_2)
                                         net17 (net)
                  0.05    0.00    2.13 v _235_/A_N (sky130_fd_sc_hd__nand3b_4)
     5    0.01    0.07    0.17    2.31 v _235_/Y (sky130_fd_sc_hd__nand3b_4)
                                         _163_ (net)
                  0.07    0.00    2.31 v rebuffer3/A (sky130_fd_sc_hd__dlymetal6s2s_1)
     2    0.00    0.05    0.16    2.47 v rebuffer3/X (sky130_fd_sc_hd__dlymetal6s2s_1)
                                         net30 (net)
                  0.05    0.00    2.47 v rebuffer4/A (sky130_fd_sc_hd__clkbuf_2)
     4    0.01    0.05    0.13    2.60 v rebuffer4/X (sky130_fd_sc_hd__clkbuf_2)
                                         net31 (net)
                  0.05    0.00    2.60 v _240_/B (sky130_fd_sc_hd__and3_4)
     2    0.01    0.04    0.18    2.78 v _240_/X (sky130_fd_sc_hd__and3_4)
                                         _168_ (net)
                  0.04    0.00    2.78 v _248_/C (sky130_fd_sc_hd__or3_1)
     1    0.00    0.06    0.31    3.09 v _248_/X (sky130_fd_sc_hd__or3_1)
                                         _006_ (net)
                  0.06    0.00    3.09 v _249_/B (sky130_fd_sc_hd__and2_4)
     2    0.01    0.04    0.18    3.27 v _249_/X (sky130_fd_sc_hd__and2_4)
                                         _007_ (net)
                  0.04    0.00    3.27 v _250_/B1 (sky130_fd_sc_hd__o21ai_4)
     3    0.01    0.12    0.06    3.33 ^ _250_/Y (sky130_fd_sc_hd__o21ai_4)
                                         _008_ (net)
                  0.12    0.00    3.33 ^ _257_/A1 (sky130_fd_sc_hd__a311o_4)
     5    0.02    0.09    0.24    3.57 ^ _257_/X (sky130_fd_sc_hd__a311o_4)
                                         _015_ (net)
                  0.09    0.00    3.57 ^ _276_/A3 (sky130_fd_sc_hd__a311oi_4)
     3    0.01    0.09    0.11    3.68 v _276_/Y (sky130_fd_sc_hd__a311oi_4)
                                         _033_ (net)
                  0.09    0.00    3.68 v _296_/C (sky130_fd_sc_hd__or3_4)
     1    0.00    0.07    0.35    4.04 v _296_/X (sky130_fd_sc_hd__or3_4)
                                         _052_ (net)
                  0.07    0.00    4.04 v _302_/A3 (sky130_fd_sc_hd__a31o_4)
     1    0.00    0.04    0.25    4.29 v _302_/X (sky130_fd_sc_hd__a31o_4)
                                         net27 (net)
                  0.04    0.00    4.29 v output27/A (sky130_fd_sc_hd__buf_6)
     1    0.03    0.04    0.14    4.43 v output27/X (sky130_fd_sc_hd__buf_6)
                                         out[7] (net)
                  0.04    0.00    4.43 v out[7] (out)
                                  4.43   data arrival time

                  0.00   10.00   10.00   clock __VIRTUAL_CLK__ (rise edge)
                          0.00   10.00   clock network delay (ideal)
                         -0.25    9.75   clock uncertainty
                          0.00    9.75   clock reconvergence pessimism
                         -2.00    7.75   output external delay
                                  7.75   data required time
-----------------------------------------------------------------------------
                                  7.75   data required time
                                 -4.43   data arrival time
-----------------------------------------------------------------------------
                                  3.32   slack (MET)


Startpoint: in1[3] (input port clocked by __VIRTUAL_CLK__)
Endpoint: out[4] (output port clocked by __VIRTUAL_CLK__)
Path Group: __VIRTUAL_CLK__
Path Type: max

Fanout     Cap    Slew   Delay    Time   Description
-----------------------------------------------------------------------------
                  0.00    0.00    0.00   clock __VIRTUAL_CLK__ (rise edge)
                          0.00    0.00   clock network delay (ideal)
                          2.00    2.00 v input external delay
     1    0.00    0.01    0.00    2.00 v in1[3] (in)
                                         in1[3] (net)
                  0.01    0.00    2.00 v input4/A (sky130_fd_sc_hd__buf_2)
     4    0.01    0.05    0.13    2.14 v input4/X (sky130_fd_sc_hd__buf_2)
                                         net4 (net)
                  0.05    0.00    2.14 v _186_/D (sky130_fd_sc_hd__and4_2)
     3    0.01    0.06    0.26    2.40 v _186_/X (sky130_fd_sc_hd__and4_2)
                                         _114_ (net)
                  0.06    0.00    2.40 v _192_/A (sky130_fd_sc_hd__or3_4)
     2    0.00    0.06    0.40    2.79 v _192_/X (sky130_fd_sc_hd__or3_4)
                                         _120_ (net)
                  0.06    0.00    2.79 v _197_/A1 (sky130_fd_sc_hd__a21o_1)
     2    0.00    0.04    0.17    2.97 v _197_/X (sky130_fd_sc_hd__a21o_1)
                                         _125_ (net)
                  0.04    0.00    2.97 v _199_/A3 (sky130_fd_sc_hd__a31o_2)
     2    0.01    0.06    0.28    3.25 v _199_/X (sky130_fd_sc_hd__a31o_2)
                                         _127_ (net)
                  0.06    0.00    3.25 v _201_/B (sky130_fd_sc_hd__xor2_2)
     2    0.01    0.08    0.17    3.42 v _201_/X (sky130_fd_sc_hd__xor2_2)
                                         _129_ (net)
                  0.08    0.00    3.42 v _342_/B1 (sky130_fd_sc_hd__a21o_1)
     1    0.00    0.03    0.16    3.58 v _342_/X (sky130_fd_sc_hd__a21o_1)
                                         _093_ (net)
                  0.03    0.00    3.58 v _345_/A3 (sky130_fd_sc_hd__a31o_1)
     1    0.00    0.03    0.20    3.78 v _345_/X (sky130_fd_sc_hd__a31o_1)
                                         _096_ (net)
                  0.03    0.00    3.78 v _346_/C (sky130_fd_sc_hd__or3_1)
     1    0.00    0.06    0.30    4.09 v _346_/X (sky130_fd_sc_hd__or3_1)
                                         _097_ (net)
                  0.06    0.00    4.09 v _347_/A (sky130_fd_sc_hd__clkbuf_1)
     1    0.00    0.02    0.09    4.18 v _347_/X (sky130_fd_sc_hd__clkbuf_1)
                                         net24 (net)
                  0.02    0.00    4.18 v output24/A (sky130_fd_sc_hd__buf_2)
     1    0.03    0.09    0.18    4.36 v output24/X (sky130_fd_sc_hd__buf_2)
                                         out[4] (net)
                  0.09    0.00    4.36 v out[4] (out)
                                  4.36   data arrival time

                  0.00   10.00   10.00   clock __VIRTUAL_CLK__ (rise edge)
                          0.00   10.00   clock network delay (ideal)
                         -0.25    9.75   clock uncertainty
                          0.00    9.75   clock reconvergence pessimism
                         -2.00    7.75   output external delay
                                  7.75   data required time
-----------------------------------------------------------------------------
                                  7.75   data required time
                                 -4.36   data arrival time
-----------------------------------------------------------------------------
                                  3.39   slack (MET)


Startpoint: op[0] (input port clocked by __VIRTUAL_CLK__)
Endpoint: out[3] (output port clocked by __VIRTUAL_CLK__)
Path Group: __VIRTUAL_CLK__
Path Type: max

Fanout     Cap    Slew   Delay    Time   Description
-----------------------------------------------------------------------------
                  0.00    0.00    0.00   clock __VIRTUAL_CLK__ (rise edge)
                          0.00    0.00   clock network delay (ideal)
                          2.00    2.00 v input external delay
     1    0.00    0.01    0.00    2.00 v op[0] (in)
                                         op[0] (net)
                  0.01    0.00    2.00 v input17/A (sky130_fd_sc_hd__buf_2)
     5    0.01    0.05    0.13    2.13 v input17/X (sky130_fd_sc_hd__buf_2)
                                         net17 (net)
                  0.05    0.00    2.13 v _235_/A_N (sky130_fd_sc_hd__nand3b_4)
     5    0.01    0.07    0.17    2.31 v _235_/Y (sky130_fd_sc_hd__nand3b_4)
                                         _163_ (net)
                  0.07    0.00    2.31 v rebuffer3/A (sky130_fd_sc_hd__dlymetal6s2s_1)
     2    0.00    0.05    0.16    2.47 v rebuffer3/X (sky130_fd_sc_hd__dlymetal6s2s_1)
                                         net30 (net)
                  0.05    0.00    2.47 v rebuffer4/A (sky130_fd_sc_hd__clkbuf_2)
     4    0.01    0.05    0.13    2.60 v rebuffer4/X (sky130_fd_sc_hd__clkbuf_2)
                                         net31 (net)
                  0.05    0.00    2.60 v _240_/B (sky130_fd_sc_hd__and3_4)
     2    0.01    0.04    0.18    2.78 v _240_/X (sky130_fd_sc_hd__and3_4)
                                         _168_ (net)
                  0.04    0.00    2.78 v _248_/C (sky130_fd_sc_hd__or3_1)
     1    0.00    0.06    0.31    3.09 v _248_/X (sky130_fd_sc_hd__or3_1)
                                         _006_ (net)
                  0.06    0.00    3.09 v _249_/B (sky130_fd_sc_hd__and2_4)
     2    0.01    0.04    0.18    3.27 v _249_/X (sky130_fd_sc_hd__and2_4)
                                         _007_ (net)
                  0.04    0.00    3.27 v _250_/B1 (sky130_fd_sc_hd__o21ai_4)
     3    0.01    0.12    0.06    3.33 ^ _250_/Y (sky130_fd_sc_hd__o21ai_4)
                                         _008_ (net)
                  0.12    0.00    3.33 ^ rebuffer1/A (sky130_fd_sc_hd__dlygate4sd1_1)
     2    0.00    0.05    0.23    3.56 ^ rebuffer1/X (sky130_fd_sc_hd__dlygate4sd1_1)
                                         net28 (net)
                  0.05    0.00    3.56 ^ _328_/B (sky130_fd_sc_hd__nand2_1)
     1    0.01    0.08    0.08    3.64 v _328_/Y (sky130_fd_sc_hd__nand2_1)
                                         _080_ (net)
                  0.08    0.00    3.64 v _329_/B (sky130_fd_sc_hd__xnor2_2)
     1    0.00    0.04    0.14    3.78 v _329_/Y (sky130_fd_sc_hd__xnor2_2)
                                         _081_ (net)
                  0.04    0.00    3.78 v _335_/A2 (sky130_fd_sc_hd__a221o_1)
     1    0.00    0.05    0.34    4.12 v _335_/X (sky130_fd_sc_hd__a221o_1)
                                         net23 (net)
                  0.05    0.00    4.12 v output23/A (sky130_fd_sc_hd__buf_2)
     1    0.03    0.09    0.19    4.31 v output23/X (sky130_fd_sc_hd__buf_2)
                                         out[3] (net)
                  0.09    0.00    4.31 v out[3] (out)
                                  4.31   data arrival time

                  0.00   10.00   10.00   clock __VIRTUAL_CLK__ (rise edge)
                          0.00   10.00   clock network delay (ideal)
                         -0.25    9.75   clock uncertainty
                          0.00    9.75   clock reconvergence pessimism
                         -2.00    7.75   output external delay
                                  7.75   data required time
-----------------------------------------------------------------------------
                                  7.75   data required time
                                 -4.31   data arrival time
-----------------------------------------------------------------------------
                                  3.44   slack (MET)


Startpoint: op[0] (input port clocked by __VIRTUAL_CLK__)
Endpoint: out[5] (output port clocked by __VIRTUAL_CLK__)
Path Group: __VIRTUAL_CLK__
Path Type: max

Fanout     Cap    Slew   Delay    Time   Description
-----------------------------------------------------------------------------
                  0.00    0.00    0.00   clock __VIRTUAL_CLK__ (rise edge)
                          0.00    0.00   clock network delay (ideal)
                          2.00    2.00 v input external delay
     1    0.00    0.01    0.00    2.00 v op[0] (in)
                                         op[0] (net)
                  0.01    0.00    2.00 v input17/A (sky130_fd_sc_hd__buf_2)
     5    0.01    0.05    0.13    2.13 v input17/X (sky130_fd_sc_hd__buf_2)
                                         net17 (net)
                  0.05    0.00    2.13 v _235_/A_N (sky130_fd_sc_hd__nand3b_4)
     5    0.01    0.07    0.17    2.31 v _235_/Y (sky130_fd_sc_hd__nand3b_4)
                                         _163_ (net)
                  0.07    0.00    2.31 v rebuffer3/A (sky130_fd_sc_hd__dlymetal6s2s_1)
     2    0.00    0.05    0.16    2.47 v rebuffer3/X (sky130_fd_sc_hd__dlymetal6s2s_1)
                                         net30 (net)
                  0.05    0.00    2.47 v rebuffer4/A (sky130_fd_sc_hd__clkbuf_2)
     4    0.01    0.05    0.13    2.60 v rebuffer4/X (sky130_fd_sc_hd__clkbuf_2)
                                         net31 (net)
                  0.05    0.00    2.60 v _240_/B (sky130_fd_sc_hd__and3_4)
     2    0.01    0.04    0.18    2.78 v _240_/X (sky130_fd_sc_hd__and3_4)
                                         _168_ (net)
                  0.04    0.00    2.78 v _241_/A2 (sky130_fd_sc_hd__o21ai_4)
     4    0.01    0.14    0.15    2.93 ^ _241_/Y (sky130_fd_sc_hd__o21ai_4)
                                         _169_ (net)
                  0.14    0.00    2.93 ^ _249_/A (sky130_fd_sc_hd__and2_4)
     2    0.01    0.05    0.18    3.12 ^ _249_/X (sky130_fd_sc_hd__and2_4)
                                         _007_ (net)
                  0.05    0.00    3.12 ^ _250_/B1 (sky130_fd_sc_hd__o21ai_4)
     3    0.01    0.04    0.06    3.17 v _250_/Y (sky130_fd_sc_hd__o21ai_4)
                                         _008_ (net)
                  0.04    0.00    3.17 v _257_/A1 (sky130_fd_sc_hd__a311o_4)
     5    0.02    0.08    0.36    3.53 v _257_/X (sky130_fd_sc_hd__a311o_4)
                                         _015_ (net)
                  0.08    0.00    3.53 v _263_/A2 (sky130_fd_sc_hd__a21o_1)
     1    0.00    0.03    0.18    3.71 v _263_/X (sky130_fd_sc_hd__a21o_1)
                                         _021_ (net)
                  0.03    0.00    3.71 v _266_/A (sky130_fd_sc_hd__and3_1)
     1    0.00    0.03    0.13    3.85 v _266_/X (sky130_fd_sc_hd__and3_1)
                                         _024_ (net)
                  0.03    0.00    3.85 v _267_/C1 (sky130_fd_sc_hd__a211o_1)
     1    0.00    0.04    0.22    4.06 v _267_/X (sky130_fd_sc_hd__a211o_1)
                                         net25 (net)
                  0.04    0.00    4.06 v output25/A (sky130_fd_sc_hd__buf_2)
     1    0.03    0.09    0.19    4.25 v output25/X (sky130_fd_sc_hd__buf_2)
                                         out[5] (net)
                  0.09    0.00    4.25 v out[5] (out)
                                  4.25   data arrival time

                  0.00   10.00   10.00   clock __VIRTUAL_CLK__ (rise edge)
                          0.00   10.00   clock network delay (ideal)
                         -0.25    9.75   clock uncertainty
                          0.00    9.75   clock reconvergence pessimism
                         -2.00    7.75   output external delay
                                  7.75   data required time
-----------------------------------------------------------------------------
                                  7.75   data required time
                                 -4.25   data arrival time
-----------------------------------------------------------------------------
                                  3.50   slack (MET)


Startpoint: op[0] (input port clocked by __VIRTUAL_CLK__)
Endpoint: out[2] (output port clocked by __VIRTUAL_CLK__)
Path Group: __VIRTUAL_CLK__
Path Type: max

Fanout     Cap    Slew   Delay    Time   Description
-----------------------------------------------------------------------------
                  0.00    0.00    0.00   clock __VIRTUAL_CLK__ (rise edge)
                          0.00    0.00   clock network delay (ideal)
                          2.00    2.00 v input external delay
     1    0.00    0.01    0.00    2.00 v op[0] (in)
                                         op[0] (net)
                  0.01    0.00    2.00 v input17/A (sky130_fd_sc_hd__buf_2)
     5    0.01    0.05    0.13    2.13 v input17/X (sky130_fd_sc_hd__buf_2)
                                         net17 (net)
                  0.05    0.00    2.13 v _235_/A_N (sky130_fd_sc_hd__nand3b_4)
     5    0.01    0.07    0.17    2.31 v _235_/Y (sky130_fd_sc_hd__nand3b_4)
                                         _163_ (net)
                  0.07    0.00    2.31 v rebuffer3/A (sky130_fd_sc_hd__dlymetal6s2s_1)
     2    0.00    0.05    0.16    2.47 v rebuffer3/X (sky130_fd_sc_hd__dlymetal6s2s_1)
                                         net30 (net)
                  0.05    0.00    2.47 v rebuffer4/A (sky130_fd_sc_hd__clkbuf_2)
     4    0.01    0.05    0.13    2.60 v rebuffer4/X (sky130_fd_sc_hd__clkbuf_2)
                                         net31 (net)
                  0.05    0.00    2.60 v _240_/B (sky130_fd_sc_hd__and3_4)
     2    0.01    0.04    0.18    2.78 v _240_/X (sky130_fd_sc_hd__and3_4)
                                         _168_ (net)
                  0.04    0.00    2.78 v _248_/C (sky130_fd_sc_hd__or3_1)
     1    0.00    0.06    0.31    3.09 v _248_/X (sky130_fd_sc_hd__or3_1)
                                         _006_ (net)
                  0.06    0.00    3.09 v _249_/B (sky130_fd_sc_hd__and2_4)
     2    0.01    0.04    0.18    3.27 v _249_/X (sky130_fd_sc_hd__and2_4)
                                         _007_ (net)
                  0.04    0.00    3.27 v _319_/A (sky130_fd_sc_hd__or3_2)
     1    0.00    0.07    0.48    3.75 v _319_/X (sky130_fd_sc_hd__or3_2)
                                         _072_ (net)
                  0.07    0.00    3.75 v _326_/A3 (sky130_fd_sc_hd__a31o_1)
     1    0.00    0.03    0.22    3.97 v _326_/X (sky130_fd_sc_hd__a31o_1)
                                         net22 (net)
                  0.03    0.00    3.97 v output22/A (sky130_fd_sc_hd__buf_2)
     1    0.03    0.09    0.18    4.16 v output22/X (sky130_fd_sc_hd__buf_2)
                                         out[2] (net)
                  0.09    0.00    4.16 v out[2] (out)
                                  4.16   data arrival time

                  0.00   10.00   10.00   clock __VIRTUAL_CLK__ (rise edge)
                          0.00   10.00   clock network delay (ideal)
                         -0.25    9.75   clock uncertainty
                          0.00    9.75   clock reconvergence pessimism
                         -2.00    7.75   output external delay
                                  7.75   data required time
-----------------------------------------------------------------------------
                                  7.75   data required time
                                 -4.16   data arrival time
-----------------------------------------------------------------------------
                                  3.59   slack (MET)


Startpoint: op[0] (input port clocked by __VIRTUAL_CLK__)
Endpoint: out[1] (output port clocked by __VIRTUAL_CLK__)
Path Group: __VIRTUAL_CLK__
Path Type: max

Fanout     Cap    Slew   Delay    Time   Description
-----------------------------------------------------------------------------
                  0.00    0.00    0.00   clock __VIRTUAL_CLK__ (rise edge)
                          0.00    0.00   clock network delay (ideal)
                          2.00    2.00 v input external delay
     1    0.00    0.01    0.00    2.00 v op[0] (in)
                                         op[0] (net)
                  0.01    0.00    2.00 v input17/A (sky130_fd_sc_hd__buf_2)
     5    0.01    0.05    0.13    2.13 v input17/X (sky130_fd_sc_hd__buf_2)
                                         net17 (net)
                  0.05    0.00    2.13 v _235_/A_N (sky130_fd_sc_hd__nand3b_4)
     5    0.01    0.07    0.17    2.31 v _235_/Y (sky130_fd_sc_hd__nand3b_4)
                                         _163_ (net)
                  0.07    0.00    2.31 v rebuffer3/A (sky130_fd_sc_hd__dlymetal6s2s_1)
     2    0.00    0.05    0.16    2.47 v rebuffer3/X (sky130_fd_sc_hd__dlymetal6s2s_1)
                                         net30 (net)
                  0.05    0.00    2.47 v _243_/A2 (sky130_fd_sc_hd__a21oi_1)
     2    0.01    0.15    0.18    2.64 ^ _243_/Y (sky130_fd_sc_hd__a21oi_1)
                                         _001_ (net)
                  0.15    0.00    2.64 ^ _244_/A2 (sky130_fd_sc_hd__o21a_2)
     4    0.01    0.09    0.19    2.83 ^ _244_/X (sky130_fd_sc_hd__o21a_2)
                                         _002_ (net)
                  0.09    0.00    2.83 ^ _314_/A_N (sky130_fd_sc_hd__and2b_1)
     1    0.00    0.03    0.19    3.02 v _314_/X (sky130_fd_sc_hd__and2b_1)
                                         _068_ (net)
                  0.03    0.00    3.02 v _315_/A (sky130_fd_sc_hd__nor2_1)
     1    0.00    0.06    0.08    3.10 ^ _315_/Y (sky130_fd_sc_hd__nor2_1)
                                         _069_ (net)
                  0.06    0.00    3.10 ^ _316_/B (sky130_fd_sc_hd__or3b_1)
     1    0.00    0.03    0.09    3.19 ^ _316_/X (sky130_fd_sc_hd__or3b_1)
                                         _070_ (net)
                  0.03    0.00    3.19 ^ _317_/D_N (sky130_fd_sc_hd__or4b_1)
     1    0.00    0.07    0.42    3.62 v _317_/X (sky130_fd_sc_hd__or4b_1)
                                         _071_ (net)
                  0.07    0.00    3.62 v _318_/A (sky130_fd_sc_hd__dlymetal6s2s_1)
     1    0.00    0.03    0.15    3.76 v _318_/X (sky130_fd_sc_hd__dlymetal6s2s_1)
                                         net21 (net)
                  0.03    0.00    3.76 v output21/A (sky130_fd_sc_hd__buf_2)
     1    0.03    0.09    0.18    3.95 v output21/X (sky130_fd_sc_hd__buf_2)
                                         out[1] (net)
                  0.09    0.00    3.95 v out[1] (out)
                                  3.95   data arrival time

                  0.00   10.00   10.00   clock __VIRTUAL_CLK__ (rise edge)
                          0.00   10.00   clock network delay (ideal)
                         -0.25    9.75   clock uncertainty
                          0.00    9.75   clock reconvergence pessimism
                         -2.00    7.75   output external delay
                                  7.75   data required time
-----------------------------------------------------------------------------
                                  7.75   data required time
                                 -3.95   data arrival time
-----------------------------------------------------------------------------
                                  3.80   slack (MET)


Startpoint: op[1] (input port clocked by __VIRTUAL_CLK__)
Endpoint: out[0] (output port clocked by __VIRTUAL_CLK__)
Path Group: __VIRTUAL_CLK__
Path Type: max

Fanout     Cap    Slew   Delay    Time   Description
-----------------------------------------------------------------------------
                  0.00    0.00    0.00   clock __VIRTUAL_CLK__ (rise edge)
                          0.00    0.00   clock network delay (ideal)
                          2.00    2.00 v input external delay
     1    0.00    0.01    0.00    2.00 v op[1] (in)
                                         op[1] (net)
                  0.01    0.00    2.00 v input18/A (sky130_fd_sc_hd__clkbuf_4)
     6    0.03    0.07    0.16    2.16 v input18/X (sky130_fd_sc_hd__clkbuf_4)
                                         net18 (net)
                  0.07    0.00    2.16 v _171_/B (sky130_fd_sc_hd__or2_2)
     4    0.02    0.09    0.34    2.51 v _171_/X (sky130_fd_sc_hd__or2_2)
                                         _099_ (net)
                  0.09    0.00    2.51 v _224_/B (sky130_fd_sc_hd__or2_1)
     1    0.00    0.04    0.22    2.73 v _224_/X (sky130_fd_sc_hd__or2_1)
                                         _152_ (net)
                  0.04    0.00    2.73 v _225_/A (sky130_fd_sc_hd__clkbuf_4)
     8    0.02    0.06    0.17    2.90 v _225_/X (sky130_fd_sc_hd__clkbuf_4)
                                         _153_ (net)
                  0.06    0.00    2.90 v _306_/A2 (sky130_fd_sc_hd__o21ai_2)
     1    0.00    0.08    0.11    3.01 ^ _306_/Y (sky130_fd_sc_hd__o21ai_2)
                                         _061_ (net)
                  0.08    0.00    3.01 ^ _307_/B1 (sky130_fd_sc_hd__a31o_1)
     1    0.00    0.04    0.10    3.10 ^ _307_/X (sky130_fd_sc_hd__a31o_1)
                                         net20 (net)
                  0.04    0.00    3.10 ^ output20/A (sky130_fd_sc_hd__buf_2)
     1    0.03    0.17    0.20    3.30 ^ output20/X (sky130_fd_sc_hd__buf_2)
                                         out[0] (net)
                  0.17    0.00    3.30 ^ out[0] (out)
                                  3.30   data arrival time

                  0.00   10.00   10.00   clock __VIRTUAL_CLK__ (rise edge)
                          0.00   10.00   clock network delay (ideal)
                         -0.25    9.75   clock uncertainty
                          0.00    9.75   clock reconvergence pessimism
                         -2.00    7.75   output external delay
                                  7.75   data required time
-----------------------------------------------------------------------------
                                  7.75   data required time
                                 -3.30   data arrival time
-----------------------------------------------------------------------------
                                  4.45   slack (MET)



worst slack corner Typical: 3.2463
