
===========================================================================
 report_power
============================================================================
======================= Fastest Corner ===================================

Group                  Internal  Switching    Leakage      Total
                          Power      Power      Power      Power (Watts)
----------------------------------------------------------------
Sequential             1.37e-04   0.00e+00   3.06e-08   1.37e-04  42.7%
Combinational          2.32e-06   1.01e-05   7.15e-10   1.24e-05   3.9%
Clock                  1.14e-04   5.68e-05   1.03e-09   1.71e-04  53.4%
Macro                  0.00e+00   0.00e+00   0.00e+00   0.00e+00   0.0%
Pad                    0.00e+00   0.00e+00   0.00e+00   0.00e+00   0.0%
----------------------------------------------------------------
Total                  2.54e-04   6.69e-05   3.23e-08   3.21e-04 100.0%
                          79.1%      20.9%       0.0%

======================= Slowest Corner ===================================

Group                  Internal  Switching    Leakage      Total
                          Power      Power      Power      Power (Watts)
----------------------------------------------------------------
Sequential             9.06e-05   0.00e+00   5.48e-07   9.11e-05  41.7%
Combinational          1.57e-06   6.67e-06   5.86e-07   8.83e-06   4.0%
Clock                  8.15e-05   3.68e-05   1.15e-07   1.18e-04  54.2%
Macro                  0.00e+00   0.00e+00   0.00e+00   0.00e+00   0.0%
Pad                    0.00e+00   0.00e+00   0.00e+00   0.00e+00   0.0%
----------------------------------------------------------------
Total                  1.74e-04   4.35e-05   1.25e-06   2.18e-04 100.0%
                          79.5%      19.9%       0.6%

======================= Typical Corner ===================================

Group                  Internal  Switching    Leakage      Total
                          Power      Power      Power      Power (Watts)
----------------------------------------------------------------
Sequential             1.18e-04   0.00e+00   3.04e-08   1.18e-04  42.7%
Combinational          1.92e-06   8.60e-06   5.25e-10   1.05e-05   3.8%
Clock                  1.00e-04   4.75e-05   7.39e-10   1.48e-04  53.5%
Macro                  0.00e+00   0.00e+00   0.00e+00   0.00e+00   0.0%
Pad                    0.00e+00   0.00e+00   0.00e+00   0.00e+00   0.0%
----------------------------------------------------------------
Total                  2.20e-04   5.61e-05   3.16e-08   2.76e-04 100.0%
                          79.6%      20.4%       0.0%

