
===========================================================================
report_checks -unconstrained
===========================================================================
======================= Fastest Corner ===================================

Startpoint: BTNC (input port clocked by CLK100MHZ)
Endpoint: _248_ (recovery check against rising-edge clock CLK100MHZ)
Path Group: asynchronous
Path Type: max
Corner: Fastest

Fanout     Cap    Slew   Delay    Time   Description
-----------------------------------------------------------------------------
                          0.00    0.00   clock CLK100MHZ (rise edge)
                          0.00    0.00   clock network delay (propagated)
                          2.00    2.00 v input external delay
     2    0.02    0.03    0.02    2.02 v BTNC (in)
                                         BTNC (net)
                  0.03    0.00    2.02 v _214_/A (sky130_fd_sc_hd__buf_4)
    10    0.07    0.06    0.14    2.16 v _214_/X (sky130_fd_sc_hd__buf_4)
                                         _112_ (net)
                  0.06    0.00    2.16 v _215_/A (sky130_fd_sc_hd__buf_4)
    10    0.07    0.07    0.16    2.32 v _215_/X (sky130_fd_sc_hd__buf_4)
                                         _113_ (net)
                  0.07    0.00    2.32 v _218_/A (sky130_fd_sc_hd__inv_2)
     1    0.02    0.06    0.08    2.40 ^ _218_/Y (sky130_fd_sc_hd__inv_2)
                                         _027_ (net)
                  0.06    0.00    2.40 ^ _248_/RESET_B (sky130_fd_sc_hd__dfrtp_4)
                                  2.40   data arrival time

                         10.00   10.00   clock CLK100MHZ (rise edge)
                          0.00   10.00   clock source latency
     1    0.02    0.06    0.04   10.04 ^ CLK100MHZ (in)
                                         CLK100MHZ (net)
                  0.06    0.00   10.04 ^ clkbuf_0_CLK100MHZ/A (sky130_fd_sc_hd__clkbuf_16)
     4    0.04    0.05    0.10   10.14 ^ clkbuf_0_CLK100MHZ/X (sky130_fd_sc_hd__clkbuf_16)
                                         clknet_0_CLK100MHZ (net)
                  0.05    0.00   10.14 ^ clkbuf_2_0__f_CLK100MHZ/A (sky130_fd_sc_hd__clkbuf_16)
     8    0.03    0.04    0.09   10.23 ^ clkbuf_2_0__f_CLK100MHZ/X (sky130_fd_sc_hd__clkbuf_16)
                                         clknet_2_0__leaf_CLK100MHZ (net)
                  0.04    0.00   10.23 ^ _248_/CLK (sky130_fd_sc_hd__dfrtp_4)
                         -0.25    9.98   clock uncertainty
                          0.00    9.98   clock reconvergence pessimism
                          0.12   10.11   library recovery time
                                 10.11   data required time
-----------------------------------------------------------------------------
                                 10.11   data required time
                                 -2.40   data arrival time
-----------------------------------------------------------------------------
                                  7.71   slack (MET)


Startpoint: _249_ (rising edge-triggered flip-flop clocked by CLK100MHZ)
Endpoint: seg[0] (output port clocked by CLK100MHZ)
Path Group: CLK100MHZ
Path Type: max
Corner: Fastest

Fanout     Cap    Slew   Delay    Time   Description
-----------------------------------------------------------------------------
                          0.00    0.00   clock CLK100MHZ (rise edge)
                          0.00    0.00   clock source latency
     1    0.02    0.06    0.05    0.05 ^ CLK100MHZ (in)
                                         CLK100MHZ (net)
                  0.06    0.00    0.05 ^ clkbuf_0_CLK100MHZ/A (sky130_fd_sc_hd__clkbuf_16)
     4    0.04    0.05    0.11    0.16 ^ clkbuf_0_CLK100MHZ/X (sky130_fd_sc_hd__clkbuf_16)
                                         clknet_0_CLK100MHZ (net)
                  0.05    0.00    0.16 ^ clkbuf_2_3__f_CLK100MHZ/A (sky130_fd_sc_hd__clkbuf_16)
     8    0.03    0.04    0.10    0.26 ^ clkbuf_2_3__f_CLK100MHZ/X (sky130_fd_sc_hd__clkbuf_16)
                                         clknet_2_3__leaf_CLK100MHZ (net)
                  0.04    0.00    0.26 ^ _249_/CLK (sky130_fd_sc_hd__dfrtp_4)
     6    0.04    0.08    0.35    0.61 v _249_/Q (sky130_fd_sc_hd__dfrtp_4)
                                         decoder.count[3] (net)
                  0.08    0.00    0.61 v _155_/A (sky130_fd_sc_hd__nor2_2)
     4    0.03    0.26    0.25    0.86 ^ _155_/Y (sky130_fd_sc_hd__nor2_2)
                                         _079_ (net)
                  0.26    0.00    0.86 ^ _156_/B (sky130_fd_sc_hd__nand2_1)
     2    0.02    0.12    0.13    0.99 v _156_/Y (sky130_fd_sc_hd__nand2_1)
                                         _080_ (net)
                  0.12    0.00    0.99 v _157_/B (sky130_fd_sc_hd__nor2_1)
     2    0.01    0.20    0.20    1.19 ^ _157_/Y (sky130_fd_sc_hd__nor2_1)
                                         _081_ (net)
                  0.20    0.00    1.20 ^ _158_/C1 (sky130_fd_sc_hd__a2111o_1)
     2    0.02    0.11    0.14    1.33 ^ _158_/X (sky130_fd_sc_hd__a2111o_1)
                                         net4 (net)
                  0.11    0.00    1.33 ^ _279_/A (sky130_fd_sc_hd__buf_1)
     1    0.01    0.10    0.11    1.45 ^ _279_/X (sky130_fd_sc_hd__buf_1)
                                         net1 (net)
                  0.10    0.00    1.45 ^ output1/A (sky130_fd_sc_hd__buf_1)
     1    0.03    0.30    0.26    1.70 ^ output1/X (sky130_fd_sc_hd__buf_1)
                                         seg[0] (net)
                  0.30    0.00    1.70 ^ seg[0] (out)
                                  1.70   data arrival time

                         10.00   10.00   clock CLK100MHZ (rise edge)
                          0.00   10.00   clock network delay (propagated)
                         -0.25    9.75   clock uncertainty
                          0.00    9.75   clock reconvergence pessimism
                         -2.00    7.75   output external delay
                                  7.75   data required time
-----------------------------------------------------------------------------
                                  7.75   data required time
                                 -1.70   data arrival time
-----------------------------------------------------------------------------
                                  6.05   slack (MET)



======================= Slowest Corner ===================================

Startpoint: BTNC (input port clocked by CLK100MHZ)
Endpoint: _252_ (recovery check against rising-edge clock CLK100MHZ)
Path Group: asynchronous
Path Type: max
Corner: Slowest

Fanout     Cap    Slew   Delay    Time   Description
-----------------------------------------------------------------------------
                          0.00    0.00   clock CLK100MHZ (rise edge)
                          0.00    0.00   clock network delay (propagated)
                          2.00    2.00 v input external delay
     2    0.02    0.08    0.06    2.06 v BTNC (in)
                                         BTNC (net)
                  0.08    0.00    2.06 v _214_/A (sky130_fd_sc_hd__buf_4)
    10    0.07    0.17    0.38    2.44 v _214_/X (sky130_fd_sc_hd__buf_4)
                                         _112_ (net)
                  0.17    0.00    2.45 v _215_/A (sky130_fd_sc_hd__buf_4)
    10    0.07    0.17    0.43    2.87 v _215_/X (sky130_fd_sc_hd__buf_4)
                                         _113_ (net)
                  0.17    0.00    2.88 v _222_/A (sky130_fd_sc_hd__inv_2)
     1    0.02    0.13    0.19    3.07 ^ _222_/Y (sky130_fd_sc_hd__inv_2)
                                         _031_ (net)
                  0.13    0.00    3.07 ^ _252_/RESET_B (sky130_fd_sc_hd__dfrtp_2)
                                  3.07   data arrival time

                         10.00   10.00   clock CLK100MHZ (rise edge)
                          0.00   10.00   clock source latency
     1    0.02    0.13    0.09   10.09 ^ CLK100MHZ (in)
                                         CLK100MHZ (net)
                  0.13    0.00   10.09 ^ clkbuf_0_CLK100MHZ/A (sky130_fd_sc_hd__clkbuf_16)
     4    0.04    0.10    0.27   10.35 ^ clkbuf_0_CLK100MHZ/X (sky130_fd_sc_hd__clkbuf_16)
                                         clknet_0_CLK100MHZ (net)
                  0.10    0.00   10.36 ^ clkbuf_2_2__f_CLK100MHZ/A (sky130_fd_sc_hd__clkbuf_16)
     8    0.03    0.08    0.23   10.59 ^ clkbuf_2_2__f_CLK100MHZ/X (sky130_fd_sc_hd__clkbuf_16)
                                         clknet_2_2__leaf_CLK100MHZ (net)
                  0.08    0.00   10.59 ^ _252_/CLK (sky130_fd_sc_hd__dfrtp_2)
                         -0.25   10.34   clock uncertainty
                          0.00   10.34   clock reconvergence pessimism
                          0.42   10.76   library recovery time
                                 10.76   data required time
-----------------------------------------------------------------------------
                                 10.76   data required time
                                 -3.07   data arrival time
-----------------------------------------------------------------------------
                                  7.69   slack (MET)


Startpoint: _249_ (rising edge-triggered flip-flop clocked by CLK100MHZ)
Endpoint: seg[0] (output port clocked by CLK100MHZ)
Path Group: CLK100MHZ
Path Type: max
Corner: Slowest

Fanout     Cap    Slew   Delay    Time   Description
-----------------------------------------------------------------------------
                          0.00    0.00   clock CLK100MHZ (rise edge)
                          0.00    0.00   clock source latency
     1    0.02    0.13    0.10    0.10 ^ CLK100MHZ (in)
                                         CLK100MHZ (net)
                  0.13    0.00    0.10 ^ clkbuf_0_CLK100MHZ/A (sky130_fd_sc_hd__clkbuf_16)
     4    0.04    0.10    0.30    0.39 ^ clkbuf_0_CLK100MHZ/X (sky130_fd_sc_hd__clkbuf_16)
                                         clknet_0_CLK100MHZ (net)
                  0.10    0.00    0.39 ^ clkbuf_2_3__f_CLK100MHZ/A (sky130_fd_sc_hd__clkbuf_16)
     8    0.03    0.07    0.25    0.65 ^ clkbuf_2_3__f_CLK100MHZ/X (sky130_fd_sc_hd__clkbuf_16)
                                         clknet_2_3__leaf_CLK100MHZ (net)
                  0.07    0.00    0.65 ^ _249_/CLK (sky130_fd_sc_hd__dfrtp_4)
     6    0.04    0.20    1.17    1.81 v _249_/Q (sky130_fd_sc_hd__dfrtp_4)
                                         decoder.count[3] (net)
                  0.20    0.00    1.81 v _132_/A (sky130_fd_sc_hd__or3b_2)
     2    0.02    0.27    1.36    3.18 v _132_/X (sky130_fd_sc_hd__or3b_2)
                                         _064_ (net)
                  0.27    0.00    3.18 v _133_/B (sky130_fd_sc_hd__nor2_1)
     3    0.02    0.56    0.57    3.75 ^ _133_/Y (sky130_fd_sc_hd__nor2_1)
                                         _065_ (net)
                  0.56    0.00    3.75 ^ _158_/B1 (sky130_fd_sc_hd__a2111o_1)
     2    0.02    0.24    0.51    4.26 ^ _158_/X (sky130_fd_sc_hd__a2111o_1)
                                         net4 (net)
                  0.24    0.00    4.26 ^ _279_/A (sky130_fd_sc_hd__buf_1)
     1    0.01    0.21    0.34    4.60 ^ _279_/X (sky130_fd_sc_hd__buf_1)
                                         net1 (net)
                  0.21    0.00    4.60 ^ output1/A (sky130_fd_sc_hd__buf_1)
     1    0.03    0.64    0.65    5.24 ^ output1/X (sky130_fd_sc_hd__buf_1)
                                         seg[0] (net)
                  0.64    0.00    5.24 ^ seg[0] (out)
                                  5.24   data arrival time

                         10.00   10.00   clock CLK100MHZ (rise edge)
                          0.00   10.00   clock network delay (propagated)
                         -0.25    9.75   clock uncertainty
                          0.00    9.75   clock reconvergence pessimism
                         -2.00    7.75   output external delay
                                  7.75   data required time
-----------------------------------------------------------------------------
                                  7.75   data required time
                                 -5.24   data arrival time
-----------------------------------------------------------------------------
                                  2.51   slack (MET)



======================= Typical Corner ===================================

Startpoint: BTNC (input port clocked by CLK100MHZ)
Endpoint: _248_ (recovery check against rising-edge clock CLK100MHZ)
Path Group: asynchronous
Path Type: max
Corner: Typical

Fanout     Cap    Slew   Delay    Time   Description
-----------------------------------------------------------------------------
                          0.00    0.00   clock CLK100MHZ (rise edge)
                          0.00    0.00   clock network delay (propagated)
                          2.00    2.00 v input external delay
     2    0.02    0.04    0.03    2.03 v BTNC (in)
                                         BTNC (net)
                  0.04    0.00    2.03 v _214_/A (sky130_fd_sc_hd__buf_4)
    10    0.07    0.09    0.21    2.24 v _214_/X (sky130_fd_sc_hd__buf_4)
                                         _112_ (net)
                  0.09    0.00    2.24 v _215_/A (sky130_fd_sc_hd__buf_4)
    10    0.07    0.09    0.23    2.47 v _215_/X (sky130_fd_sc_hd__buf_4)
                                         _113_ (net)
                  0.09    0.00    2.48 v _218_/A (sky130_fd_sc_hd__inv_2)
     1    0.02    0.08    0.11    2.59 ^ _218_/Y (sky130_fd_sc_hd__inv_2)
                                         _027_ (net)
                  0.08    0.00    2.59 ^ _248_/RESET_B (sky130_fd_sc_hd__dfrtp_4)
                                  2.59   data arrival time

                         10.00   10.00   clock CLK100MHZ (rise edge)
                          0.00   10.00   clock source latency
     1    0.02    0.09    0.06   10.06 ^ CLK100MHZ (in)
                                         CLK100MHZ (net)
                  0.09    0.00   10.06 ^ clkbuf_0_CLK100MHZ/A (sky130_fd_sc_hd__clkbuf_16)
     4    0.04    0.06    0.15   10.21 ^ clkbuf_0_CLK100MHZ/X (sky130_fd_sc_hd__clkbuf_16)
                                         clknet_0_CLK100MHZ (net)
                  0.06    0.00   10.21 ^ clkbuf_2_0__f_CLK100MHZ/A (sky130_fd_sc_hd__clkbuf_16)
     8    0.03    0.05    0.13   10.34 ^ clkbuf_2_0__f_CLK100MHZ/X (sky130_fd_sc_hd__clkbuf_16)
                                         clknet_2_0__leaf_CLK100MHZ (net)
                  0.05    0.00   10.34 ^ _248_/CLK (sky130_fd_sc_hd__dfrtp_4)
                         -0.25   10.09   clock uncertainty
                          0.00   10.09   clock reconvergence pessimism
                          0.21   10.30   library recovery time
                                 10.30   data required time
-----------------------------------------------------------------------------
                                 10.30   data required time
                                 -2.59   data arrival time
-----------------------------------------------------------------------------
                                  7.71   slack (MET)


Startpoint: _249_ (rising edge-triggered flip-flop clocked by CLK100MHZ)
Endpoint: seg[0] (output port clocked by CLK100MHZ)
Path Group: CLK100MHZ
Path Type: max
Corner: Typical

Fanout     Cap    Slew   Delay    Time   Description
-----------------------------------------------------------------------------
                          0.00    0.00   clock CLK100MHZ (rise edge)
                          0.00    0.00   clock source latency
     1    0.02    0.09    0.06    0.06 ^ CLK100MHZ (in)
                                         CLK100MHZ (net)
                  0.09    0.00    0.06 ^ clkbuf_0_CLK100MHZ/A (sky130_fd_sc_hd__clkbuf_16)
     4    0.04    0.06    0.17    0.23 ^ clkbuf_0_CLK100MHZ/X (sky130_fd_sc_hd__clkbuf_16)
                                         clknet_0_CLK100MHZ (net)
                  0.06    0.00    0.23 ^ clkbuf_2_3__f_CLK100MHZ/A (sky130_fd_sc_hd__clkbuf_16)
     8    0.03    0.05    0.14    0.37 ^ clkbuf_2_3__f_CLK100MHZ/X (sky130_fd_sc_hd__clkbuf_16)
                                         clknet_2_3__leaf_CLK100MHZ (net)
                  0.05    0.00    0.37 ^ _249_/CLK (sky130_fd_sc_hd__dfrtp_4)
     6    0.04    0.11    0.56    0.93 v _249_/Q (sky130_fd_sc_hd__dfrtp_4)
                                         decoder.count[3] (net)
                  0.11    0.00    0.93 v _132_/A (sky130_fd_sc_hd__or3b_2)
     2    0.02    0.13    0.59    1.53 v _132_/X (sky130_fd_sc_hd__or3b_2)
                                         _064_ (net)
                  0.13    0.00    1.53 v _133_/B (sky130_fd_sc_hd__nor2_1)
     3    0.02    0.33    0.32    1.85 ^ _133_/Y (sky130_fd_sc_hd__nor2_1)
                                         _065_ (net)
                  0.33    0.00    1.85 ^ _158_/B1 (sky130_fd_sc_hd__a2111o_1)
     2    0.02    0.15    0.26    2.11 ^ _158_/X (sky130_fd_sc_hd__a2111o_1)
                                         net4 (net)
                  0.15    0.00    2.11 ^ _279_/A (sky130_fd_sc_hd__buf_1)
     1    0.01    0.13    0.18    2.28 ^ _279_/X (sky130_fd_sc_hd__buf_1)
                                         net1 (net)
                  0.13    0.00    2.28 ^ output1/A (sky130_fd_sc_hd__buf_1)
     1    0.03    0.40    0.37    2.65 ^ output1/X (sky130_fd_sc_hd__buf_1)
                                         seg[0] (net)
                  0.40    0.00    2.65 ^ seg[0] (out)
                                  2.65   data arrival time

                         10.00   10.00   clock CLK100MHZ (rise edge)
                          0.00   10.00   clock network delay (propagated)
                         -0.25    9.75   clock uncertainty
                          0.00    9.75   clock reconvergence pessimism
                         -2.00    7.75   output external delay
                                  7.75   data required time
-----------------------------------------------------------------------------
                                  7.75   data required time
                                 -2.65   data arrival time
-----------------------------------------------------------------------------
                                  5.10   slack (MET)




===========================================================================
report_checks --slack_max -0.01
============================================================================
======================= Fastest Corner ===================================

No paths found.

======================= Slowest Corner ===================================

No paths found.

======================= Typical Corner ===================================

No paths found.


===========================================================================
 report_check_types -max_slew -max_cap -max_fanout -violators
============================================================================
======================= Fastest Corner ===================================


max slew violations count Fastest: 0
max fanout violations count Fastest: 0
max cap violations count Fastest: 0
======================= Slowest Corner ===================================


max slew violations count Slowest: 0
max fanout violations count Slowest: 0
max cap violations count Slowest: 0
======================= Typical Corner ===================================


max slew violations count Typical: 0
max fanout violations count Typical: 0
max cap violations count Typical: 0

===========================================================================
report_parasitic_annotation -report_unannotated
============================================================================
Found 7 unannotated drivers.
 ZeroToFiveCounter_10/LO
 ZeroToFiveCounter_11/LO
 ZeroToFiveCounter_8/HI
 ZeroToFiveCounter_9/LO
 clkload0/X
 clkload1/X
 clkload2/X
Found 0 partially unannotated drivers.

===========================================================================
max slew violation count 0
max fanout violation count 0
max cap violation count 0
============================================================================

===========================================================================
check_setup -verbose -unconstrained_endpoints -multiple_clock -no_clock -no_input_delay -loops -generated_clocks
===========================================================================
Warning: There are 4 unconstrained endpoints.
  AN[0]
  AN[1]
  AN[2]
  AN[3]
