Sun Jun 01 15:29:09 +0000 2025 - Executing "{openroad -exit -no_init -python /openlane/scripts/odbpy/lefutil.py get_metal_layers -o /openlane/designs/project4/runs/RUN_2025.06.01_15.29.07/tmp/layers.list /home/merteray/.volare/sky130A/libs.ref/sky130_fd_sc_hd/techlef/sky130_fd_sc_hd__nom.tlef}"

Sun Jun 01 15:29:12 +0000 2025 - Executing "{/openlane/scripts/mergeLef.py -o /openlane/designs/project4/runs/RUN_2025.06.01_15.29.07/tmp/merged.nom.lef -i /home/merteray/.volare/sky130A/libs.ref/sky130_fd_sc_hd/techlef/sky130_fd_sc_hd__nom.tlef {/home/merteray/.volare/sky130A/libs.ref/sky130_fd_sc_hd/lef/sky130_ef_sc_hd.lef /home/merteray/.volare/sky130A/libs.ref/sky130_fd_sc_hd/lef/sky130_fd_sc_hd.lef} |& tee /dev/null}"

Sun Jun 01 15:29:12 +0000 2025 - Executing "{/openlane/scripts/mergeLef.py -o /openlane/designs/project4/runs/RUN_2025.06.01_15.29.07/tmp/merged.min.lef -i /home/merteray/.volare/sky130A/libs.ref/sky130_fd_sc_hd/techlef/sky130_fd_sc_hd__min.tlef {/home/merteray/.volare/sky130A/libs.ref/sky130_fd_sc_hd/lef/sky130_ef_sc_hd.lef /home/merteray/.volare/sky130A/libs.ref/sky130_fd_sc_hd/lef/sky130_fd_sc_hd.lef} |& tee /dev/null}"

Sun Jun 01 15:29:13 +0000 2025 - Executing "{/openlane/scripts/mergeLef.py -o /openlane/designs/project4/runs/RUN_2025.06.01_15.29.07/tmp/merged.max.lef -i /home/merteray/.volare/sky130A/libs.ref/sky130_fd_sc_hd/techlef/sky130_fd_sc_hd__max.tlef {/home/merteray/.volare/sky130A/libs.ref/sky130_fd_sc_hd/lef/sky130_ef_sc_hd.lef /home/merteray/.volare/sky130A/libs.ref/sky130_fd_sc_hd/lef/sky130_fd_sc_hd.lef} |& tee /dev/null}"

Sun Jun 01 15:29:13 +0000 2025 - Executing "{python3 /openlane/scripts/mergeLib.py --output /openlane/designs/project4/runs/RUN_2025.06.01_15.29.07/tmp/synthesis/merged.lib --name sky130A_merged /home/merteray/.volare/sky130A/libs.ref/sky130_fd_sc_hd/lib/sky130_fd_sc_hd__tt_025C_1v80.lib}"

Sun Jun 01 15:29:14 +0000 2025 - Executing "{python3 /openlane/scripts/libtrim.py --cell-file /openlane/designs/project4/runs/RUN_2025.06.01_15.29.07/tmp/synthesis/trimmed.lib.exclude.list --output /openlane/designs/project4/runs/RUN_2025.06.01_15.29.07/tmp/synthesis/trimmed.lib /openlane/designs/project4/runs/RUN_2025.06.01_15.29.07/tmp/synthesis/merged.lib}"

Sun Jun 01 15:29:14 +0000 2025 - Executing "{python3 /openlane/scripts/libtrim.py --cell-file /openlane/designs/project4/runs/RUN_2025.06.01_15.29.07/tmp/cts/cts.lib.exclude.list --output /openlane/designs/project4/runs/RUN_2025.06.01_15.29.07/tmp/cts/cts.lib /home/merteray/.volare/sky130A/libs.ref/sky130_fd_sc_hd/lib/sky130_fd_sc_hd__tt_025C_1v80.lib}"

Sun Jun 01 15:29:15 +0000 2025 - Executing "{python3 /openlane/scripts/libtrim.py --cell-file /openlane/designs/project4/runs/RUN_2025.06.01_15.29.07/tmp/cts/cts-fastest.lib.exclude.list --output /openlane/designs/project4/runs/RUN_2025.06.01_15.29.07/tmp/cts/cts-fastest.lib /home/merteray/.volare/sky130A/libs.ref/sky130_fd_sc_hd/lib/sky130_fd_sc_hd__ff_n40C_1v95.lib}"

Sun Jun 01 15:29:17 +0000 2025 - Executing "{python3 /openlane/scripts/libtrim.py --cell-file /openlane/designs/project4/runs/RUN_2025.06.01_15.29.07/tmp/cts/cts-slowest.lib.exclude.list --output /openlane/designs/project4/runs/RUN_2025.06.01_15.29.07/tmp/cts/cts-slowest.lib /home/merteray/.volare/sky130A/libs.ref/sky130_fd_sc_hd/lib/sky130_fd_sc_hd__ss_100C_1v60.lib}"

Sun Jun 01 15:29:18 +0000 2025 - Executing "{python3 /openlane/scripts/new_tracks.py -i /home/merteray/.volare/sky130A/libs.tech/openlane/sky130_fd_sc_hd/tracks.info -o /openlane/designs/project4/runs/RUN_2025.06.01_15.29.07/tmp/routing/config.tracks}"

Sun Jun 01 15:29:18 +0000 2025 - Executing "{echo {OpenLane e73fb3c57e687a0023fcd4dcfd1566ecd478362a} > /openlane/designs/project4/runs/RUN_2025.06.01_15.29.07/OPENLANE_COMMIT}"

Sun Jun 01 15:29:18 +0000 2025 - Executing "{yosys -c /openlane/scripts/yosys/blackbox.tcl}"

Sun Jun 01 15:29:19 +0000 2025 - Executing "{verilator -Wall --lint-only --Wno-DECLFILENAME --top-module TopModule /openlane/designs/project4/runs/RUN_2025.06.01_15.29.07/tmp/synthesis/blackbox/sky130_fd_sc_hd__blackbox.v /openlane/designs/project4/src/ALU.v /openlane/designs/project4/src/TopModule.v /openlane/designs/project4/src/RegisterFile.v -Wno-fatal --relative-includes |& tee /openlane/designs/project4/runs/RUN_2025.06.01_15.29.07/logs/synthesis/linter.log /dev/null}"

Sun Jun 01 15:29:20 +0000 2025 - Executing "{sed -E {s/^([[:space:]]+)pg_pin(.*)/\1pin\2\n\1    direction : "inout";/g} /home/merteray/.volare/sky130A/libs.ref/sky130_fd_sc_hd/lib/sky130_fd_sc_hd__tt_025C_1v80.lib > /openlane/designs/project4/runs/RUN_2025.06.01_15.29.07/tmp/synthesis/1-sky130_fd_sc_hd__tt_025C_1v80.no_pg.lib}"

Sun Jun 01 15:29:20 +0000 2025 - Executing "{sed -E {s/^([[:space:]]+)pg_pin(.*)/\1pin\2\n\1    direction : "inout";/g} /openlane/designs/project4/runs/RUN_2025.06.01_15.29.07/tmp/synthesis/trimmed.lib > /openlane/designs/project4/runs/RUN_2025.06.01_15.29.07/tmp/synthesis/1-trimmed.no_pg.lib}"

Sun Jun 01 15:29:20 +0000 2025 - Executing "yosys -c /openlane/scripts/yosys/synth.tcl |& tee /dev/null /openlane/designs/project4/runs/RUN_2025.06.01_15.29.07/logs/synthesis/1-synthesis.log"

Sun Jun 01 15:29:20 +0000 2025 - Executing "{yosys -c /openlane/scripts/yosys/synth.tcl |& tee /dev/null /openlane/designs/project4/runs/RUN_2025.06.01_15.29.07/logs/synthesis/1-synthesis.log}"

Sun Jun 01 15:29:43 +0000 2025 - Executing "{sed -i.bak -e {s/\(set ::env(CURRENT_NETLIST)\).*/\1 \/openlane\/designs\/project4\/runs\/RUN_2025.06.01_15.29.07\/results\/synthesis\/TopModule.v/} /openlane/designs/project4/runs/RUN_2025.06.01_15.29.07/config.tcl}"

Sun Jun 01 15:29:43 +0000 2025 - Executing "{sed -i.bak /defparam/d /openlane/designs/project4/runs/RUN_2025.06.01_15.29.07/results/synthesis/TopModule.v}"

Sun Jun 01 15:29:44 +0000 2025 - Executing "sta -exit -no_init /openlane/scripts/openroad/sta/multi_corner.tcl |& tee /dev/null /openlane/designs/project4/runs/RUN_2025.06.01_15.29.07/logs/synthesis/2-sta.log"

Sun Jun 01 15:29:44 +0000 2025 - Executing "{sta -exit -no_init /openlane/scripts/openroad/sta/multi_corner.tcl |& tee /dev/null /openlane/designs/project4/runs/RUN_2025.06.01_15.29.07/logs/synthesis/2-sta.log}"

Sun Jun 01 15:29:50 +0000 2025 - Executing "openroad -exit /openlane/scripts/openroad/floorplan.tcl |& tee /dev/null /openlane/designs/project4/runs/RUN_2025.06.01_15.29.07/logs/floorplan/3-initial_fp.log"

Sun Jun 01 15:29:50 +0000 2025 - Executing "{openroad -exit /openlane/scripts/openroad/floorplan.tcl |& tee /dev/null /openlane/designs/project4/runs/RUN_2025.06.01_15.29.07/logs/floorplan/3-initial_fp.log}"

Sun Jun 01 15:29:53 +0000 2025 - Executing "{openroad -exit -no_init -python /openlane/scripts/odbpy/defutil.py extract_core_dims --output-data /openlane/designs/project4/runs/RUN_2025.06.01_15.29.07/tmp/dimensions.txt --input-lef /openlane/designs/project4/runs/RUN_2025.06.01_15.29.07/tmp/merged.nom.lef /openlane/designs/project4/runs/RUN_2025.06.01_15.29.07/tmp/floorplan/3-initial_fp.def}"

Sun Jun 01 15:29:55 +0000 2025 - Executing "{openroad -exit -no_init -python /openlane/scripts/odbpy/io_place.py --config /openlane/designs/project4/pin_order.cfg --hor-layer met3 --ver-layer met2 --ver-width-mult 2 --hor-width-mult 2 --hor-extension 0 --ver-extension 0 --length 4 --unmatched-error --input-lef /openlane/designs/project4/runs/RUN_2025.06.01_15.29.07/tmp/merged.nom.lef --output-def /openlane/designs/project4/runs/RUN_2025.06.01_15.29.07/tmp/floorplan/4-io.def --output /openlane/designs/project4/runs/RUN_2025.06.01_15.29.07/tmp/floorplan/4-io.odb /openlane/designs/project4/runs/RUN_2025.06.01_15.29.07/tmp/floorplan/3-initial_fp.odb |& tee /dev/null /openlane/designs/project4/runs/RUN_2025.06.01_15.29.07/logs/floorplan/4-place_io.log}"

Sun Jun 01 15:29:57 +0000 2025 - Executing "openroad -exit /openlane/scripts/openroad/tapcell.tcl |& tee /dev/null /openlane/designs/project4/runs/RUN_2025.06.01_15.29.07/logs/floorplan/5-tap.log"

Sun Jun 01 15:29:57 +0000 2025 - Executing "{openroad -exit /openlane/scripts/openroad/tapcell.tcl |& tee /dev/null /openlane/designs/project4/runs/RUN_2025.06.01_15.29.07/logs/floorplan/5-tap.log}"

Sun Jun 01 15:30:00 +0000 2025 - Executing "openroad -exit /openlane/scripts/openroad/pdn.tcl |& tee /dev/null /openlane/designs/project4/runs/RUN_2025.06.01_15.29.07/logs/floorplan/6-pdn.log"

Sun Jun 01 15:30:00 +0000 2025 - Executing "{openroad -exit /openlane/scripts/openroad/pdn.tcl |& tee /dev/null /openlane/designs/project4/runs/RUN_2025.06.01_15.29.07/logs/floorplan/6-pdn.log}"

Sun Jun 01 15:30:04 +0000 2025 - Executing "openroad -exit /openlane/scripts/openroad/gpl.tcl |& tee /dev/null /openlane/designs/project4/runs/RUN_2025.06.01_15.29.07/logs/placement/6-global.log"

Sun Jun 01 15:30:04 +0000 2025 - Executing "{openroad -exit /openlane/scripts/openroad/gpl.tcl |& tee /dev/null /openlane/designs/project4/runs/RUN_2025.06.01_15.29.07/logs/placement/6-global.log}"

Sun Jun 01 15:31:06 +0000 2025 - Executing "{sed -i.bak -e {s/\(set ::env(CURRENT_NETLIST)\).*/\1 \/openlane\/designs\/project4\/runs\/RUN_2025.06.01_15.29.07\/tmp\/placement\/7-global.nl.v/} /openlane/designs/project4/runs/RUN_2025.06.01_15.29.07/config.tcl}"

Sun Jun 01 15:31:07 +0000 2025 - Executing "openroad -exit /openlane/scripts/openroad/sta/multi_corner.tcl |& tee /dev/null /openlane/designs/project4/runs/RUN_2025.06.01_15.29.07/logs/placement/8-gpl_sta.log"

Sun Jun 01 15:31:07 +0000 2025 - Executing "{openroad -exit /openlane/scripts/openroad/sta/multi_corner.tcl |& tee /dev/null /openlane/designs/project4/runs/RUN_2025.06.01_15.29.07/logs/placement/8-gpl_sta.log}"

Sun Jun 01 15:31:18 +0000 2025 - Executing "openroad -exit /openlane/scripts/openroad/resizer.tcl |& tee /dev/null /openlane/designs/project4/runs/RUN_2025.06.01_15.29.07/logs/placement/9-resizer.log"

Sun Jun 01 15:31:18 +0000 2025 - Executing "{openroad -exit /openlane/scripts/openroad/resizer.tcl |& tee /dev/null /openlane/designs/project4/runs/RUN_2025.06.01_15.29.07/logs/placement/9-resizer.log}"

Sun Jun 01 15:31:37 +0000 2025 - Executing "{sed -i.bak -e {s/\(set ::env(CURRENT_NETLIST)\).*/\1 \/openlane\/designs\/project4\/runs\/RUN_2025.06.01_15.29.07\/tmp\/placement\/9-resizer.nl.v/} /openlane/designs/project4/runs/RUN_2025.06.01_15.29.07/config.tcl}"

Sun Jun 01 15:31:38 +0000 2025 - Executing "openroad -exit /openlane/scripts/openroad/dpl.tcl |& tee /dev/null /openlane/designs/project4/runs/RUN_2025.06.01_15.29.07/logs/placement/10-detailed.log"

Sun Jun 01 15:31:38 +0000 2025 - Executing "{openroad -exit /openlane/scripts/openroad/dpl.tcl |& tee /dev/null /openlane/designs/project4/runs/RUN_2025.06.01_15.29.07/logs/placement/10-detailed.log}"

Sun Jun 01 15:31:41 +0000 2025 - Executing "{sed -i.bak -e {s/\(set ::env(CURRENT_NETLIST)\).*/\1 \/openlane\/designs\/project4\/runs\/RUN_2025.06.01_15.29.07\/results\/placement\/TopModule.nl.v/} /openlane/designs/project4/runs/RUN_2025.06.01_15.29.07/config.tcl}"

Sun Jun 01 15:31:42 +0000 2025 - Executing "openroad -exit /openlane/scripts/openroad/sta/multi_corner.tcl |& tee /dev/null /openlane/designs/project4/runs/RUN_2025.06.01_15.29.07/logs/placement/11-dpl_sta.log"

Sun Jun 01 15:31:42 +0000 2025 - Executing "{openroad -exit /openlane/scripts/openroad/sta/multi_corner.tcl |& tee /dev/null /openlane/designs/project4/runs/RUN_2025.06.01_15.29.07/logs/placement/11-dpl_sta.log}"

Sun Jun 01 15:31:54 +0000 2025 - Executing "openroad -exit /openlane/scripts/openroad/cts.tcl |& tee /dev/null /openlane/designs/project4/runs/RUN_2025.06.01_15.29.07/logs/cts/12-cts.log"

Sun Jun 01 15:31:54 +0000 2025 - Executing "{openroad -exit /openlane/scripts/openroad/cts.tcl |& tee /dev/null /openlane/designs/project4/runs/RUN_2025.06.01_15.29.07/logs/cts/12-cts.log}"

Sun Jun 01 15:32:31 +0000 2025 - Executing "openroad -exit /openlane/scripts/openroad/sta/multi_corner.tcl |& tee /dev/null /openlane/designs/project4/runs/RUN_2025.06.01_15.29.07/logs/cts/13-cts_sta.log"

Sun Jun 01 15:32:31 +0000 2025 - Executing "{openroad -exit /openlane/scripts/openroad/sta/multi_corner.tcl |& tee /dev/null /openlane/designs/project4/runs/RUN_2025.06.01_15.29.07/logs/cts/13-cts_sta.log}"

Sun Jun 01 15:32:48 +0000 2025 - Executing "openroad -exit /openlane/scripts/openroad/resizer_timing.tcl |& tee /dev/null /openlane/designs/project4/runs/RUN_2025.06.01_15.29.07/logs/cts/14-resizer.log"

Sun Jun 01 15:32:48 +0000 2025 - Executing "{openroad -exit /openlane/scripts/openroad/resizer_timing.tcl |& tee /dev/null /openlane/designs/project4/runs/RUN_2025.06.01_15.29.07/logs/cts/14-resizer.log}"

Sun Jun 01 15:33:18 +0000 2025 - Executing "{sed -i.bak -e {s/\(set ::env(CURRENT_NETLIST)\).*/\1 \/openlane\/designs\/project4\/runs\/RUN_2025.06.01_15.29.07\/tmp\/cts\/14-TopModule.resized.nl.v/} /openlane/designs/project4/runs/RUN_2025.06.01_15.29.07/config.tcl}"

Sun Jun 01 15:33:19 +0000 2025 - Executing "openroad -exit /openlane/scripts/openroad/resizer_routing_design.tcl |& tee /dev/null /openlane/designs/project4/runs/RUN_2025.06.01_15.29.07/logs/routing/15-resizer_design.log"

Sun Jun 01 15:33:19 +0000 2025 - Executing "{openroad -exit /openlane/scripts/openroad/resizer_routing_design.tcl |& tee /dev/null /openlane/designs/project4/runs/RUN_2025.06.01_15.29.07/logs/routing/15-resizer_design.log}"

Sun Jun 01 15:33:47 +0000 2025 - Executing "{sed -i.bak -e {s/\(set ::env(CURRENT_NETLIST)\).*/\1 \/openlane\/designs\/project4\/runs\/RUN_2025.06.01_15.29.07\/tmp\/15-TopModule.nl.v/} /openlane/designs/project4/runs/RUN_2025.06.01_15.29.07/config.tcl}"

Sun Jun 01 15:33:48 +0000 2025 - Executing "openroad -exit /openlane/scripts/openroad/sta/multi_corner.tcl |& tee /dev/null /openlane/designs/project4/runs/RUN_2025.06.01_15.29.07/logs/routing/16-rsz_design_sta.log"

Sun Jun 01 15:33:48 +0000 2025 - Executing "{openroad -exit /openlane/scripts/openroad/sta/multi_corner.tcl |& tee /dev/null /openlane/designs/project4/runs/RUN_2025.06.01_15.29.07/logs/routing/16-rsz_design_sta.log}"

Sun Jun 01 15:34:09 +0000 2025 - Executing "openroad -exit /openlane/scripts/openroad/resizer_routing_timing.tcl |& tee /dev/null /openlane/designs/project4/runs/RUN_2025.06.01_15.29.07/logs/routing/17-resizer_timing.log"

Sun Jun 01 15:34:09 +0000 2025 - Executing "{openroad -exit /openlane/scripts/openroad/resizer_routing_timing.tcl |& tee /dev/null /openlane/designs/project4/runs/RUN_2025.06.01_15.29.07/logs/routing/17-resizer_timing.log}"

Sun Jun 01 15:34:35 +0000 2025 - Executing "{sed -i.bak -e {s/\(set ::env(CURRENT_NETLIST)\).*/\1 \/openlane\/designs\/project4\/runs\/RUN_2025.06.01_15.29.07\/tmp\/17-TopModule.nl.v/} /openlane/designs/project4/runs/RUN_2025.06.01_15.29.07/config.tcl}"

Sun Jun 01 15:34:35 +0000 2025 - Executing "openroad -exit /openlane/scripts/openroad/sta/multi_corner.tcl |& tee /dev/null /openlane/designs/project4/runs/RUN_2025.06.01_15.29.07/logs/routing/18-rsz_timing_sta.log"

Sun Jun 01 15:34:35 +0000 2025 - Executing "{openroad -exit /openlane/scripts/openroad/sta/multi_corner.tcl |& tee /dev/null /openlane/designs/project4/runs/RUN_2025.06.01_15.29.07/logs/routing/18-rsz_timing_sta.log}"

Sun Jun 01 15:34:57 +0000 2025 - Executing "{openroad -exit -no_init -python /openlane/scripts/odbpy/diodes.py place --diode-cell sky130_fd_sc_hd__diode_2 --diode-pin DIODE --threshold 90 --side-strategy source --port-protect none --input-lef /openlane/designs/project4/runs/RUN_2025.06.01_15.29.07/tmp/merged.nom.lef --output-def /openlane/designs/project4/runs/RUN_2025.06.01_15.29.07/tmp/routing/19-diodes.def --output /openlane/designs/project4/runs/RUN_2025.06.01_15.29.07/tmp/routing/19-diodes.odb /openlane/designs/project4/runs/RUN_2025.06.01_15.29.07/tmp/17-TopModule.odb |& tee /dev/null /openlane/designs/project4/runs/RUN_2025.06.01_15.29.07/logs/routing/19-diodes.log}"

Sun Jun 01 15:35:01 +0000 2025 - Executing "openroad -exit /openlane/scripts/openroad/dpl.tcl |& tee /dev/null /openlane/designs/project4/runs/RUN_2025.06.01_15.29.07/logs/routing/20-diode_legalization.log"

Sun Jun 01 15:35:01 +0000 2025 - Executing "{openroad -exit /openlane/scripts/openroad/dpl.tcl |& tee /dev/null /openlane/designs/project4/runs/RUN_2025.06.01_15.29.07/logs/routing/20-diode_legalization.log}"

Sun Jun 01 15:35:12 +0000 2025 - Executing "{sed -i.bak -e {s/\(set ::env(CURRENT_NETLIST)\).*/\1 \/openlane\/designs\/project4\/runs\/RUN_2025.06.01_15.29.07\/tmp\/routing\/.\/19-diodes_legalized.nl.v/} /openlane/designs/project4/runs/RUN_2025.06.01_15.29.07/config.tcl}"

Sun Jun 01 15:35:13 +0000 2025 - Executing "openroad -exit /openlane/scripts/openroad/repair_antennas.tcl |& tee /dev/null /openlane/designs/project4/runs/RUN_2025.06.01_15.29.07/logs/routing/21-global.log"

Sun Jun 01 15:35:13 +0000 2025 - Executing "{openroad -exit /openlane/scripts/openroad/repair_antennas.tcl |& tee /dev/null /openlane/designs/project4/runs/RUN_2025.06.01_15.29.07/logs/routing/21-global.log}"

Sun Jun 01 15:35:39 +0000 2025 - Executing "openroad -exit /openlane/scripts/openroad/write_views.tcl |& tee /dev/null /openlane/designs/project4/runs/RUN_2025.06.01_15.29.07/logs/routing/21-global_write_netlist.log"

Sun Jun 01 15:35:39 +0000 2025 - Executing "{openroad -exit /openlane/scripts/openroad/write_views.tcl |& tee /dev/null /openlane/designs/project4/runs/RUN_2025.06.01_15.29.07/logs/routing/21-global_write_netlist.log}"

Sun Jun 01 15:35:40 +0000 2025 - Executing "{sed -i.bak -e {s/\(set ::env(CURRENT_NETLIST)\).*/\1 \/openlane\/designs\/project4\/runs\/RUN_2025.06.01_15.29.07\/tmp\/routing\/global.nl.v/} /openlane/designs/project4/runs/RUN_2025.06.01_15.29.07/config.tcl}"

Sun Jun 01 15:35:41 +0000 2025 - Executing "openroad -exit /openlane/scripts/openroad/sta/multi_corner.tcl |& tee /dev/null /openlane/designs/project4/runs/RUN_2025.06.01_15.29.07/logs/routing/23-grt_sta.log"

Sun Jun 01 15:35:41 +0000 2025 - Executing "{openroad -exit /openlane/scripts/openroad/sta/multi_corner.tcl |& tee /dev/null /openlane/designs/project4/runs/RUN_2025.06.01_15.29.07/logs/routing/23-grt_sta.log}"

Sun Jun 01 15:35:55 +0000 2025 - Executing "openroad -exit /openlane/scripts/openroad/fill.tcl |& tee /dev/null /openlane/designs/project4/runs/RUN_2025.06.01_15.29.07/logs/routing/24-fill.log"

Sun Jun 01 15:35:56 +0000 2025 - Executing "{openroad -exit /openlane/scripts/openroad/fill.tcl |& tee /dev/null /openlane/designs/project4/runs/RUN_2025.06.01_15.29.07/logs/routing/24-fill.log}"

Sun Jun 01 15:35:59 +0000 2025 - Executing "{sed -i.bak -e {s/\(set ::env(CURRENT_NETLIST)\).*/\1 \/openlane\/designs\/project4\/runs\/RUN_2025.06.01_15.29.07\/tmp\/routing\/24-fill.nl.v/} /openlane/designs/project4/runs/RUN_2025.06.01_15.29.07/config.tcl}"

Sun Jun 01 15:36:00 +0000 2025 - Executing "openroad -exit -metrics /openlane/designs/project4/runs/RUN_2025.06.01_15.29.07/reports/routing/25-drt_metrics.json /openlane/scripts/openroad/droute.tcl |& tee /dev/null /openlane/designs/project4/runs/RUN_2025.06.01_15.29.07/logs/routing/25-detailed.log"

Sun Jun 01 15:36:00 +0000 2025 - Executing "{openroad -exit -metrics /openlane/designs/project4/runs/RUN_2025.06.01_15.29.07/reports/routing/25-drt_metrics.json /openlane/scripts/openroad/droute.tcl |& tee /dev/null /openlane/designs/project4/runs/RUN_2025.06.01_15.29.07/logs/routing/25-detailed.log}"

