[INFO]: Run Directory: /openlane/designs/project4/runs/RUN_2025.06.01_15.29.07
[INFO]: Saving runtime environment...
[INFO]: Preparing LEF files for the nom corner...
[INFO]: Preparing LEF files for the min corner...
[INFO]: Preparing LEF files for the max corner...
[WARNING]: PNR_SDC_FILE is not set. It is recommended to write a custom SDC file for the design. Defaulting to BASE_SDC_FILE
[WARNING]: SIGNOFF_SDC_FILE is not set. It is recommended to write a custom SDC file for the design. Defaulting to BASE_SDC_FILE
[INFO]: Running linter (Verilator) (log: designs/project4/runs/RUN_2025.06.01_15.29.07/logs/synthesis/linter.log)...
[INFO]: 0 errors found by linter
[WARNING]: 441 warnings found by linter
[INFO]: Running Synthesis (log: designs/project4/runs/RUN_2025.06.01_15.29.07/logs/synthesis/1-synthesis.log)...
[INFO]: Running Single-Corner Static Timing Analysis (log: designs/project4/runs/RUN_2025.06.01_15.29.07/logs/synthesis/2-sta.log)...
[INFO]: Running Initial Floorplanning (log: designs/project4/runs/RUN_2025.06.01_15.29.07/logs/floorplan/3-initial_fp.log)...
[INFO]: Floorplanned with width 445.74 and height 443.36.
[INFO]: Running IO Placement (log: designs/project4/runs/RUN_2025.06.01_15.29.07/logs/floorplan/4-place_io.log)...
[INFO]: Running Tap/Decap Insertion (log: designs/project4/runs/RUN_2025.06.01_15.29.07/logs/floorplan/5-tap.log)...
[INFO]: Power planning with power {VPWR} and ground {VGND}...
[INFO]: Generating PDN (log: designs/project4/runs/RUN_2025.06.01_15.29.07/logs/floorplan/6-pdn.log)...
[INFO]: Running Global Placement (log: designs/project4/runs/RUN_2025.06.01_15.29.07/logs/placement/6-global.log)...
[INFO]: Running Single-Corner Static Timing Analysis (log: designs/project4/runs/RUN_2025.06.01_15.29.07/logs/placement/8-gpl_sta.log)...
[INFO]: Running Placement Resizer Design Optimizations (log: designs/project4/runs/RUN_2025.06.01_15.29.07/logs/placement/9-resizer.log)...
[INFO]: Running Detailed Placement (log: designs/project4/runs/RUN_2025.06.01_15.29.07/logs/placement/10-detailed.log)...
[INFO]: Running Single-Corner Static Timing Analysis (log: designs/project4/runs/RUN_2025.06.01_15.29.07/logs/placement/11-dpl_sta.log)...
[INFO]: Running Clock Tree Synthesis (log: designs/project4/runs/RUN_2025.06.01_15.29.07/logs/cts/12-cts.log)...
[INFO]: Running Single-Corner Static Timing Analysis (log: designs/project4/runs/RUN_2025.06.01_15.29.07/logs/cts/13-cts_sta.log)...
[INFO]: Running Placement Resizer Timing Optimizations (log: designs/project4/runs/RUN_2025.06.01_15.29.07/logs/cts/14-resizer.log)...
[INFO]: Running Global Routing Resizer Design Optimizations (log: designs/project4/runs/RUN_2025.06.01_15.29.07/logs/routing/15-resizer_design.log)...
[INFO]: Running Single-Corner Static Timing Analysis (log: designs/project4/runs/RUN_2025.06.01_15.29.07/logs/routing/16-rsz_design_sta.log)...
[INFO]: Running Global Routing Resizer Timing Optimizations (log: designs/project4/runs/RUN_2025.06.01_15.29.07/logs/routing/17-resizer_timing.log)...
[INFO]: Running Single-Corner Static Timing Analysis (log: designs/project4/runs/RUN_2025.06.01_15.29.07/logs/routing/18-rsz_timing_sta.log)...
[INFO]: Running Heuristic Diode Insertion (log: designs/project4/runs/RUN_2025.06.01_15.29.07/logs/routing/19-diodes.log)...
[INFO]: Running Detailed Placement (log: designs/project4/runs/RUN_2025.06.01_15.29.07/logs/routing/20-diode_legalization.log)...
[INFO]: Running Global Routing (log: designs/project4/runs/RUN_2025.06.01_15.29.07/logs/routing/21-global.log)...
[INFO]: Writing Verilog (log: designs/project4/runs/RUN_2025.06.01_15.29.07/logs/routing/21-global_write_netlist.log)...
[INFO]: Running Single-Corner Static Timing Analysis (log: designs/project4/runs/RUN_2025.06.01_15.29.07/logs/routing/23-grt_sta.log)...
[INFO]: Running Fill Insertion (log: designs/project4/runs/RUN_2025.06.01_15.29.07/logs/routing/24-fill.log)...
[INFO]: Running Detailed Routing (log: designs/project4/runs/RUN_2025.06.01_15.29.07/logs/routing/25-detailed.log)...
