
65. Printing statistics.

=== TopModule ===

   Number of wires:               6135
   Number of wire bits:           6334
   Number of public wires:        1036
   Number of public wire bits:    1235
   Number of memories:               0
   Number of memory bits:            0
   Number of processes:              0
   Number of cells:               6219
     sky130_fd_sc_hd__a2111o_2       1
     sky130_fd_sc_hd__a211o_2       58
     sky130_fd_sc_hd__a21bo_2      258
     sky130_fd_sc_hd__a21boi_2       2
     sky130_fd_sc_hd__a21o_2       139
     sky130_fd_sc_hd__a21oi_2      201
     sky130_fd_sc_hd__a221o_2        6
     sky130_fd_sc_hd__a22o_2        55
     sky130_fd_sc_hd__a22oi_2        1
     sky130_fd_sc_hd__a2bb2o_2       1
     sky130_fd_sc_hd__a31o_2         4
     sky130_fd_sc_hd__a31oi_2        1
     sky130_fd_sc_hd__a32o_2         1
     sky130_fd_sc_hd__a41o_2         1
     sky130_fd_sc_hd__and2_2        15
     sky130_fd_sc_hd__and2b_2      264
     sky130_fd_sc_hd__and3_2         6
     sky130_fd_sc_hd__and3b_2        6
     sky130_fd_sc_hd__and4b_2        1
     sky130_fd_sc_hd__and4bb_2       1
     sky130_fd_sc_hd__buf_1       1573
     sky130_fd_sc_hd__dfxtp_2     1120
     sky130_fd_sc_hd__inv_2         19
     sky130_fd_sc_hd__mux2_2      1453
     sky130_fd_sc_hd__mux4_2       301
     sky130_fd_sc_hd__nand2_2       82
     sky130_fd_sc_hd__nand2b_2       3
     sky130_fd_sc_hd__nand3_2        3
     sky130_fd_sc_hd__nand3b_2       1
     sky130_fd_sc_hd__nor2_2        90
     sky130_fd_sc_hd__nor2b_2        4
     sky130_fd_sc_hd__nor3_2         3
     sky130_fd_sc_hd__nor4_2         1
     sky130_fd_sc_hd__o211a_2       10
     sky130_fd_sc_hd__o211ai_2       3
     sky130_fd_sc_hd__o21a_2        29
     sky130_fd_sc_hd__o21ai_2       26
     sky130_fd_sc_hd__o21ba_2        5
     sky130_fd_sc_hd__o21bai_2       1
     sky130_fd_sc_hd__o221a_2      269
     sky130_fd_sc_hd__o22a_2        16
     sky130_fd_sc_hd__o22ai_2        1
     sky130_fd_sc_hd__o2bb2a_2       6
     sky130_fd_sc_hd__o311a_2        4
     sky130_fd_sc_hd__o31a_2        15
     sky130_fd_sc_hd__o31ai_2        1
     sky130_fd_sc_hd__o32a_2        10
     sky130_fd_sc_hd__o41a_2         6
     sky130_fd_sc_hd__or2_2         42
     sky130_fd_sc_hd__or2b_2         6
     sky130_fd_sc_hd__or3_2         15
     sky130_fd_sc_hd__or3b_2         5
     sky130_fd_sc_hd__or4_2         11
     sky130_fd_sc_hd__xnor2_2       43
     sky130_fd_sc_hd__xor2_2        20

   Chip area for module '\TopModule': 69540.444800

