OpenROAD b16bda7e82721d10566ff7e2b68f1ff0be9f9e38 
Features included (+) or not (-): +Charts +GPU +GUI +Python
This program is licensed under the BSD-3 license. See the LICENSE file for details.
Components of this program may be licensed under more restrictive licenses which must be honored.
define_corners Typical
read_liberty -corner Typical /home/merteray/.volare/sky130A/libs.ref/sky130_fd_sc_hd/lib/sky130_fd_sc_hd__tt_025C_1v80.lib
Using 1e-12 for capacitance...
Using 1e+03 for resistance...
Using 1e-09 for time...
Using 1e+00 for voltage...
Using 1e-03 for current...
Using 1e-09 for power...
Using 1e-06 for distance...
[INFO]: Reading ODB at '/openlane/designs/ALU/runs/RUN_2025.05.04_16.20.42/tmp/16-alu.odb'…
Reading design constraints file at '/openlane/scripts/base.sdc'…
[INFO]: Setting output delay to: 2.0
[INFO]: Setting input delay to: 2.0
[WARNING STA-0366] port '__VIRTUAL_CLK__' not found.
[INFO]: Setting load to: 0.033442
[INFO]: Setting clock uncertainty to: 0.25
[INFO]: Setting clock transition to: 0.15
[WARNING STA-0419] transition time can not be specified for virtual clocks.
[INFO]: Setting timing derate to: 5.0 %
[INFO]: Propagating all clocks
[WARNING STA-0450] virtual clock __VIRTUAL_CLK__ can not be propagated.
[INFO]: Setting RC values...
min_report

===========================================================================
report_checks -path_delay min (Hold)
============================================================================
======================= Typical Corner ===================================

Startpoint: in2[0] (input port clocked by __VIRTUAL_CLK__)
Endpoint: out[0] (output port clocked by __VIRTUAL_CLK__)
Path Group: __VIRTUAL_CLK__
Path Type: min

Fanout     Cap    Slew   Delay    Time   Description
-----------------------------------------------------------------------------
                  0.00    0.00    0.00   clock __VIRTUAL_CLK__ (rise edge)
                          0.00    0.00   clock network delay (ideal)
                          2.00    2.00 v input external delay
     1    0.00    0.01    0.01    2.01 v in2[0] (in)
                                         in2[0] (net)
                  0.01    0.00    2.01 v input9/A (sky130_fd_sc_hd__clkbuf_2)
     4    0.01    0.04    0.09    2.10 v input9/X (sky130_fd_sc_hd__clkbuf_2)
                                         net9 (net)
                  0.04    0.00    2.10 v _184_/A (sky130_fd_sc_hd__buf_4)
    10    0.03    0.05    0.15    2.25 v _184_/X (sky130_fd_sc_hd__buf_4)
                                         _112_ (net)
                  0.05    0.00    2.25 v _307_/A1 (sky130_fd_sc_hd__a31o_1)
     1    0.01    0.07    0.20    2.45 v _307_/X (sky130_fd_sc_hd__a31o_1)
                                         net20 (net)
                  0.07    0.00    2.45 v output20/A (sky130_fd_sc_hd__buf_2)
     1    0.03    0.09    0.18    2.63 v output20/X (sky130_fd_sc_hd__buf_2)
                                         out[0] (net)
                  0.09    0.00    2.63 v out[0] (out)
                                  2.63   data arrival time

                  0.00    0.00    0.00   clock __VIRTUAL_CLK__ (rise edge)
                          0.00    0.00   clock network delay (ideal)
                          0.25    0.25   clock uncertainty
                          0.00    0.25   clock reconvergence pessimism
                         -2.00   -1.75   output external delay
                                 -1.75   data required time
-----------------------------------------------------------------------------
                                 -1.75   data required time
                                 -2.63   data arrival time
-----------------------------------------------------------------------------
                                  4.38   slack (MET)


Startpoint: in2[5] (input port clocked by __VIRTUAL_CLK__)
Endpoint: out[5] (output port clocked by __VIRTUAL_CLK__)
Path Group: __VIRTUAL_CLK__
Path Type: min

Fanout     Cap    Slew   Delay    Time   Description
-----------------------------------------------------------------------------
                  0.00    0.00    0.00   clock __VIRTUAL_CLK__ (rise edge)
                          0.00    0.00   clock network delay (ideal)
                          2.00    2.00 ^ input external delay
     1    0.00    0.02    0.01    2.01 ^ in2[5] (in)
                                         in2[5] (net)
                  0.02    0.00    2.01 ^ input14/A (sky130_fd_sc_hd__buf_2)
     5    0.02    0.11    0.14    2.15 ^ input14/X (sky130_fd_sc_hd__buf_2)
                                         net14 (net)
                  0.11    0.00    2.15 ^ _233_/A1 (sky130_fd_sc_hd__a311o_1)
     1    0.00    0.05    0.15    2.30 ^ _233_/X (sky130_fd_sc_hd__a311o_1)
                                         _161_ (net)
                  0.05    0.00    2.30 ^ _267_/B1 (sky130_fd_sc_hd__a211o_1)
     1    0.01    0.09    0.12    2.42 ^ _267_/X (sky130_fd_sc_hd__a211o_1)
                                         net25 (net)
                  0.09    0.00    2.42 ^ output25/A (sky130_fd_sc_hd__buf_2)
     1    0.04    0.18    0.21    2.64 ^ output25/X (sky130_fd_sc_hd__buf_2)
                                         out[5] (net)
                  0.18    0.00    2.64 ^ out[5] (out)
                                  2.64   data arrival time

                  0.00    0.00    0.00   clock __VIRTUAL_CLK__ (rise edge)
                          0.00    0.00   clock network delay (ideal)
                          0.25    0.25   clock uncertainty
                          0.00    0.25   clock reconvergence pessimism
                         -2.00   -1.75   output external delay
                                 -1.75   data required time
-----------------------------------------------------------------------------
                                 -1.75   data required time
                                 -2.64   data arrival time
-----------------------------------------------------------------------------
                                  4.39   slack (MET)


Startpoint: in1[7] (input port clocked by __VIRTUAL_CLK__)
Endpoint: out[7] (output port clocked by __VIRTUAL_CLK__)
Path Group: __VIRTUAL_CLK__
Path Type: min

Fanout     Cap    Slew   Delay    Time   Description
-----------------------------------------------------------------------------
                  0.00    0.00    0.00   clock __VIRTUAL_CLK__ (rise edge)
                          0.00    0.00   clock network delay (ideal)
                          2.00    2.00 ^ input external delay
     1    0.00    0.02    0.01    2.01 ^ in1[7] (in)
                                         in1[7] (net)
                  0.02    0.00    2.01 ^ input8/A (sky130_fd_sc_hd__buf_4)
     4    0.04    0.11    0.14    2.15 ^ input8/X (sky130_fd_sc_hd__buf_4)
                                         net8 (net)
                  0.11    0.00    2.16 ^ _292_/B (sky130_fd_sc_hd__xnor2_4)
     2    0.01    0.06    0.13    2.28 ^ _292_/Y (sky130_fd_sc_hd__xnor2_4)
                                         _048_ (net)
                  0.06    0.00    2.28 ^ _294_/A (sky130_fd_sc_hd__xor2_2)
     2    0.01    0.04    0.07    2.36 v _294_/X (sky130_fd_sc_hd__xor2_2)
                                         _050_ (net)
                  0.04    0.00    2.36 v _295_/B1 (sky130_fd_sc_hd__o21ai_2)
     1    0.00    0.05    0.05    2.41 ^ _295_/Y (sky130_fd_sc_hd__o21ai_2)
                                         _051_ (net)
                  0.05    0.00    2.41 ^ _302_/A2 (sky130_fd_sc_hd__a31o_4)
     1    0.00    0.03    0.13    2.54 ^ _302_/X (sky130_fd_sc_hd__a31o_4)
                                         net27 (net)
                  0.03    0.00    2.54 ^ output27/A (sky130_fd_sc_hd__buf_6)
     1    0.04    0.08    0.12    2.66 ^ output27/X (sky130_fd_sc_hd__buf_6)
                                         out[7] (net)
                  0.08    0.00    2.66 ^ out[7] (out)
                                  2.66   data arrival time

                  0.00    0.00    0.00   clock __VIRTUAL_CLK__ (rise edge)
                          0.00    0.00   clock network delay (ideal)
                          0.25    0.25   clock uncertainty
                          0.00    0.25   clock reconvergence pessimism
                         -2.00   -1.75   output external delay
                                 -1.75   data required time
-----------------------------------------------------------------------------
                                 -1.75   data required time
                                 -2.66   data arrival time
-----------------------------------------------------------------------------
                                  4.41   slack (MET)


Startpoint: in2[3] (input port clocked by __VIRTUAL_CLK__)
Endpoint: out[3] (output port clocked by __VIRTUAL_CLK__)
Path Group: __VIRTUAL_CLK__
Path Type: min

Fanout     Cap    Slew   Delay    Time   Description
-----------------------------------------------------------------------------
                  0.00    0.00    0.00   clock __VIRTUAL_CLK__ (rise edge)
                          0.00    0.00   clock network delay (ideal)
                          2.00    2.00 ^ input external delay
     1    0.00    0.02    0.01    2.01 ^ in2[3] (in)
                                         in2[3] (net)
                  0.02    0.00    2.01 ^ input12/A (sky130_fd_sc_hd__clkbuf_2)
     3    0.01    0.06    0.10    2.11 ^ input12/X (sky130_fd_sc_hd__clkbuf_2)
                                         net12 (net)
                  0.06    0.00    2.11 ^ _191_/A (sky130_fd_sc_hd__buf_4)
    10    0.04    0.11    0.16    2.27 ^ _191_/X (sky130_fd_sc_hd__buf_4)
                                         _119_ (net)
                  0.11    0.00    2.27 ^ _334_/A1 (sky130_fd_sc_hd__a311o_1)
     1    0.00    0.04    0.15    2.42 ^ _334_/X (sky130_fd_sc_hd__a311o_1)
                                         _086_ (net)
                  0.04    0.00    2.42 ^ _335_/C1 (sky130_fd_sc_hd__a221o_1)
     1    0.01    0.06    0.11    2.53 ^ _335_/X (sky130_fd_sc_hd__a221o_1)
                                         net23 (net)
                  0.06    0.00    2.53 ^ output23/A (sky130_fd_sc_hd__buf_2)
     1    0.03    0.17    0.19    2.72 ^ output23/X (sky130_fd_sc_hd__buf_2)
                                         out[3] (net)
                  0.17    0.00    2.72 ^ out[3] (out)
                                  2.72   data arrival time

                  0.00    0.00    0.00   clock __VIRTUAL_CLK__ (rise edge)
                          0.00    0.00   clock network delay (ideal)
                          0.25    0.25   clock uncertainty
                          0.00    0.25   clock reconvergence pessimism
                         -2.00   -1.75   output external delay
                                 -1.75   data required time
-----------------------------------------------------------------------------
                                 -1.75   data required time
                                 -2.72   data arrival time
-----------------------------------------------------------------------------
                                  4.47   slack (MET)


Startpoint: in2[4] (input port clocked by __VIRTUAL_CLK__)
Endpoint: out[4] (output port clocked by __VIRTUAL_CLK__)
Path Group: __VIRTUAL_CLK__
Path Type: min

Fanout     Cap    Slew   Delay    Time   Description
-----------------------------------------------------------------------------
                  0.00    0.00    0.00   clock __VIRTUAL_CLK__ (rise edge)
                          0.00    0.00   clock network delay (ideal)
                          2.00    2.00 ^ input external delay
     1    0.00    0.02    0.01    2.01 ^ in2[4] (in)
                                         in2[4] (net)
                  0.02    0.00    2.01 ^ input13/A (sky130_fd_sc_hd__clkbuf_4)
     6    0.03    0.09    0.15    2.16 ^ input13/X (sky130_fd_sc_hd__clkbuf_4)
                                         net13 (net)
                  0.09    0.00    2.16 ^ _341_/A1 (sky130_fd_sc_hd__a31o_1)
     1    0.01    0.09    0.17    2.33 ^ _341_/X (sky130_fd_sc_hd__a31o_1)
                                         _092_ (net)
                  0.09    0.00    2.33 ^ _346_/B (sky130_fd_sc_hd__or3_1)
     1    0.01    0.06    0.12    2.45 ^ _346_/X (sky130_fd_sc_hd__or3_1)
                                         _097_ (net)
                  0.06    0.00    2.45 ^ _347_/A (sky130_fd_sc_hd__clkbuf_1)
     1    0.00    0.05    0.09    2.54 ^ _347_/X (sky130_fd_sc_hd__clkbuf_1)
                                         net24 (net)
                  0.05    0.00    2.54 ^ output24/A (sky130_fd_sc_hd__buf_2)
     1    0.03    0.17    0.19    2.73 ^ output24/X (sky130_fd_sc_hd__buf_2)
                                         out[4] (net)
                  0.17    0.00    2.73 ^ out[4] (out)
                                  2.73   data arrival time

                  0.00    0.00    0.00   clock __VIRTUAL_CLK__ (rise edge)
                          0.00    0.00   clock network delay (ideal)
                          0.25    0.25   clock uncertainty
                          0.00    0.25   clock reconvergence pessimism
                         -2.00   -1.75   output external delay
                                 -1.75   data required time
-----------------------------------------------------------------------------
                                 -1.75   data required time
                                 -2.73   data arrival time
-----------------------------------------------------------------------------
                                  4.48   slack (MET)


Startpoint: in1[6] (input port clocked by __VIRTUAL_CLK__)
Endpoint: out[6] (output port clocked by __VIRTUAL_CLK__)
Path Group: __VIRTUAL_CLK__
Path Type: min

Fanout     Cap    Slew   Delay    Time   Description
-----------------------------------------------------------------------------
                  0.00    0.00    0.00   clock __VIRTUAL_CLK__ (rise edge)
                          0.00    0.00   clock network delay (ideal)
                          2.00    2.00 v input external delay
     1    0.00    0.01    0.00    2.00 v in1[6] (in)
                                         in1[6] (net)
                  0.01    0.00    2.00 v input7/A (sky130_fd_sc_hd__buf_2)
     5    0.03    0.07    0.14    2.15 v input7/X (sky130_fd_sc_hd__buf_2)
                                         net7 (net)
                  0.07    0.00    2.15 v _289_/A1 (sky130_fd_sc_hd__o211ai_2)
     1    0.01    0.09    0.21    2.35 ^ _289_/Y (sky130_fd_sc_hd__o211ai_2)
                                         _046_ (net)
                  0.09    0.00    2.35 ^ _290_/B1 (sky130_fd_sc_hd__a31o_1)
     1    0.01    0.08    0.12    2.47 ^ _290_/X (sky130_fd_sc_hd__a31o_1)
                                         _047_ (net)
                  0.08    0.00    2.47 ^ _291_/B1 (sky130_fd_sc_hd__a21o_1)
     1    0.00    0.03    0.07    2.55 ^ _291_/X (sky130_fd_sc_hd__a21o_1)
                                         net26 (net)
                  0.03    0.00    2.55 ^ output26/A (sky130_fd_sc_hd__buf_2)
     1    0.03    0.17    0.18    2.73 ^ output26/X (sky130_fd_sc_hd__buf_2)
                                         out[6] (net)
                  0.17    0.00    2.73 ^ out[6] (out)
                                  2.73   data arrival time

                  0.00    0.00    0.00   clock __VIRTUAL_CLK__ (rise edge)
                          0.00    0.00   clock network delay (ideal)
                          0.25    0.25   clock uncertainty
                          0.00    0.25   clock reconvergence pessimism
                         -2.00   -1.75   output external delay
                                 -1.75   data required time
-----------------------------------------------------------------------------
                                 -1.75   data required time
                                 -2.73   data arrival time
-----------------------------------------------------------------------------
                                  4.48   slack (MET)


Startpoint: op[2] (input port clocked by __VIRTUAL_CLK__)
Endpoint: out[2] (output port clocked by __VIRTUAL_CLK__)
Path Group: __VIRTUAL_CLK__
Path Type: min

Fanout     Cap    Slew   Delay    Time   Description
-----------------------------------------------------------------------------
                  0.00    0.00    0.00   clock __VIRTUAL_CLK__ (rise edge)
                          0.00    0.00   clock network delay (ideal)
                          2.00    2.00 v input external delay
     1    0.00    0.01    0.01    2.01 v op[2] (in)
                                         op[2] (net)
                  0.01    0.00    2.01 v input19/A (sky130_fd_sc_hd__clkbuf_4)
     6    0.04    0.08    0.16    2.16 v input19/X (sky130_fd_sc_hd__clkbuf_4)
                                         net19 (net)
                  0.08    0.00    2.17 v _265_/A (sky130_fd_sc_hd__and3_2)
     7    0.01    0.06    0.21    2.38 v _265_/X (sky130_fd_sc_hd__and3_2)
                                         _023_ (net)
                  0.06    0.00    2.38 v _326_/A2 (sky130_fd_sc_hd__a31o_1)
     1    0.01    0.06    0.22    2.60 v _326_/X (sky130_fd_sc_hd__a31o_1)
                                         net22 (net)
                  0.06    0.00    2.60 v output22/A (sky130_fd_sc_hd__buf_2)
     1    0.03    0.09    0.18    2.78 v output22/X (sky130_fd_sc_hd__buf_2)
                                         out[2] (net)
                  0.09    0.00    2.78 v out[2] (out)
                                  2.78   data arrival time

                  0.00    0.00    0.00   clock __VIRTUAL_CLK__ (rise edge)
                          0.00    0.00   clock network delay (ideal)
                          0.25    0.25   clock uncertainty
                          0.00    0.25   clock reconvergence pessimism
                         -2.00   -1.75   output external delay
                                 -1.75   data required time
-----------------------------------------------------------------------------
                                 -1.75   data required time
                                 -2.78   data arrival time
-----------------------------------------------------------------------------
                                  4.53   slack (MET)


Startpoint: in2[1] (input port clocked by __VIRTUAL_CLK__)
Endpoint: out[1] (output port clocked by __VIRTUAL_CLK__)
Path Group: __VIRTUAL_CLK__
Path Type: min

Fanout     Cap    Slew   Delay    Time   Description
-----------------------------------------------------------------------------
                  0.00    0.00    0.00   clock __VIRTUAL_CLK__ (rise edge)
                          0.00    0.00   clock network delay (ideal)
                          2.00    2.00 ^ input external delay
     1    0.00    0.02    0.01    2.01 ^ in2[1] (in)
                                         in2[1] (net)
                  0.02    0.00    2.01 ^ input10/A (sky130_fd_sc_hd__buf_2)
     5    0.01    0.06    0.11    2.12 ^ input10/X (sky130_fd_sc_hd__buf_2)
                                         net10 (net)
                  0.06    0.00    2.12 ^ _175_/A (sky130_fd_sc_hd__buf_4)
    10    0.03    0.10    0.15    2.27 ^ _175_/X (sky130_fd_sc_hd__buf_4)
                                         _103_ (net)
                  0.10    0.00    2.27 ^ _309_/A2 (sky130_fd_sc_hd__o22a_1)
     1    0.00    0.03    0.12    2.39 ^ _309_/X (sky130_fd_sc_hd__o22a_1)
                                         _063_ (net)
                  0.03    0.00    2.39 ^ _317_/A (sky130_fd_sc_hd__or4b_1)
     1    0.00    0.05    0.09    2.48 ^ _317_/X (sky130_fd_sc_hd__or4b_1)
                                         _071_ (net)
                  0.05    0.00    2.48 ^ _318_/A (sky130_fd_sc_hd__dlymetal6s2s_1)
     1    0.02    0.18    0.18    2.66 ^ _318_/X (sky130_fd_sc_hd__dlymetal6s2s_1)
                                         net21 (net)
                  0.18    0.00    2.66 ^ output21/A (sky130_fd_sc_hd__buf_2)
     1    0.03    0.17    0.23    2.89 ^ output21/X (sky130_fd_sc_hd__buf_2)
                                         out[1] (net)
                  0.17    0.00    2.89 ^ out[1] (out)
                                  2.89   data arrival time

                  0.00    0.00    0.00   clock __VIRTUAL_CLK__ (rise edge)
                          0.00    0.00   clock network delay (ideal)
                          0.25    0.25   clock uncertainty
                          0.00    0.25   clock reconvergence pessimism
                         -2.00   -1.75   output external delay
                                 -1.75   data required time
-----------------------------------------------------------------------------
                                 -1.75   data required time
                                 -2.89   data arrival time
-----------------------------------------------------------------------------
                                  4.64   slack (MET)



worst slack corner Typical: 4.3786
min_report_end
max_report

===========================================================================
report_checks -path_delay max (Setup)
============================================================================
======================= Typical Corner ===================================

Startpoint: op[0] (input port clocked by __VIRTUAL_CLK__)
Endpoint: out[6] (output port clocked by __VIRTUAL_CLK__)
Path Group: __VIRTUAL_CLK__
Path Type: max

Fanout     Cap    Slew   Delay    Time   Description
-----------------------------------------------------------------------------
                  0.00    0.00    0.00   clock __VIRTUAL_CLK__ (rise edge)
                          0.00    0.00   clock network delay (ideal)
                          2.00    2.00 v input external delay
     1    0.00    0.01    0.01    2.01 v op[0] (in)
                                         op[0] (net)
                  0.01    0.00    2.01 v input17/A (sky130_fd_sc_hd__buf_2)
     5    0.01    0.05    0.13    2.14 v input17/X (sky130_fd_sc_hd__buf_2)
                                         net17 (net)
                  0.05    0.00    2.14 v _235_/A_N (sky130_fd_sc_hd__nand3b_4)
     5    0.02    0.10    0.20    2.34 v _235_/Y (sky130_fd_sc_hd__nand3b_4)
                                         _163_ (net)
                  0.10    0.00    2.34 v rebuffer3/A (sky130_fd_sc_hd__dlymetal6s2s_1)
     2    0.01    0.05    0.18    2.52 v rebuffer3/X (sky130_fd_sc_hd__dlymetal6s2s_1)
                                         net30 (net)
                  0.05    0.00    2.52 v rebuffer4/A (sky130_fd_sc_hd__clkbuf_2)
     4    0.02    0.08    0.16    2.68 v rebuffer4/X (sky130_fd_sc_hd__clkbuf_2)
                                         net31 (net)
                  0.08    0.00    2.68 v _240_/B (sky130_fd_sc_hd__and3_4)
     2    0.02    0.05    0.21    2.90 v _240_/X (sky130_fd_sc_hd__and3_4)
                                         _168_ (net)
                  0.05    0.00    2.90 v _241_/A2 (sky130_fd_sc_hd__o21ai_4)
     4    0.03    0.23    0.23    3.12 ^ _241_/Y (sky130_fd_sc_hd__o21ai_4)
                                         _169_ (net)
                  0.23    0.00    3.12 ^ _249_/A (sky130_fd_sc_hd__and2_4)
     2    0.01    0.05    0.21    3.34 ^ _249_/X (sky130_fd_sc_hd__and2_4)
                                         _007_ (net)
                  0.05    0.00    3.34 ^ _250_/B1 (sky130_fd_sc_hd__o21ai_4)
     3    0.01    0.06    0.07    3.40 v _250_/Y (sky130_fd_sc_hd__o21ai_4)
                                         _008_ (net)
                  0.06    0.00    3.40 v _257_/A1 (sky130_fd_sc_hd__a311o_4)
     5    0.02    0.08    0.36    3.77 v _257_/X (sky130_fd_sc_hd__a311o_4)
                                         _015_ (net)
                  0.08    0.00    3.77 v _276_/A3 (sky130_fd_sc_hd__a311oi_4)
     3    0.01    0.25    0.34    4.11 ^ _276_/Y (sky130_fd_sc_hd__a311oi_4)
                                         _033_ (net)
                  0.25    0.00    4.11 ^ _277_/A_N (sky130_fd_sc_hd__and2b_1)
     1    0.01    0.05    0.25    4.35 v _277_/X (sky130_fd_sc_hd__and2b_1)
                                         _034_ (net)
                  0.05    0.00    4.35 v _291_/A2 (sky130_fd_sc_hd__a21o_1)
     1    0.00    0.03    0.17    4.53 v _291_/X (sky130_fd_sc_hd__a21o_1)
                                         net26 (net)
                  0.03    0.00    4.53 v output26/A (sky130_fd_sc_hd__buf_2)
     1    0.03    0.09    0.18    4.71 v output26/X (sky130_fd_sc_hd__buf_2)
                                         out[6] (net)
                  0.09    0.00    4.71 v out[6] (out)
                                  4.71   data arrival time

                  0.00   10.00   10.00   clock __VIRTUAL_CLK__ (rise edge)
                          0.00   10.00   clock network delay (ideal)
                         -0.25    9.75   clock uncertainty
                          0.00    9.75   clock reconvergence pessimism
                         -2.00    7.75   output external delay
                                  7.75   data required time
-----------------------------------------------------------------------------
                                  7.75   data required time
                                 -4.71   data arrival time
-----------------------------------------------------------------------------
                                  3.04   slack (MET)


Startpoint: in1[2] (input port clocked by __VIRTUAL_CLK__)
Endpoint: out[4] (output port clocked by __VIRTUAL_CLK__)
Path Group: __VIRTUAL_CLK__
Path Type: max

Fanout     Cap    Slew   Delay    Time   Description
-----------------------------------------------------------------------------
                  0.00    0.00    0.00   clock __VIRTUAL_CLK__ (rise edge)
                          0.00    0.00   clock network delay (ideal)
                          2.00    2.00 v input external delay
     1    0.00    0.01    0.01    2.01 v in1[2] (in)
                                         in1[2] (net)
                  0.01    0.00    2.01 v input3/A (sky130_fd_sc_hd__buf_2)
     4    0.03    0.08    0.16    2.17 v input3/X (sky130_fd_sc_hd__buf_2)
                                         net3 (net)
                  0.08    0.00    2.17 v _186_/C (sky130_fd_sc_hd__and4_2)
     3    0.02    0.08    0.30    2.46 v _186_/X (sky130_fd_sc_hd__and4_2)
                                         _114_ (net)
                  0.08    0.00    2.46 v _192_/A (sky130_fd_sc_hd__or3_4)
     2    0.01    0.08    0.44    2.90 v _192_/X (sky130_fd_sc_hd__or3_4)
                                         _120_ (net)
                  0.08    0.00    2.90 v _197_/A1 (sky130_fd_sc_hd__a21o_1)
     2    0.00    0.04    0.18    3.08 v _197_/X (sky130_fd_sc_hd__a21o_1)
                                         _125_ (net)
                  0.04    0.00    3.08 v _199_/A3 (sky130_fd_sc_hd__a31o_2)
     2    0.02    0.08    0.30    3.38 v _199_/X (sky130_fd_sc_hd__a31o_2)
                                         _127_ (net)
                  0.08    0.00    3.38 v _201_/B (sky130_fd_sc_hd__xor2_2)
     2    0.01    0.09    0.19    3.57 v _201_/X (sky130_fd_sc_hd__xor2_2)
                                         _129_ (net)
                  0.09    0.00    3.57 v _342_/B1 (sky130_fd_sc_hd__a21o_1)
     1    0.01    0.05    0.19    3.76 v _342_/X (sky130_fd_sc_hd__a21o_1)
                                         _093_ (net)
                  0.05    0.00    3.76 v _345_/A3 (sky130_fd_sc_hd__a31o_1)
     1    0.00    0.04    0.23    3.99 v _345_/X (sky130_fd_sc_hd__a31o_1)
                                         _096_ (net)
                  0.04    0.00    3.99 v _346_/C (sky130_fd_sc_hd__or3_1)
     1    0.01    0.08    0.34    4.33 v _346_/X (sky130_fd_sc_hd__or3_1)
                                         _097_ (net)
                  0.08    0.00    4.33 v _347_/A (sky130_fd_sc_hd__clkbuf_1)
     1    0.00    0.03    0.11    4.44 v _347_/X (sky130_fd_sc_hd__clkbuf_1)
                                         net24 (net)
                  0.03    0.00    4.44 v output24/A (sky130_fd_sc_hd__buf_2)
     1    0.03    0.09    0.18    4.62 v output24/X (sky130_fd_sc_hd__buf_2)
                                         out[4] (net)
                  0.09    0.00    4.62 v out[4] (out)
                                  4.62   data arrival time

                  0.00   10.00   10.00   clock __VIRTUAL_CLK__ (rise edge)
                          0.00   10.00   clock network delay (ideal)
                         -0.25    9.75   clock uncertainty
                          0.00    9.75   clock reconvergence pessimism
                         -2.00    7.75   output external delay
                                  7.75   data required time
-----------------------------------------------------------------------------
                                  7.75   data required time
                                 -4.62   data arrival time
-----------------------------------------------------------------------------
                                  3.13   slack (MET)


Startpoint: op[0] (input port clocked by __VIRTUAL_CLK__)
Endpoint: out[5] (output port clocked by __VIRTUAL_CLK__)
Path Group: __VIRTUAL_CLK__
Path Type: max

Fanout     Cap    Slew   Delay    Time   Description
-----------------------------------------------------------------------------
                  0.00    0.00    0.00   clock __VIRTUAL_CLK__ (rise edge)
                          0.00    0.00   clock network delay (ideal)
                          2.00    2.00 v input external delay
     1    0.00    0.01    0.01    2.01 v op[0] (in)
                                         op[0] (net)
                  0.01    0.00    2.01 v input17/A (sky130_fd_sc_hd__buf_2)
     5    0.01    0.05    0.13    2.14 v input17/X (sky130_fd_sc_hd__buf_2)
                                         net17 (net)
                  0.05    0.00    2.14 v _235_/A_N (sky130_fd_sc_hd__nand3b_4)
     5    0.02    0.10    0.20    2.34 v _235_/Y (sky130_fd_sc_hd__nand3b_4)
                                         _163_ (net)
                  0.10    0.00    2.34 v rebuffer3/A (sky130_fd_sc_hd__dlymetal6s2s_1)
     2    0.01    0.05    0.18    2.52 v rebuffer3/X (sky130_fd_sc_hd__dlymetal6s2s_1)
                                         net30 (net)
                  0.05    0.00    2.52 v rebuffer4/A (sky130_fd_sc_hd__clkbuf_2)
     4    0.02    0.08    0.16    2.68 v rebuffer4/X (sky130_fd_sc_hd__clkbuf_2)
                                         net31 (net)
                  0.08    0.00    2.68 v _240_/B (sky130_fd_sc_hd__and3_4)
     2    0.02    0.05    0.21    2.90 v _240_/X (sky130_fd_sc_hd__and3_4)
                                         _168_ (net)
                  0.05    0.00    2.90 v _241_/A2 (sky130_fd_sc_hd__o21ai_4)
     4    0.03    0.23    0.23    3.12 ^ _241_/Y (sky130_fd_sc_hd__o21ai_4)
                                         _169_ (net)
                  0.23    0.00    3.12 ^ _249_/A (sky130_fd_sc_hd__and2_4)
     2    0.01    0.05    0.21    3.34 ^ _249_/X (sky130_fd_sc_hd__and2_4)
                                         _007_ (net)
                  0.05    0.00    3.34 ^ _250_/B1 (sky130_fd_sc_hd__o21ai_4)
     3    0.01    0.06    0.07    3.40 v _250_/Y (sky130_fd_sc_hd__o21ai_4)
                                         _008_ (net)
                  0.06    0.00    3.40 v _257_/A1 (sky130_fd_sc_hd__a311o_4)
     5    0.02    0.08    0.36    3.77 v _257_/X (sky130_fd_sc_hd__a311o_4)
                                         _015_ (net)
                  0.08    0.00    3.77 v _263_/A2 (sky130_fd_sc_hd__a21o_1)
     1    0.01    0.05    0.22    3.98 v _263_/X (sky130_fd_sc_hd__a21o_1)
                                         _021_ (net)
                  0.05    0.00    3.98 v _266_/A (sky130_fd_sc_hd__and3_1)
     1    0.00    0.04    0.15    4.14 v _266_/X (sky130_fd_sc_hd__and3_1)
                                         _024_ (net)
                  0.04    0.00    4.14 v _267_/C1 (sky130_fd_sc_hd__a211o_1)
     1    0.01    0.08    0.27    4.41 v _267_/X (sky130_fd_sc_hd__a211o_1)
                                         net25 (net)
                  0.08    0.00    4.41 v output25/A (sky130_fd_sc_hd__buf_2)
     1    0.04    0.09    0.21    4.62 v output25/X (sky130_fd_sc_hd__buf_2)
                                         out[5] (net)
                  0.09    0.00    4.62 v out[5] (out)
                                  4.62   data arrival time

                  0.00   10.00   10.00   clock __VIRTUAL_CLK__ (rise edge)
                          0.00   10.00   clock network delay (ideal)
                         -0.25    9.75   clock uncertainty
                          0.00    9.75   clock reconvergence pessimism
                         -2.00    7.75   output external delay
                                  7.75   data required time
-----------------------------------------------------------------------------
                                  7.75   data required time
                                 -4.62   data arrival time
-----------------------------------------------------------------------------
                                  3.13   slack (MET)


Startpoint: op[0] (input port clocked by __VIRTUAL_CLK__)
Endpoint: out[7] (output port clocked by __VIRTUAL_CLK__)
Path Group: __VIRTUAL_CLK__
Path Type: max

Fanout     Cap    Slew   Delay    Time   Description
-----------------------------------------------------------------------------
                  0.00    0.00    0.00   clock __VIRTUAL_CLK__ (rise edge)
                          0.00    0.00   clock network delay (ideal)
                          2.00    2.00 v input external delay
     1    0.00    0.01    0.01    2.01 v op[0] (in)
                                         op[0] (net)
                  0.01    0.00    2.01 v input17/A (sky130_fd_sc_hd__buf_2)
     5    0.01    0.05    0.13    2.14 v input17/X (sky130_fd_sc_hd__buf_2)
                                         net17 (net)
                  0.05    0.00    2.14 v _235_/A_N (sky130_fd_sc_hd__nand3b_4)
     5    0.02    0.10    0.20    2.34 v _235_/Y (sky130_fd_sc_hd__nand3b_4)
                                         _163_ (net)
                  0.10    0.00    2.34 v rebuffer3/A (sky130_fd_sc_hd__dlymetal6s2s_1)
     2    0.01    0.05    0.18    2.52 v rebuffer3/X (sky130_fd_sc_hd__dlymetal6s2s_1)
                                         net30 (net)
                  0.05    0.00    2.52 v rebuffer4/A (sky130_fd_sc_hd__clkbuf_2)
     4    0.02    0.08    0.16    2.68 v rebuffer4/X (sky130_fd_sc_hd__clkbuf_2)
                                         net31 (net)
                  0.08    0.00    2.68 v _240_/B (sky130_fd_sc_hd__and3_4)
     2    0.02    0.05    0.21    2.90 v _240_/X (sky130_fd_sc_hd__and3_4)
                                         _168_ (net)
                  0.05    0.00    2.90 v _248_/C (sky130_fd_sc_hd__or3_1)
     1    0.00    0.08    0.33    3.23 v _248_/X (sky130_fd_sc_hd__or3_1)
                                         _006_ (net)
                  0.08    0.00    3.23 v _249_/B (sky130_fd_sc_hd__and2_4)
     2    0.01    0.04    0.18    3.42 v _249_/X (sky130_fd_sc_hd__and2_4)
                                         _007_ (net)
                  0.04    0.00    3.42 v _250_/B1 (sky130_fd_sc_hd__o21ai_4)
     3    0.02    0.16    0.08    3.49 ^ _250_/Y (sky130_fd_sc_hd__o21ai_4)
                                         _008_ (net)
                  0.16    0.00    3.49 ^ _257_/A1 (sky130_fd_sc_hd__a311o_4)
     5    0.02    0.09    0.26    3.75 ^ _257_/X (sky130_fd_sc_hd__a311o_4)
                                         _015_ (net)
                  0.09    0.00    3.75 ^ _276_/A3 (sky130_fd_sc_hd__a311oi_4)
     3    0.01    0.09    0.11    3.86 v _276_/Y (sky130_fd_sc_hd__a311oi_4)
                                         _033_ (net)
                  0.09    0.00    3.86 v _296_/C (sky130_fd_sc_hd__or3_4)
     1    0.00    0.07    0.35    4.21 v _296_/X (sky130_fd_sc_hd__or3_4)
                                         _052_ (net)
                  0.07    0.00    4.21 v _302_/A3 (sky130_fd_sc_hd__a31o_4)
     1    0.00    0.04    0.25    4.46 v _302_/X (sky130_fd_sc_hd__a31o_4)
                                         net27 (net)
                  0.04    0.00    4.46 v output27/A (sky130_fd_sc_hd__buf_6)
     1    0.04    0.05    0.14    4.60 v output27/X (sky130_fd_sc_hd__buf_6)
                                         out[7] (net)
                  0.05    0.00    4.61 v out[7] (out)
                                  4.61   data arrival time

                  0.00   10.00   10.00   clock __VIRTUAL_CLK__ (rise edge)
                          0.00   10.00   clock network delay (ideal)
                         -0.25    9.75   clock uncertainty
                          0.00    9.75   clock reconvergence pessimism
                         -2.00    7.75   output external delay
                                  7.75   data required time
-----------------------------------------------------------------------------
                                  7.75   data required time
                                 -4.61   data arrival time
-----------------------------------------------------------------------------
                                  3.14   slack (MET)


Startpoint: op[0] (input port clocked by __VIRTUAL_CLK__)
Endpoint: out[3] (output port clocked by __VIRTUAL_CLK__)
Path Group: __VIRTUAL_CLK__
Path Type: max

Fanout     Cap    Slew   Delay    Time   Description
-----------------------------------------------------------------------------
                  0.00    0.00    0.00   clock __VIRTUAL_CLK__ (rise edge)
                          0.00    0.00   clock network delay (ideal)
                          2.00    2.00 v input external delay
     1    0.00    0.01    0.01    2.01 v op[0] (in)
                                         op[0] (net)
                  0.01    0.00    2.01 v input17/A (sky130_fd_sc_hd__buf_2)
     5    0.01    0.05    0.13    2.14 v input17/X (sky130_fd_sc_hd__buf_2)
                                         net17 (net)
                  0.05    0.00    2.14 v _235_/A_N (sky130_fd_sc_hd__nand3b_4)
     5    0.02    0.10    0.20    2.34 v _235_/Y (sky130_fd_sc_hd__nand3b_4)
                                         _163_ (net)
                  0.10    0.00    2.34 v rebuffer3/A (sky130_fd_sc_hd__dlymetal6s2s_1)
     2    0.01    0.05    0.18    2.52 v rebuffer3/X (sky130_fd_sc_hd__dlymetal6s2s_1)
                                         net30 (net)
                  0.05    0.00    2.52 v rebuffer4/A (sky130_fd_sc_hd__clkbuf_2)
     4    0.02    0.08    0.16    2.68 v rebuffer4/X (sky130_fd_sc_hd__clkbuf_2)
                                         net31 (net)
                  0.08    0.00    2.68 v _240_/B (sky130_fd_sc_hd__and3_4)
     2    0.02    0.05    0.21    2.90 v _240_/X (sky130_fd_sc_hd__and3_4)
                                         _168_ (net)
                  0.05    0.00    2.90 v _248_/C (sky130_fd_sc_hd__or3_1)
     1    0.00    0.08    0.33    3.23 v _248_/X (sky130_fd_sc_hd__or3_1)
                                         _006_ (net)
                  0.08    0.00    3.23 v _249_/B (sky130_fd_sc_hd__and2_4)
     2    0.01    0.04    0.18    3.42 v _249_/X (sky130_fd_sc_hd__and2_4)
                                         _007_ (net)
                  0.04    0.00    3.42 v _250_/B1 (sky130_fd_sc_hd__o21ai_4)
     3    0.02    0.16    0.08    3.49 ^ _250_/Y (sky130_fd_sc_hd__o21ai_4)
                                         _008_ (net)
                  0.16    0.00    3.49 ^ rebuffer1/A (sky130_fd_sc_hd__dlygate4sd1_1)
     2    0.00    0.05    0.24    3.73 ^ rebuffer1/X (sky130_fd_sc_hd__dlygate4sd1_1)
                                         net28 (net)
                  0.05    0.00    3.73 ^ _328_/B (sky130_fd_sc_hd__nand2_1)
     1    0.01    0.11    0.09    3.82 v _328_/Y (sky130_fd_sc_hd__nand2_1)
                                         _080_ (net)
                  0.11    0.00    3.82 v _329_/B (sky130_fd_sc_hd__xnor2_2)
     1    0.01    0.07    0.18    4.00 v _329_/Y (sky130_fd_sc_hd__xnor2_2)
                                         _081_ (net)
                  0.07    0.00    4.00 v _335_/A2 (sky130_fd_sc_hd__a221o_1)
     1    0.01    0.06    0.38    4.38 v _335_/X (sky130_fd_sc_hd__a221o_1)
                                         net23 (net)
                  0.06    0.00    4.38 v output23/A (sky130_fd_sc_hd__buf_2)
     1    0.03    0.09    0.20    4.58 v output23/X (sky130_fd_sc_hd__buf_2)
                                         out[3] (net)
                  0.09    0.00    4.58 v out[3] (out)
                                  4.58   data arrival time

                  0.00   10.00   10.00   clock __VIRTUAL_CLK__ (rise edge)
                          0.00   10.00   clock network delay (ideal)
                         -0.25    9.75   clock uncertainty
                          0.00    9.75   clock reconvergence pessimism
                         -2.00    7.75   output external delay
                                  7.75   data required time
-----------------------------------------------------------------------------
                                  7.75   data required time
                                 -4.58   data arrival time
-----------------------------------------------------------------------------
                                  3.17   slack (MET)


Startpoint: op[0] (input port clocked by __VIRTUAL_CLK__)
Endpoint: out[2] (output port clocked by __VIRTUAL_CLK__)
Path Group: __VIRTUAL_CLK__
Path Type: max

Fanout     Cap    Slew   Delay    Time   Description
-----------------------------------------------------------------------------
                  0.00    0.00    0.00   clock __VIRTUAL_CLK__ (rise edge)
                          0.00    0.00   clock network delay (ideal)
                          2.00    2.00 v input external delay
     1    0.00    0.01    0.01    2.01 v op[0] (in)
                                         op[0] (net)
                  0.01    0.00    2.01 v input17/A (sky130_fd_sc_hd__buf_2)
     5    0.01    0.05    0.13    2.14 v input17/X (sky130_fd_sc_hd__buf_2)
                                         net17 (net)
                  0.05    0.00    2.14 v _235_/A_N (sky130_fd_sc_hd__nand3b_4)
     5    0.02    0.10    0.20    2.34 v _235_/Y (sky130_fd_sc_hd__nand3b_4)
                                         _163_ (net)
                  0.10    0.00    2.34 v rebuffer3/A (sky130_fd_sc_hd__dlymetal6s2s_1)
     2    0.01    0.05    0.18    2.52 v rebuffer3/X (sky130_fd_sc_hd__dlymetal6s2s_1)
                                         net30 (net)
                  0.05    0.00    2.52 v rebuffer4/A (sky130_fd_sc_hd__clkbuf_2)
     4    0.02    0.08    0.16    2.68 v rebuffer4/X (sky130_fd_sc_hd__clkbuf_2)
                                         net31 (net)
                  0.08    0.00    2.68 v _240_/B (sky130_fd_sc_hd__and3_4)
     2    0.02    0.05    0.21    2.90 v _240_/X (sky130_fd_sc_hd__and3_4)
                                         _168_ (net)
                  0.05    0.00    2.90 v _248_/C (sky130_fd_sc_hd__or3_1)
     1    0.00    0.08    0.33    3.23 v _248_/X (sky130_fd_sc_hd__or3_1)
                                         _006_ (net)
                  0.08    0.00    3.23 v _249_/B (sky130_fd_sc_hd__and2_4)
     2    0.01    0.04    0.18    3.42 v _249_/X (sky130_fd_sc_hd__and2_4)
                                         _007_ (net)
                  0.04    0.00    3.42 v _319_/A (sky130_fd_sc_hd__or3_2)
     1    0.00    0.07    0.48    3.90 v _319_/X (sky130_fd_sc_hd__or3_2)
                                         _072_ (net)
                  0.07    0.00    3.90 v _326_/A3 (sky130_fd_sc_hd__a31o_1)
     1    0.01    0.06    0.26    4.16 v _326_/X (sky130_fd_sc_hd__a31o_1)
                                         net22 (net)
                  0.06    0.00    4.16 v output22/A (sky130_fd_sc_hd__buf_2)
     1    0.03    0.09    0.20    4.35 v output22/X (sky130_fd_sc_hd__buf_2)
                                         out[2] (net)
                  0.09    0.00    4.36 v out[2] (out)
                                  4.36   data arrival time

                  0.00   10.00   10.00   clock __VIRTUAL_CLK__ (rise edge)
                          0.00   10.00   clock network delay (ideal)
                         -0.25    9.75   clock uncertainty
                          0.00    9.75   clock reconvergence pessimism
                         -2.00    7.75   output external delay
                                  7.75   data required time
-----------------------------------------------------------------------------
                                  7.75   data required time
                                 -4.36   data arrival time
-----------------------------------------------------------------------------
                                  3.39   slack (MET)


Startpoint: op[0] (input port clocked by __VIRTUAL_CLK__)
Endpoint: out[1] (output port clocked by __VIRTUAL_CLK__)
Path Group: __VIRTUAL_CLK__
Path Type: max

Fanout     Cap    Slew   Delay    Time   Description
-----------------------------------------------------------------------------
                  0.00    0.00    0.00   clock __VIRTUAL_CLK__ (rise edge)
                          0.00    0.00   clock network delay (ideal)
                          2.00    2.00 v input external delay
     1    0.00    0.01    0.01    2.01 v op[0] (in)
                                         op[0] (net)
                  0.01    0.00    2.01 v input17/A (sky130_fd_sc_hd__buf_2)
     5    0.01    0.05    0.13    2.14 v input17/X (sky130_fd_sc_hd__buf_2)
                                         net17 (net)
                  0.05    0.00    2.14 v _235_/A_N (sky130_fd_sc_hd__nand3b_4)
     5    0.02    0.10    0.20    2.34 v _235_/Y (sky130_fd_sc_hd__nand3b_4)
                                         _163_ (net)
                  0.10    0.00    2.34 v rebuffer3/A (sky130_fd_sc_hd__dlymetal6s2s_1)
     2    0.01    0.05    0.18    2.52 v rebuffer3/X (sky130_fd_sc_hd__dlymetal6s2s_1)
                                         net30 (net)
                  0.05    0.00    2.52 v _243_/A2 (sky130_fd_sc_hd__a21oi_1)
     2    0.01    0.25    0.26    2.78 ^ _243_/Y (sky130_fd_sc_hd__a21oi_1)
                                         _001_ (net)
                  0.25    0.00    2.78 ^ _244_/A2 (sky130_fd_sc_hd__o21a_2)
     4    0.01    0.09    0.21    2.99 ^ _244_/X (sky130_fd_sc_hd__o21a_2)
                                         _002_ (net)
                  0.09    0.00    2.99 ^ _247_/A_N (sky130_fd_sc_hd__and3b_2)
     3    0.02    0.08    0.27    3.26 v _247_/X (sky130_fd_sc_hd__and3b_2)
                                         _005_ (net)
                  0.08    0.00    3.26 v _316_/A (sky130_fd_sc_hd__or3b_1)
     1    0.01    0.08    0.42    3.68 v _316_/X (sky130_fd_sc_hd__or3b_1)
                                         _070_ (net)
                  0.08    0.00    3.68 v _317_/D_N (sky130_fd_sc_hd__or4b_1)
     1    0.00    0.05    0.19    3.87 ^ _317_/X (sky130_fd_sc_hd__or4b_1)
                                         _071_ (net)
                  0.05    0.00    3.87 ^ _318_/A (sky130_fd_sc_hd__dlymetal6s2s_1)
     1    0.02    0.18    0.20    4.07 ^ _318_/X (sky130_fd_sc_hd__dlymetal6s2s_1)
                                         net21 (net)
                  0.18    0.00    4.07 ^ output21/A (sky130_fd_sc_hd__buf_2)
     1    0.03    0.17    0.25    4.32 ^ output21/X (sky130_fd_sc_hd__buf_2)
                                         out[1] (net)
                  0.17    0.00    4.32 ^ out[1] (out)
                                  4.32   data arrival time

                  0.00   10.00   10.00   clock __VIRTUAL_CLK__ (rise edge)
                          0.00   10.00   clock network delay (ideal)
                         -0.25    9.75   clock uncertainty
                          0.00    9.75   clock reconvergence pessimism
                         -2.00    7.75   output external delay
                                  7.75   data required time
-----------------------------------------------------------------------------
                                  7.75   data required time
                                 -4.32   data arrival time
-----------------------------------------------------------------------------
                                  3.43   slack (MET)


Startpoint: op[1] (input port clocked by __VIRTUAL_CLK__)
Endpoint: out[0] (output port clocked by __VIRTUAL_CLK__)
Path Group: __VIRTUAL_CLK__
Path Type: max

Fanout     Cap    Slew   Delay    Time   Description
-----------------------------------------------------------------------------
                  0.00    0.00    0.00   clock __VIRTUAL_CLK__ (rise edge)
                          0.00    0.00   clock network delay (ideal)
                          2.00    2.00 v input external delay
     1    0.00    0.01    0.01    2.01 v op[1] (in)
                                         op[1] (net)
                  0.01    0.00    2.01 v input18/A (sky130_fd_sc_hd__clkbuf_4)
     6    0.03    0.07    0.16    2.17 v input18/X (sky130_fd_sc_hd__clkbuf_4)
                                         net18 (net)
                  0.07    0.00    2.17 v _171_/B (sky130_fd_sc_hd__or2_2)
     4    0.02    0.10    0.36    2.53 v _171_/X (sky130_fd_sc_hd__or2_2)
                                         _099_ (net)
                  0.10    0.00    2.53 v _224_/B (sky130_fd_sc_hd__or2_1)
     1    0.00    0.05    0.24    2.77 v _224_/X (sky130_fd_sc_hd__or2_1)
                                         _152_ (net)
                  0.05    0.00    2.77 v _225_/A (sky130_fd_sc_hd__clkbuf_4)
     8    0.02    0.06    0.18    2.94 v _225_/X (sky130_fd_sc_hd__clkbuf_4)
                                         _153_ (net)
                  0.06    0.00    2.94 v _306_/A2 (sky130_fd_sc_hd__o21ai_2)
     1    0.00    0.08    0.11    3.05 ^ _306_/Y (sky130_fd_sc_hd__o21ai_2)
                                         _061_ (net)
                  0.08    0.00    3.05 ^ _307_/B1 (sky130_fd_sc_hd__a31o_1)
     1    0.01    0.11    0.16    3.21 ^ _307_/X (sky130_fd_sc_hd__a31o_1)
                                         net20 (net)
                  0.11    0.00    3.21 ^ output20/A (sky130_fd_sc_hd__buf_2)
     1    0.03    0.17    0.23    3.44 ^ output20/X (sky130_fd_sc_hd__buf_2)
                                         out[0] (net)
                  0.17    0.00    3.44 ^ out[0] (out)
                                  3.44   data arrival time

                  0.00   10.00   10.00   clock __VIRTUAL_CLK__ (rise edge)
                          0.00   10.00   clock network delay (ideal)
                         -0.25    9.75   clock uncertainty
                          0.00    9.75   clock reconvergence pessimism
                         -2.00    7.75   output external delay
                                  7.75   data required time
-----------------------------------------------------------------------------
                                  7.75   data required time
                                 -3.44   data arrival time
-----------------------------------------------------------------------------
                                  4.31   slack (MET)



worst slack corner Typical: 3.0420
max_report_end
checks_report

===========================================================================
report_checks -unconstrained
===========================================================================
======================= Typical Corner ===================================

Startpoint: op[0] (input port clocked by __VIRTUAL_CLK__)
Endpoint: out[6] (output port clocked by __VIRTUAL_CLK__)
Path Group: __VIRTUAL_CLK__
Path Type: max

Fanout     Cap    Slew   Delay    Time   Description
-----------------------------------------------------------------------------
                  0.00    0.00    0.00   clock __VIRTUAL_CLK__ (rise edge)
                          0.00    0.00   clock network delay (ideal)
                          2.00    2.00 v input external delay
     1    0.00    0.01    0.01    2.01 v op[0] (in)
                                         op[0] (net)
                  0.01    0.00    2.01 v input17/A (sky130_fd_sc_hd__buf_2)
     5    0.01    0.05    0.13    2.14 v input17/X (sky130_fd_sc_hd__buf_2)
                                         net17 (net)
                  0.05    0.00    2.14 v _235_/A_N (sky130_fd_sc_hd__nand3b_4)
     5    0.02    0.10    0.20    2.34 v _235_/Y (sky130_fd_sc_hd__nand3b_4)
                                         _163_ (net)
                  0.10    0.00    2.34 v rebuffer3/A (sky130_fd_sc_hd__dlymetal6s2s_1)
     2    0.01    0.05    0.18    2.52 v rebuffer3/X (sky130_fd_sc_hd__dlymetal6s2s_1)
                                         net30 (net)
                  0.05    0.00    2.52 v rebuffer4/A (sky130_fd_sc_hd__clkbuf_2)
     4    0.02    0.08    0.16    2.68 v rebuffer4/X (sky130_fd_sc_hd__clkbuf_2)
                                         net31 (net)
                  0.08    0.00    2.68 v _240_/B (sky130_fd_sc_hd__and3_4)
     2    0.02    0.05    0.21    2.90 v _240_/X (sky130_fd_sc_hd__and3_4)
                                         _168_ (net)
                  0.05    0.00    2.90 v _241_/A2 (sky130_fd_sc_hd__o21ai_4)
     4    0.03    0.23    0.23    3.12 ^ _241_/Y (sky130_fd_sc_hd__o21ai_4)
                                         _169_ (net)
                  0.23    0.00    3.12 ^ _249_/A (sky130_fd_sc_hd__and2_4)
     2    0.01    0.05    0.21    3.34 ^ _249_/X (sky130_fd_sc_hd__and2_4)
                                         _007_ (net)
                  0.05    0.00    3.34 ^ _250_/B1 (sky130_fd_sc_hd__o21ai_4)
     3    0.01    0.06    0.07    3.40 v _250_/Y (sky130_fd_sc_hd__o21ai_4)
                                         _008_ (net)
                  0.06    0.00    3.40 v _257_/A1 (sky130_fd_sc_hd__a311o_4)
     5    0.02    0.08    0.36    3.77 v _257_/X (sky130_fd_sc_hd__a311o_4)
                                         _015_ (net)
                  0.08    0.00    3.77 v _276_/A3 (sky130_fd_sc_hd__a311oi_4)
     3    0.01    0.25    0.34    4.11 ^ _276_/Y (sky130_fd_sc_hd__a311oi_4)
                                         _033_ (net)
                  0.25    0.00    4.11 ^ _277_/A_N (sky130_fd_sc_hd__and2b_1)
     1    0.01    0.05    0.25    4.35 v _277_/X (sky130_fd_sc_hd__and2b_1)
                                         _034_ (net)
                  0.05    0.00    4.35 v _291_/A2 (sky130_fd_sc_hd__a21o_1)
     1    0.00    0.03    0.17    4.53 v _291_/X (sky130_fd_sc_hd__a21o_1)
                                         net26 (net)
                  0.03    0.00    4.53 v output26/A (sky130_fd_sc_hd__buf_2)
     1    0.03    0.09    0.18    4.71 v output26/X (sky130_fd_sc_hd__buf_2)
                                         out[6] (net)
                  0.09    0.00    4.71 v out[6] (out)
                                  4.71   data arrival time

                  0.00   10.00   10.00   clock __VIRTUAL_CLK__ (rise edge)
                          0.00   10.00   clock network delay (ideal)
                         -0.25    9.75   clock uncertainty
                          0.00    9.75   clock reconvergence pessimism
                         -2.00    7.75   output external delay
                                  7.75   data required time
-----------------------------------------------------------------------------
                                  7.75   data required time
                                 -4.71   data arrival time
-----------------------------------------------------------------------------
                                  3.04   slack (MET)




===========================================================================
report_checks --slack_max -0.01
============================================================================
======================= Typical Corner ===================================

No paths found.


===========================================================================
 report_check_types -max_slew -max_cap -max_fanout -violators
============================================================================
======================= Typical Corner ===================================


max slew violations count Typical: 0
max fanout violations count Typical: 0
max cap violations count Typical: 0

===========================================================================
report_parasitic_annotation -report_unannotated
============================================================================
Found 0 unannotated drivers.
Found 133 partially unannotated drivers.
 in1[1]
 in1[3]
 in1[5]
 in1[7]
 in2[3]
 in2[7]
 _172_/Y
 _173_/X
 _175_/X
 _176_/X
 _177_/Y
 _178_/X
 _179_/X
 _180_/Y
 _181_/X
 _182_/Y
 _183_/Y
 _184_/X
 _185_/Y
 _187_/Y
 _189_/Y
 _190_/X
 _191_/X
 _192_/X
 _195_/X
 _197_/X
 _198_/X
 _200_/Y
 _201_/X
 _204_/Y
 _205_/X
 _206_/X
 _209_/Y
 _210_/Y
 _211_/X
 _216_/Y
 _218_/X
 _219_/Y
 _222_/Y
 _223_/Y
 _224_/X
 _225_/X
 _226_/Y
 _228_/Y
 _229_/X
 _230_/X
 _232_/X
 _233_/X
 _234_/X
 _236_/X
 _237_/Y
 _238_/Y
 _239_/Y
 _244_/X
 _245_/X
 _247_/X
 _249_/X
 _252_/Y
 _254_/Y
 _255_/X
 _257_/X
 _258_/X
 _260_/X
 _261_/Y
 _262_/Y
 _264_/Y
 _265_/X
 _269_/Y
 _270_/X
 _273_/Y
 _274_/X
 _276_/Y
 _279_/Y
 _280_/X
 _281_/Y
 _282_/X
 _283_/X
 _284_/Y
 _286_/Y
 _287_/X
 _288_/X
 _291_/X
 _292_/Y
 _293_/X
 _294_/X
 _295_/Y
 _296_/X
 _297_/Y
 _298_/X
 _299_/Y
 _301_/X
 _302_/X
 _303_/X
 _306_/Y
 _307_/X
 _308_/Y
 _309_/X
 _314_/X
 _315_/Y
 _319_/X
 _321_/Y
 _323_/Y
 _324_/X
 _325_/Y
 _329_/Y
 _330_/X
 _331_/Y
 _333_/Y
 _334_/X
 _335_/X
 _336_/X
 _337_/Y
 _338_/X
 _339_/Y
 _340_/X
 _343_/X
 input1/X
 input10/X
 input12/X
 input13/X
 input14/X
 input15/X
 input17/X
 input18/X
 input19/X
 input2/X
 input3/X
 input4/X
 input5/X
 input7/X
 input8/X
 input9/X
 rebuffer1/X

===========================================================================
max slew violation count 0
max fanout violation count 0
max cap violation count 0
============================================================================

===========================================================================
check_setup -verbose -unconstrained_endpoints -multiple_clock -no_clock -no_input_delay -loops -generated_clocks
===========================================================================
checks_report_end
power_report

===========================================================================
 report_power
============================================================================
======================= Typical Corner ===================================

Group                  Internal  Switching    Leakage      Total
                          Power      Power      Power      Power (Watts)
----------------------------------------------------------------
Sequential             0.00e+00   0.00e+00   0.00e+00   0.00e+00   0.0%
Combinational          5.46e-05   6.84e-05   8.73e-10   1.23e-04 100.0%
Clock                  0.00e+00   0.00e+00   3.05e-10   3.05e-10   0.0%
Macro                  0.00e+00   0.00e+00   0.00e+00   0.00e+00   0.0%
Pad                    0.00e+00   0.00e+00   0.00e+00   0.00e+00   0.0%
----------------------------------------------------------------
Total                  5.46e-05   6.84e-05   1.18e-09   1.23e-04 100.0%
                          44.4%      55.6%       0.0%

power_report_end
summary_report

===========================================================================
report_tns
============================================================================
tns 0.00

===========================================================================
report_wns
============================================================================
wns 0.00

===========================================================================
report_worst_slack -max (Setup)
============================================================================
worst slack 3.04

===========================================================================
report_worst_slack -min (Hold)
============================================================================
worst slack 4.38
summary_report_end
area_report

===========================================================================
report_design_area
============================================================================
Design area 2026 u^2 18% utilization.
area_report_end
check_nonpropagated_clocks
__VIRTUAL_CLK__
check_nonpropagated_clocks_end
[WARNING] Did not save OpenROAD database!
Writing SDF to '/openlane/designs/ALU/runs/RUN_2025.05.04_16.20.42/results/signoff/alu.sdf'…
Writing timing model to '/openlane/designs/ALU/runs/RUN_2025.05.04_16.20.42/results/signoff/alu.lib'…
