OpenROAD b16bda7e82721d10566ff7e2b68f1ff0be9f9e38 
Features included (+) or not (-): +Charts +GPU +GUI +Python
This program is licensed under the BSD-3 license. See the LICENSE file for details.
Components of this program may be licensed under more restrictive licenses which must be honored.
define_corners Typical
read_liberty -corner Typical /home/merteray/.volare/sky130A/libs.ref/sky130_fd_sc_hd/lib/sky130_fd_sc_hd__tt_025C_1v80.lib
Using 1e-12 for capacitance...
Using 1e+03 for resistance...
Using 1e-09 for time...
Using 1e+00 for voltage...
Using 1e-03 for current...
Using 1e-09 for power...
Using 1e-06 for distance...
[INFO]: Reading ODB at '/openlane/designs/ALU/runs/RUN_2025.05.04_16.20.42/tmp/routing/18-global.odb'…
Reading design constraints file at '/openlane/scripts/base.sdc'…
[INFO]: Setting output delay to: 2.0
[INFO]: Setting input delay to: 2.0
[WARNING STA-0366] port '__VIRTUAL_CLK__' not found.
[INFO]: Setting load to: 0.033442
[INFO]: Setting clock uncertainty to: 0.25
[INFO]: Setting clock transition to: 0.15
[WARNING STA-0419] transition time can not be specified for virtual clocks.
[INFO]: Setting timing derate to: 5.0 %
[INFO]: Propagating all clocks
[WARNING STA-0450] virtual clock __VIRTUAL_CLK__ can not be propagated.
min_report

===========================================================================
report_checks -path_delay min (Hold)
============================================================================
======================= Typical Corner ===================================

Startpoint: in1[5] (input port clocked by __VIRTUAL_CLK__)
Endpoint: out[5] (output port clocked by __VIRTUAL_CLK__)
Path Group: __VIRTUAL_CLK__
Path Type: min

Fanout     Cap    Slew   Delay    Time   Description
-----------------------------------------------------------------------------
                  0.00    0.00    0.00   clock __VIRTUAL_CLK__ (rise edge)
                          0.00    0.00   clock network delay (ideal)
                          2.00    2.00 ^ input external delay
     1    0.00    0.02    0.01    2.01 ^ in1[5] (in)
                                         in1[5] (net)
                  0.02    0.00    2.01 ^ input6/A (sky130_fd_sc_hd__buf_2)
     6    0.02    0.09    0.12    2.13 ^ input6/X (sky130_fd_sc_hd__buf_2)
                                         net6 (net)
                  0.09    0.00    2.13 ^ _233_/A2 (sky130_fd_sc_hd__a311o_1)
     1    0.00    0.05    0.15    2.28 ^ _233_/X (sky130_fd_sc_hd__a311o_1)
                                         _161_ (net)
                  0.05    0.00    2.28 ^ _267_/B1 (sky130_fd_sc_hd__a211o_1)
     1    0.00    0.03    0.08    2.36 ^ _267_/X (sky130_fd_sc_hd__a211o_1)
                                         net25 (net)
                  0.03    0.00    2.36 ^ output25/A (sky130_fd_sc_hd__buf_2)
     1    0.03    0.17    0.18    2.54 ^ output25/X (sky130_fd_sc_hd__buf_2)
                                         out[5] (net)
                  0.17    0.00    2.54 ^ out[5] (out)
                                  2.54   data arrival time

                  0.00    0.00    0.00   clock __VIRTUAL_CLK__ (rise edge)
                          0.00    0.00   clock network delay (ideal)
                          0.25    0.25   clock uncertainty
                          0.00    0.25   clock reconvergence pessimism
                         -2.00   -1.75   output external delay
                                 -1.75   data required time
-----------------------------------------------------------------------------
                                 -1.75   data required time
                                 -2.54   data arrival time
-----------------------------------------------------------------------------
                                  4.29   slack (MET)


Startpoint: in2[0] (input port clocked by __VIRTUAL_CLK__)
Endpoint: out[0] (output port clocked by __VIRTUAL_CLK__)
Path Group: __VIRTUAL_CLK__
Path Type: min

Fanout     Cap    Slew   Delay    Time   Description
-----------------------------------------------------------------------------
                  0.00    0.00    0.00   clock __VIRTUAL_CLK__ (rise edge)
                          0.00    0.00   clock network delay (ideal)
                          2.00    2.00 ^ input external delay
     1    0.00    0.02    0.01    2.01 ^ in2[0] (in)
                                         in2[0] (net)
                  0.02    0.00    2.01 ^ input9/A (sky130_fd_sc_hd__clkbuf_2)
     4    0.01    0.06    0.10    2.11 ^ input9/X (sky130_fd_sc_hd__clkbuf_2)
                                         net9 (net)
                  0.06    0.00    2.11 ^ _184_/A (sky130_fd_sc_hd__buf_4)
    10    0.03    0.10    0.15    2.25 ^ _184_/X (sky130_fd_sc_hd__buf_4)
                                         _112_ (net)
                  0.10    0.00    2.25 ^ _307_/A1 (sky130_fd_sc_hd__a31o_1)
     1    0.00    0.03    0.12    2.37 ^ _307_/X (sky130_fd_sc_hd__a31o_1)
                                         net20 (net)
                  0.03    0.00    2.37 ^ output20/A (sky130_fd_sc_hd__buf_2)
     1    0.03    0.17    0.18    2.56 ^ output20/X (sky130_fd_sc_hd__buf_2)
                                         out[0] (net)
                  0.17    0.00    2.56 ^ out[0] (out)
                                  2.56   data arrival time

                  0.00    0.00    0.00   clock __VIRTUAL_CLK__ (rise edge)
                          0.00    0.00   clock network delay (ideal)
                          0.25    0.25   clock uncertainty
                          0.00    0.25   clock reconvergence pessimism
                         -2.00   -1.75   output external delay
                                 -1.75   data required time
-----------------------------------------------------------------------------
                                 -1.75   data required time
                                 -2.56   data arrival time
-----------------------------------------------------------------------------
                                  4.31   slack (MET)


Startpoint: in1[6] (input port clocked by __VIRTUAL_CLK__)
Endpoint: out[6] (output port clocked by __VIRTUAL_CLK__)
Path Group: __VIRTUAL_CLK__
Path Type: min

Fanout     Cap    Slew   Delay    Time   Description
-----------------------------------------------------------------------------
                  0.00    0.00    0.00   clock __VIRTUAL_CLK__ (rise edge)
                          0.00    0.00   clock network delay (ideal)
                          2.00    2.00 v input external delay
     1    0.00    0.01    0.00    2.00 v in1[6] (in)
                                         in1[6] (net)
                  0.01    0.00    2.00 v input7/A (sky130_fd_sc_hd__buf_2)
     5    0.01    0.05    0.12    2.12 v input7/X (sky130_fd_sc_hd__buf_2)
                                         net7 (net)
                  0.05    0.00    2.12 v _289_/A1 (sky130_fd_sc_hd__o211ai_2)
     1    0.00    0.04    0.14    2.26 ^ _289_/Y (sky130_fd_sc_hd__o211ai_2)
                                         _046_ (net)
                  0.04    0.00    2.26 ^ _290_/B1 (sky130_fd_sc_hd__a31o_1)
     1    0.00    0.04    0.08    2.34 ^ _290_/X (sky130_fd_sc_hd__a31o_1)
                                         _047_ (net)
                  0.04    0.00    2.34 ^ _291_/B1 (sky130_fd_sc_hd__a21o_1)
     1    0.00    0.03    0.06    2.40 ^ _291_/X (sky130_fd_sc_hd__a21o_1)
                                         net26 (net)
                  0.03    0.00    2.40 ^ output26/A (sky130_fd_sc_hd__buf_2)
     1    0.03    0.17    0.18    2.58 ^ output26/X (sky130_fd_sc_hd__buf_2)
                                         out[6] (net)
                  0.17    0.00    2.58 ^ out[6] (out)
                                  2.58   data arrival time

                  0.00    0.00    0.00   clock __VIRTUAL_CLK__ (rise edge)
                          0.00    0.00   clock network delay (ideal)
                          0.25    0.25   clock uncertainty
                          0.00    0.25   clock reconvergence pessimism
                         -2.00   -1.75   output external delay
                                 -1.75   data required time
-----------------------------------------------------------------------------
                                 -1.75   data required time
                                 -2.58   data arrival time
-----------------------------------------------------------------------------
                                  4.33   slack (MET)


Startpoint: in2[4] (input port clocked by __VIRTUAL_CLK__)
Endpoint: out[4] (output port clocked by __VIRTUAL_CLK__)
Path Group: __VIRTUAL_CLK__
Path Type: min

Fanout     Cap    Slew   Delay    Time   Description
-----------------------------------------------------------------------------
                  0.00    0.00    0.00   clock __VIRTUAL_CLK__ (rise edge)
                          0.00    0.00   clock network delay (ideal)
                          2.00    2.00 ^ input external delay
     1    0.00    0.02    0.01    2.01 ^ in2[4] (in)
                                         in2[4] (net)
                  0.02    0.00    2.01 ^ input13/A (sky130_fd_sc_hd__clkbuf_4)
     6    0.03    0.09    0.15    2.16 ^ input13/X (sky130_fd_sc_hd__clkbuf_4)
                                         net13 (net)
                  0.09    0.00    2.16 ^ _341_/A1 (sky130_fd_sc_hd__a31o_1)
     1    0.00    0.03    0.12    2.28 ^ _341_/X (sky130_fd_sc_hd__a31o_1)
                                         _092_ (net)
                  0.03    0.00    2.28 ^ _346_/B (sky130_fd_sc_hd__or3_1)
     1    0.00    0.03    0.08    2.36 ^ _346_/X (sky130_fd_sc_hd__or3_1)
                                         _097_ (net)
                  0.03    0.00    2.36 ^ _347_/A (sky130_fd_sc_hd__clkbuf_1)
     1    0.00    0.03    0.07    2.42 ^ _347_/X (sky130_fd_sc_hd__clkbuf_1)
                                         net24 (net)
                  0.03    0.00    2.42 ^ output24/A (sky130_fd_sc_hd__buf_2)
     1    0.03    0.17    0.18    2.61 ^ output24/X (sky130_fd_sc_hd__buf_2)
                                         out[4] (net)
                  0.17    0.00    2.61 ^ out[4] (out)
                                  2.61   data arrival time

                  0.00    0.00    0.00   clock __VIRTUAL_CLK__ (rise edge)
                          0.00    0.00   clock network delay (ideal)
                          0.25    0.25   clock uncertainty
                          0.00    0.25   clock reconvergence pessimism
                         -2.00   -1.75   output external delay
                                 -1.75   data required time
-----------------------------------------------------------------------------
                                 -1.75   data required time
                                 -2.61   data arrival time
-----------------------------------------------------------------------------
                                  4.36   slack (MET)


Startpoint: in1[7] (input port clocked by __VIRTUAL_CLK__)
Endpoint: out[7] (output port clocked by __VIRTUAL_CLK__)
Path Group: __VIRTUAL_CLK__
Path Type: min

Fanout     Cap    Slew   Delay    Time   Description
-----------------------------------------------------------------------------
                  0.00    0.00    0.00   clock __VIRTUAL_CLK__ (rise edge)
                          0.00    0.00   clock network delay (ideal)
                          2.00    2.00 ^ input external delay
     1    0.00    0.02    0.01    2.01 ^ in1[7] (in)
                                         in1[7] (net)
                  0.02    0.00    2.01 ^ input8/A (sky130_fd_sc_hd__buf_4)
     4    0.03    0.08    0.12    2.13 ^ input8/X (sky130_fd_sc_hd__buf_4)
                                         net8 (net)
                  0.08    0.00    2.13 ^ _292_/B (sky130_fd_sc_hd__xnor2_4)
     2    0.01    0.06    0.12    2.25 ^ _292_/Y (sky130_fd_sc_hd__xnor2_4)
                                         _048_ (net)
                  0.06    0.00    2.25 ^ _294_/A (sky130_fd_sc_hd__xor2_2)
     2    0.01    0.04    0.07    2.32 v _294_/X (sky130_fd_sc_hd__xor2_2)
                                         _050_ (net)
                  0.04    0.00    2.32 v _295_/B1 (sky130_fd_sc_hd__o21ai_2)
     1    0.00    0.05    0.05    2.37 ^ _295_/Y (sky130_fd_sc_hd__o21ai_2)
                                         _051_ (net)
                  0.05    0.00    2.37 ^ _302_/A2 (sky130_fd_sc_hd__a31o_4)
     1    0.00    0.03    0.13    2.50 ^ _302_/X (sky130_fd_sc_hd__a31o_4)
                                         net27 (net)
                  0.03    0.00    2.50 ^ output27/A (sky130_fd_sc_hd__buf_6)
     1    0.03    0.08    0.11    2.62 ^ output27/X (sky130_fd_sc_hd__buf_6)
                                         out[7] (net)
                  0.08    0.00    2.62 ^ out[7] (out)
                                  2.62   data arrival time

                  0.00    0.00    0.00   clock __VIRTUAL_CLK__ (rise edge)
                          0.00    0.00   clock network delay (ideal)
                          0.25    0.25   clock uncertainty
                          0.00    0.25   clock reconvergence pessimism
                         -2.00   -1.75   output external delay
                                 -1.75   data required time
-----------------------------------------------------------------------------
                                 -1.75   data required time
                                 -2.62   data arrival time
-----------------------------------------------------------------------------
                                  4.37   slack (MET)


Startpoint: op[2] (input port clocked by __VIRTUAL_CLK__)
Endpoint: out[3] (output port clocked by __VIRTUAL_CLK__)
Path Group: __VIRTUAL_CLK__
Path Type: min

Fanout     Cap    Slew   Delay    Time   Description
-----------------------------------------------------------------------------
                  0.00    0.00    0.00   clock __VIRTUAL_CLK__ (rise edge)
                          0.00    0.00   clock network delay (ideal)
                          2.00    2.00 ^ input external delay
     1    0.00    0.02    0.01    2.01 ^ op[2] (in)
                                         op[2] (net)
                  0.02    0.00    2.01 ^ input19/A (sky130_fd_sc_hd__clkbuf_4)
     6    0.03    0.10    0.15    2.16 ^ input19/X (sky130_fd_sc_hd__clkbuf_4)
                                         net19 (net)
                  0.10    0.00    2.16 ^ _170_/A (sky130_fd_sc_hd__inv_2)
     2    0.01    0.04    0.06    2.22 v _170_/Y (sky130_fd_sc_hd__inv_2)
                                         _098_ (net)
                  0.04    0.00    2.22 v _172_/A (sky130_fd_sc_hd__nor2_4)
     8    0.02    0.14    0.14    2.36 ^ _172_/Y (sky130_fd_sc_hd__nor2_4)
                                         _100_ (net)
                  0.14    0.00    2.36 ^ _335_/B2 (sky130_fd_sc_hd__a221o_1)
     1    0.00    0.03    0.14    2.50 ^ _335_/X (sky130_fd_sc_hd__a221o_1)
                                         net23 (net)
                  0.03    0.00    2.50 ^ output23/A (sky130_fd_sc_hd__buf_2)
     1    0.03    0.17    0.18    2.68 ^ output23/X (sky130_fd_sc_hd__buf_2)
                                         out[3] (net)
                  0.17    0.00    2.68 ^ out[3] (out)
                                  2.68   data arrival time

                  0.00    0.00    0.00   clock __VIRTUAL_CLK__ (rise edge)
                          0.00    0.00   clock network delay (ideal)
                          0.25    0.25   clock uncertainty
                          0.00    0.25   clock reconvergence pessimism
                         -2.00   -1.75   output external delay
                                 -1.75   data required time
-----------------------------------------------------------------------------
                                 -1.75   data required time
                                 -2.68   data arrival time
-----------------------------------------------------------------------------
                                  4.43   slack (MET)


Startpoint: in1[1] (input port clocked by __VIRTUAL_CLK__)
Endpoint: out[1] (output port clocked by __VIRTUAL_CLK__)
Path Group: __VIRTUAL_CLK__
Path Type: min

Fanout     Cap    Slew   Delay    Time   Description
-----------------------------------------------------------------------------
                  0.00    0.00    0.00   clock __VIRTUAL_CLK__ (rise edge)
                          0.00    0.00   clock network delay (ideal)
                          2.00    2.00 v input external delay
     1    0.00    0.01    0.00    2.00 v in1[1] (in)
                                         in1[1] (net)
                  0.01    0.00    2.00 v input2/A (sky130_fd_sc_hd__clkbuf_2)
     4    0.01    0.05    0.10    2.10 v input2/X (sky130_fd_sc_hd__clkbuf_2)
                                         net2 (net)
                  0.05    0.00    2.10 v _173_/A (sky130_fd_sc_hd__buf_4)
    10    0.03    0.05    0.15    2.26 v _173_/X (sky130_fd_sc_hd__buf_4)
                                         _101_ (net)
                  0.05    0.00    2.26 v _313_/A (sky130_fd_sc_hd__nor2_1)
     1    0.00    0.06    0.08    2.34 ^ _313_/Y (sky130_fd_sc_hd__nor2_1)
                                         _067_ (net)
                  0.06    0.00    2.34 ^ _317_/C (sky130_fd_sc_hd__or4b_1)
     1    0.00    0.03    0.09    2.42 ^ _317_/X (sky130_fd_sc_hd__or4b_1)
                                         _071_ (net)
                  0.03    0.00    2.42 ^ _318_/A (sky130_fd_sc_hd__dlymetal6s2s_1)
     1    0.00    0.05    0.08    2.50 ^ _318_/X (sky130_fd_sc_hd__dlymetal6s2s_1)
                                         net21 (net)
                  0.05    0.00    2.50 ^ output21/A (sky130_fd_sc_hd__buf_2)
     1    0.03    0.17    0.19    2.69 ^ output21/X (sky130_fd_sc_hd__buf_2)
                                         out[1] (net)
                  0.17    0.00    2.69 ^ out[1] (out)
                                  2.69   data arrival time

                  0.00    0.00    0.00   clock __VIRTUAL_CLK__ (rise edge)
                          0.00    0.00   clock network delay (ideal)
                          0.25    0.25   clock uncertainty
                          0.00    0.25   clock reconvergence pessimism
                         -2.00   -1.75   output external delay
                                 -1.75   data required time
-----------------------------------------------------------------------------
                                 -1.75   data required time
                                 -2.69   data arrival time
-----------------------------------------------------------------------------
                                  4.44   slack (MET)


Startpoint: op[2] (input port clocked by __VIRTUAL_CLK__)
Endpoint: out[2] (output port clocked by __VIRTUAL_CLK__)
Path Group: __VIRTUAL_CLK__
Path Type: min

Fanout     Cap    Slew   Delay    Time   Description
-----------------------------------------------------------------------------
                  0.00    0.00    0.00   clock __VIRTUAL_CLK__ (rise edge)
                          0.00    0.00   clock network delay (ideal)
                          2.00    2.00 ^ input external delay
     1    0.00    0.02    0.01    2.01 ^ op[2] (in)
                                         op[2] (net)
                  0.02    0.00    2.01 ^ input19/A (sky130_fd_sc_hd__clkbuf_4)
     6    0.03    0.10    0.15    2.16 ^ input19/X (sky130_fd_sc_hd__clkbuf_4)
                                         net19 (net)
                  0.10    0.00    2.16 ^ _265_/A (sky130_fd_sc_hd__and3_2)
     7    0.02    0.10    0.22    2.38 ^ _265_/X (sky130_fd_sc_hd__and3_2)
                                         _023_ (net)
                  0.10    0.00    2.38 ^ _326_/A2 (sky130_fd_sc_hd__a31o_1)
     1    0.00    0.03    0.13    2.51 ^ _326_/X (sky130_fd_sc_hd__a31o_1)
                                         net22 (net)
                  0.03    0.00    2.51 ^ output22/A (sky130_fd_sc_hd__buf_2)
     1    0.03    0.17    0.18    2.69 ^ output22/X (sky130_fd_sc_hd__buf_2)
                                         out[2] (net)
                  0.17    0.00    2.69 ^ out[2] (out)
                                  2.69   data arrival time

                  0.00    0.00    0.00   clock __VIRTUAL_CLK__ (rise edge)
                          0.00    0.00   clock network delay (ideal)
                          0.25    0.25   clock uncertainty
                          0.00    0.25   clock reconvergence pessimism
                         -2.00   -1.75   output external delay
                                 -1.75   data required time
-----------------------------------------------------------------------------
                                 -1.75   data required time
                                 -2.69   data arrival time
-----------------------------------------------------------------------------
                                  4.44   slack (MET)



worst slack corner Typical: 4.2875
min_report_end
max_report

===========================================================================
report_checks -path_delay max (Setup)
============================================================================
======================= Typical Corner ===================================

Startpoint: op[0] (input port clocked by __VIRTUAL_CLK__)
Endpoint: out[6] (output port clocked by __VIRTUAL_CLK__)
Path Group: __VIRTUAL_CLK__
Path Type: max

Fanout     Cap    Slew   Delay    Time   Description
-----------------------------------------------------------------------------
                  0.00    0.00    0.00   clock __VIRTUAL_CLK__ (rise edge)
                          0.00    0.00   clock network delay (ideal)
                          2.00    2.00 v input external delay
     1    0.00    0.01    0.00    2.00 v op[0] (in)
                                         op[0] (net)
                  0.01    0.00    2.00 v input17/A (sky130_fd_sc_hd__buf_2)
     5    0.01    0.05    0.13    2.13 v input17/X (sky130_fd_sc_hd__buf_2)
                                         net17 (net)
                  0.05    0.00    2.13 v _235_/A_N (sky130_fd_sc_hd__nand3b_4)
     5    0.01    0.07    0.17    2.31 v _235_/Y (sky130_fd_sc_hd__nand3b_4)
                                         _163_ (net)
                  0.07    0.00    2.31 v rebuffer3/A (sky130_fd_sc_hd__dlymetal6s2s_1)
     2    0.00    0.05    0.16    2.47 v rebuffer3/X (sky130_fd_sc_hd__dlymetal6s2s_1)
                                         net30 (net)
                  0.05    0.00    2.47 v rebuffer4/A (sky130_fd_sc_hd__clkbuf_2)
     4    0.01    0.05    0.13    2.60 v rebuffer4/X (sky130_fd_sc_hd__clkbuf_2)
                                         net31 (net)
                  0.05    0.00    2.60 v _236_/B1 (sky130_fd_sc_hd__o31a_2)
     3    0.01    0.08    0.15    2.75 v _236_/X (sky130_fd_sc_hd__o31a_2)
                                         _164_ (net)
                  0.08    0.00    2.75 v _268_/A3 (sky130_fd_sc_hd__o31a_4)
     2    0.01    0.06    0.31    3.06 v _268_/X (sky130_fd_sc_hd__o31a_4)
                                         _025_ (net)
                  0.06    0.00    3.06 v _269_/B (sky130_fd_sc_hd__xnor2_2)
     2    0.00    0.05    0.14    3.20 v _269_/Y (sky130_fd_sc_hd__xnor2_2)
                                         _026_ (net)
                  0.05    0.00    3.20 v _270_/B (sky130_fd_sc_hd__and2_4)
     3    0.01    0.04    0.17    3.37 v _270_/X (sky130_fd_sc_hd__and2_4)
                                         _027_ (net)
                  0.04    0.00    3.37 v _272_/A (sky130_fd_sc_hd__or2_4)
     2    0.01    0.06    0.27    3.63 v _272_/X (sky130_fd_sc_hd__or2_4)
                                         _029_ (net)
                  0.06    0.00    3.63 v _276_/B1 (sky130_fd_sc_hd__a311oi_4)
     3    0.01    0.25    0.30    3.94 ^ _276_/Y (sky130_fd_sc_hd__a311oi_4)
                                         _033_ (net)
                  0.25    0.00    3.94 ^ _277_/A_N (sky130_fd_sc_hd__and2b_1)
     1    0.00    0.03    0.22    4.16 v _277_/X (sky130_fd_sc_hd__and2b_1)
                                         _034_ (net)
                  0.03    0.00    4.16 v _291_/A2 (sky130_fd_sc_hd__a21o_1)
     1    0.00    0.03    0.17    4.32 v _291_/X (sky130_fd_sc_hd__a21o_1)
                                         net26 (net)
                  0.03    0.00    4.32 v output26/A (sky130_fd_sc_hd__buf_2)
     1    0.03    0.09    0.18    4.50 v output26/X (sky130_fd_sc_hd__buf_2)
                                         out[6] (net)
                  0.09    0.00    4.50 v out[6] (out)
                                  4.50   data arrival time

                  0.00   10.00   10.00   clock __VIRTUAL_CLK__ (rise edge)
                          0.00   10.00   clock network delay (ideal)
                         -0.25    9.75   clock uncertainty
                          0.00    9.75   clock reconvergence pessimism
                         -2.00    7.75   output external delay
                                  7.75   data required time
-----------------------------------------------------------------------------
                                  7.75   data required time
                                 -4.50   data arrival time
-----------------------------------------------------------------------------
                                  3.25   slack (MET)


Startpoint: op[0] (input port clocked by __VIRTUAL_CLK__)
Endpoint: out[7] (output port clocked by __VIRTUAL_CLK__)
Path Group: __VIRTUAL_CLK__
Path Type: max

Fanout     Cap    Slew   Delay    Time   Description
-----------------------------------------------------------------------------
                  0.00    0.00    0.00   clock __VIRTUAL_CLK__ (rise edge)
                          0.00    0.00   clock network delay (ideal)
                          2.00    2.00 v input external delay
     1    0.00    0.01    0.00    2.00 v op[0] (in)
                                         op[0] (net)
                  0.01    0.00    2.00 v input17/A (sky130_fd_sc_hd__buf_2)
     5    0.01    0.05    0.13    2.13 v input17/X (sky130_fd_sc_hd__buf_2)
                                         net17 (net)
                  0.05    0.00    2.13 v _235_/A_N (sky130_fd_sc_hd__nand3b_4)
     5    0.01    0.07    0.17    2.31 v _235_/Y (sky130_fd_sc_hd__nand3b_4)
                                         _163_ (net)
                  0.07    0.00    2.31 v rebuffer3/A (sky130_fd_sc_hd__dlymetal6s2s_1)
     2    0.00    0.05    0.16    2.47 v rebuffer3/X (sky130_fd_sc_hd__dlymetal6s2s_1)
                                         net30 (net)
                  0.05    0.00    2.47 v rebuffer4/A (sky130_fd_sc_hd__clkbuf_2)
     4    0.01    0.05    0.13    2.60 v rebuffer4/X (sky130_fd_sc_hd__clkbuf_2)
                                         net31 (net)
                  0.05    0.00    2.60 v _240_/B (sky130_fd_sc_hd__and3_4)
     2    0.01    0.04    0.18    2.78 v _240_/X (sky130_fd_sc_hd__and3_4)
                                         _168_ (net)
                  0.04    0.00    2.78 v _248_/C (sky130_fd_sc_hd__or3_1)
     1    0.00    0.06    0.31    3.09 v _248_/X (sky130_fd_sc_hd__or3_1)
                                         _006_ (net)
                  0.06    0.00    3.09 v _249_/B (sky130_fd_sc_hd__and2_4)
     2    0.01    0.04    0.18    3.27 v _249_/X (sky130_fd_sc_hd__and2_4)
                                         _007_ (net)
                  0.04    0.00    3.27 v _250_/B1 (sky130_fd_sc_hd__o21ai_4)
     3    0.01    0.12    0.06    3.33 ^ _250_/Y (sky130_fd_sc_hd__o21ai_4)
                                         _008_ (net)
                  0.12    0.00    3.33 ^ _257_/A1 (sky130_fd_sc_hd__a311o_4)
     5    0.02    0.09    0.24    3.57 ^ _257_/X (sky130_fd_sc_hd__a311o_4)
                                         _015_ (net)
                  0.09    0.00    3.57 ^ _276_/A3 (sky130_fd_sc_hd__a311oi_4)
     3    0.01    0.09    0.11    3.68 v _276_/Y (sky130_fd_sc_hd__a311oi_4)
                                         _033_ (net)
                  0.09    0.00    3.68 v _296_/C (sky130_fd_sc_hd__or3_4)
     1    0.00    0.07    0.35    4.04 v _296_/X (sky130_fd_sc_hd__or3_4)
                                         _052_ (net)
                  0.07    0.00    4.04 v _302_/A3 (sky130_fd_sc_hd__a31o_4)
     1    0.00    0.04    0.25    4.29 v _302_/X (sky130_fd_sc_hd__a31o_4)
                                         net27 (net)
                  0.04    0.00    4.29 v output27/A (sky130_fd_sc_hd__buf_6)
     1    0.03    0.04    0.14    4.43 v output27/X (sky130_fd_sc_hd__buf_6)
                                         out[7] (net)
                  0.04    0.00    4.43 v out[7] (out)
                                  4.43   data arrival time

                  0.00   10.00   10.00   clock __VIRTUAL_CLK__ (rise edge)
                          0.00   10.00   clock network delay (ideal)
                         -0.25    9.75   clock uncertainty
                          0.00    9.75   clock reconvergence pessimism
                         -2.00    7.75   output external delay
                                  7.75   data required time
-----------------------------------------------------------------------------
                                  7.75   data required time
                                 -4.43   data arrival time
-----------------------------------------------------------------------------
                                  3.32   slack (MET)


Startpoint: in1[3] (input port clocked by __VIRTUAL_CLK__)
Endpoint: out[4] (output port clocked by __VIRTUAL_CLK__)
Path Group: __VIRTUAL_CLK__
Path Type: max

Fanout     Cap    Slew   Delay    Time   Description
-----------------------------------------------------------------------------
                  0.00    0.00    0.00   clock __VIRTUAL_CLK__ (rise edge)
                          0.00    0.00   clock network delay (ideal)
                          2.00    2.00 v input external delay
     1    0.00    0.01    0.00    2.00 v in1[3] (in)
                                         in1[3] (net)
                  0.01    0.00    2.00 v input4/A (sky130_fd_sc_hd__buf_2)
     4    0.01    0.05    0.13    2.14 v input4/X (sky130_fd_sc_hd__buf_2)
                                         net4 (net)
                  0.05    0.00    2.14 v _186_/D (sky130_fd_sc_hd__and4_2)
     3    0.01    0.06    0.26    2.40 v _186_/X (sky130_fd_sc_hd__and4_2)
                                         _114_ (net)
                  0.06    0.00    2.40 v _192_/A (sky130_fd_sc_hd__or3_4)
     2    0.00    0.06    0.40    2.79 v _192_/X (sky130_fd_sc_hd__or3_4)
                                         _120_ (net)
                  0.06    0.00    2.79 v _197_/A1 (sky130_fd_sc_hd__a21o_1)
     2    0.00    0.04    0.17    2.97 v _197_/X (sky130_fd_sc_hd__a21o_1)
                                         _125_ (net)
                  0.04    0.00    2.97 v _199_/A3 (sky130_fd_sc_hd__a31o_2)
     2    0.01    0.06    0.28    3.25 v _199_/X (sky130_fd_sc_hd__a31o_2)
                                         _127_ (net)
                  0.06    0.00    3.25 v _201_/B (sky130_fd_sc_hd__xor2_2)
     2    0.01    0.08    0.17    3.42 v _201_/X (sky130_fd_sc_hd__xor2_2)
                                         _129_ (net)
                  0.08    0.00    3.42 v _342_/B1 (sky130_fd_sc_hd__a21o_1)
     1    0.00    0.03    0.16    3.58 v _342_/X (sky130_fd_sc_hd__a21o_1)
                                         _093_ (net)
                  0.03    0.00    3.58 v _345_/A3 (sky130_fd_sc_hd__a31o_1)
     1    0.00    0.03    0.20    3.78 v _345_/X (sky130_fd_sc_hd__a31o_1)
                                         _096_ (net)
                  0.03    0.00    3.78 v _346_/C (sky130_fd_sc_hd__or3_1)
     1    0.00    0.06    0.30    4.09 v _346_/X (sky130_fd_sc_hd__or3_1)
                                         _097_ (net)
                  0.06    0.00    4.09 v _347_/A (sky130_fd_sc_hd__clkbuf_1)
     1    0.00    0.02    0.09    4.18 v _347_/X (sky130_fd_sc_hd__clkbuf_1)
                                         net24 (net)
                  0.02    0.00    4.18 v output24/A (sky130_fd_sc_hd__buf_2)
     1    0.03    0.09    0.18    4.36 v output24/X (sky130_fd_sc_hd__buf_2)
                                         out[4] (net)
                  0.09    0.00    4.36 v out[4] (out)
                                  4.36   data arrival time

                  0.00   10.00   10.00   clock __VIRTUAL_CLK__ (rise edge)
                          0.00   10.00   clock network delay (ideal)
                         -0.25    9.75   clock uncertainty
                          0.00    9.75   clock reconvergence pessimism
                         -2.00    7.75   output external delay
                                  7.75   data required time
-----------------------------------------------------------------------------
                                  7.75   data required time
                                 -4.36   data arrival time
-----------------------------------------------------------------------------
                                  3.39   slack (MET)


Startpoint: op[0] (input port clocked by __VIRTUAL_CLK__)
Endpoint: out[3] (output port clocked by __VIRTUAL_CLK__)
Path Group: __VIRTUAL_CLK__
Path Type: max

Fanout     Cap    Slew   Delay    Time   Description
-----------------------------------------------------------------------------
                  0.00    0.00    0.00   clock __VIRTUAL_CLK__ (rise edge)
                          0.00    0.00   clock network delay (ideal)
                          2.00    2.00 v input external delay
     1    0.00    0.01    0.00    2.00 v op[0] (in)
                                         op[0] (net)
                  0.01    0.00    2.00 v input17/A (sky130_fd_sc_hd__buf_2)
     5    0.01    0.05    0.13    2.13 v input17/X (sky130_fd_sc_hd__buf_2)
                                         net17 (net)
                  0.05    0.00    2.13 v _235_/A_N (sky130_fd_sc_hd__nand3b_4)
     5    0.01    0.07    0.17    2.31 v _235_/Y (sky130_fd_sc_hd__nand3b_4)
                                         _163_ (net)
                  0.07    0.00    2.31 v rebuffer3/A (sky130_fd_sc_hd__dlymetal6s2s_1)
     2    0.00    0.05    0.16    2.47 v rebuffer3/X (sky130_fd_sc_hd__dlymetal6s2s_1)
                                         net30 (net)
                  0.05    0.00    2.47 v rebuffer4/A (sky130_fd_sc_hd__clkbuf_2)
     4    0.01    0.05    0.13    2.60 v rebuffer4/X (sky130_fd_sc_hd__clkbuf_2)
                                         net31 (net)
                  0.05    0.00    2.60 v _240_/B (sky130_fd_sc_hd__and3_4)
     2    0.01    0.04    0.18    2.78 v _240_/X (sky130_fd_sc_hd__and3_4)
                                         _168_ (net)
                  0.04    0.00    2.78 v _248_/C (sky130_fd_sc_hd__or3_1)
     1    0.00    0.06    0.31    3.09 v _248_/X (sky130_fd_sc_hd__or3_1)
                                         _006_ (net)
                  0.06    0.00    3.09 v _249_/B (sky130_fd_sc_hd__and2_4)
     2    0.01    0.04    0.18    3.27 v _249_/X (sky130_fd_sc_hd__and2_4)
                                         _007_ (net)
                  0.04    0.00    3.27 v _250_/B1 (sky130_fd_sc_hd__o21ai_4)
     3    0.01    0.12    0.06    3.33 ^ _250_/Y (sky130_fd_sc_hd__o21ai_4)
                                         _008_ (net)
                  0.12    0.00    3.33 ^ rebuffer1/A (sky130_fd_sc_hd__dlygate4sd1_1)
     2    0.00    0.05    0.23    3.56 ^ rebuffer1/X (sky130_fd_sc_hd__dlygate4sd1_1)
                                         net28 (net)
                  0.05    0.00    3.56 ^ _328_/B (sky130_fd_sc_hd__nand2_1)
     1    0.01    0.08    0.08    3.64 v _328_/Y (sky130_fd_sc_hd__nand2_1)
                                         _080_ (net)
                  0.08    0.00    3.64 v _329_/B (sky130_fd_sc_hd__xnor2_2)
     1    0.00    0.04    0.14    3.78 v _329_/Y (sky130_fd_sc_hd__xnor2_2)
                                         _081_ (net)
                  0.04    0.00    3.78 v _335_/A2 (sky130_fd_sc_hd__a221o_1)
     1    0.00    0.05    0.34    4.12 v _335_/X (sky130_fd_sc_hd__a221o_1)
                                         net23 (net)
                  0.05    0.00    4.12 v output23/A (sky130_fd_sc_hd__buf_2)
     1    0.03    0.09    0.19    4.31 v output23/X (sky130_fd_sc_hd__buf_2)
                                         out[3] (net)
                  0.09    0.00    4.31 v out[3] (out)
                                  4.31   data arrival time

                  0.00   10.00   10.00   clock __VIRTUAL_CLK__ (rise edge)
                          0.00   10.00   clock network delay (ideal)
                         -0.25    9.75   clock uncertainty
                          0.00    9.75   clock reconvergence pessimism
                         -2.00    7.75   output external delay
                                  7.75   data required time
-----------------------------------------------------------------------------
                                  7.75   data required time
                                 -4.31   data arrival time
-----------------------------------------------------------------------------
                                  3.44   slack (MET)


Startpoint: op[0] (input port clocked by __VIRTUAL_CLK__)
Endpoint: out[5] (output port clocked by __VIRTUAL_CLK__)
Path Group: __VIRTUAL_CLK__
Path Type: max

Fanout     Cap    Slew   Delay    Time   Description
-----------------------------------------------------------------------------
                  0.00    0.00    0.00   clock __VIRTUAL_CLK__ (rise edge)
                          0.00    0.00   clock network delay (ideal)
                          2.00    2.00 v input external delay
     1    0.00    0.01    0.00    2.00 v op[0] (in)
                                         op[0] (net)
                  0.01    0.00    2.00 v input17/A (sky130_fd_sc_hd__buf_2)
     5    0.01    0.05    0.13    2.13 v input17/X (sky130_fd_sc_hd__buf_2)
                                         net17 (net)
                  0.05    0.00    2.13 v _235_/A_N (sky130_fd_sc_hd__nand3b_4)
     5    0.01    0.07    0.17    2.31 v _235_/Y (sky130_fd_sc_hd__nand3b_4)
                                         _163_ (net)
                  0.07    0.00    2.31 v rebuffer3/A (sky130_fd_sc_hd__dlymetal6s2s_1)
     2    0.00    0.05    0.16    2.47 v rebuffer3/X (sky130_fd_sc_hd__dlymetal6s2s_1)
                                         net30 (net)
                  0.05    0.00    2.47 v rebuffer4/A (sky130_fd_sc_hd__clkbuf_2)
     4    0.01    0.05    0.13    2.60 v rebuffer4/X (sky130_fd_sc_hd__clkbuf_2)
                                         net31 (net)
                  0.05    0.00    2.60 v _240_/B (sky130_fd_sc_hd__and3_4)
     2    0.01    0.04    0.18    2.78 v _240_/X (sky130_fd_sc_hd__and3_4)
                                         _168_ (net)
                  0.04    0.00    2.78 v _241_/A2 (sky130_fd_sc_hd__o21ai_4)
     4    0.01    0.14    0.15    2.93 ^ _241_/Y (sky130_fd_sc_hd__o21ai_4)
                                         _169_ (net)
                  0.14    0.00    2.93 ^ _249_/A (sky130_fd_sc_hd__and2_4)
     2    0.01    0.05    0.18    3.12 ^ _249_/X (sky130_fd_sc_hd__and2_4)
                                         _007_ (net)
                  0.05    0.00    3.12 ^ _250_/B1 (sky130_fd_sc_hd__o21ai_4)
     3    0.01    0.04    0.06    3.17 v _250_/Y (sky130_fd_sc_hd__o21ai_4)
                                         _008_ (net)
                  0.04    0.00    3.17 v _257_/A1 (sky130_fd_sc_hd__a311o_4)
     5    0.02    0.08    0.36    3.53 v _257_/X (sky130_fd_sc_hd__a311o_4)
                                         _015_ (net)
                  0.08    0.00    3.53 v _263_/A2 (sky130_fd_sc_hd__a21o_1)
     1    0.00    0.03    0.18    3.71 v _263_/X (sky130_fd_sc_hd__a21o_1)
                                         _021_ (net)
                  0.03    0.00    3.71 v _266_/A (sky130_fd_sc_hd__and3_1)
     1    0.00    0.03    0.13    3.85 v _266_/X (sky130_fd_sc_hd__and3_1)
                                         _024_ (net)
                  0.03    0.00    3.85 v _267_/C1 (sky130_fd_sc_hd__a211o_1)
     1    0.00    0.04    0.22    4.06 v _267_/X (sky130_fd_sc_hd__a211o_1)
                                         net25 (net)
                  0.04    0.00    4.06 v output25/A (sky130_fd_sc_hd__buf_2)
     1    0.03    0.09    0.19    4.25 v output25/X (sky130_fd_sc_hd__buf_2)
                                         out[5] (net)
                  0.09    0.00    4.25 v out[5] (out)
                                  4.25   data arrival time

                  0.00   10.00   10.00   clock __VIRTUAL_CLK__ (rise edge)
                          0.00   10.00   clock network delay (ideal)
                         -0.25    9.75   clock uncertainty
                          0.00    9.75   clock reconvergence pessimism
                         -2.00    7.75   output external delay
                                  7.75   data required time
-----------------------------------------------------------------------------
                                  7.75   data required time
                                 -4.25   data arrival time
-----------------------------------------------------------------------------
                                  3.50   slack (MET)


Startpoint: op[0] (input port clocked by __VIRTUAL_CLK__)
Endpoint: out[2] (output port clocked by __VIRTUAL_CLK__)
Path Group: __VIRTUAL_CLK__
Path Type: max

Fanout     Cap    Slew   Delay    Time   Description
-----------------------------------------------------------------------------
                  0.00    0.00    0.00   clock __VIRTUAL_CLK__ (rise edge)
                          0.00    0.00   clock network delay (ideal)
                          2.00    2.00 v input external delay
     1    0.00    0.01    0.00    2.00 v op[0] (in)
                                         op[0] (net)
                  0.01    0.00    2.00 v input17/A (sky130_fd_sc_hd__buf_2)
     5    0.01    0.05    0.13    2.13 v input17/X (sky130_fd_sc_hd__buf_2)
                                         net17 (net)
                  0.05    0.00    2.13 v _235_/A_N (sky130_fd_sc_hd__nand3b_4)
     5    0.01    0.07    0.17    2.31 v _235_/Y (sky130_fd_sc_hd__nand3b_4)
                                         _163_ (net)
                  0.07    0.00    2.31 v rebuffer3/A (sky130_fd_sc_hd__dlymetal6s2s_1)
     2    0.00    0.05    0.16    2.47 v rebuffer3/X (sky130_fd_sc_hd__dlymetal6s2s_1)
                                         net30 (net)
                  0.05    0.00    2.47 v rebuffer4/A (sky130_fd_sc_hd__clkbuf_2)
     4    0.01    0.05    0.13    2.60 v rebuffer4/X (sky130_fd_sc_hd__clkbuf_2)
                                         net31 (net)
                  0.05    0.00    2.60 v _240_/B (sky130_fd_sc_hd__and3_4)
     2    0.01    0.04    0.18    2.78 v _240_/X (sky130_fd_sc_hd__and3_4)
                                         _168_ (net)
                  0.04    0.00    2.78 v _248_/C (sky130_fd_sc_hd__or3_1)
     1    0.00    0.06    0.31    3.09 v _248_/X (sky130_fd_sc_hd__or3_1)
                                         _006_ (net)
                  0.06    0.00    3.09 v _249_/B (sky130_fd_sc_hd__and2_4)
     2    0.01    0.04    0.18    3.27 v _249_/X (sky130_fd_sc_hd__and2_4)
                                         _007_ (net)
                  0.04    0.00    3.27 v _319_/A (sky130_fd_sc_hd__or3_2)
     1    0.00    0.07    0.48    3.75 v _319_/X (sky130_fd_sc_hd__or3_2)
                                         _072_ (net)
                  0.07    0.00    3.75 v _326_/A3 (sky130_fd_sc_hd__a31o_1)
     1    0.00    0.03    0.22    3.97 v _326_/X (sky130_fd_sc_hd__a31o_1)
                                         net22 (net)
                  0.03    0.00    3.97 v output22/A (sky130_fd_sc_hd__buf_2)
     1    0.03    0.09    0.18    4.16 v output22/X (sky130_fd_sc_hd__buf_2)
                                         out[2] (net)
                  0.09    0.00    4.16 v out[2] (out)
                                  4.16   data arrival time

                  0.00   10.00   10.00   clock __VIRTUAL_CLK__ (rise edge)
                          0.00   10.00   clock network delay (ideal)
                         -0.25    9.75   clock uncertainty
                          0.00    9.75   clock reconvergence pessimism
                         -2.00    7.75   output external delay
                                  7.75   data required time
-----------------------------------------------------------------------------
                                  7.75   data required time
                                 -4.16   data arrival time
-----------------------------------------------------------------------------
                                  3.59   slack (MET)


Startpoint: op[0] (input port clocked by __VIRTUAL_CLK__)
Endpoint: out[1] (output port clocked by __VIRTUAL_CLK__)
Path Group: __VIRTUAL_CLK__
Path Type: max

Fanout     Cap    Slew   Delay    Time   Description
-----------------------------------------------------------------------------
                  0.00    0.00    0.00   clock __VIRTUAL_CLK__ (rise edge)
                          0.00    0.00   clock network delay (ideal)
                          2.00    2.00 v input external delay
     1    0.00    0.01    0.00    2.00 v op[0] (in)
                                         op[0] (net)
                  0.01    0.00    2.00 v input17/A (sky130_fd_sc_hd__buf_2)
     5    0.01    0.05    0.13    2.13 v input17/X (sky130_fd_sc_hd__buf_2)
                                         net17 (net)
                  0.05    0.00    2.13 v _235_/A_N (sky130_fd_sc_hd__nand3b_4)
     5    0.01    0.07    0.17    2.31 v _235_/Y (sky130_fd_sc_hd__nand3b_4)
                                         _163_ (net)
                  0.07    0.00    2.31 v rebuffer3/A (sky130_fd_sc_hd__dlymetal6s2s_1)
     2    0.00    0.05    0.16    2.47 v rebuffer3/X (sky130_fd_sc_hd__dlymetal6s2s_1)
                                         net30 (net)
                  0.05    0.00    2.47 v _243_/A2 (sky130_fd_sc_hd__a21oi_1)
     2    0.01    0.15    0.18    2.64 ^ _243_/Y (sky130_fd_sc_hd__a21oi_1)
                                         _001_ (net)
                  0.15    0.00    2.64 ^ _244_/A2 (sky130_fd_sc_hd__o21a_2)
     4    0.01    0.09    0.19    2.83 ^ _244_/X (sky130_fd_sc_hd__o21a_2)
                                         _002_ (net)
                  0.09    0.00    2.83 ^ _314_/A_N (sky130_fd_sc_hd__and2b_1)
     1    0.00    0.03    0.19    3.02 v _314_/X (sky130_fd_sc_hd__and2b_1)
                                         _068_ (net)
                  0.03    0.00    3.02 v _315_/A (sky130_fd_sc_hd__nor2_1)
     1    0.00    0.06    0.08    3.10 ^ _315_/Y (sky130_fd_sc_hd__nor2_1)
                                         _069_ (net)
                  0.06    0.00    3.10 ^ _316_/B (sky130_fd_sc_hd__or3b_1)
     1    0.00    0.03    0.09    3.19 ^ _316_/X (sky130_fd_sc_hd__or3b_1)
                                         _070_ (net)
                  0.03    0.00    3.19 ^ _317_/D_N (sky130_fd_sc_hd__or4b_1)
     1    0.00    0.07    0.42    3.62 v _317_/X (sky130_fd_sc_hd__or4b_1)
                                         _071_ (net)
                  0.07    0.00    3.62 v _318_/A (sky130_fd_sc_hd__dlymetal6s2s_1)
     1    0.00    0.03    0.15    3.76 v _318_/X (sky130_fd_sc_hd__dlymetal6s2s_1)
                                         net21 (net)
                  0.03    0.00    3.76 v output21/A (sky130_fd_sc_hd__buf_2)
     1    0.03    0.09    0.18    3.95 v output21/X (sky130_fd_sc_hd__buf_2)
                                         out[1] (net)
                  0.09    0.00    3.95 v out[1] (out)
                                  3.95   data arrival time

                  0.00   10.00   10.00   clock __VIRTUAL_CLK__ (rise edge)
                          0.00   10.00   clock network delay (ideal)
                         -0.25    9.75   clock uncertainty
                          0.00    9.75   clock reconvergence pessimism
                         -2.00    7.75   output external delay
                                  7.75   data required time
-----------------------------------------------------------------------------
                                  7.75   data required time
                                 -3.95   data arrival time
-----------------------------------------------------------------------------
                                  3.80   slack (MET)


Startpoint: op[1] (input port clocked by __VIRTUAL_CLK__)
Endpoint: out[0] (output port clocked by __VIRTUAL_CLK__)
Path Group: __VIRTUAL_CLK__
Path Type: max

Fanout     Cap    Slew   Delay    Time   Description
-----------------------------------------------------------------------------
                  0.00    0.00    0.00   clock __VIRTUAL_CLK__ (rise edge)
                          0.00    0.00   clock network delay (ideal)
                          2.00    2.00 v input external delay
     1    0.00    0.01    0.00    2.00 v op[1] (in)
                                         op[1] (net)
                  0.01    0.00    2.00 v input18/A (sky130_fd_sc_hd__clkbuf_4)
     6    0.03    0.07    0.16    2.16 v input18/X (sky130_fd_sc_hd__clkbuf_4)
                                         net18 (net)
                  0.07    0.00    2.16 v _171_/B (sky130_fd_sc_hd__or2_2)
     4    0.02    0.09    0.34    2.51 v _171_/X (sky130_fd_sc_hd__or2_2)
                                         _099_ (net)
                  0.09    0.00    2.51 v _224_/B (sky130_fd_sc_hd__or2_1)
     1    0.00    0.04    0.22    2.73 v _224_/X (sky130_fd_sc_hd__or2_1)
                                         _152_ (net)
                  0.04    0.00    2.73 v _225_/A (sky130_fd_sc_hd__clkbuf_4)
     8    0.02    0.06    0.17    2.90 v _225_/X (sky130_fd_sc_hd__clkbuf_4)
                                         _153_ (net)
                  0.06    0.00    2.90 v _306_/A2 (sky130_fd_sc_hd__o21ai_2)
     1    0.00    0.08    0.11    3.01 ^ _306_/Y (sky130_fd_sc_hd__o21ai_2)
                                         _061_ (net)
                  0.08    0.00    3.01 ^ _307_/B1 (sky130_fd_sc_hd__a31o_1)
     1    0.00    0.04    0.10    3.10 ^ _307_/X (sky130_fd_sc_hd__a31o_1)
                                         net20 (net)
                  0.04    0.00    3.10 ^ output20/A (sky130_fd_sc_hd__buf_2)
     1    0.03    0.17    0.20    3.30 ^ output20/X (sky130_fd_sc_hd__buf_2)
                                         out[0] (net)
                  0.17    0.00    3.30 ^ out[0] (out)
                                  3.30   data arrival time

                  0.00   10.00   10.00   clock __VIRTUAL_CLK__ (rise edge)
                          0.00   10.00   clock network delay (ideal)
                         -0.25    9.75   clock uncertainty
                          0.00    9.75   clock reconvergence pessimism
                         -2.00    7.75   output external delay
                                  7.75   data required time
-----------------------------------------------------------------------------
                                  7.75   data required time
                                 -3.30   data arrival time
-----------------------------------------------------------------------------
                                  4.45   slack (MET)



worst slack corner Typical: 3.2463
max_report_end
checks_report

===========================================================================
report_checks -unconstrained
===========================================================================
======================= Typical Corner ===================================

Startpoint: op[0] (input port clocked by __VIRTUAL_CLK__)
Endpoint: out[6] (output port clocked by __VIRTUAL_CLK__)
Path Group: __VIRTUAL_CLK__
Path Type: max

Fanout     Cap    Slew   Delay    Time   Description
-----------------------------------------------------------------------------
                  0.00    0.00    0.00   clock __VIRTUAL_CLK__ (rise edge)
                          0.00    0.00   clock network delay (ideal)
                          2.00    2.00 v input external delay
     1    0.00    0.01    0.00    2.00 v op[0] (in)
                                         op[0] (net)
                  0.01    0.00    2.00 v input17/A (sky130_fd_sc_hd__buf_2)
     5    0.01    0.05    0.13    2.13 v input17/X (sky130_fd_sc_hd__buf_2)
                                         net17 (net)
                  0.05    0.00    2.13 v _235_/A_N (sky130_fd_sc_hd__nand3b_4)
     5    0.01    0.07    0.17    2.31 v _235_/Y (sky130_fd_sc_hd__nand3b_4)
                                         _163_ (net)
                  0.07    0.00    2.31 v rebuffer3/A (sky130_fd_sc_hd__dlymetal6s2s_1)
     2    0.00    0.05    0.16    2.47 v rebuffer3/X (sky130_fd_sc_hd__dlymetal6s2s_1)
                                         net30 (net)
                  0.05    0.00    2.47 v rebuffer4/A (sky130_fd_sc_hd__clkbuf_2)
     4    0.01    0.05    0.13    2.60 v rebuffer4/X (sky130_fd_sc_hd__clkbuf_2)
                                         net31 (net)
                  0.05    0.00    2.60 v _236_/B1 (sky130_fd_sc_hd__o31a_2)
     3    0.01    0.08    0.15    2.75 v _236_/X (sky130_fd_sc_hd__o31a_2)
                                         _164_ (net)
                  0.08    0.00    2.75 v _268_/A3 (sky130_fd_sc_hd__o31a_4)
     2    0.01    0.06    0.31    3.06 v _268_/X (sky130_fd_sc_hd__o31a_4)
                                         _025_ (net)
                  0.06    0.00    3.06 v _269_/B (sky130_fd_sc_hd__xnor2_2)
     2    0.00    0.05    0.14    3.20 v _269_/Y (sky130_fd_sc_hd__xnor2_2)
                                         _026_ (net)
                  0.05    0.00    3.20 v _270_/B (sky130_fd_sc_hd__and2_4)
     3    0.01    0.04    0.17    3.37 v _270_/X (sky130_fd_sc_hd__and2_4)
                                         _027_ (net)
                  0.04    0.00    3.37 v _272_/A (sky130_fd_sc_hd__or2_4)
     2    0.01    0.06    0.27    3.63 v _272_/X (sky130_fd_sc_hd__or2_4)
                                         _029_ (net)
                  0.06    0.00    3.63 v _276_/B1 (sky130_fd_sc_hd__a311oi_4)
     3    0.01    0.25    0.30    3.94 ^ _276_/Y (sky130_fd_sc_hd__a311oi_4)
                                         _033_ (net)
                  0.25    0.00    3.94 ^ _277_/A_N (sky130_fd_sc_hd__and2b_1)
     1    0.00    0.03    0.22    4.16 v _277_/X (sky130_fd_sc_hd__and2b_1)
                                         _034_ (net)
                  0.03    0.00    4.16 v _291_/A2 (sky130_fd_sc_hd__a21o_1)
     1    0.00    0.03    0.17    4.32 v _291_/X (sky130_fd_sc_hd__a21o_1)
                                         net26 (net)
                  0.03    0.00    4.32 v output26/A (sky130_fd_sc_hd__buf_2)
     1    0.03    0.09    0.18    4.50 v output26/X (sky130_fd_sc_hd__buf_2)
                                         out[6] (net)
                  0.09    0.00    4.50 v out[6] (out)
                                  4.50   data arrival time

                  0.00   10.00   10.00   clock __VIRTUAL_CLK__ (rise edge)
                          0.00   10.00   clock network delay (ideal)
                         -0.25    9.75   clock uncertainty
                          0.00    9.75   clock reconvergence pessimism
                         -2.00    7.75   output external delay
                                  7.75   data required time
-----------------------------------------------------------------------------
                                  7.75   data required time
                                 -4.50   data arrival time
-----------------------------------------------------------------------------
                                  3.25   slack (MET)




===========================================================================
report_checks --slack_max -0.01
============================================================================
======================= Typical Corner ===================================

No paths found.


===========================================================================
 report_check_types -max_slew -max_cap -max_fanout -violators
============================================================================
======================= Typical Corner ===================================


max slew violations count Typical: 0
max fanout violations count Typical: 0
max cap violations count Typical: 0

===========================================================================
report_parasitic_annotation -report_unannotated
============================================================================
Found 228 unannotated drivers.
 in1[0]
 in1[1]
 in1[2]
 in1[3]
 in1[4]
 in1[5]
 in1[6]
 in1[7]
 in2[0]
 in2[1]
 in2[2]
 in2[3]
 in2[4]
 in2[5]
 in2[6]
 in2[7]
 op[0]
 op[1]
 op[2]
 _170_/Y
 _171_/X
 _172_/Y
 _173_/X
 _174_/Y
 _175_/X
 _176_/X
 _177_/Y
 _178_/X
 _179_/X
 _180_/Y
 _181_/X
 _182_/Y
 _183_/Y
 _184_/X
 _185_/Y
 _186_/X
 _187_/Y
 _188_/Y
 _189_/Y
 _190_/X
 _191_/X
 _192_/X
 _193_/Y
 _194_/X
 _195_/X
 _196_/X
 _197_/X
 _198_/X
 _199_/X
 _200_/Y
 _201_/X
 _202_/Y
 _203_/X
 _204_/Y
 _205_/X
 _206_/X
 _207_/Y
 _208_/X
 _209_/Y
 _210_/Y
 _211_/X
 _212_/X
 _213_/X
 _214_/Y
 _215_/Y
 _216_/Y
 _217_/Y
 _218_/X
 _219_/Y
 _220_/X
 _221_/Y
 _222_/Y
 _223_/Y
 _224_/X
 _225_/X
 _226_/Y
 _227_/Y
 _228_/Y
 _229_/X
 _230_/X
 _231_/Y
 _232_/X
 _233_/X
 _234_/X
 _235_/Y
 _236_/X
 _237_/Y
 _238_/Y
 _239_/Y
 _240_/X
 _241_/Y
 _242_/X
 _243_/Y
 _244_/X
 _245_/X
 _246_/X
 _247_/X
 _248_/X
 _249_/X
 _250_/Y
 _251_/X
 _252_/Y
 _253_/Y
 _254_/Y
 _255_/X
 _256_/Y
 _257_/X
 _258_/X
 _259_/Y
 _260_/X
 _261_/Y
 _262_/Y
 _263_/X
 _264_/Y
 _265_/X
 _266_/X
 _267_/X
 _268_/X
 _269_/Y
 _270_/X
 _271_/Y
 _272_/X
 _273_/Y
 _274_/X
 _275_/Y
 _276_/Y
 _277_/X
 _278_/Y
 _279_/Y
 _280_/X
 _281_/Y
 _282_/X
 _283_/X
 _284_/Y
 _285_/Y
 _286_/Y
 _287_/X
 _288_/X
 _289_/Y
 _290_/X
 _291_/X
 _292_/Y
 _293_/X
 _294_/X
 _295_/Y
 _296_/X
 _297_/Y
 _298_/X
 _299_/Y
 _300_/X
 _301_/X
 _302_/X
 _303_/X
 _304_/Y
 _305_/X
 _306_/Y
 _307_/X
 _308_/Y
 _309_/X
 _310_/X
 _311_/X
 _312_/X
 _313_/Y
 _314_/X
 _315_/Y
 _316_/X
 _317_/X
 _318_/X
 _319_/X
 _320_/Y
 _321_/Y
 _322_/X
 _323_/Y
 _324_/X
 _325_/Y
 _326_/X
 _327_/X
 _328_/Y
 _329_/Y
 _330_/X
 _331_/Y
 _332_/X
 _333_/Y
 _334_/X
 _335_/X
 _336_/X
 _337_/Y
 _338_/X
 _339_/Y
 _340_/X
 _341_/X
 _342_/X
 _343_/X
 _344_/Y
 _345_/X
 _346_/X
 _347_/X
 input1/X
 input10/X
 input11/X
 input12/X
 input13/X
 input14/X
 input15/X
 input16/X
 input17/X
 input18/X
 input19/X
 input2/X
 input3/X
 input4/X
 input5/X
 input6/X
 input7/X
 input8/X
 input9/X
 output20/X
 output21/X
 output22/X
 output23/X
 output24/X
 output25/X
 output26/X
 output27/X
 rebuffer1/X
 rebuffer2/X
 rebuffer3/X
 rebuffer4/X
Found 0 partially unannotated drivers.

===========================================================================
max slew violation count 0
max fanout violation count 0
max cap violation count 0
============================================================================

===========================================================================
check_setup -verbose -unconstrained_endpoints -multiple_clock -no_clock -no_input_delay -loops -generated_clocks
===========================================================================
checks_report_end
power_report

===========================================================================
 report_power
============================================================================
======================= Typical Corner ===================================

Group                  Internal  Switching    Leakage      Total
                          Power      Power      Power      Power (Watts)
----------------------------------------------------------------
Sequential             0.00e+00   0.00e+00   0.00e+00   0.00e+00   0.0%
Combinational          5.40e-05   5.09e-05   8.73e-10   1.05e-04 100.0%
Clock                  0.00e+00   0.00e+00   3.05e-10   3.05e-10   0.0%
Macro                  0.00e+00   0.00e+00   0.00e+00   0.00e+00   0.0%
Pad                    0.00e+00   0.00e+00   0.00e+00   0.00e+00   0.0%
----------------------------------------------------------------
Total                  5.40e-05   5.09e-05   1.18e-09   1.05e-04 100.0%
                          51.5%      48.5%       0.0%

power_report_end
summary_report

===========================================================================
report_tns
============================================================================
tns 0.00

===========================================================================
report_wns
============================================================================
wns 0.00

===========================================================================
report_worst_slack -max (Setup)
============================================================================
worst slack 3.25

===========================================================================
report_worst_slack -min (Hold)
============================================================================
worst slack 4.29
summary_report_end
area_report

===========================================================================
report_design_area
============================================================================
Design area 2026 u^2 18% utilization.
area_report_end
check_nonpropagated_clocks
__VIRTUAL_CLK__
check_nonpropagated_clocks_end
[WARNING] Did not save OpenROAD database!
