OpenROAD b16bda7e82721d10566ff7e2b68f1ff0be9f9e38 
Features included (+) or not (-): +Charts +GPU +GUI +Python
This program is licensed under the BSD-3 license. See the LICENSE file for details.
Components of this program may be licensed under more restrictive licenses which must be honored.
define_corners Typical
read_liberty -corner Typical /home/merteray/.volare/sky130A/libs.ref/sky130_fd_sc_hd/lib/sky130_fd_sc_hd__tt_025C_1v80.lib
Using 1e-12 for capacitance...
Using 1e+03 for resistance...
Using 1e-09 for time...
Using 1e+00 for voltage...
Using 1e-03 for current...
Using 1e-09 for power...
Using 1e-06 for distance...
[INFO]: Reading ODB at '/openlane/designs/ALU/runs/RUN_2025.05.04_16.20.42/tmp/routing/21-fill.odb'…
Reading design constraints file at '/openlane/scripts/base.sdc'…
[INFO]: Setting output delay to: 2.0
[INFO]: Setting input delay to: 2.0
[WARNING STA-0366] port '__VIRTUAL_CLK__' not found.
[INFO]: Setting load to: 0.033442
[INFO]: Setting clock uncertainty to: 0.25
[INFO]: Setting clock transition to: 0.15
[WARNING STA-0419] transition time can not be specified for virtual clocks.
[INFO]: Setting timing derate to: 5.0 %
[INFO ORD-0030] Using 2 thread(s).
[INFO DRT-0149] Reading tech and libs.
[WARNING DRT-0349] LEF58_ENCLOSURE with no CUTCLASS is not supported. Skipping for layer mcon
[WARNING DRT-0349] LEF58_ENCLOSURE with no CUTCLASS is not supported. Skipping for layer mcon
[WARNING DRT-0349] LEF58_ENCLOSURE with no CUTCLASS is not supported. Skipping for layer via
[WARNING DRT-0349] LEF58_ENCLOSURE with no CUTCLASS is not supported. Skipping for layer via
[WARNING DRT-0349] LEF58_ENCLOSURE with no CUTCLASS is not supported. Skipping for layer via2
[WARNING DRT-0349] LEF58_ENCLOSURE with no CUTCLASS is not supported. Skipping for layer via2
[WARNING DRT-0349] LEF58_ENCLOSURE with no CUTCLASS is not supported. Skipping for layer via3
[WARNING DRT-0349] LEF58_ENCLOSURE with no CUTCLASS is not supported. Skipping for layer via3
[WARNING DRT-0349] LEF58_ENCLOSURE with no CUTCLASS is not supported. Skipping for layer via4
[WARNING DRT-0349] LEF58_ENCLOSURE with no CUTCLASS is not supported. Skipping for layer via4

Units:                1000
Number of layers:     13
Number of macros:     441
Number of vias:       29
Number of viarulegen: 25

[INFO DRT-0150] Reading design.

Design:                   alu
Die area:                 ( 0 0 ) ( 100000 150000 )
Number of track patterns: 12
Number of DEF vias:       0
Number of components:     1362
Number of terminals:      29
Number of snets:          2
Number of nets:           228

[INFO DRT-0167] List of default vias:
  Layer via
    default via: M1M2_PR
  Layer via2
    default via: M2M3_PR
  Layer via3
    default via: M3M4_PR
  Layer via4
    default via: M4M5_PR
[INFO DRT-0162] Library cell analysis.
[INFO DRT-0163] Instance analysis.
[INFO DRT-0164] Number of unique instances = 152.
[INFO DRT-0168] Init region query.
[INFO DRT-0024]   Complete FR_MASTERSLICE.
[INFO DRT-0024]   Complete Fr_VIA.
[INFO DRT-0024]   Complete li1.
[INFO DRT-0024]   Complete mcon.
[INFO DRT-0024]   Complete met1.
[INFO DRT-0024]   Complete via.
[INFO DRT-0024]   Complete met2.
[INFO DRT-0024]   Complete via2.
[INFO DRT-0024]   Complete met3.
[INFO DRT-0024]   Complete via3.
[INFO DRT-0024]   Complete met4.
[INFO DRT-0024]   Complete via4.
[INFO DRT-0024]   Complete met5.
[INFO DRT-0033] FR_MASTERSLICE shape region query size = 0.
[INFO DRT-0033] FR_VIA shape region query size = 0.
[INFO DRT-0033] li1 shape region query size = 11866.
[INFO DRT-0033] mcon shape region query size = 11016.
[INFO DRT-0033] met1 shape region query size = 3016.
[INFO DRT-0033] via shape region query size = 960.
[INFO DRT-0033] met2 shape region query size = 576.
[INFO DRT-0033] via2 shape region query size = 768.
[INFO DRT-0033] met3 shape region query size = 603.
[INFO DRT-0033] via3 shape region query size = 768.
[INFO DRT-0033] met4 shape region query size = 248.
[INFO DRT-0033] via4 shape region query size = 40.
[INFO DRT-0033] met5 shape region query size = 60.
[INFO DRT-0165] Start pin access.
[INFO DRT-0078]   Complete 490 pins.
[INFO DRT-0079]   Complete 100 unique inst patterns.
[INFO DRT-0081]   Complete 134 unique inst patterns.
[INFO DRT-0084]   Complete 187 groups.
#scanned instances     = 1362
#unique  instances     = 152
#stdCellGenAp          = 3610
#stdCellValidPlanarAp  = 14
#stdCellValidViaAp     = 2828
#stdCellPinNoAp        = 0
#stdCellPinCnt         = 724
#instTermValidViaApCnt = 0
#macroGenAp            = 0
#macroValidPlanarAp    = 0
#macroValidViaAp       = 0
#macroNoAp             = 0
[INFO DRT-0166] Complete pin access.
[INFO DRT-0267] cpu time = 00:00:12, elapsed time = 00:00:05, memory = 119.89 (MB), peak = 119.89 (MB)

Number of guides:     2676

[INFO DRT-0169] Post process guides.
[INFO DRT-0176] GCELLGRID X 0 DO 14 STEP 6900 ;
[INFO DRT-0177] GCELLGRID Y 0 DO 21 STEP 6900 ;
[INFO DRT-0028]   Complete FR_MASTERSLICE.
[INFO DRT-0028]   Complete Fr_VIA.
[INFO DRT-0028]   Complete li1.
[INFO DRT-0028]   Complete mcon.
[INFO DRT-0028]   Complete met1.
[INFO DRT-0028]   Complete via.
[INFO DRT-0028]   Complete met2.
[INFO DRT-0028]   Complete via2.
[INFO DRT-0028]   Complete met3.
[INFO DRT-0028]   Complete via3.
[INFO DRT-0028]   Complete met4.
[INFO DRT-0028]   Complete via4.
[INFO DRT-0028]   Complete met5.
[INFO DRT-0178] Init guide query.
[INFO DRT-0035]   Complete FR_MASTERSLICE (guide).
[INFO DRT-0035]   Complete Fr_VIA (guide).
[INFO DRT-0035]   Complete li1 (guide).
[INFO DRT-0035]   Complete mcon (guide).
[INFO DRT-0035]   Complete met1 (guide).
[INFO DRT-0035]   Complete via (guide).
[INFO DRT-0035]   Complete met2 (guide).
[INFO DRT-0035]   Complete via2 (guide).
[INFO DRT-0035]   Complete met3 (guide).
[INFO DRT-0035]   Complete via3 (guide).
[INFO DRT-0035]   Complete met4 (guide).
[INFO DRT-0035]   Complete via4 (guide).
[INFO DRT-0035]   Complete met5 (guide).
[INFO DRT-0036] FR_MASTERSLICE guide region query size = 0.
[INFO DRT-0036] FR_VIA guide region query size = 0.
[INFO DRT-0036] li1 guide region query size = 712.
[INFO DRT-0036] mcon guide region query size = 0.
[INFO DRT-0036] met1 guide region query size = 742.
[INFO DRT-0036] via guide region query size = 0.
[INFO DRT-0036] met2 guide region query size = 497.
[INFO DRT-0036] via2 guide region query size = 0.
[INFO DRT-0036] met3 guide region query size = 110.
[INFO DRT-0036] via3 guide region query size = 0.
[INFO DRT-0036] met4 guide region query size = 40.
[INFO DRT-0036] via4 guide region query size = 0.
[INFO DRT-0036] met5 guide region query size = 0.
[INFO DRT-0179] Init gr pin query.
[INFO DRT-0245] skipped writing guide updates to database.
[INFO DRT-0185] Post process initialize RPin region query.
[INFO DRT-0181] Start track assignment.
[INFO DRT-0184] Done with 1249 vertical wires in 1 frboxes and 852 horizontal wires in 1 frboxes.
[INFO DRT-0186] Done with 200 vertical wires in 1 frboxes and 232 horizontal wires in 1 frboxes.
[INFO DRT-0182] Complete track assignment.
[INFO DRT-0267] cpu time = 00:00:00, elapsed time = 00:00:00, memory = 125.52 (MB), peak = 125.52 (MB)
[INFO DRT-0187] Start routing data preparation.
[INFO DRT-0267] cpu time = 00:00:00, elapsed time = 00:00:00, memory = 126.34 (MB), peak = 126.34 (MB)
[INFO DRT-0194] Start detail routing.
[INFO DRT-0195] Start 0th optimization iteration.
    Completing 10% with 0 violations.
    elapsed time = 00:00:00, memory = 146.07 (MB).
    Completing 20% with 0 violations.
    elapsed time = 00:00:00, memory = 139.27 (MB).
    Completing 30% with 48 violations.
    elapsed time = 00:00:01, memory = 145.47 (MB).
    Completing 40% with 85 violations.
    elapsed time = 00:00:02, memory = 165.04 (MB).
    Completing 50% with 85 violations.
    elapsed time = 00:00:02, memory = 152.71 (MB).
    Completing 60% with 145 violations.
    elapsed time = 00:00:03, memory = 155.55 (MB).
[INFO DRT-0199]   Number of violations = 203.
Viol/Layer        met1   met2   met3
Metal Spacing       14     27     13
Recheck             32     11      2
Short               73     31      0
[INFO DRT-0267] cpu time = 00:00:06, elapsed time = 00:00:04, memory = 501.72 (MB), peak = 501.72 (MB)
Total wire length = 23187 um.
Total wire length on LAYER li1 = 0 um.
Total wire length on LAYER met1 = 9094 um.
Total wire length on LAYER met2 = 10681 um.
Total wire length on LAYER met3 = 1219 um.
Total wire length on LAYER met4 = 2192 um.
Total wire length on LAYER met5 = 0 um.
Total number of vias = 2015.
Up-via summary (total 2015):

-----------------------
 FR_MASTERSLICE       0
            li1     722
           met1    1089
           met2     125
           met3      79
           met4       0
-----------------------
                   2015


[INFO DRT-0195] Start 1st optimization iteration.
    Completing 10% with 203 violations.
    elapsed time = 00:00:00, memory = 501.72 (MB).
    Completing 20% with 203 violations.
    elapsed time = 00:00:00, memory = 501.72 (MB).
    Completing 30% with 203 violations.
    elapsed time = 00:00:00, memory = 501.72 (MB).
    Completing 40% with 168 violations.
    elapsed time = 00:00:00, memory = 501.72 (MB).
    Completing 50% with 168 violations.
    elapsed time = 00:00:00, memory = 501.72 (MB).
    Completing 60% with 168 violations.
    elapsed time = 00:00:00, memory = 501.72 (MB).
    Completing 70% with 160 violations.
    elapsed time = 00:00:00, memory = 505.77 (MB).
    Completing 80% with 160 violations.
    elapsed time = 00:00:01, memory = 510.60 (MB).
    Completing 90% with 101 violations.
    elapsed time = 00:00:01, memory = 510.60 (MB).
    Completing 100% with 70 violations.
    elapsed time = 00:00:03, memory = 510.60 (MB).
[INFO DRT-0199]   Number of violations = 70.
Viol/Layer        met1   met2
Metal Spacing        6     14
Short               48      2
[INFO DRT-0267] cpu time = 00:00:04, elapsed time = 00:00:03, memory = 510.97 (MB), peak = 510.97 (MB)
Total wire length = 23130 um.
Total wire length on LAYER li1 = 0 um.
Total wire length on LAYER met1 = 9084 um.
Total wire length on LAYER met2 = 10630 um.
Total wire length on LAYER met3 = 1216 um.
Total wire length on LAYER met4 = 2198 um.
Total wire length on LAYER met5 = 0 um.
Total number of vias = 2047.
Up-via summary (total 2047):

-----------------------
 FR_MASTERSLICE       0
            li1     722
           met1    1109
           met2     134
           met3      82
           met4       0
-----------------------
                   2047


[INFO DRT-0195] Start 2nd optimization iteration.
    Completing 10% with 70 violations.
    elapsed time = 00:00:00, memory = 510.97 (MB).
    Completing 20% with 70 violations.
    elapsed time = 00:00:00, memory = 510.97 (MB).
    Completing 30% with 70 violations.
    elapsed time = 00:00:00, memory = 510.97 (MB).
    Completing 40% with 82 violations.
    elapsed time = 00:00:00, memory = 510.97 (MB).
    Completing 50% with 82 violations.
    elapsed time = 00:00:00, memory = 510.97 (MB).
    Completing 60% with 82 violations.
    elapsed time = 00:00:01, memory = 510.97 (MB).
    Completing 70% with 73 violations.
    elapsed time = 00:00:01, memory = 510.97 (MB).
    Completing 80% with 73 violations.
    elapsed time = 00:00:02, memory = 510.97 (MB).
    Completing 90% with 68 violations.
    elapsed time = 00:00:02, memory = 510.97 (MB).
    Completing 100% with 94 violations.
    elapsed time = 00:00:03, memory = 510.97 (MB).
[INFO DRT-0199]   Number of violations = 94.
Viol/Layer        met1   met2
Metal Spacing        8     18
Short               58     10
[INFO DRT-0267] cpu time = 00:00:05, elapsed time = 00:00:03, memory = 510.97 (MB), peak = 510.97 (MB)
Total wire length = 23181 um.
Total wire length on LAYER li1 = 0 um.
Total wire length on LAYER met1 = 9090 um.
Total wire length on LAYER met2 = 10715 um.
Total wire length on LAYER met3 = 1230 um.
Total wire length on LAYER met4 = 2144 um.
Total wire length on LAYER met5 = 0 um.
Total number of vias = 2053.
Up-via summary (total 2053):

-----------------------
 FR_MASTERSLICE       0
            li1     722
           met1    1111
           met2     137
           met3      83
           met4       0
-----------------------
                   2053


[INFO DRT-0195] Start 3rd optimization iteration.
    Completing 10% with 94 violations.
    elapsed time = 00:00:00, memory = 510.97 (MB).
    Completing 20% with 94 violations.
    elapsed time = 00:00:00, memory = 510.97 (MB).
    Completing 30% with 82 violations.
    elapsed time = 00:00:01, memory = 510.97 (MB).
    Completing 40% with 64 violations.
    elapsed time = 00:00:01, memory = 510.97 (MB).
    Completing 50% with 64 violations.
    elapsed time = 00:00:01, memory = 510.97 (MB).
    Completing 60% with 12 violations.
    elapsed time = 00:00:02, memory = 511.64 (MB).
[INFO DRT-0199]   Number of violations = 0.
[INFO DRT-0267] cpu time = 00:00:03, elapsed time = 00:00:02, memory = 511.64 (MB), peak = 521.54 (MB)
Total wire length = 23168 um.
Total wire length on LAYER li1 = 0 um.
Total wire length on LAYER met1 = 8908 um.
Total wire length on LAYER met2 = 10636 um.
Total wire length on LAYER met3 = 1443 um.
Total wire length on LAYER met4 = 2180 um.
Total wire length on LAYER met5 = 0 um.
Total number of vias = 2094.
Up-via summary (total 2094):

-----------------------
 FR_MASTERSLICE       0
            li1     722
           met1    1124
           met2     164
           met3      84
           met4       0
-----------------------
                   2094


[INFO DRT-0198] Complete detail routing.
Total wire length = 23168 um.
Total wire length on LAYER li1 = 0 um.
Total wire length on LAYER met1 = 8908 um.
Total wire length on LAYER met2 = 10636 um.
Total wire length on LAYER met3 = 1443 um.
Total wire length on LAYER met4 = 2180 um.
Total wire length on LAYER met5 = 0 um.
Total number of vias = 2094.
Up-via summary (total 2094):

-----------------------
 FR_MASTERSLICE       0
            li1     722
           met1    1124
           met2     164
           met3      84
           met4       0
-----------------------
                   2094


[INFO DRT-0267] cpu time = 00:00:20, elapsed time = 00:00:13, memory = 511.64 (MB), peak = 521.54 (MB)

[INFO DRT-0180] Post processing.
Setting global connections for newly added cells…
Writing OpenROAD database to '/openlane/designs/ALU/runs/RUN_2025.05.04_16.20.42/results/routing/alu.odb'…
Writing netlist to '/openlane/designs/ALU/runs/RUN_2025.05.04_16.20.42/results/routing/alu.nl.v'…
Writing powered netlist to '/openlane/designs/ALU/runs/RUN_2025.05.04_16.20.42/results/routing/alu.pnl.v'…
Writing layout to '/openlane/designs/ALU/runs/RUN_2025.05.04_16.20.42/results/routing/alu.def'…
